#
# There is insufficient memory for the Java Runtime Environment to continue.
# Native memory allocation (malloc) failed to allocate 1082592 bytes for Chunk::new
# Possible reasons:
#   The system is out of physical RAM or swap space
#   The process is running with CompressedOops enabled, and the Java Heap may be blocking the growth of the native heap
# Possible solutions:
#   Reduce memory load on the system
#   Increase physical memory or swap space
#   Check if swap backing store is full
#   Decrease Java heap size (-Xmx/-Xms)
#   Decrease number of Java threads
#   Decrease Java thread stack sizes (-Xss)
#   Set larger code cache with -XX:ReservedCodeCacheSize=
#   JVM is running with Unscaled Compressed Oops mode in which the Java heap is
#     placed in the first 4GB address space. The Java Heap base address is the
#     maximum limit for the native heap growth. Please use -XX:HeapBaseMinAddress
#     to set the Java Heap base and to place the Java Heap above 4GB virtual address.
# This output file may be truncated or incomplete.
#
#  Out of Memory Error (arena.cpp:184), pid=14188, tid=8004
#
# JRE version: Java(TM) SE Runtime Environment (19.0.1+10) (build 19.0.1+10-21)
# Java VM: Java HotSpot(TM) 64-Bit Server VM (19.0.1+10-21, mixed mode, sharing, tiered, compressed oops, compressed class ptrs, g1 gc, windows-amd64)
# No core dump will be written. Minidumps are not enabled by default on client versions of Windows
#

---------------  S U M M A R Y ------------

Command Line: -javaagent:C:\Program Files\JetBrains\IntelliJ IDEA 2025.2.5\lib\idea_rt.jar=47472 -Dfile.encoding=UTF-8 -Dsun.stdout.encoding=UTF-8 -Dsun.stderr.encoding=UTF-8 com.fundoo.userservice.UserServiceApplication

Host: 11th Gen Intel(R) Core(TM) i3-1115G4 @ 3.00GHz, 4 cores, 3G,  Windows 11 , 64 bit Build 26100 (10.0.26100.7623)
Time: Fri Jul 10 15:49:32 2026 India Standard Time elapsed time: 4.828557 seconds (0d 0h 0m 4s)

---------------  T H R E A D  ---------------

Current thread (0x00000210bf2a7d50):  JavaThread "C2 CompilerThread0" daemon [_thread_in_native, id=8004, stack(0x0000006021400000,0x0000006021500000)]


Current CompileTask:
C2:   4828 1758       4       org.springframework.boot.context.config.ConfigDataEnvironmentContributor$ContributorIterator::fetchIfNecessary (153 bytes)

Stack: [0x0000006021400000,0x0000006021500000]
Native frames: (J=compiled Java code, j=interpreted, Vv=VM code, C=native code)
V  [jvm.dll+0x6ee8fa]
V  [jvm.dll+0x857a1e]
V  [jvm.dll+0x85940e]
V  [jvm.dll+0x859ac3]
V  [jvm.dll+0x28291f]
V  [jvm.dll+0xc9b5f]
V  [jvm.dll+0xc9ee5]
V  [jvm.dll+0x3bcbac]
V  [jvm.dll+0x386201]
V  [jvm.dll+0x38567a]
V  [jvm.dll+0x24c2c9]
V  [jvm.dll+0x24b671]
V  [jvm.dll+0x1d6d61]
V  [jvm.dll+0x25b0fa]
V  [jvm.dll+0x259588]
V  [jvm.dll+0x807928]
V  [jvm.dll+0x8015fa]
V  [jvm.dll+0x6ed5eb]
C  [ucrtbase.dll+0x37b0]
C  [KERNEL32.DLL+0x2e8d7]
C  [ntdll.dll+0x8c53c]


---------------  P R O C E S S  ---------------

Threads class SMR info:
_java_thread_list=0x00000210c39c23e0, length=13, elements={
0x00000210a3c16e80, 0x00000210bf295f60, 0x00000210bf296990, 0x00000210bf2a03d0,
0x00000210bf2a2e00, 0x00000210bf2a4390, 0x00000210bf2a5920, 0x00000210bf2a7d50,
0x00000210bf2a87b0, 0x00000210bf2b8030, 0x00000210bf26d360, 0x00000210c390e540,
0x00000210c390ea80
}

Java Threads: ( => current thread )
  0x00000210a3c16e80 JavaThread "main" [_thread_in_native, id=14368, stack(0x0000006020700000,0x0000006020800000)]
  0x00000210bf295f60 JavaThread "Reference Handler" daemon [_thread_blocked, id=5568, stack(0x0000006020e00000,0x0000006020f00000)]
  0x00000210bf296990 JavaThread "Finalizer" daemon [_thread_blocked, id=2884, stack(0x0000006020f00000,0x0000006021000000)]
  0x00000210bf2a03d0 JavaThread "Signal Dispatcher" daemon [_thread_blocked, id=15716, stack(0x0000006021000000,0x0000006021100000)]
  0x00000210bf2a2e00 JavaThread "Attach Listener" daemon [_thread_blocked, id=13440, stack(0x0000006021100000,0x0000006021200000)]
  0x00000210bf2a4390 JavaThread "Service Thread" daemon [_thread_blocked, id=12752, stack(0x0000006021200000,0x0000006021300000)]
  0x00000210bf2a5920 JavaThread "Monitor Deflation Thread" daemon [_thread_blocked, id=11180, stack(0x0000006021300000,0x0000006021400000)]
=>0x00000210bf2a7d50 JavaThread "C2 CompilerThread0" daemon [_thread_in_native, id=8004, stack(0x0000006021400000,0x0000006021500000)]
  0x00000210bf2a87b0 JavaThread "C1 CompilerThread0" daemon [_thread_blocked, id=5712, stack(0x0000006021500000,0x0000006021600000)]
  0x00000210bf2b8030 JavaThread "Sweeper thread" daemon [_thread_blocked, id=3608, stack(0x0000006021600000,0x0000006021700000)]
  0x00000210bf26d360 JavaThread "Common-Cleaner" daemon [_thread_blocked, id=16804, stack(0x0000006021700000,0x0000006021800000)]
  0x00000210c390e540 JavaThread "Monitor Ctrl-Break" daemon [_thread_in_native, id=15824, stack(0x0000006021800000,0x0000006021900000)]
  0x00000210c390ea80 JavaThread "Notification Thread" daemon [_thread_blocked, id=3740, stack(0x0000006021900000,0x0000006021a00000)]

Other Threads:
  0x00000210bf27cb10 VMThread "VM Thread" [stack: 0x0000006020d00000,0x0000006020e00000] [id=7096]
  0x00000210a3c18a20 WatcherThread "VM Periodic Task Thread" [stack: 0x0000006021a00000,0x0000006021b00000] [id=2192]
  0x00000210a3c55d20 WorkerThread "GC Thread#0" [stack: 0x0000006020800000,0x0000006020900000] [id=6080]
  0x00000210c3ceae60 WorkerThread "GC Thread#1" [stack: 0x0000006021b00000,0x0000006021c00000] [id=9564]
  0x00000210c3d48190 WorkerThread "GC Thread#2" [stack: 0x0000006021c00000,0x0000006021d00000] [id=5988]
  0x00000210c3d48460 WorkerThread "GC Thread#3" [stack: 0x0000006021d00000,0x0000006021e00000] [id=10624]
  0x00000210a3c5e400 ConcurrentGCThread "G1 Main Marker" [stack: 0x0000006020900000,0x0000006020a00000] [id=8324]
  0x00000210a3c5ef90 WorkerThread "G1 Conc#0" [stack: 0x0000006020a00000,0x0000006020b00000] [id=3648]
  0x00000210a3cb6850 ConcurrentGCThread "G1 Refine#0" [stack: 0x0000006020b00000,0x0000006020c00000] [id=10176]
  0x00000210a3cb7390 ConcurrentGCThread "G1 Service" [stack: 0x0000006020c00000,0x0000006020d00000] [id=13916]

Threads with active compile tasks:
C2 CompilerThread0     4877 1758       4       org.springframework.boot.context.config.ConfigDataEnvironmentContributor$ContributorIterator::fetchIfNecessary (153 bytes)

VM state: not at safepoint (normal execution)

VM Mutex/Monitor currently owned by a thread: None

Heap address: 0x00000000c4400000, size: 956 MB, Compressed Oops mode: 32-bit

CDS archive(s) mapped at: [0x0000000800000000-0x0000000800c40000-0x0000000800c40000), size 12845056, SharedBaseAddress: 0x0000000800000000, ArchiveRelocationMode: 0.
Compressed class space mapped at: 0x0000000801000000-0x0000000841000000, reserved size: 1073741824
Narrow klass base: 0x0000000800000000, Narrow klass shift: 0, Narrow klass range: 0x100000000

GC Precious Log:
 CardTable entry size: 512
 Card Set container configuration: InlinePtr #cards 5 size 8 Array Of Cards #cards 12 size 40 Howl #buckets 4 coarsen threshold 1843 Howl Bitmap #cards 512 size 80 coarsen threshold 460 Card regions per heap region 1 cards per card region 2048
 CPUs: 4 total, 4 available
 Memory: 3818M
 Large Page Support: Disabled
 NUMA Support: Disabled
 Compressed Oops: Enabled (32-bit)
 Heap Region Size: 1M
 Heap Min Capacity: 8M
 Heap Initial Capacity: 60M
 Heap Max Capacity: 956M
 Pre-touch: Disabled
 Parallel Workers: 4
 Concurrent Workers: 1
 Concurrent Refinement Workers: 4
 Periodic GC: Disabled

Heap:
 garbage-first heap   total 61440K, used 26624K [0x00000000c4400000, 0x0000000100000000)
  region size 1024K, 11 young (11264K), 2 survivors (2048K)
 Metaspace       used 9800K, committed 10112K, reserved 1114112K
  class space    used 1118K, committed 1280K, reserved 1048576K

Heap Regions: E=young(eden), S=young(survivor), O=old, HS=humongous(starts), HC=humongous(continues), CS=collection set, F=free, OA=open archive, CA=closed archive, TAMS=top-at-mark-start (previous, next)
|   0|0x00000000c4400000, 0x00000000c4500000, 0x00000000c4500000|100%|HS|  |TAMS 0x00000000c4400000, 0x00000000c4400000| Complete 
|   1|0x00000000c4500000, 0x00000000c4600000, 0x00000000c4600000|100%|HS|  |TAMS 0x00000000c4500000, 0x00000000c4500000| Complete 
|   2|0x00000000c4600000, 0x00000000c4700000, 0x00000000c4700000|100%|HS|  |TAMS 0x00000000c4600000, 0x00000000c4600000| Complete 
|   3|0x00000000c4700000, 0x00000000c4800000, 0x00000000c4800000|100%|HS|  |TAMS 0x00000000c4700000, 0x00000000c4700000| Complete 
|   4|0x00000000c4800000, 0x00000000c4900000, 0x00000000c4900000|100%| O|  |TAMS 0x00000000c4800000, 0x00000000c4800000| Untracked 
|   5|0x00000000c4900000, 0x00000000c4a00000, 0x00000000c4a00000|100%| O|  |TAMS 0x00000000c4900000, 0x00000000c4900000| Untracked 
|   6|0x00000000c4a00000, 0x00000000c4b00000, 0x00000000c4b00000|100%| O|  |TAMS 0x00000000c4a00000, 0x00000000c4a00000| Untracked 
|   7|0x00000000c4b00000, 0x00000000c4c00000, 0x00000000c4c00000|100%| O|  |TAMS 0x00000000c4b00000, 0x00000000c4b00000| Untracked 
|   8|0x00000000c4c00000, 0x00000000c4d00000, 0x00000000c4d00000|100%| O|  |TAMS 0x00000000c4c00000, 0x00000000c4c00000| Untracked 
|   9|0x00000000c4d00000, 0x00000000c4e00000, 0x00000000c4e00000|100%| O|  |TAMS 0x00000000c4d00000, 0x00000000c4d00000| Untracked 
|  10|0x00000000c4e00000, 0x00000000c4f00000, 0x00000000c4f00000|100%|HS|  |TAMS 0x00000000c4e00000, 0x00000000c4e00000| Complete 
|  11|0x00000000c4f00000, 0x00000000c5000000, 0x00000000c5000000|100%|HS|  |TAMS 0x00000000c4f00000, 0x00000000c4f00000| Complete 
|  12|0x00000000c5000000, 0x00000000c5100000, 0x00000000c5100000|100%| O|  |TAMS 0x00000000c5000000, 0x00000000c5000000| Untracked 
|  13|0x00000000c5100000, 0x00000000c5200000, 0x00000000c5200000|100%| O|  |TAMS 0x00000000c5100000, 0x00000000c5100000| Untracked 
|  14|0x00000000c5200000, 0x00000000c5300000, 0x00000000c5300000|100%| O|  |TAMS 0x00000000c5200000, 0x00000000c5200000| Untracked 
|  15|0x00000000c5300000, 0x00000000c5400000, 0x00000000c5400000|100%| O|  |TAMS 0x00000000c5300000, 0x00000000c5300000| Untracked 
|  16|0x00000000c5400000, 0x00000000c5400000, 0x00000000c5500000|  0%| F|  |TAMS 0x00000000c5400000, 0x00000000c5400000| Untracked 
|  17|0x00000000c5500000, 0x00000000c5500000, 0x00000000c5600000|  0%| F|  |TAMS 0x00000000c5500000, 0x00000000c5500000| Untracked 
|  18|0x00000000c5600000, 0x00000000c5600000, 0x00000000c5700000|  0%| F|  |TAMS 0x00000000c5600000, 0x00000000c5600000| Untracked 
|  19|0x00000000c5700000, 0x00000000c5700000, 0x00000000c5800000|  0%| F|  |TAMS 0x00000000c5700000, 0x00000000c5700000| Untracked 
|  20|0x00000000c5800000, 0x00000000c5800000, 0x00000000c5900000|  0%| F|  |TAMS 0x00000000c5800000, 0x00000000c5800000| Untracked 
|  21|0x00000000c5900000, 0x00000000c5900000, 0x00000000c5a00000|  0%| F|  |TAMS 0x00000000c5900000, 0x00000000c5900000| Untracked 
|  22|0x00000000c5a00000, 0x00000000c5a00000, 0x00000000c5b00000|  0%| F|  |TAMS 0x00000000c5a00000, 0x00000000c5a00000| Untracked 
|  23|0x00000000c5b00000, 0x00000000c5b00000, 0x00000000c5c00000|  0%| F|  |TAMS 0x00000000c5b00000, 0x00000000c5b00000| Untracked 
|  24|0x00000000c5c00000, 0x00000000c5c00000, 0x00000000c5d00000|  0%| F|  |TAMS 0x00000000c5c00000, 0x00000000c5c00000| Untracked 
|  25|0x00000000c5d00000, 0x00000000c5d00000, 0x00000000c5e00000|  0%| F|  |TAMS 0x00000000c5d00000, 0x00000000c5d00000| Untracked 
|  26|0x00000000c5e00000, 0x00000000c5e00000, 0x00000000c5f00000|  0%| F|  |TAMS 0x00000000c5e00000, 0x00000000c5e00000| Untracked 
|  27|0x00000000c5f00000, 0x00000000c5f00000, 0x00000000c6000000|  0%| F|  |TAMS 0x00000000c5f00000, 0x00000000c5f00000| Untracked 
|  28|0x00000000c6000000, 0x00000000c6000000, 0x00000000c6100000|  0%| F|  |TAMS 0x00000000c6000000, 0x00000000c6000000| Untracked 
|  29|0x00000000c6100000, 0x00000000c6100000, 0x00000000c6200000|  0%| F|  |TAMS 0x00000000c6100000, 0x00000000c6100000| Untracked 
|  30|0x00000000c6200000, 0x00000000c6200000, 0x00000000c6300000|  0%| F|  |TAMS 0x00000000c6200000, 0x00000000c6200000| Untracked 
|  31|0x00000000c6300000, 0x00000000c6300000, 0x00000000c6400000|  0%| F|  |TAMS 0x00000000c6300000, 0x00000000c6300000| Untracked 
|  32|0x00000000c6400000, 0x00000000c6400000, 0x00000000c6500000|  0%| F|  |TAMS 0x00000000c6400000, 0x00000000c6400000| Untracked 
|  33|0x00000000c6500000, 0x00000000c6500000, 0x00000000c6600000|  0%| F|  |TAMS 0x00000000c6500000, 0x00000000c6500000| Untracked 
|  34|0x00000000c6600000, 0x00000000c6600000, 0x00000000c6700000|  0%| F|  |TAMS 0x00000000c6600000, 0x00000000c6600000| Untracked 
|  35|0x00000000c6700000, 0x00000000c6700000, 0x00000000c6800000|  0%| F|  |TAMS 0x00000000c6700000, 0x00000000c6700000| Untracked 
|  36|0x00000000c6800000, 0x00000000c6800000, 0x00000000c6900000|  0%| F|  |TAMS 0x00000000c6800000, 0x00000000c6800000| Untracked 
|  37|0x00000000c6900000, 0x00000000c6900000, 0x00000000c6a00000|  0%| F|  |TAMS 0x00000000c6900000, 0x00000000c6900000| Untracked 
|  38|0x00000000c6a00000, 0x00000000c6a00000, 0x00000000c6b00000|  0%| F|  |TAMS 0x00000000c6a00000, 0x00000000c6a00000| Untracked 
|  39|0x00000000c6b00000, 0x00000000c6b00000, 0x00000000c6c00000|  0%| F|  |TAMS 0x00000000c6b00000, 0x00000000c6b00000| Untracked 
|  40|0x00000000c6c00000, 0x00000000c6c00000, 0x00000000c6d00000|  0%| F|  |TAMS 0x00000000c6c00000, 0x00000000c6c00000| Untracked 
|  41|0x00000000c6d00000, 0x00000000c6d00000, 0x00000000c6e00000|  0%| F|  |TAMS 0x00000000c6d00000, 0x00000000c6d00000| Untracked 
|  42|0x00000000c6e00000, 0x00000000c6f00000, 0x00000000c6f00000|100%| S|CS|TAMS 0x00000000c6e00000, 0x00000000c6e00000| Complete 
|  43|0x00000000c6f00000, 0x00000000c7000000, 0x00000000c7000000|100%| S|CS|TAMS 0x00000000c6f00000, 0x00000000c6f00000| Complete 
|  44|0x00000000c7000000, 0x00000000c7000000, 0x00000000c7100000|  0%| F|  |TAMS 0x00000000c7000000, 0x00000000c7000000| Untracked 
|  45|0x00000000c7100000, 0x00000000c7100000, 0x00000000c7200000|  0%| F|  |TAMS 0x00000000c7100000, 0x00000000c7100000| Untracked 
|  46|0x00000000c7200000, 0x00000000c7200000, 0x00000000c7300000|  0%| F|  |TAMS 0x00000000c7200000, 0x00000000c7200000| Untracked 
|  47|0x00000000c7300000, 0x00000000c7300000, 0x00000000c7400000|  0%| F|  |TAMS 0x00000000c7300000, 0x00000000c7300000| Untracked 
|  48|0x00000000c7400000, 0x00000000c7400000, 0x00000000c7500000|  0%| F|  |TAMS 0x00000000c7400000, 0x00000000c7400000| Untracked 
|  49|0x00000000c7500000, 0x00000000c7500000, 0x00000000c7600000|  0%| F|  |TAMS 0x00000000c7500000, 0x00000000c7500000| Untracked 
|  50|0x00000000c7600000, 0x00000000c7600000, 0x00000000c7700000|  0%| F|  |TAMS 0x00000000c7600000, 0x00000000c7600000| Untracked 
|  51|0x00000000c7700000, 0x00000000c77d6da0, 0x00000000c7800000| 83%| E|  |TAMS 0x00000000c7700000, 0x00000000c7700000| Complete 
|  52|0x00000000c7800000, 0x00000000c7900000, 0x00000000c7900000|100%| E|CS|TAMS 0x00000000c7800000, 0x00000000c7800000| Complete 
|  53|0x00000000c7900000, 0x00000000c7a00000, 0x00000000c7a00000|100%| E|CS|TAMS 0x00000000c7900000, 0x00000000c7900000| Complete 
|  54|0x00000000c7a00000, 0x00000000c7b00000, 0x00000000c7b00000|100%| E|CS|TAMS 0x00000000c7a00000, 0x00000000c7a00000| Complete 
|  55|0x00000000c7b00000, 0x00000000c7c00000, 0x00000000c7c00000|100%| E|CS|TAMS 0x00000000c7b00000, 0x00000000c7b00000| Complete 
|  56|0x00000000c7c00000, 0x00000000c7d00000, 0x00000000c7d00000|100%| E|CS|TAMS 0x00000000c7c00000, 0x00000000c7c00000| Complete 
|  57|0x00000000c7d00000, 0x00000000c7e00000, 0x00000000c7e00000|100%| E|CS|TAMS 0x00000000c7d00000, 0x00000000c7d00000| Complete 
|  58|0x00000000c7e00000, 0x00000000c7f00000, 0x00000000c7f00000|100%| E|CS|TAMS 0x00000000c7e00000, 0x00000000c7e00000| Complete 
|  59|0x00000000c7f00000, 0x00000000c8000000, 0x00000000c8000000|100%| E|CS|TAMS 0x00000000c7f00000, 0x00000000c7f00000| Complete 

Card table byte_map: [0x00000210bab60000,0x00000210bad40000] _byte_map_base: 0x00000210ba53e000

Marking Bits (Prev, Next): (CMBitMap*) 0x00000210a3c56350, (CMBitMap*) 0x00000210a3c56390
 Prev Bits: [0x00000210baf20000, 0x00000210bbe10000)
 Next Bits: [0x00000210bbe10000, 0x00000210bcd00000)

Polling page: 0x00000210a1b40000

Metaspace:

Usage:
  Non-class:      8.48 MB used.
      Class:      1.09 MB used.
       Both:      9.57 MB used.

Virtual space:
  Non-class space:       64.00 MB reserved,       8.62 MB ( 13%) committed,  1 nodes.
      Class space:        1.00 GB reserved,       1.25 MB ( <1%) committed,  1 nodes.
             Both:        1.06 GB reserved,       9.88 MB ( <1%) committed. 

Chunk freelists:
   Non-Class:  3.09 MB
       Class:  2.72 MB
        Both:  5.82 MB

MaxMetaspaceSize: unlimited
CompressedClassSpaceSize: 1.00 GB
Initial GC threshold: 21.00 MB
Current GC threshold: 21.00 MB
CDS: on
MetaspaceReclaimPolicy: balanced
 - commit_granule_bytes: 65536.
 - commit_granule_words: 8192.
 - virtual_space_node_default_size: 8388608.
 - enlarge_chunks_in_place: 1.
 - new_chunks_are_fully_committed: 0.
 - uncommit_free_chunks: 1.
 - use_allocation_guard: 0.


Internal statistics:

num_allocs_failed_limit: 0.
num_arena_births: 326.
num_arena_deaths: 0.
num_vsnodes_births: 2.
num_vsnodes_deaths: 0.
num_space_committed: 158.
num_space_uncommitted: 0.
num_chunks_returned_to_freelist: 0.
num_chunks_taken_from_freelist: 582.
num_chunk_merges: 0.
num_chunk_splits: 369.
num_chunks_enlarged: 251.
num_inconsistent_stats: 0.

CodeHeap 'non-profiled nmethods': size=120000Kb used=721Kb max_used=721Kb free=119279Kb
 bounds [0x00000210b3630000, 0x00000210b38a0000, 0x00000210bab60000]
CodeHeap 'profiled nmethods': size=120000Kb used=3293Kb max_used=3293Kb free=116706Kb
 bounds [0x00000210abb60000, 0x00000210abea0000, 0x00000210b3090000]
CodeHeap 'non-nmethods': size=5760Kb used=1287Kb max_used=1302Kb free=4472Kb
 bounds [0x00000210b3090000, 0x00000210b3300000, 0x00000210b3630000]
 total_blobs=2308 nmethods=1823 adapters=395
 compilation: enabled
              stopped_count=0, restarted_count=0
 full_count=0

Compilation events (20 events):
Event: 4.740 Thread 0x00000210bf2a87b0 nmethod 1784 0x00000210abe81c90 code [0x00000210abe81e80, 0x00000210abe82358]
Event: 4.740 Thread 0x00000210bf2a87b0 1785       3       java.util.stream.ReferencePipeline$2::<init> (15 bytes)
Event: 4.740 Thread 0x00000210bf2a87b0 nmethod 1785 0x00000210abe82590 code [0x00000210abe82740, 0x00000210abe829c8]
Event: 4.745 Thread 0x00000210bf2a87b0 1786       3       org.springframework.core.env.PropertySource::hashCode (8 bytes)
Event: 4.745 Thread 0x00000210bf2a87b0 nmethod 1786 0x00000210abe82b10 code [0x00000210abe82cc0, 0x00000210abe82f68]
Event: 4.745 Thread 0x00000210bf2a87b0 1787       3       java.lang.Math::addExact (32 bytes)
Event: 4.746 Thread 0x00000210bf2a87b0 nmethod 1787 0x00000210abe83090 code [0x00000210abe83240, 0x00000210abe83448]
Event: 4.746 Thread 0x00000210bf2a87b0 1788       3       org.springframework.boot.context.properties.source.ConfigurationPropertyName::buildToString (79 bytes)
Event: 4.746 Thread 0x00000210bf2a87b0 nmethod 1788 0x00000210abe83510 code [0x00000210abe837c0, 0x00000210abe843d8]
Event: 4.746 Thread 0x00000210bf2a87b0 1789       3       org.springframework.boot.context.properties.source.SpringConfigurationPropertySources$$Lambda$109/0x00000008010fe8a0::apply (12 bytes)
Event: 4.747 Thread 0x00000210bf2a87b0 nmethod 1789 0x00000210abe84790 code [0x00000210abe84940, 0x00000210abe84b88]
Event: 4.747 Thread 0x00000210bf2a87b0 1790       3       org.springframework.boot.context.properties.source.SpringConfigurationPropertySources::adapt (74 bytes)
Event: 4.747 Thread 0x00000210bf2a87b0 nmethod 1790 0x00000210abe84c90 code [0x00000210abe84ec0, 0x00000210abe85858]
Event: 4.747 Thread 0x00000210bf2a87b0 1792       3       java.util.function.BiPredicate$$Lambda$118/0x000000080109e040::test (16 bytes)
Event: 4.747 Thread 0x00000210bf2a87b0 nmethod 1792 0x00000210abe85a90 code [0x00000210abe85c60, 0x00000210abe860f8]
Event: 4.747 Thread 0x00000210bf2a87b0 1791       3       org.springframework.boot.context.properties.source.ConfigurationPropertyName$Elements::newResolved (32 bytes)
Event: 4.747 Thread 0x00000210bf2a87b0 nmethod 1791 0x00000210abe86290 code [0x00000210abe86440, 0x00000210abe86788]
Event: 4.747 Thread 0x00000210bf2a87b0 1793       3       java.util.WeakHashMap::getTable (9 bytes)
Event: 4.747 Thread 0x00000210bf2a87b0 nmethod 1793 0x00000210abe86890 code [0x00000210abe86a40, 0x00000210abe86b88]
Event: 4.752 Thread 0x00000210bf2a87b0 1795       3       java.lang.invoke.LambdaForm$Name::internArguments (62 bytes)

GC Heap History (6 events):
Event: 2.254 GC heap before
{Heap before GC invocations=0 (full 0):
 garbage-first heap   total 61440K, used 16384K [0x00000000c4400000, 0x0000000100000000)
  region size 1024K, 13 young (13312K), 0 survivors (0K)
 Metaspace       used 1934K, committed 2112K, reserved 1114112K
  class space    used 150K, committed 256K, reserved 1048576K
}
Event: 2.263 GC heap after
{Heap after GC invocations=1 (full 0):
 garbage-first heap   total 61440K, used 9665K [0x00000000c4400000, 0x0000000100000000)
  region size 1024K, 2 young (2048K), 2 survivors (2048K)
 Metaspace       used 1934K, committed 2112K, reserved 1114112K
  class space    used 150K, committed 256K, reserved 1048576K
}
Event: 2.688 GC heap before
{Heap before GC invocations=1 (full 0):
 garbage-first heap   total 61440K, used 24001K [0x00000000c4400000, 0x0000000100000000)
  region size 1024K, 13 young (13312K), 2 survivors (2048K)
 Metaspace       used 2980K, committed 3200K, reserved 1114112K
  class space    used 286K, committed 384K, reserved 1048576K
}
Event: 2.698 GC heap after
{Heap after GC invocations=2 (full 0):
 garbage-first heap   total 61440K, used 16721K [0x00000000c4400000, 0x0000000100000000)
  region size 1024K, 2 young (2048K), 2 survivors (2048K)
 Metaspace       used 2980K, committed 3200K, reserved 1114112K
  class space    used 286K, committed 384K, reserved 1048576K
}
Event: 4.033 GC heap before
{Heap before GC invocations=2 (full 0):
 garbage-first heap   total 61440K, used 31057K [0x00000000c4400000, 0x0000000100000000)
  region size 1024K, 16 young (16384K), 2 survivors (2048K)
 Metaspace       used 7652K, committed 7872K, reserved 1114112K
  class space    used 816K, committed 896K, reserved 1048576K
}
Event: 4.041 GC heap after
{Heap after GC invocations=3 (full 0):
 garbage-first heap   total 61440K, used 18432K [0x00000000c4400000, 0x0000000100000000)
  region size 1024K, 2 young (2048K), 2 survivors (2048K)
 Metaspace       used 7652K, committed 7872K, reserved 1114112K
  class space    used 816K, committed 896K, reserved 1048576K
}

Dll operation events (9 events):
Event: 0.025 Loaded shared library C:\Program Files\Java\jdk-19\bin\java.dll
Event: 0.041 Loaded shared library C:\Program Files\Java\jdk-19\bin\jsvml.dll
Event: 0.802 Loaded shared library C:\Program Files\Java\jdk-19\bin\zip.dll
Event: 0.807 Loaded shared library C:\Program Files\Java\jdk-19\bin\instrument.dll
Event: 0.849 Loaded shared library C:\Program Files\Java\jdk-19\bin\net.dll
Event: 0.851 Loaded shared library C:\Program Files\Java\jdk-19\bin\nio.dll
Event: 0.856 Loaded shared library C:\Program Files\Java\jdk-19\bin\zip.dll
Event: 1.960 Loaded shared library C:\Program Files\Java\jdk-19\bin\extnet.dll
Event: 2.108 Loaded shared library C:\Program Files\Java\jdk-19\bin\jimage.dll

Deoptimization events (20 events):
Event: 3.838 Thread 0x00000210a3c16e80 Uncommon trap: trap_request=0xffffffde fr.pc=0x00000210b3699e04 relative=0x0000000000000444
Event: 3.838 Thread 0x00000210a3c16e80 Uncommon trap: reason=class_check action=maybe_recompile pc=0x00000210b3699e04 method=java.util.ImmutableCollections$MapN.probe(Ljava/lang/Object;)I @ 1 c2
Event: 3.838 Thread 0x00000210a3c16e80 DEOPT PACKING pc=0x00000210b3699e04 sp=0x00000060207fcf40
Event: 3.838 Thread 0x00000210a3c16e80 DEOPT UNPACKING pc=0x00000210b30fa5a3 sp=0x00000060207fcef0 mode 2
Event: 3.838 Thread 0x00000210a3c16e80 Uncommon trap: trap_request=0xffffffde fr.pc=0x00000210b3699e04 relative=0x0000000000000444
Event: 3.838 Thread 0x00000210a3c16e80 Uncommon trap: reason=class_check action=maybe_recompile pc=0x00000210b3699e04 method=java.util.ImmutableCollections$MapN.probe(Ljava/lang/Object;)I @ 1 c2
Event: 3.838 Thread 0x00000210a3c16e80 DEOPT PACKING pc=0x00000210b3699e04 sp=0x00000060207fcf40
Event: 3.838 Thread 0x00000210a3c16e80 DEOPT UNPACKING pc=0x00000210b30fa5a3 sp=0x00000060207fcef0 mode 2
Event: 3.857 Thread 0x00000210a3c16e80 Uncommon trap: trap_request=0xffffff45 fr.pc=0x00000210b36b78d8 relative=0x0000000000000138
Event: 3.857 Thread 0x00000210a3c16e80 Uncommon trap: reason=unstable_if action=reinterpret pc=0x00000210b36b78d8 method=java.util.concurrent.locks.ReentrantLock$NonfairSync.initialTryLock()Z @ 10 c2
Event: 3.857 Thread 0x00000210a3c16e80 DEOPT PACKING pc=0x00000210b36b78d8 sp=0x00000060207fe630
Event: 3.857 Thread 0x00000210a3c16e80 DEOPT UNPACKING pc=0x00000210b30fa5a3 sp=0x00000060207fe5d8 mode 2
Event: 3.917 Thread 0x00000210a3c16e80 DEOPT PACKING pc=0x00000210abc2c8a1 sp=0x00000060207fe030
Event: 3.917 Thread 0x00000210a3c16e80 DEOPT UNPACKING pc=0x00000210b30fb0e3 sp=0x00000060207fd538 mode 0
Event: 3.970 Thread 0x00000210a3c16e80 DEOPT PACKING pc=0x00000210abd319fe sp=0x00000060207fd650
Event: 3.970 Thread 0x00000210a3c16e80 DEOPT UNPACKING pc=0x00000210b30fb0e3 sp=0x00000060207fcac0 mode 0
Event: 4.627 Thread 0x00000210a3c16e80 Uncommon trap: trap_request=0xfffffff4 fr.pc=0x00000210b369f71c relative=0x000000000000085c
Event: 4.627 Thread 0x00000210a3c16e80 Uncommon trap: reason=null_check action=make_not_entrant pc=0x00000210b369f71c method=java.util.ArrayList.add(Ljava/lang/Object;[Ljava/lang/Object;I)V @ 14 c2
Event: 4.627 Thread 0x00000210a3c16e80 DEOPT PACKING pc=0x00000210b369f71c sp=0x00000060207fe010
Event: 4.627 Thread 0x00000210a3c16e80 DEOPT UNPACKING pc=0x00000210b30fa5a3 sp=0x00000060207fdf78 mode 2

Classes loaded (20 events):
Event: 4.576 Loading class java/lang/runtime/ObjectMethods$1
Event: 4.576 Loading class java/lang/runtime/ObjectMethods$1 done
Event: 4.580 Loading class java/lang/invoke/DirectMethodHandle$1
Event: 4.580 Loading class java/lang/invoke/DirectMethodHandle$1 done
Event: 4.582 Loading class java/util/RegularEnumSet$EnumSetIterator
Event: 4.584 Loading class java/util/RegularEnumSet$EnumSetIterator done
Event: 4.587 Loading class java/util/stream/MatchOps$1MatchSink
Event: 4.587 Loading class java/util/stream/MatchOps$1MatchSink done
Event: 4.616 Loading class sun/reflect/generics/scope/ConstructorScope
Event: 4.616 Loading class sun/reflect/generics/scope/ConstructorScope done
Event: 4.616 Loading class sun/reflect/generics/repository/ConstructorRepository
Event: 4.617 Loading class sun/reflect/generics/repository/ConstructorRepository done
Event: 4.617 Loading class sun/reflect/generics/tree/VoidDescriptor
Event: 4.617 Loading class sun/reflect/generics/tree/VoidDescriptor done
Event: 4.617 Loading class sun/reflect/generics/tree/MethodTypeSignature
Event: 4.617 Loading class sun/reflect/generics/tree/MethodTypeSignature done
Event: 4.667 Loading class java/util/LinkedList
Event: 4.680 Loading class java/util/AbstractSequentialList
Event: 4.681 Loading class java/util/AbstractSequentialList done
Event: 4.682 Loading class java/util/LinkedList done

Classes unloaded (0 events):
No events

Classes redefined (0 events):
No events

Internal exceptions (20 events):
Event: 4.558 Thread 0x00000210a3c16e80 Exception <a 'java/lang/NoSuchMethodError'{0x00000000c7ae0a90}: 'java.lang.Object java.lang.invoke.DirectMethodHandle$Holder.invokeStaticInit(java.lang.Object, java.lang.Object, java.lang.Object, java.lang.Object, java.lang.Object, java.lang.Object, java.lang.Object)'> (0x00000000c7ae0a90) 
thrown [s\open\src\hotspot\share\interpreter\linkResolver.cpp, line 774]
Event: 4.560 Thread 0x00000210a3c16e80 Exception <a 'java/lang/NoSuchMethodError'{0x00000000c7aea5e0}: 'java.lang.Object java.lang.invoke.Invokers$Holder.invoke_MT(java.lang.Object, java.lang.Object, java.lang.Object, java.lang.Object, java.lang.Object, java.lang.Object, java.lang.Object, java.lang.Object, java.lang.Object, java.lang.Object)'> (0x00000000c7aea5e0) 
thrown [s\open\src\hotspot\share\interpreter\linkResolver.cpp, line 774]
Event: 4.564 Thread 0x00000210a3c16e80 Exception <a 'java/lang/NoSuchMethodError'{0x00000000c7af0e38}: 'java.lang.Object java.lang.invoke.DirectMethodHandle$Holder.invokeStatic(java.lang.Object, java.lang.Object, int)'> (0x00000000c7af0e38) 
thrown [s\open\src\hotspot\share\interpreter\linkResolver.cpp, line 774]
Event: 4.570 Thread 0x00000210a3c16e80 Exception <a 'java/lang/NoSuchMethodError'{0x00000000c7904878}: 'void java.lang.invoke.DelegatingMethodHandle$Holder.delegate(java.lang.Object, java.lang.Object, int, java.lang.Object)'> (0x00000000c7904878) 
thrown [s\open\src\hotspot\share\interpreter\linkResolver.cpp, line 774]
Event: 4.576 Thread 0x00000210a3c16e80 Exception <a 'java/lang/NoSuchMethodError'{0x00000000c7924ad0}: 'int java.lang.invoke.DirectMethodHandle$Holder.invokeVirtual(java.lang.Object, java.lang.Object, java.lang.Object)'> (0x00000000c7924ad0) 
thrown [s\open\src\hotspot\share\interpreter\linkResolver.cpp, line 774]
Event: 4.576 Thread 0x00000210a3c16e80 Exception <a 'java/lang/NoSuchMethodError'{0x00000000c79283c8}: 'int java.lang.invoke.DirectMethodHandle$Holder.invokeVirtual(java.lang.Object, java.lang.Object)'> (0x00000000c79283c8) 
thrown [s\open\src\hotspot\share\interpreter\linkResolver.cpp, line 774]
Event: 4.577 Thread 0x00000210a3c16e80 Exception <a 'java/lang/NoSuchMethodError'{0x00000000c792c610}: 'int java.lang.invoke.DirectMethodHandle$Holder.invokeStaticInit(java.lang.Object, int, int)'> (0x00000000c792c610) 
thrown [s\open\src\hotspot\share\interpreter\linkResolver.cpp, line 774]
Event: 4.577 Thread 0x00000210a3c16e80 Exception <a 'java/lang/NoSuchMethodError'{0x00000000c7933e28}: 'int java.lang.invoke.DirectMethodHandle$Holder.invokeStaticInit(java.lang.Object, long, long)'> (0x00000000c7933e28) 
thrown [s\open\src\hotspot\share\interpreter\linkResolver.cpp, line 774]
Event: 4.578 Thread 0x00000210a3c16e80 Exception <a 'java/lang/NoSuchMethodError'{0x00000000c793ac90}: 'int java.lang.invoke.DirectMethodHandle$Holder.invokeStaticInit(java.lang.Object, float, float)'> (0x00000000c793ac90) 
thrown [s\open\src\hotspot\share\interpreter\linkResolver.cpp, line 774]
Event: 4.579 Thread 0x00000210a3c16e80 Exception <a 'java/lang/NoSuchMethodError'{0x00000000c7941af0}: 'int java.lang.invoke.DirectMethodHandle$Holder.invokeStaticInit(java.lang.Object, double, double)'> (0x00000000c7941af0) 
thrown [s\open\src\hotspot\share\interpreter\linkResolver.cpp, line 774]
Event: 4.579 Thread 0x00000210a3c16e80 Exception <a 'java/lang/NoSuchMethodError'{0x00000000c7946100}: 'int java.lang.invoke.DirectMethodHandle$Holder.invokeStatic(java.lang.Object, long)'> (0x00000000c7946100) 
thrown [s\open\src\hotspot\share\interpreter\linkResolver.cpp, line 774]
Event: 4.582 Thread 0x00000210a3c16e80 Exception <a 'java/lang/NoSuchMethodError'{0x00000000c7969910}: 'int java.lang.invoke.Invokers$Holder.linkToTargetMethod(java.lang.Object, java.lang.Object)'> (0x00000000c7969910) 
thrown [s\open\src\hotspot\share\interpreter\linkResolver.cpp, line 774]
Event: 4.627 Thread 0x00000210a3c16e80 Implicit null exception at 0x00000210b369f08d to 0x00000210b369f704
Event: 4.628 Thread 0x00000210a3c16e80 Exception <a 'java/lang/NoSuchMethodError'{0x00000000c79e4b48}: 'java.lang.Object java.lang.invoke.DirectMethodHandle$Holder.invokeSpecial(java.lang.Object, java.lang.Object, java.lang.Object, int, java.lang.Object)'> (0x00000000c79e4b48) 
thrown [s\open\src\hotspot\share\interpreter\linkResolver.cpp, line 774]
Event: 4.629 Thread 0x00000210a3c16e80 Exception <a 'java/lang/NoSuchMethodError'{0x00000000c79ed0c0}: 'java.lang.Object java.lang.invoke.DirectMethodHandle$Holder.newInvokeSpecial(java.lang.Object, java.lang.Object, java.lang.Object, int, java.lang.Object)'> (0x00000000c79ed0c0) 
thrown [s\open\src\hotspot\share\interpreter\linkResolver.cpp, line 774]
Event: 4.629 Thread 0x00000210a3c16e80 Exception <a 'java/lang/NoSuchMethodError'{0x00000000c79f4ab0}: 'java.lang.Object java.lang.invoke.Invokers$Holder.linkToTargetMethod(java.lang.Object, java.lang.Object, int, java.lang.Object, java.lang.Object)'> (0x00000000c79f4ab0) 
thrown [s\open\src\hotspot\share\interpreter\linkResolver.cpp, line 774]
Event: 4.631 Thread 0x00000210a3c16e80 Exception <a 'java/lang/NoSuchMethodError'{0x00000000c78043a0}: 'java.lang.Object java.lang.invoke.DirectMethodHandle$Holder.newInvokeSpecial(java.lang.Object, int, java.lang.Object)'> (0x00000000c78043a0) 
thrown [s\open\src\hotspot\share\interpreter\linkResolver.cpp, line 774]
Event: 4.631 Thread 0x00000210a3c16e80 Exception <a 'java/lang/NoSuchMethodError'{0x00000000c7808e68}: 'int java.lang.invoke.DirectMethodHandle$Holder.invokeSpecialIFC(java.lang.Object, java.lang.Object, java.lang.Object, java.lang.Object)'> (0x00000000c7808e68) 
thrown [s\open\src\hotspot\share\interpreter\linkResolver.cpp, line 774]
Event: 4.712 Thread 0x00000210a3c16e80 Exception <a 'java/lang/NoSuchMethodError'{0x00000000c78c1c60}: 'void java.lang.invoke.DirectMethodHandle$Holder.invokeInterface(java.lang.Object, java.lang.Object, java.lang.Object)'> (0x00000000c78c1c60) 
thrown [s\open\src\hotspot\share\interpreter\linkResolver.cpp, line 774]
Event: 4.750 Thread 0x00000210a3c16e80 Exception <a 'java/lang/NoSuchMethodError'{0x00000000c773bba8}: 'java.lang.Object java.lang.invoke.Invokers$Holder.invoke_MT(java.lang.Object, java.lang.Object, java.lang.Object, java.lang.Object, java.lang.Object, java.lang.Object, java.lang.Object, java.lang.Object, java.lang.Object)'> (0x00000000c773bba8) 
thrown [s\open\src\hotspot\share\interpreter\linkResolver.cpp, line 774]

VM Operations (20 events):
Event: 2.356 Executing VM operation: HandshakeAllThreads
Event: 2.356 Executing VM operation: HandshakeAllThreads done
Event: 2.688 Executing VM operation: G1CollectForAllocation
Event: 2.698 Executing VM operation: G1CollectForAllocation done
Event: 2.784 Executing VM operation: HandshakeAllThreads
Event: 2.784 Executing VM operation: HandshakeAllThreads done
Event: 3.721 Executing VM operation: HandshakeAllThreads
Event: 3.721 Executing VM operation: HandshakeAllThreads done
Event: 3.721 Executing VM operation: Cleanup
Event: 3.721 Executing VM operation: Cleanup done
Event: 3.721 Executing VM operation: HandshakeAllThreads
Event: 3.721 Executing VM operation: HandshakeAllThreads done
Event: 3.903 Executing VM operation: HandshakeAllThreads
Event: 3.903 Executing VM operation: HandshakeAllThreads done
Event: 3.921 Executing VM operation: HandshakeAllThreads
Event: 3.921 Executing VM operation: HandshakeAllThreads done
Event: 4.033 Executing VM operation: G1CollectForAllocation
Event: 4.041 Executing VM operation: G1CollectForAllocation done
Event: 4.564 Executing VM operation: HandshakeAllThreads
Event: 4.564 Executing VM operation: HandshakeAllThreads done

Events (13 events):
Event: 0.042 Thread 0x00000210a3c16e80 Thread added: 0x00000210a3c16e80
Event: 0.081 Thread 0x00000210bf295f60 Thread added: 0x00000210bf295f60
Event: 0.082 Thread 0x00000210bf296990 Thread added: 0x00000210bf296990
Event: 0.082 Thread 0x00000210bf2a03d0 Thread added: 0x00000210bf2a03d0
Event: 0.082 Thread 0x00000210bf2a2e00 Thread added: 0x00000210bf2a2e00
Event: 0.082 Thread 0x00000210bf2a4390 Thread added: 0x00000210bf2a4390
Event: 0.082 Thread 0x00000210bf2a5920 Thread added: 0x00000210bf2a5920
Event: 0.082 Thread 0x00000210bf2a7d50 Thread added: 0x00000210bf2a7d50
Event: 0.082 Thread 0x00000210bf2a87b0 Thread added: 0x00000210bf2a87b0
Event: 0.082 Thread 0x00000210bf2b8030 Thread added: 0x00000210bf2b8030
Event: 0.769 Thread 0x00000210bf26d360 Thread added: 0x00000210bf26d360
Event: 1.931 Thread 0x00000210c390e540 Thread added: 0x00000210c390e540
Event: 1.931 Thread 0x00000210c390ea80 Thread added: 0x00000210c390ea80


Dynamic libraries:
0x00007ff667d50000 - 0x00007ff667d60000 	C:\Program Files\Java\jdk-19\bin\java.exe
0x00007fff3b980000 - 0x00007fff3bbe7000 	C:\WINDOWS\SYSTEM32\ntdll.dll
0x00007fff3aeb0000 - 0x00007fff3af79000 	C:\WINDOWS\System32\KERNEL32.DLL
0x00007fff38b80000 - 0x00007fff38f6f000 	C:\WINDOWS\System32\KERNELBASE.dll
0x00007fff1fba0000 - 0x00007fff1fbbb000 	C:\Program Files\Java\jdk-19\bin\VCRUNTIME140.dll
0x00007fff25e70000 - 0x00007fff25e88000 	C:\Program Files\Java\jdk-19\bin\jli.dll
0x00007fff391b0000 - 0x00007fff392fb000 	C:\WINDOWS\System32\ucrtbase.dll
0x00007fff3adf0000 - 0x00007fff3aea4000 	C:\WINDOWS\System32\ADVAPI32.dll
0x00007fff3ad40000 - 0x00007fff3ade9000 	C:\WINDOWS\System32\msvcrt.dll
0x00007fff3ac60000 - 0x00007fff3ad06000 	C:\WINDOWS\System32\sechost.dll
0x00007fff397e0000 - 0x00007fff398f8000 	C:\WINDOWS\System32\RPCRT4.dll
0x00007fff3af80000 - 0x00007fff3b145000 	C:\WINDOWS\System32\USER32.dll
0x00007fff394f0000 - 0x00007fff39517000 	C:\WINDOWS\System32\win32u.dll
0x00007fff3aa90000 - 0x00007fff3aabb000 	C:\WINDOWS\System32\GDI32.dll
0x00007fff393c0000 - 0x00007fff394ec000 	C:\WINDOWS\System32\gdi32full.dll
0x00007fff39100000 - 0x00007fff391a3000 	C:\WINDOWS\System32\msvcp_win.dll
0x00007fff1fea0000 - 0x00007fff20133000 	C:\WINDOWS\WinSxS\amd64_microsoft.windows.common-controls_6595b64144ccf1df_6.0.26100.7309_none_3e05feeae336a044\COMCTL32.dll
0x00007fff31460000 - 0x00007fff3146b000 	C:\WINDOWS\SYSTEM32\VERSION.dll
0x00007fff3a720000 - 0x00007fff3a751000 	C:\WINDOWS\System32\IMM32.DLL
0x00007fff31ae0000 - 0x00007fff31aec000 	C:\Program Files\Java\jdk-19\bin\vcruntime140_1.dll
0x00007ffeeee90000 - 0x00007ffeeef1e000 	C:\Program Files\Java\jdk-19\bin\msvcp140.dll
0x00007ffeb9340000 - 0x00007ffeba000000 	C:\Program Files\Java\jdk-19\bin\server\jvm.dll
0x00007fff31ab0000 - 0x00007fff31aba000 	C:\WINDOWS\SYSTEM32\WSOCK32.dll
0x00007fff2fde0000 - 0x00007fff2fe15000 	C:\WINDOWS\SYSTEM32\WINMM.dll
0x00007fff39ab0000 - 0x00007fff39b24000 	C:\WINDOWS\System32\WS2_32.dll
0x00007fff37860000 - 0x00007fff3787b000 	C:\WINDOWS\SYSTEM32\kernel.appcore.dll
0x00007fff20160000 - 0x00007fff2016a000 	C:\Program Files\Java\jdk-19\bin\jimage.dll
0x00007fff360f0000 - 0x00007fff36332000 	C:\WINDOWS\SYSTEM32\DBGHELP.DLL
0x00007fff3a380000 - 0x00007fff3a706000 	C:\WINDOWS\System32\combase.dll
0x00007fff39b30000 - 0x00007fff39c06000 	C:\WINDOWS\System32\OLEAUT32.dll
0x00007fff1e030000 - 0x00007fff1e06c000 	C:\WINDOWS\SYSTEM32\dbgcore.DLL
0x00007fff38ad0000 - 0x00007fff38b75000 	C:\WINDOWS\System32\bcryptPrimitives.dll
0x00007fff1fd10000 - 0x00007fff1fd1e000 	C:\Program Files\Java\jdk-19\bin\instrument.dll
0x00007fff09f10000 - 0x00007fff09f36000 	C:\Program Files\Java\jdk-19\bin\java.dll
0x00007ffeeedb0000 - 0x00007ffeeee87000 	C:\Program Files\Java\jdk-19\bin\jsvml.dll
0x00007fff3b150000 - 0x00007fff3b8a3000 	C:\WINDOWS\System32\SHELL32.dll
0x00007fff39520000 - 0x00007fff3968a000 	C:\WINDOWS\System32\wintypes.dll
0x00007fff36690000 - 0x00007fff36eee000 	C:\WINDOWS\SYSTEM32\windows.storage.dll
0x00007fff399b0000 - 0x00007fff39aa5000 	C:\WINDOWS\System32\SHCORE.dll
0x00007fff3b8d0000 - 0x00007fff3b936000 	C:\WINDOWS\System32\shlwapi.dll
0x00007fff389f0000 - 0x00007fff38a19000 	C:\WINDOWS\SYSTEM32\profapi.dll
0x00007fff104a0000 - 0x00007fff104b8000 	C:\Program Files\Java\jdk-19\bin\zip.dll
0x00007fff1dc60000 - 0x00007fff1dc73000 	C:\Program Files\Java\jdk-19\bin\net.dll
0x00007fff2f9f0000 - 0x00007fff2fb18000 	C:\WINDOWS\SYSTEM32\WINHTTP.dll
0x00007fff37df0000 - 0x00007fff37e5b000 	C:\WINDOWS\system32\mswsock.dll
0x00007fff1d8d0000 - 0x00007fff1d8e6000 	C:\Program Files\Java\jdk-19\bin\nio.dll
0x00007fff1fc90000 - 0x00007fff1fc98000 	C:\Program Files\Java\jdk-19\bin\extnet.dll
0x00007fff37230000 - 0x00007fff37264000 	C:\WINDOWS\SYSTEM32\IPHLPAPI.DLL
0x00007fff39910000 - 0x00007fff3991a000 	C:\WINDOWS\System32\NSI.dll
0x00007fff32bf0000 - 0x00007fff32c0e000 	C:\WINDOWS\SYSTEM32\dhcpcsvc6.DLL

dbghelp: loaded successfully - version: 4.0.5 - missing functions: none
symbol engine: initialized successfully - sym options: 0x614 - pdb path: .;C:\Program Files\Java\jdk-19\bin;C:\WINDOWS\SYSTEM32;C:\WINDOWS\WinSxS\amd64_microsoft.windows.common-controls_6595b64144ccf1df_6.0.26100.7309_none_3e05feeae336a044;C:\Program Files\Java\jdk-19\bin\server

VM Arguments:
jvm_args: -javaagent:C:\Program Files\JetBrains\IntelliJ IDEA 2025.2.5\lib\idea_rt.jar=47472 -Dfile.encoding=UTF-8 -Dsun.stdout.encoding=UTF-8 -Dsun.stderr.encoding=UTF-8 
java_command: com.fundoo.userservice.UserServiceApplication
java_class_path (initial): D:\Bridgelabz Java\Backend Development\Microservices\FundooApp\user-service\target\classes;C:\Users\user\.m2\repository\org\springframework\boot\spring-boot-starter-web\3.5.3\spring-boot-starter-web-3.5.3.jar;C:\Users\user\.m2\repository\org\springframework\boot\spring-boot-starter\3.5.3\spring-boot-starter-3.5.3.jar;C:\Users\user\.m2\repository\org\springframework\boot\spring-boot\3.5.3\spring-boot-3.5.3.jar;C:\Users\user\.m2\repository\org\springframework\boot\spring-boot-autoconfigure\3.5.3\spring-boot-autoconfigure-3.5.3.jar;C:\Users\user\.m2\repository\org\springframework\boot\spring-boot-starter-logging\3.5.3\spring-boot-starter-logging-3.5.3.jar;C:\Users\user\.m2\repository\ch\qos\logback\logback-classic\1.5.18\logback-classic-1.5.18.jar;C:\Users\user\.m2\repository\ch\qos\logback\logback-core\1.5.18\logback-core-1.5.18.jar;C:\Users\user\.m2\repository\org\apache\logging\log4j\log4j-to-slf4j\2.24.3\log4j-to-slf4j-2.24.3.jar;C:\Users\user\.m2\repository\org\apache\logging\log4j\log4j-api\2.24.3\log4j-api-2.24.3.jar;C:\Users\user\.m2\repository\org\slf4j\jul-to-slf4j\2.0.17\jul-to-slf4j-2.0.17.jar;C:\Users\user\.m2\repository\jakarta\annotation\jakarta.annotation-api\2.1.1\jakarta.annotation-api-2.1.1.jar;C:\Users\user\.m2\repository\org\yaml\snakeyaml\2.4\snakeyaml-2.4.jar;C:\Users\user\.m2\repository\org\springframework\boot\spring-boot-starter-json\3.5.3\spring-boot-starter-json-3.5.3.jar;C:\Users\user\.m2\repository\com\fasterxml\jackson\datatype\jackson-datatype-jdk8\2.19.1\jackson-datatype-jdk8-2.19.1.jar;C:\Users\user\.m2\repository\com\fasterxml\jackson\datatype\jackson-datatype-jsr310\2.19.1\jackson-datatype-jsr310-2.19.1.jar;C:\Users\user\.m2\repository\com\fasterxml\jackson\module\jackson-module-parameter-names\2.19.1\jackson-module-parameter-names-2.19.1.jar;C:\Users\user\.m2\repository\org\springframework\boot\spring-boot-starter-tomcat\3.5.3\spring-boot-starter-tomcat-3.5.3.jar;C:\Users\user\.m2\repository\org\apache\tomcat\embed\tomcat-embed-core\10.1.42\tomcat-embed-core-10.1.42.jar;C:\Users\user\.m2\repository\org\apache\tomcat\embed\tomcat-embed-websocket\10.1.42\tomcat-embed-websocket-10.1.42.jar;C:\Users\user\.m2\repository\org\springframework\spring-web\6.2.8\spring-web-6.2.8.jar;C:\Users\user\.m2\repository\org\springframework\spring-beans\6.2.8\spring-beans-6.2.8.jar;C:\Users\user\.m2\repository\io\micrometer\micrometer-observation\1.15.1\micrometer-observation-1.15.1.jar;C:\Users\user\.m2\repository\io\micrometer\micrometer-commons\1.15.1\micrometer-commons-1.15.1.jar;C:\Users\user\.m2\repository\org\springframework\spring-webmvc\6.2.8\spring-webmvc-6.2.8.jar;C:\Users\user\.m2\repository\org\springframework\spring-context\6.2.8\spring-context-6.2.8.jar;C:\Users\user\.m2\repository\org\springframework\spring-expression\6.2.8\spring-expression-6.2.8.jar;C:\Users\user\.m2\repository\org\springframework\boot\spring-boot-starter-data-jpa\3.5.3\spring-boot-starter-data-jpa-3.5.3.jar;C:\Users\user\.m2\repository\org\springframework\boot\spring-boot-starter-jdbc\3.5.3\spring-boot-starter-jdbc-3.5.3.jar;C:\Users\user\.m2\repository\com\zaxxer\HikariCP\6.3.0\HikariCP-6.3.0.jar;C:\Users\user\.m2\repository\org\springframework\spring-jdbc\6.2.8\spring-jdbc-6.2.8.jar;C:\Users\user\.m2\repository\org\hibernate\orm\hibernate-core\6.6.18.Final\hibernate-core-6.6.18.Final.jar;C:\Users\user\.m2\repository\jakarta\persistence\jakarta.persistence-api\3.1.0\jakarta.persistence-api-3.1.0.jar;C:\Users\user\.m2\repository\jakarta\transaction\jakarta.transaction-api\2.0.1\jakarta.transaction-api-2.0.1.jar;C:\Users\user\.m2\repository\org\jboss\logging\jboss-logging\3.6.1.Final\jboss-logging-3.6.1.Final.jar;C:\Users\user\.m2\repository\org\hibernate\common\hibernate-commons-annotations\7.0.3.Final\hibernate-commons-annotations-7.0.3.Final.jar;C:\Users\user\.m2\repository\io\smallrye\jandex\3.2.0\jandex-3.2.0.jar;C:\Users\user\.m2\repository\com\fasterxml\classmate\1.7.0\classmate-1.7.0.jar;C:\Users\user\.m2\repository\net\bytebuddy\byte-buddy\1.17.6\byte-buddy-1.17.6.jar;C:\Users\user\.m2\repository\org\glassfish\jaxb\jaxb-runtime\4.0.5\jaxb-runtime-4.0.5.jar;C:\Users\user\.m2\repository\org\glassfish\jaxb\jaxb-core\4.0.5\jaxb-core-4.0.5.jar;C:\Users\user\.m2\repository\org\eclipse\angus\angus-activation\2.0.2\angus-activation-2.0.2.jar;C:\Users\user\.m2\repository\org\glassfish\jaxb\txw2\4.0.5\txw2-4.0.5.jar;C:\Users\user\.m2\repository\com\sun\istack\istack-commons-runtime\4.1.2\istack-commons-runtime-4.1.2.jar;C:\Users\user\.m2\repository\jakarta\inject\jakarta.inject-api\2.0.1\jakarta.inject-api-2.0.1.jar;C:\Users\user\.m2\repository\org\antlr\antlr4-runtime\4.13.0\antlr4-runtime-4.13.0.jar;C:\Users\user\.m2\repository\org\springframework\data\spring-data-jpa\3.5.1\spring-data-jpa-3.5.1.jar;C:\Users\user\.m2\repository\org\springframework\data\spring-data-commons\3.5.1\spring-data-commons-3.5.1.jar;C:\Users\user\.m2\repository\org\springframework\spring-orm\6.2.8\spring-orm-6.2.8.jar;C:\Users\user\.m2\repository\org\springframework\spring-tx\6.2.8\spring-tx-6.2.8.jar;C:\Users\user\.m2\repository\org\slf4j\slf4j-api\2.0.17\slf4j-api-2.0.17.jar;C:\Users\user\.m2\repository\org\springframework\spring-aspects\6.2.8\spring-aspects-6.2.8.jar;C:\Users\user\.m2\repository\org\aspectj\aspectjweaver\1.9.24\aspectjweaver-1.9.24.jar;C:\Users\user\.m2\repository\com\mysql\mysql-connector-j\9.2.0\mysql-connector-j-9.2.0.jar;C:\Users\user\.m2\repository\org\springframework\boot\spring-boot-starter-validation\3.5.3\spring-boot-starter-validation-3.5.3.jar;C:\Users\user\.m2\repository\org\apache\tomcat\embed\tomcat-embed-el\10.1.42\tomcat-embed-el-10.1.42.jar;C:\Users\user\.m2\repository\org\hibernate\validator\hibernate-validator\8.0.2.Final\hibernate-validator-8.0.2.Final.jar;C:\Users\user\.m2\repository\jakarta\validation\jakarta.validation-api\3.0.2\jakarta.validation-api-3.0.2.jar;C:\Users\user\.m2\repository\org\springframework\cloud\spring-cloud-starter-netflix-eureka-client\4.3.0\spring-cloud-starter-netflix-eureka-client-4.3.0.jar;C:\Users\user\.m2\repository\org\springframework\cloud\spring-cloud-starter\4.3.0\spring-cloud-starter-4.3.0.jar;C:\Users\user\.m2\repository\org\springframework\cloud\spring-cloud-context\4.3.0\spring-cloud-context-4.3.0.jar;C:\Users\user\.m2\repository\org\springframework\security\spring-security-crypto\6.5.1\spring-security-crypto-6.5.1.jar;C:\Users\user\.m2\repository\org\springframework\cloud\spring-cloud-commons\4.3.0\spring-cloud-commons-4.3.0.jar;C:\Users\user\.m2\repository\org\bouncycastle\bcprov-jdk18on\1.80\bcprov-jdk18on-1.80.jar;C:\Users\user\.m2\repository\org\springframework\cloud\spring-cloud-netflix-eureka-client\4.3.0\spring-cloud-netflix-eureka-client-4.3.0.jar;C:\Users\user\.m2\repository\org\apache\httpcomponents\client5\httpclient5\5.5\httpclient5-5.5.jar;C:\Users\user\.m2\repository\org\apache\httpcomponents\core5\httpcore5\5.3.4\httpcore5-5.3.4.jar;C:\Users\user\.m2\repository\org\apache\httpcomponents\core5\httpcore5-h2\5.3.4\httpcore5-h2-5.3.4.jar;C:\Users\user\.m2\repository\com\netflix\eureka\eureka-client\2.0.4\eureka-client-2.0.4.jar;C:\Users\user\.m2\repository\com\thoughtworks\xstream\xstream\1.4.20\xstream-1.4.20.jar;C:\Users\user\.m2\repository\io\github\x-stream\mxparser\1.2.2\mxparser-1.2.2.jar;C:\Users\user\.m2\repository\xmlpull\xmlpull\1.1.3.1\xmlpull-1.1.3.1.jar;C:\Users\user\.m2\repository\jakarta\ws\rs\jakarta.ws.rs-api\3.1.0\jakarta.ws.rs-api-3.1.0.jar;C:\Users\user\.m2\repository\com\netflix\spectator\spectator-api\1.7.3\spectator-api-1.7.3.jar;C:\Users\user\.m2\repository\org\apache\httpcomponents\httpclient\4.5.3\httpclient-4.5.3.jar;C:\Users\user\.m2\repository\org\apache\httpcomponents\httpcore\4.4.16\httpcore-4.4.16.jar;C:\Users\user\.m2\repository\commons-codec\commons-codec\1.18.0\commons-codec-1.18.0.jar;C:\Users\user\.m2\repository\commons-configuration\commons-configuration\1.10\commons-configuration-1.10.jar;C:\Users\user\.m2\repository\commons-lang\commons-lang\2.6\commons-lang-2.6.jar;C:\Users\user\.m2\repository\com\fasterxml\jackson\core\jackson-annotations\2.19.1\jackson-annotations-2.19.1.jar;C:\Users\user\.m2\repository\com\fasterxml\jackson\core\jackson-core\2.19.1\jackson-core-2.19.1.jar;C:\Users\user\.m2\repository\com\netflix\netflix-commons\netflix-eventbus\0.3.0\netflix-eventbus-0.3.0.jar;C:\Users\user\.m2\repository\com\netflix\netflix-commons\netflix-infix\0.3.0\netflix-infix-0.3.0.jar;C:\Users\user\.m2\repository\commons-jxpath\commons-jxpath\1.3\commons-jxpath-1.3.jar;C:\Users\user\.m2\repository\joda-time\joda-time\2.3\joda-time-2.3.jar;C:\Users\user\.m2\repository\org\antlr\antlr-runtime\3.4\antlr-runtime-3.4.jar;C:\Users\user\.m2\repository\org\antlr\stringtemplate\3.2.1\stringtemplate-3.2.1.jar;C:\Users\user\.m2\repository\antlr\antlr\2.7.7\antlr-2.7.7.jar;C:\Users\user\.m2\repository\com\google\guava\guava\14.0.1\guava-14.0.1.jar;C:\Users\user\.m2\repository\com\google\code\gson\gson\2.13.1\gson-2.13.1.jar;C:\Users\user\.m2\repository\com\google\errorprone\error_prone_annotations\2.38.0\error_prone_annotations-2.38.0.jar;C:\Users\user\.m2\repository\com\netflix\servo\servo-core\0.5.3\servo-core-0.5.3.jar;C:\Users\user\.m2\repository\org\apache\commons\commons-math\2.2\commons-math-2.2.jar;C:\Users\user\.m2\repository\javax\annotation\javax.annotation-api\1.2\javax.annotation-api-1.2.jar;C:\Users\user\.m2\repository\org\codehaus\jettison\jettison\1.5.4\jettison-1.5.4.jar;C:\Users\user\.m2\repository\org\springframework\cloud\spring-cloud-starter-loadbalancer\4.3.0\spring-cloud-starter-loadbalancer-4.3.0.jar;C:\Users\user\.m2\repository\org\springframework\cloud\spring-cloud-loadbalancer\4.3.0\spring-cloud-loadbalancer-4.3.0.jar;C:\Users\user\.m2\repository\io\projectreactor\addons\reactor-extra\3.5.2\reactor-extra-3.5.2.jar;C:\Users\user\.m2\repository\org\springframework\boot\spring-boot-starter-cache\3.5.3\spring-boot-starter-cache-3.5.3.jar;C:\Users\user\.m2\repository\com\stoyanr\evictor\1.0.0\evictor-1.0.0.jar;C:\Users\user\.m2\repository\org\projectlombok\lombok\1.18.38\lombok-1.18.38.jar;C:\Users\user\.m2\repository\jakarta\xml\bind\jakarta.xml.bind-api\4.0.2\jakarta.xml.bind-api-4.0.2.jar;C:\Users\user\.m2\repository\jakarta\activation\jakarta.activation-api\2.1.3\jakarta.activation-api-2.1.3.jar;C:\Users\user\.m2\repository\org\springframework\spring-core\6.2.8\spring-core-6.2.8.jar;C:\Users\user\.m2\repository\org\springframework\spring-jcl\6.2.8\spring-jcl-6.2.8.jar;C:\Users\user\.m2\repository\org\springframework\boot\spring-boot-starter-data-redis\3.5.3\spring-boot-starter-data-redis-3.5.3.jar;C:\Users\user\.m2\repository\io\lettuce\lettuce-core\6.6.0.RELEASE\lettuce-core-6.6.0.RELEASE.jar;C:\Users\user\.m2\repository\redis\clients\authentication\redis-authx-core\0.1.1-beta2\redis-authx-core-0.1.1-beta2.jar;C:\Users\user\.m2\repository\io\netty\netty-common\4.1.122.Final\netty-common-4.1.122.Final.jar;C:\Users\user\.m2\repository\io\netty\netty-handler\4.1.122.Final\netty-handler-4.1.122.Final.jar;C:\Users\user\.m2\repository\io\netty\netty-resolver\4.1.122.Final\netty-resolver-4.1.122.Final.jar;C:\Users\user\.m2\repository\io\netty\netty-buffer\4.1.122.Final\netty-buffer-4.1.122.Final.jar;C:\Users\user\.m2\repository\io\netty\netty-transport-native-unix-common\4.1.122.Final\netty-transport-native-unix-common-4.1.122.Final.jar;C:\Users\user\.m2\repository\io\netty\netty-codec\4.1.122.Final\netty-codec-4.1.122.Final.jar;C:\Users\user\.m2\repository\io\netty\netty-transport\4.1.122.Final\netty-transport-4.1.122.Final.jar;C:\Users\user\.m2\repository\io\projectreactor\reactor-core\3.7.7\reactor-core-3.7.7.jar;C:\Users\user\.m2\repository\org\reactivestreams\reactive-streams\1.0.4\reactive-streams-1.0.4.jar;C:\Users\user\.m2\repository\org\springframework\data\spring-data-redis\3.5.1\spring-data-redis-3.5.1.jar;C:\Users\user\.m2\repository\org\springframework\data\spring-data-keyvalue\3.5.1\spring-data-keyvalue-3.5.1.jar;C:\Users\user\.m2\repository\org\springframework\spring-oxm\6.2.8\spring-oxm-6.2.8.jar;C:\Users\user\.m2\repository\org\springframework\spring-context-support\6.2.8\spring-context-support-6.2.8.jar;C:\Users\user\.m2\repository\org\springframework\boot\spring-boot-starter-security\3.5.3\spring-boot-starter-security-3.5.3.jar;C:\Users\user\.m2\repository\org\springframework\spring-aop\6.2.8\spring-aop-6.2.8.jar;C:\Users\user\.m2\repository\org\springframework\security\spring-security-config\6.5.1\spring-security-config-6.5.1.jar;C:\Users\user\.m2\repository\org\springframework\security\spring-security-core\6.5.1\spring-security-core-6.5.1.jar;C:\Users\user\.m2\repository\org\springframework\security\spring-security-web\6.5.1\spring-security-web-6.5.1.jar;C:\Users\user\.m2\repository\io\jsonwebtoken\jjwt-api\0.12.5\jjwt-api-0.12.5.jar;C:\Users\user\.m2\repository\io\jsonwebtoken\jjwt-impl\0.12.5\jjwt-impl-0.12.5.jar;C:\Users\user\.m2\repository\io\jsonwebtoken\jjwt-jackson\0.12.5\jjwt-jackson-0.12.5.jar;C:\Users\user\.m2\repository\com\fasterxml\jackson\core\jackson-databind\2.19.1\jackson-databind-2.19.1.jar
Launcher Type: SUN_STANDARD

[Global flags]
     intx CICompilerCount                          = 3                                         {product} {ergonomic}
     uint ConcGCThreads                            = 1                                         {product} {ergonomic}
     uint G1ConcRefinementThreads                  = 4                                         {product} {ergonomic}
   size_t G1HeapRegionSize                         = 1048576                                   {product} {ergonomic}
    uintx GCDrainStackTargetSize                   = 64                                        {product} {ergonomic}
   size_t InitialHeapSize                          = 62914560                                  {product} {ergonomic}
   size_t MarkStackSize                            = 4194304                                   {product} {ergonomic}
   size_t MaxHeapSize                              = 1002438656                                {product} {ergonomic}
   size_t MaxNewSize                               = 600834048                                 {product} {ergonomic}
   size_t MinHeapDeltaBytes                        = 1048576                                   {product} {ergonomic}
   size_t MinHeapSize                              = 8388608                                   {product} {ergonomic}
    uintx NonNMethodCodeHeapSize                   = 5832780                                {pd product} {ergonomic}
    uintx NonProfiledCodeHeapSize                  = 122912730                              {pd product} {ergonomic}
    uintx ProfiledCodeHeapSize                     = 122912730                              {pd product} {ergonomic}
    uintx ReservedCodeCacheSize                    = 251658240                              {pd product} {ergonomic}
     bool SegmentedCodeCache                       = true                                      {product} {ergonomic}
   size_t SoftMaxHeapSize                          = 1002438656                             {manageable} {ergonomic}
     bool UseCompressedClassPointers               = true                           {product lp64_product} {ergonomic}
     bool UseCompressedOops                        = true                           {product lp64_product} {ergonomic}
     bool UseG1GC                                  = true                                      {product} {ergonomic}
     bool UseLargePagesIndividualAllocation        = false                                  {pd product} {ergonomic}

Logging:
Log output configuration:
 #0: stdout all=warning uptime,level,tags foldmultilines=false
 #1: stderr all=off uptime,level,tags foldmultilines=false

Environment Variables:
JAVA_HOME=C:\Program Files\Java\jdk-19
PATH=C:\Program Files\Java\jdk-19\bin;C:\Program Files\Common Files\Oracle\Java\javapath;C:\WINDOWS\system32;C:\WINDOWS;C:\WINDOWS\System32\Wbem;C:\WINDOWS\System32\WindowsPowerShell\v1.0\;C:\WINDOWS\System32\OpenSSH\;C:\Program Files\dotnet\;C:\MinGW\bin;C:\Program Files\apache-maven-3.9.2\bin;C:\Program Files\Git\cmd;C:\ProgramData\chocolatey\bin;C:\Users\user\AppData\Local\nvm;C:\nvm4w\nodejs;C:\Program Files\nodejs\;C:\Program Files\Java\jdk-19\bin;C:\Program Files\Erlang OTP\bin;C:\Program Files\MySQL\MySQL Shell 8.0\bin\;C:\Users\user\AppData\Local\Microsoft\WindowsApps;C:\Program Files\Git\cmd;C:\Users\user\AppData\Local\Programs\Microsoft VS Code\bin;E:\MinGW\bin;C:\Program Files\MySQL\MySQL Server 8.0\bin;C:\Users\user\eclipse-workspace\PabitraJava\bin;C:\Program Files\Java\jdk-19\bin;C:\Users\user\eclipse-workspace\javaHibernate;C:\Program Files\apache-maven-3.9.2\bin;C:\Users\user\AppData\Local\nvm;C:\nvm4w\nodejs;C:\Program Files\PostgreSQL\17\bin;C:\Users\user\AppData\Roaming\npm;C:\Program Files\JetBrains\IntelliJ IDEA 2025.2.5\bin;C:\Program Files\JetBrains\PyCharm 2026.1.1\bin;C:\Program Files\Java\jdk-19\bin;C:\Program Files\Redis
USERNAME=user
OS=Windows_NT
PROCESSOR_IDENTIFIER=Intel64 Family 6 Model 140 Stepping 1, GenuineIntel
TMP=C:\Users\user\AppData\Local\Temp
TEMP=C:\Users\user\AppData\Local\Temp



---------------  S Y S T E M  ---------------

OS:
 Windows 11 , 64 bit Build 26100 (10.0.26100.7623)
OS uptime: 5 days 16:40 hours
Hyper-V role detected

CPU: total 4 (initial active 4) (2 cores per cpu, 2 threads per core) family 6 model 140 stepping 1 microcode 0xbe, cx8, cmov, fxsr, ht, mmx, 3dnowpref, sse, sse2, sse3, ssse3, sse4.1, sse4.2, popcnt, lzcnt, tsc, tscinvbit, avx, avx2, aes, erms, clmul, bmi1, bmi2, adx, avx512f, avx512dq, avx512cd, avx512bw, avx512vl, sha, fma, vzeroupper, avx512_vpopcntdq, avx512_vpclmulqdq, avx512_vaes, avx512_vnni, clflush, clflushopt, clwb, avx512_vbmi2, avx512_vbmi, hv, rdtscp, rdpid, fsrm, gfni, avx512_bitalg

Memory: 4k page, system-wide physical 3818M (74M free)
TotalPageFile size 15594M (AvailPageFile size 4M)
current process WorkingSet (physical memory assigned to process): 100M, peak: 100M
current process commit charge ("private bytes"): 159M, peak: 160M

vm_info: Java HotSpot(TM) 64-Bit Server VM (19.0.1+10-21) for windows-amd64 JRE (19.0.1+10-21), built on 2022-09-14T12:45:06Z by "mach5one" with MS VC++ 17.1 (VS2022)

END.
