#
# There is insufficient memory for the Java Runtime Environment to continue.
# Native memory allocation (malloc) failed to allocate 954256 bytes for Chunk::new
# Possible reasons:
#   The system is out of physical RAM or swap space
#   The process is running with CompressedOops enabled, and the Java Heap may be blocking the growth of the native heap
# Possible solutions:
#   Reduce memory load on the system
#   Increase physical memory or swap space
#   Check if swap backing store is full
#   Decrease Java heap size (-Xmx/-Xms)
#   Decrease number of Java threads
#   Decrease Java thread stack sizes (-Xss)
#   Set larger code cache with -XX:ReservedCodeCacheSize=
#   JVM is running with Unscaled Compressed Oops mode in which the Java heap is
#     placed in the first 4GB address space. The Java Heap base address is the
#     maximum limit for the native heap growth. Please use -XX:HeapBaseMinAddress
#     to set the Java Heap base and to place the Java Heap above 4GB virtual address.
# This output file may be truncated or incomplete.
#
#  Out of Memory Error (arena.cpp:184), pid=8128, tid=15320
#
# JRE version: Java(TM) SE Runtime Environment (19.0.1+10) (build 19.0.1+10-21)
# Java VM: Java HotSpot(TM) 64-Bit Server VM (19.0.1+10-21, mixed mode, sharing, tiered, compressed oops, compressed class ptrs, g1 gc, windows-amd64)
# No core dump will be written. Minidumps are not enabled by default on client versions of Windows
#

---------------  S U M M A R Y ------------

Command Line: -javaagent:C:\Program Files\JetBrains\IntelliJ IDEA 2025.2.5\lib\idea_rt.jar=33800 -Dfile.encoding=UTF-8 -Dsun.stdout.encoding=UTF-8 -Dsun.stderr.encoding=UTF-8 com.fundoo.userservice.UserServiceApplication

Host: 11th Gen Intel(R) Core(TM) i3-1115G4 @ 3.00GHz, 4 cores, 3G,  Windows 11 , 64 bit Build 26100 (10.0.26100.9168)
Time: Fri Aug 21 09:42:21 2026 India Standard Time elapsed time: 1465.288294 seconds (0d 0h 24m 25s)

---------------  T H R E A D  ---------------

Current thread (0x00000299f9245130):  JavaThread "C2 CompilerThread0" daemon [_thread_in_native, id=15320, stack(0x000000e8cc400000,0x000000e8cc500000)]


Current CompileTask:
C2:1465288 8149       4       java.util.concurrent.ScheduledThreadPoolExecutor$DelayedWorkQueue::take (5 bytes)

Stack: [0x000000e8cc400000,0x000000e8cc500000]
Native frames: (J=compiled Java code, j=interpreted, Vv=VM code, C=native code)
V  [jvm.dll+0x6ee8fa]
V  [jvm.dll+0x857a1e]
V  [jvm.dll+0x85940e]
V  [jvm.dll+0x859ac3]
V  [jvm.dll+0x28291f]
V  [jvm.dll+0xc9b5f]
V  [jvm.dll+0xc9ee5]
V  [jvm.dll+0x3bcb72]
V  [jvm.dll+0x386201]
V  [jvm.dll+0x38567a]
V  [jvm.dll+0x24c2c9]
V  [jvm.dll+0x24b671]
V  [jvm.dll+0x1d6d61]
V  [jvm.dll+0x25b0fa]
V  [jvm.dll+0x259588]
V  [jvm.dll+0x807928]
V  [jvm.dll+0x8015fa]
V  [jvm.dll+0x6ed5eb]
C  [ucrtbase.dll+0x2cd30]
C  [KERNEL32.DLL+0x2ccb7]
C  [ntdll.dll+0xaad6c]


---------------  P R O C E S S  ---------------

Threads class SMR info:
_java_thread_list=0x0000029981877440, length=39, elements={
0x00000299f9236140, 0x00000299f9236d60, 0x00000299f923ec20, 0x00000299f923f640,
0x00000299f9240060, 0x00000299f9240a80, 0x00000299f9245130, 0x00000299f92493b0,
0x00000299f9266130, 0x00000299fd571f90, 0x00000299fd5724e0, 0x00000299fd574f60,
0x00000299fd5734d0, 0x00000299fd574a10, 0x00000299fdc0d610, 0x00000299fdc0c0d0,
0x00000299fdc0e600, 0x00000299fdc0c620, 0x00000299fdc0eb50, 0x00000299fdc0fb40,
0x00000299fdc0f0a0, 0x00000299fdc0cb70, 0x00000299fdc10090, 0x00000299fdc11080,
0x00000299fdc115d0, 0x00000299fdc135b0, 0x00000299fdc12b10, 0x00000299fdc11b20,
0x00000299fdc13b00, 0x00000299fdc10b30, 0x00000299fdc12070, 0x00000299fdc125c0,
0x00000299fdc13060, 0x00000299fd5754b0, 0x0000029981def040, 0x0000029981df0030,
0x0000029981df0580, 0x0000029981def590, 0x0000029981ded060
}

Java Threads: ( => current thread )
  0x00000299f9236140 JavaThread "Reference Handler" daemon [_thread_blocked, id=832, stack(0x000000e8cbe00000,0x000000e8cbf00000)]
  0x00000299f9236d60 JavaThread "Finalizer" daemon [_thread_blocked, id=14300, stack(0x000000e8cbf00000,0x000000e8cc000000)]
  0x00000299f923ec20 JavaThread "Signal Dispatcher" daemon [_thread_blocked, id=8364, stack(0x000000e8cc000000,0x000000e8cc100000)]
  0x00000299f923f640 JavaThread "Attach Listener" daemon [_thread_blocked, id=9000, stack(0x000000e8cc100000,0x000000e8cc200000)]
  0x00000299f9240060 JavaThread "Service Thread" daemon [_thread_blocked, id=10772, stack(0x000000e8cc200000,0x000000e8cc300000)]
  0x00000299f9240a80 JavaThread "Monitor Deflation Thread" daemon [_thread_blocked, id=6500, stack(0x000000e8cc300000,0x000000e8cc400000)]
=>0x00000299f9245130 JavaThread "C2 CompilerThread0" daemon [_thread_in_native, id=15320, stack(0x000000e8cc400000,0x000000e8cc500000)]
  0x00000299f92493b0 JavaThread "C1 CompilerThread0" daemon [_thread_blocked, id=16908, stack(0x000000e8cc500000,0x000000e8cc600000)]
  0x00000299f9266130 JavaThread "Sweeper thread" daemon [_thread_blocked, id=12772, stack(0x000000e8cc600000,0x000000e8cc700000)]
  0x00000299fd571f90 JavaThread "Common-Cleaner" daemon [_thread_blocked, id=8456, stack(0x000000e8cc700000,0x000000e8cc800000)]
  0x00000299fd5724e0 JavaThread "Monitor Ctrl-Break" daemon [_thread_in_native, id=3604, stack(0x000000e8cc800000,0x000000e8cc900000)]
  0x00000299fd574f60 JavaThread "Notification Thread" daemon [_thread_blocked, id=4432, stack(0x000000e8cc900000,0x000000e8cca00000)]
  0x00000299fd5734d0 JavaThread "mysql-cj-abandoned-connection-cleanup" daemon [_thread_blocked, id=4656, stack(0x000000e8cce00000,0x000000e8ccf00000)]
  0x00000299fd574a10 JavaThread "HikariPool-1:housekeeper" daemon [_thread_blocked, id=8720, stack(0x000000e8cd000000,0x000000e8cd100000)]
  0x00000299fdc0d610 JavaThread "Catalina-utility-1" [_thread_blocked, id=9964, stack(0x000000e8cd200000,0x000000e8cd300000)]
  0x00000299fdc0c0d0 JavaThread "Catalina-utility-2" [_thread_blocked, id=13292, stack(0x000000e8cd300000,0x000000e8cd400000)]
  0x00000299fdc0e600 JavaThread "container-0" [_thread_blocked, id=16572, stack(0x000000e8cd400000,0x000000e8cd500000)]
  0x00000299fdc0c620 JavaThread "lettuce-timer-3-1" daemon [_thread_blocked, id=2192, stack(0x000000e8cd500000,0x000000e8cd600000)]
  0x00000299fdc0eb50 JavaThread "spectator-gauge-polling-0" daemon [_thread_blocked, id=7064, stack(0x000000e8cd700000,0x000000e8cd800000)]
  0x00000299fdc0fb40 JavaThread "AsyncResolver-bootstrap-%d" daemon [_thread_blocked, id=11176, stack(0x000000e8cd800000,0x000000e8cd900000)]
  0x00000299fdc0f0a0 JavaThread "DiscoveryClient-%d" daemon [_thread_blocked, id=17228, stack(0x000000e8cd100000,0x000000e8cd200000)]
  0x00000299fdc0cb70 JavaThread "DiscoveryClient-%d" daemon [_thread_blocked, id=8032, stack(0x000000e8cd900000,0x000000e8cda00000)]
  0x00000299fdc10090 JavaThread "DiscoveryClient-InstanceInfoReplicator-%d" daemon [_thread_blocked, id=14264, stack(0x000000e8cda00000,0x000000e8cdb00000)]
  0x00000299fdc11080 JavaThread "http-nio-8081-exec-1" daemon [_thread_blocked, id=11644, stack(0x000000e8cdb00000,0x000000e8cdc00000)]
  0x00000299fdc115d0 JavaThread "http-nio-8081-exec-2" daemon [_thread_blocked, id=10764, stack(0x000000e8cdc00000,0x000000e8cdd00000)]
  0x00000299fdc135b0 JavaThread "http-nio-8081-exec-3" daemon [_thread_blocked, id=11712, stack(0x000000e8cdd00000,0x000000e8cde00000)]
  0x00000299fdc12b10 JavaThread "http-nio-8081-exec-4" daemon [_thread_blocked, id=14080, stack(0x000000e8cde00000,0x000000e8cdf00000)]
  0x00000299fdc11b20 JavaThread "http-nio-8081-exec-5" daemon [_thread_blocked, id=2224, stack(0x000000e8cdf00000,0x000000e8ce000000)]
  0x00000299fdc13b00 JavaThread "http-nio-8081-exec-6" daemon [_thread_blocked, id=16020, stack(0x000000e8ce000000,0x000000e8ce100000)]
  0x00000299fdc10b30 JavaThread "http-nio-8081-exec-7" daemon [_thread_blocked, id=10988, stack(0x000000e8ce100000,0x000000e8ce200000)]
  0x00000299fdc12070 JavaThread "http-nio-8081-exec-8" daemon [_thread_blocked, id=6100, stack(0x000000e8ce200000,0x000000e8ce300000)]
  0x00000299fdc125c0 JavaThread "http-nio-8081-exec-9" daemon [_thread_blocked, id=7076, stack(0x000000e8ce300000,0x000000e8ce400000)]
  0x00000299fdc13060 JavaThread "http-nio-8081-exec-10" daemon [_thread_blocked, id=1852, stack(0x000000e8ce400000,0x000000e8ce500000)]
  0x00000299fd5754b0 JavaThread "http-nio-8081-Poller" daemon [_thread_in_native, id=9624, stack(0x000000e8ce500000,0x000000e8ce600000)]
  0x0000029981def040 JavaThread "http-nio-8081-Acceptor" daemon [_thread_in_native, id=15356, stack(0x000000e8ce600000,0x000000e8ce700000)]
  0x0000029981df0030 JavaThread "DestroyJavaVM" [_thread_blocked, id=5988, stack(0x000000e8cb700000,0x000000e8cb800000)]
  0x0000029981df0580 JavaThread "DiscoveryClient-HeartbeatExecutor-%d" daemon [_thread_blocked, id=11796, stack(0x000000e8ce900000,0x000000e8cea00000)]
  0x0000029981def590 JavaThread "DiscoveryClient-CacheRefreshExecutor-%d" daemon [_thread_blocked, id=1560, stack(0x000000e8cea00000,0x000000e8ceb00000)]
  0x0000029981ded060 JavaThread "AsyncResolver-bootstrap-executor-%d" daemon [_thread_blocked, id=14708, stack(0x000000e8cd600000,0x000000e8cd700000)]

Other Threads:
  0x00000299f921a300 VMThread "VM Thread" [stack: 0x000000e8cbd00000,0x000000e8cbe00000] [id=8840]
  0x00000299fd7f6cb0 WatcherThread "VM Periodic Task Thread" [stack: 0x000000e8cca00000,0x000000e8ccb00000] [id=12752]
  0x00000299ddb14900 WorkerThread "GC Thread#0" [stack: 0x000000e8cb800000,0x000000e8cb900000] [id=12044]
  0x00000299fdb94880 WorkerThread "GC Thread#1" [stack: 0x000000e8ccb00000,0x000000e8ccc00000] [id=7708]
  0x00000299fdb7a460 WorkerThread "GC Thread#2" [stack: 0x000000e8ccc00000,0x000000e8ccd00000] [id=13184]
  0x00000299fdb7a730 WorkerThread "GC Thread#3" [stack: 0x000000e8ccd00000,0x000000e8cce00000] [id=6056]
  0x00000299ddb1eff0 ConcurrentGCThread "G1 Main Marker" [stack: 0x000000e8cb900000,0x000000e8cba00000] [id=15980]
  0x00000299ddb20890 WorkerThread "G1 Conc#0" [stack: 0x000000e8cba00000,0x000000e8cbb00000] [id=13692]
  0x00000299ddb77d40 ConcurrentGCThread "G1 Refine#0" [stack: 0x000000e8cbb00000,0x000000e8cbc00000] [id=17236]
  0x00000299ddb79730 ConcurrentGCThread "G1 Service" [stack: 0x000000e8cbc00000,0x000000e8cbd00000] [id=11868]

Threads with active compile tasks:
C2 CompilerThread0  1465359 8149       4       java.util.concurrent.ScheduledThreadPoolExecutor$DelayedWorkQueue::take (5 bytes)

VM state: not at safepoint (normal execution)

VM Mutex/Monitor currently owned by a thread: None

Heap address: 0x00000000c4400000, size: 956 MB, Compressed Oops mode: 32-bit

CDS archive(s) mapped at: [0x0000000800000000-0x0000000800c40000-0x0000000800c40000), size 12845056, SharedBaseAddress: 0x0000000800000000, ArchiveRelocationMode: 0.
Compressed class space mapped at: 0x0000000801000000-0x0000000841000000, reserved size: 1073741824
Narrow klass base: 0x0000000800000000, Narrow klass shift: 0, Narrow klass range: 0x100000000

GC Precious Log:
 CardTable entry size: 512
 Card Set container configuration: InlinePtr #cards 5 size 8 Array Of Cards #cards 12 size 40 Howl #buckets 4 coarsen threshold 1843 Howl Bitmap #cards 512 size 80 coarsen threshold 460 Card regions per heap region 1 cards per card region 2048
 CPUs: 4 total, 4 available
 Memory: 3818M
 Large Page Support: Disabled
 NUMA Support: Disabled
 Compressed Oops: Enabled (32-bit)
 Heap Region Size: 1M
 Heap Min Capacity: 8M
 Heap Initial Capacity: 60M
 Heap Max Capacity: 956M
 Pre-touch: Disabled
 Parallel Workers: 4
 Concurrent Workers: 1
 Concurrent Refinement Workers: 4
 Periodic GC: Disabled

Heap:
 garbage-first heap   total 89088K, used 51269K [0x00000000c4400000, 0x0000000100000000)
  region size 1024K, 9 young (9216K), 4 survivors (4096K)
 Metaspace       used 87187K, committed 87936K, reserved 1179648K
  class space    used 11514K, committed 11904K, reserved 1048576K

Heap Regions: E=young(eden), S=young(survivor), O=old, HS=humongous(starts), HC=humongous(continues), CS=collection set, F=free, OA=open archive, CA=closed archive, TAMS=top-at-mark-start (previous, next)
|   0|0x00000000c4400000, 0x00000000c4500000, 0x00000000c4500000|100%|HS|  |TAMS 0x00000000c4500000, 0x00000000c4400000| Complete 
|   1|0x00000000c4500000, 0x00000000c4600000, 0x00000000c4600000|100%|HS|  |TAMS 0x00000000c4600000, 0x00000000c4500000| Complete 
|   2|0x00000000c4600000, 0x00000000c4700000, 0x00000000c4700000|100%|HS|  |TAMS 0x00000000c4700000, 0x00000000c4600000| Complete 
|   3|0x00000000c4700000, 0x00000000c4800000, 0x00000000c4800000|100%| O|  |TAMS 0x00000000c4800000, 0x00000000c4700000| Untracked 
|   4|0x00000000c4800000, 0x00000000c4900000, 0x00000000c4900000|100%| O|  |TAMS 0x00000000c4900000, 0x00000000c4800000| Untracked 
|   5|0x00000000c4900000, 0x00000000c4a00000, 0x00000000c4a00000|100%| O|  |TAMS 0x00000000c4a00000, 0x00000000c4900000| Untracked 
|   6|0x00000000c4a00000, 0x00000000c4b00000, 0x00000000c4b00000|100%| O|  |TAMS 0x00000000c4b00000, 0x00000000c4a00000| Untracked 
|   7|0x00000000c4b00000, 0x00000000c4c00000, 0x00000000c4c00000|100%| O|  |TAMS 0x00000000c4c00000, 0x00000000c4b00000| Untracked 
|   8|0x00000000c4c00000, 0x00000000c4d00000, 0x00000000c4d00000|100%| O|  |TAMS 0x00000000c4d00000, 0x00000000c4c00000| Untracked 
|   9|0x00000000c4d00000, 0x00000000c4e00000, 0x00000000c4e00000|100%| O|  |TAMS 0x00000000c4e00000, 0x00000000c4d00000| Untracked 
|  10|0x00000000c4e00000, 0x00000000c4f00000, 0x00000000c4f00000|100%| O|  |TAMS 0x00000000c4f00000, 0x00000000c4e00000| Untracked 
|  11|0x00000000c4f00000, 0x00000000c5000000, 0x00000000c5000000|100%| O|  |TAMS 0x00000000c5000000, 0x00000000c4f00000| Untracked 
|  12|0x00000000c5000000, 0x00000000c5100000, 0x00000000c5100000|100%| O|  |TAMS 0x00000000c5100000, 0x00000000c5000000| Untracked 
|  13|0x00000000c5100000, 0x00000000c5200000, 0x00000000c5200000|100%| O|  |TAMS 0x00000000c5200000, 0x00000000c5100000| Untracked 
|  14|0x00000000c5200000, 0x00000000c5300000, 0x00000000c5300000|100%| O|  |TAMS 0x00000000c5300000, 0x00000000c5200000| Untracked 
|  15|0x00000000c5300000, 0x00000000c5400000, 0x00000000c5400000|100%| O|  |TAMS 0x00000000c5400000, 0x00000000c5300000| Untracked 
|  16|0x00000000c5400000, 0x00000000c5500000, 0x00000000c5500000|100%| O|  |TAMS 0x00000000c5500000, 0x00000000c5400000| Untracked 
|  17|0x00000000c5500000, 0x00000000c5600000, 0x00000000c5600000|100%| O|  |TAMS 0x00000000c5600000, 0x00000000c5500000| Untracked 
|  18|0x00000000c5600000, 0x00000000c5700000, 0x00000000c5700000|100%| O|  |TAMS 0x00000000c5700000, 0x00000000c5600000| Untracked 
|  19|0x00000000c5700000, 0x00000000c5800000, 0x00000000c5800000|100%| O|  |TAMS 0x00000000c5800000, 0x00000000c5700000| Untracked 
|  20|0x00000000c5800000, 0x00000000c5900000, 0x00000000c5900000|100%| O|  |TAMS 0x00000000c5800000, 0x00000000c5800000| Untracked 
|  21|0x00000000c5900000, 0x00000000c5a00000, 0x00000000c5a00000|100%| O|  |TAMS 0x00000000c5a00000, 0x00000000c5900000| Untracked 
|  22|0x00000000c5a00000, 0x00000000c5b00000, 0x00000000c5b00000|100%| O|  |TAMS 0x00000000c5b00000, 0x00000000c5a00000| Untracked 
|  23|0x00000000c5b00000, 0x00000000c5c00000, 0x00000000c5c00000|100%| O|  |TAMS 0x00000000c5c00000, 0x00000000c5b00000| Untracked 
|  24|0x00000000c5c00000, 0x00000000c5d00000, 0x00000000c5d00000|100%| O|  |TAMS 0x00000000c5d00000, 0x00000000c5c00000| Untracked 
|  25|0x00000000c5d00000, 0x00000000c5e00000, 0x00000000c5e00000|100%| O|  |TAMS 0x00000000c5e00000, 0x00000000c5d00000| Untracked 
|  26|0x00000000c5e00000, 0x00000000c5f00000, 0x00000000c5f00000|100%| O|  |TAMS 0x00000000c5e00000, 0x00000000c5e00000| Untracked 
|  27|0x00000000c5f00000, 0x00000000c6000000, 0x00000000c6000000|100%| O|  |TAMS 0x00000000c6000000, 0x00000000c5f00000| Untracked 
|  28|0x00000000c6000000, 0x00000000c6100000, 0x00000000c6100000|100%| O|  |TAMS 0x00000000c6100000, 0x00000000c6000000| Untracked 
|  29|0x00000000c6100000, 0x00000000c6200000, 0x00000000c6200000|100%| O|  |TAMS 0x00000000c6200000, 0x00000000c6100000| Untracked 
|  30|0x00000000c6200000, 0x00000000c6300000, 0x00000000c6300000|100%| O|  |TAMS 0x00000000c6300000, 0x00000000c6200000| Untracked 
|  31|0x00000000c6300000, 0x00000000c6400000, 0x00000000c6400000|100%| O|  |TAMS 0x00000000c6400000, 0x00000000c6300000| Untracked 
|  32|0x00000000c6400000, 0x00000000c6500000, 0x00000000c6500000|100%| O|  |TAMS 0x00000000c6500000, 0x00000000c6400000| Untracked 
|  33|0x00000000c6500000, 0x00000000c6600000, 0x00000000c6600000|100%| O|  |TAMS 0x00000000c6600000, 0x00000000c6500000| Untracked 
|  34|0x00000000c6600000, 0x00000000c6700000, 0x00000000c6700000|100%| O|  |TAMS 0x00000000c6700000, 0x00000000c6600000| Untracked 
|  35|0x00000000c6700000, 0x00000000c6800000, 0x00000000c6800000|100%| O|  |TAMS 0x00000000c6756a00, 0x00000000c6700000| Untracked 
|  36|0x00000000c6800000, 0x00000000c6900000, 0x00000000c6900000|100%| O|  |TAMS 0x00000000c6800000, 0x00000000c6800000| Untracked 
|  37|0x00000000c6900000, 0x00000000c6a00000, 0x00000000c6a00000|100%| O|  |TAMS 0x00000000c6900000, 0x00000000c6900000| Untracked 
|  38|0x00000000c6a00000, 0x00000000c6b00000, 0x00000000c6b00000|100%| O|  |TAMS 0x00000000c6a00000, 0x00000000c6a00000| Untracked 
|  39|0x00000000c6b00000, 0x00000000c6c00000, 0x00000000c6c00000|100%| O|  |TAMS 0x00000000c6b00000, 0x00000000c6b00000| Untracked 
|  40|0x00000000c6c00000, 0x00000000c6d00000, 0x00000000c6d00000|100%| O|  |TAMS 0x00000000c6c00000, 0x00000000c6c00000| Untracked 
|  41|0x00000000c6d00000, 0x00000000c6e00000, 0x00000000c6e00000|100%| O|  |TAMS 0x00000000c6d00000, 0x00000000c6d00000| Untracked 
|  42|0x00000000c6e00000, 0x00000000c6eeec00, 0x00000000c6f00000| 93%| O|  |TAMS 0x00000000c6e00000, 0x00000000c6e00000| Untracked 
|  43|0x00000000c6f00000, 0x00000000c6f00000, 0x00000000c7000000|  0%| F|  |TAMS 0x00000000c6f00000, 0x00000000c6f00000| Untracked 
|  44|0x00000000c7000000, 0x00000000c7000000, 0x00000000c7100000|  0%| F|  |TAMS 0x00000000c7000000, 0x00000000c7000000| Untracked 
|  45|0x00000000c7100000, 0x00000000c7100000, 0x00000000c7200000|  0%| F|  |TAMS 0x00000000c7100000, 0x00000000c7100000| Untracked 
|  46|0x00000000c7200000, 0x00000000c7200000, 0x00000000c7300000|  0%| F|  |TAMS 0x00000000c7200000, 0x00000000c7200000| Untracked 
|  47|0x00000000c7300000, 0x00000000c7300000, 0x00000000c7400000|  0%| F|  |TAMS 0x00000000c7300000, 0x00000000c7300000| Untracked 
|  48|0x00000000c7400000, 0x00000000c7400000, 0x00000000c7500000|  0%| F|  |TAMS 0x00000000c7400000, 0x00000000c7400000| Untracked 
|  49|0x00000000c7500000, 0x00000000c7500000, 0x00000000c7600000|  0%| F|  |TAMS 0x00000000c7500000, 0x00000000c7500000| Untracked 
|  50|0x00000000c7600000, 0x00000000c7600000, 0x00000000c7700000|  0%| F|  |TAMS 0x00000000c7600000, 0x00000000c7600000| Untracked 
|  51|0x00000000c7700000, 0x00000000c7700000, 0x00000000c7800000|  0%| F|  |TAMS 0x00000000c7700000, 0x00000000c7700000| Untracked 
|  52|0x00000000c7800000, 0x00000000c7800000, 0x00000000c7900000|  0%| F|  |TAMS 0x00000000c7800000, 0x00000000c7800000| Untracked 
|  53|0x00000000c7900000, 0x00000000c7900000, 0x00000000c7a00000|  0%| F|  |TAMS 0x00000000c7900000, 0x00000000c7900000| Untracked 
|  54|0x00000000c7a00000, 0x00000000c7a00000, 0x00000000c7b00000|  0%| F|  |TAMS 0x00000000c7a00000, 0x00000000c7a00000| Untracked 
|  55|0x00000000c7b00000, 0x00000000c7b00000, 0x00000000c7c00000|  0%| F|  |TAMS 0x00000000c7b00000, 0x00000000c7b00000| Untracked 
|  56|0x00000000c7c00000, 0x00000000c7c00000, 0x00000000c7d00000|  0%| F|  |TAMS 0x00000000c7c00000, 0x00000000c7c00000| Untracked 
|  57|0x00000000c7d00000, 0x00000000c7d22a18, 0x00000000c7e00000| 13%| S|CS|TAMS 0x00000000c7d00000, 0x00000000c7d00000| Complete 
|  58|0x00000000c7e00000, 0x00000000c7f00000, 0x00000000c7f00000|100%| S|CS|TAMS 0x00000000c7e00000, 0x00000000c7e00000| Complete 
|  59|0x00000000c7f00000, 0x00000000c8000000, 0x00000000c8000000|100%| S|CS|TAMS 0x00000000c7f00000, 0x00000000c7f00000| Complete 
|  60|0x00000000c8000000, 0x00000000c8100000, 0x00000000c8100000|100%| S|CS|TAMS 0x00000000c8000000, 0x00000000c8000000| Complete 
|  61|0x00000000c8100000, 0x00000000c8100000, 0x00000000c8200000|  0%| F|  |TAMS 0x00000000c8100000, 0x00000000c8100000| Untracked 
|  62|0x00000000c8200000, 0x00000000c8200000, 0x00000000c8300000|  0%| F|  |TAMS 0x00000000c8200000, 0x00000000c8200000| Untracked 
|  63|0x00000000c8300000, 0x00000000c8300000, 0x00000000c8400000|  0%| F|  |TAMS 0x00000000c8300000, 0x00000000c8300000| Untracked 
|  64|0x00000000c8400000, 0x00000000c8400000, 0x00000000c8500000|  0%| F|  |TAMS 0x00000000c8400000, 0x00000000c8400000| Untracked 
|  65|0x00000000c8500000, 0x00000000c8500000, 0x00000000c8600000|  0%| F|  |TAMS 0x00000000c8500000, 0x00000000c8500000| Untracked 
|  66|0x00000000c8600000, 0x00000000c8600000, 0x00000000c8700000|  0%| F|  |TAMS 0x00000000c8600000, 0x00000000c8600000| Untracked 
|  67|0x00000000c8700000, 0x00000000c8700000, 0x00000000c8800000|  0%| F|  |TAMS 0x00000000c8700000, 0x00000000c8700000| Untracked 
|  68|0x00000000c8800000, 0x00000000c8800000, 0x00000000c8900000|  0%| F|  |TAMS 0x00000000c8800000, 0x00000000c8800000| Untracked 
|  69|0x00000000c8900000, 0x00000000c8900000, 0x00000000c8a00000|  0%| F|  |TAMS 0x00000000c8900000, 0x00000000c8900000| Untracked 
|  70|0x00000000c8a00000, 0x00000000c8a00000, 0x00000000c8b00000|  0%| F|  |TAMS 0x00000000c8a00000, 0x00000000c8a00000| Untracked 
|  71|0x00000000c8b00000, 0x00000000c8b00000, 0x00000000c8c00000|  0%| F|  |TAMS 0x00000000c8b00000, 0x00000000c8b00000| Untracked 
|  72|0x00000000c8c00000, 0x00000000c8c00000, 0x00000000c8d00000|  0%| F|  |TAMS 0x00000000c8c00000, 0x00000000c8c00000| Untracked 
|  73|0x00000000c8d00000, 0x00000000c8d00000, 0x00000000c8e00000|  0%| F|  |TAMS 0x00000000c8d00000, 0x00000000c8d00000| Untracked 
|  74|0x00000000c8e00000, 0x00000000c8e00000, 0x00000000c8f00000|  0%| F|  |TAMS 0x00000000c8e00000, 0x00000000c8e00000| Untracked 
|  75|0x00000000c8f00000, 0x00000000c8f00000, 0x00000000c9000000|  0%| F|  |TAMS 0x00000000c8f00000, 0x00000000c8f00000| Untracked 
|  76|0x00000000c9000000, 0x00000000c9000000, 0x00000000c9100000|  0%| F|  |TAMS 0x00000000c9000000, 0x00000000c9000000| Untracked 
|  77|0x00000000c9100000, 0x00000000c9100000, 0x00000000c9200000|  0%| F|  |TAMS 0x00000000c9100000, 0x00000000c9100000| Untracked 
|  78|0x00000000c9200000, 0x00000000c9200000, 0x00000000c9300000|  0%| F|  |TAMS 0x00000000c9200000, 0x00000000c9200000| Untracked 
|  79|0x00000000c9300000, 0x00000000c9300000, 0x00000000c9400000|  0%| F|  |TAMS 0x00000000c9300000, 0x00000000c9300000| Untracked 
|  80|0x00000000c9400000, 0x00000000c9400000, 0x00000000c9500000|  0%| F|  |TAMS 0x00000000c9400000, 0x00000000c9400000| Untracked 
|  81|0x00000000c9500000, 0x00000000c9500000, 0x00000000c9600000|  0%| F|  |TAMS 0x00000000c9500000, 0x00000000c9500000| Untracked 
|  82|0x00000000c9600000, 0x00000000c9678da0, 0x00000000c9700000| 47%| E|  |TAMS 0x00000000c9600000, 0x00000000c9600000| Complete 
|  83|0x00000000c9700000, 0x00000000c9800000, 0x00000000c9800000|100%| E|CS|TAMS 0x00000000c9700000, 0x00000000c9700000| Complete 
|  84|0x00000000c9800000, 0x00000000c9900000, 0x00000000c9900000|100%| E|CS|TAMS 0x00000000c9800000, 0x00000000c9800000| Complete 
|  85|0x00000000c9900000, 0x00000000c9a00000, 0x00000000c9a00000|100%| E|CS|TAMS 0x00000000c9900000, 0x00000000c9900000| Complete 
|  86|0x00000000c9a00000, 0x00000000c9b00000, 0x00000000c9b00000|100%| E|CS|TAMS 0x00000000c9a00000, 0x00000000c9a00000| Complete 

Card table byte_map: [0x00000299f4c00000,0x00000299f4de0000] _byte_map_base: 0x00000299f45de000

Marking Bits (Prev, Next): (CMBitMap*) 0x00000299ddb14f30, (CMBitMap*) 0x00000299ddb14f70
 Prev Bits: [0x00000299f4fc0000, 0x00000299f5eb0000)
 Next Bits: [0x00000299f5eb0000, 0x00000299f6da0000)

Polling page: 0x00000299db9d0000

Metaspace:

Usage:
  Non-class:     73.90 MB used.
      Class:     11.24 MB used.
       Both:     85.14 MB used.

Virtual space:
  Non-class space:      128.00 MB reserved,      74.25 MB ( 58%) committed,  2 nodes.
      Class space:        1.00 GB reserved,      11.62 MB (  1%) committed,  1 nodes.
             Both:        1.12 GB reserved,      85.88 MB (  7%) committed. 

Chunk freelists:
   Non-Class:  1.25 MB
       Class:  368.00 KB
        Both:  1.61 MB

MaxMetaspaceSize: unlimited
CompressedClassSpaceSize: 1.00 GB
Initial GC threshold: 21.00 MB
Current GC threshold: 119.19 MB
CDS: on
MetaspaceReclaimPolicy: balanced
 - commit_granule_bytes: 65536.
 - commit_granule_words: 8192.
 - virtual_space_node_default_size: 8388608.
 - enlarge_chunks_in_place: 1.
 - new_chunks_are_fully_committed: 0.
 - uncommit_free_chunks: 1.
 - use_allocation_guard: 0.


Internal statistics:

num_allocs_failed_limit: 18.
num_arena_births: 1128.
num_arena_deaths: 0.
num_vsnodes_births: 3.
num_vsnodes_deaths: 0.
num_space_committed: 1374.
num_space_uncommitted: 0.
num_chunks_returned_to_freelist: 18.
num_chunks_taken_from_freelist: 4098.
num_chunk_merges: 18.
num_chunk_splits: 3090.
num_chunks_enlarged: 2545.
num_inconsistent_stats: 0.

CodeHeap 'non-profiled nmethods': size=120000Kb used=4212Kb max_used=4212Kb free=115787Kb
 bounds [0x00000299ed4f0000, 0x00000299ed910000, 0x00000299f4a20000]
CodeHeap 'profiled nmethods': size=120000Kb used=14153Kb max_used=14153Kb free=105846Kb
 bounds [0x00000299e5a20000, 0x00000299e6800000, 0x00000299ecf50000]
CodeHeap 'non-nmethods': size=5760Kb used=1504Kb max_used=1544Kb free=4255Kb
 bounds [0x00000299ecf50000, 0x00000299ed1c0000, 0x00000299ed4f0000]
 total_blobs=7974 nmethods=7221 adapters=663
 compilation: enabled
              stopped_count=0, restarted_count=0
 full_count=0

Compilation events (20 events):
Event: 1449.383 Thread 0x00000299f92493b0 nmethod 8135 0x00000299e67ef010 code [0x00000299e67ef2a0, 0x00000299e67f00b8]
Event: 1449.383 Thread 0x00000299f92493b0 8143       3       com.fasterxml.jackson.databind.deser.CreatorProperty::withValueDeserializer (41 bytes)
Event: 1449.398 Thread 0x00000299f92493b0 nmethod 8143 0x00000299e67f0490 code [0x00000299e67f0640, 0x00000299e67f08c8]
Event: 1449.399 Thread 0x00000299f92493b0 8144       3       com.fasterxml.jackson.databind.JavaType::isInterface (8 bytes)
Event: 1449.399 Thread 0x00000299f92493b0 nmethod 8144 0x00000299e67f0990 code [0x00000299e67f0b40, 0x00000299e67f0c88]
Event: 1449.399 Thread 0x00000299f92493b0 8141       3       com.fasterxml.jackson.databind.JavaType::isEnumType (8 bytes)
Event: 1449.400 Thread 0x00000299f92493b0 nmethod 8141 0x00000299e67f0d90 code [0x00000299e67f0f40, 0x00000299e67f10e8]
Event: 1449.400 Thread 0x00000299f92493b0 8142       3       com.fasterxml.jackson.databind.util.ClassUtil::isEnumType (7 bytes)
Event: 1449.400 Thread 0x00000299f92493b0 nmethod 8142 0x00000299e67f1190 code [0x00000299e67f1340, 0x00000299e67f1468]
Event: 1449.400 Thread 0x00000299f92493b0 8138       1       com.fasterxml.jackson.databind.introspect.PotentialCreator::creatorMode (5 bytes)
Event: 1449.410 Thread 0x00000299f92493b0 nmethod 8138 0x00000299ed90be90 code [0x00000299ed90c020, 0x00000299ed90c0d8]
Event: 1449.531 Thread 0x00000299f92493b0 8145       3       com.fasterxml.jackson.core.sym.ByteQuadsCanonicalizer::calcHash (86 bytes)
Event: 1449.531 Thread 0x00000299f92493b0 nmethod 8145 0x00000299e67f1510 code [0x00000299e67f16a0, 0x00000299e67f17f8]
Event: 1449.539 Thread 0x00000299f92493b0 8147       3       org.springframework.http.ReadOnlyHttpHeaders::lambda$forEach$0 (12 bytes)
Event: 1449.547 Thread 0x00000299f92493b0 nmethod 8147 0x00000299e67f1890 code [0x00000299e67f1a40, 0x00000299e67f1c38]
Event: 1449.547 Thread 0x00000299f92493b0 8146       3       org.springframework.http.ReadOnlyHttpHeaders$$Lambda$1947/0x0000000801b7f490::accept (16 bytes)
Event: 1449.551 Thread 0x00000299f92493b0 nmethod 8146 0x00000299e67f1d10 code [0x00000299e67f1ee0, 0x00000299e67f2358]
Event: 1464.030 Thread 0x00000299f9245130 8148       4       java.util.concurrent.ScheduledThreadPoolExecutor$DelayedWorkQueue::finishPoll (43 bytes)
Event: 1464.260 Thread 0x00000299f9245130 nmethod 8148 0x00000299ed90c190 code [0x00000299ed90c380, 0x00000299ed90cd18]
Event: 1465.001 Thread 0x00000299f9245130 8149       4       java.util.concurrent.ScheduledThreadPoolExecutor$DelayedWorkQueue::take (5 bytes)

GC Heap History (20 events):
Event: 11.795 GC heap before
{Heap before GC invocations=16 (full 0):
 garbage-first heap   total 73728K, used 55213K [0x00000000c4400000, 0x0000000100000000)
  region size 1024K, 26 young (26624K), 1 survivors (1024K)
 Metaspace       used 51918K, committed 52480K, reserved 1114112K
  class space    used 6672K, committed 6976K, reserved 1048576K
}
Event: 11.802 GC heap after
{Heap after GC invocations=17 (full 0):
 garbage-first heap   total 73728K, used 32657K [0x00000000c4400000, 0x0000000100000000)
  region size 1024K, 3 young (3072K), 3 survivors (3072K)
 Metaspace       used 51918K, committed 52480K, reserved 1114112K
  class space    used 6672K, committed 6976K, reserved 1048576K
}
Event: 12.453 GC heap before
{Heap before GC invocations=17 (full 0):
 garbage-first heap   total 73728K, used 56209K [0x00000000c4400000, 0x0000000100000000)
  region size 1024K, 27 young (27648K), 3 survivors (3072K)
 Metaspace       used 57401K, committed 57984K, reserved 1114112K
  class space    used 7352K, committed 7616K, reserved 1048576K
}
Event: 12.465 GC heap after
{Heap after GC invocations=18 (full 0):
 garbage-first heap   total 73728K, used 34267K [0x00000000c4400000, 0x0000000100000000)
  region size 1024K, 2 young (2048K), 2 survivors (2048K)
 Metaspace       used 57401K, committed 57984K, reserved 1114112K
  class space    used 7352K, committed 7616K, reserved 1048576K
}
Event: 12.673 GC heap before
{Heap before GC invocations=18 (full 0):
 garbage-first heap   total 73728K, used 39387K [0x00000000c4400000, 0x0000000100000000)
  region size 1024K, 9 young (9216K), 2 survivors (2048K)
 Metaspace       used 60096K, committed 60608K, reserved 1114112K
  class space    used 7754K, committed 8000K, reserved 1048576K
}
Event: 12.676 GC heap after
{Heap after GC invocations=19 (full 0):
 garbage-first heap   total 73728K, used 34637K [0x00000000c4400000, 0x0000000100000000)
  region size 1024K, 2 young (2048K), 2 survivors (2048K)
 Metaspace       used 60096K, committed 60608K, reserved 1114112K
  class space    used 7754K, committed 8000K, reserved 1048576K
}
Event: 14.077 GC heap before
{Heap before GC invocations=20 (full 0):
 garbage-first heap   total 73728K, used 58189K [0x00000000c4400000, 0x0000000100000000)
  region size 1024K, 26 young (26624K), 2 survivors (2048K)
 Metaspace       used 66287K, committed 66880K, reserved 1114112K
  class space    used 8743K, committed 9024K, reserved 1048576K
}
Event: 14.084 GC heap after
{Heap after GC invocations=21 (full 0):
 garbage-first heap   total 73728K, used 35671K [0x00000000c4400000, 0x0000000100000000)
  region size 1024K, 3 young (3072K), 3 survivors (3072K)
 Metaspace       used 66287K, committed 66880K, reserved 1114112K
  class space    used 8743K, committed 9024K, reserved 1048576K
}
Event: 14.109 GC heap before
{Heap before GC invocations=21 (full 0):
 garbage-first heap   total 73728K, used 36695K [0x00000000c4400000, 0x0000000100000000)
  region size 1024K, 4 young (4096K), 3 survivors (3072K)
 Metaspace       used 66419K, committed 67008K, reserved 1114112K
  class space    used 8761K, committed 9024K, reserved 1048576K
}
Event: 14.119 GC heap after
{Heap after GC invocations=22 (full 0):
 garbage-first heap   total 73728K, used 35670K [0x00000000c4400000, 0x0000000100000000)
  region size 1024K, 1 young (1024K), 1 survivors (1024K)
 Metaspace       used 66419K, committed 67008K, reserved 1114112K
  class space    used 8761K, committed 9024K, reserved 1048576K
}
Event: 14.787 GC heap before
{Heap before GC invocations=22 (full 0):
 garbage-first heap   total 73728K, used 58198K [0x00000000c4400000, 0x0000000100000000)
  region size 1024K, 24 young (24576K), 1 survivors (1024K)
 Metaspace       used 72187K, committed 72768K, reserved 1114112K
  class space    used 9574K, committed 9856K, reserved 1048576K
}
Event: 14.792 GC heap after
{Heap after GC invocations=23 (full 0):
 garbage-first heap   total 89088K, used 37515K [0x00000000c4400000, 0x0000000100000000)
  region size 1024K, 3 young (3072K), 3 survivors (3072K)
 Metaspace       used 72187K, committed 72768K, reserved 1114112K
  class space    used 9574K, committed 9856K, reserved 1048576K
}
Event: 16.436 GC heap before
{Heap before GC invocations=24 (full 0):
 garbage-first heap   total 89088K, used 70283K [0x00000000c4400000, 0x0000000100000000)
  region size 1024K, 35 young (35840K), 3 survivors (3072K)
 Metaspace       used 77424K, committed 78144K, reserved 1179648K
  class space    used 10281K, committed 10624K, reserved 1048576K
}
Event: 16.444 GC heap after
{Heap after GC invocations=25 (full 0):
 garbage-first heap   total 89088K, used 40345K [0x00000000c4400000, 0x0000000100000000)
  region size 1024K, 5 young (5120K), 5 survivors (5120K)
 Metaspace       used 77424K, committed 78144K, reserved 1179648K
  class space    used 10281K, committed 10624K, reserved 1048576K
}
Event: 16.472 GC heap before
{Heap before GC invocations=25 (full 0):
 garbage-first heap   total 89088K, used 41369K [0x00000000c4400000, 0x0000000100000000)
  region size 1024K, 6 young (6144K), 5 survivors (5120K)
 Metaspace       used 77503K, committed 78208K, reserved 1179648K
  class space    used 10288K, committed 10624K, reserved 1048576K
}
Event: 16.482 GC heap after
{Heap after GC invocations=26 (full 0):
 garbage-first heap   total 89088K, used 40549K [0x00000000c4400000, 0x0000000100000000)
  region size 1024K, 1 young (1024K), 1 survivors (1024K)
 Metaspace       used 77503K, committed 78208K, reserved 1179648K
  class space    used 10288K, committed 10624K, reserved 1048576K
}
Event: 17.392 GC heap before
{Heap before GC invocations=26 (full 0):
 garbage-first heap   total 89088K, used 70245K [0x00000000c4400000, 0x0000000100000000)
  region size 1024K, 31 young (31744K), 1 survivors (1024K)
 Metaspace       used 81591K, committed 82240K, reserved 1179648K
  class space    used 10826K, committed 11136K, reserved 1048576K
}
Event: 17.399 GC heap after
{Heap after GC invocations=27 (full 0):
 garbage-first heap   total 89088K, used 44658K [0x00000000c4400000, 0x0000000100000000)
  region size 1024K, 4 young (4096K), 4 survivors (4096K)
 Metaspace       used 81591K, committed 82240K, reserved 1179648K
  class space    used 10826K, committed 11136K, reserved 1048576K
}
Event: 778.879 GC heap before
{Heap before GC invocations=27 (full 0):
 garbage-first heap   total 89088K, used 71282K [0x00000000c4400000, 0x0000000100000000)
  region size 1024K, 30 young (30720K), 4 survivors (4096K)
 Metaspace       used 86931K, committed 87744K, reserved 1179648K
  class space    used 11510K, committed 11904K, reserved 1048576K
}
Event: 779.566 GC heap after
{Heap after GC invocations=28 (full 0):
 garbage-first heap   total 89088K, used 47173K [0x00000000c4400000, 0x0000000100000000)
  region size 1024K, 4 young (4096K), 4 survivors (4096K)
 Metaspace       used 86931K, committed 87744K, reserved 1179648K
  class space    used 11510K, committed 11904K, reserved 1048576K
}

Dll operation events (13 events):
Event: 0.018 Loaded shared library C:\Program Files\Java\jdk-19\bin\java.dll
Event: 0.031 Loaded shared library C:\Program Files\Java\jdk-19\bin\jsvml.dll
Event: 0.470 Loaded shared library C:\Program Files\Java\jdk-19\bin\zip.dll
Event: 0.475 Loaded shared library C:\Program Files\Java\jdk-19\bin\instrument.dll
Event: 0.525 Loaded shared library C:\Program Files\Java\jdk-19\bin\net.dll
Event: 0.527 Loaded shared library C:\Program Files\Java\jdk-19\bin\nio.dll
Event: 0.533 Loaded shared library C:\Program Files\Java\jdk-19\bin\zip.dll
Event: 1.074 Loaded shared library C:\Program Files\Java\jdk-19\bin\extnet.dll
Event: 1.697 Loaded shared library C:\Program Files\Java\jdk-19\bin\jimage.dll
Event: 5.528 Loaded shared library C:\Program Files\Java\jdk-19\bin\sunmscapi.dll
Event: 9.429 Loaded shared library C:\Program Files\Java\jdk-19\bin\management.dll
Event: 9.433 Loaded shared library C:\Program Files\Java\jdk-19\bin\management_ext.dll
Event: 10.293 Loaded shared library C:\Program Files\Java\jdk-19\bin\verify.dll

Deoptimization events (20 events):
Event: 48.206 Thread 0x0000029981def590 Uncommon trap: trap_request=0xffffffbe fr.pc=0x00000299ed5eac90 relative=0x0000000000001b10
Event: 48.207 Thread 0x0000029981def590 Uncommon trap: reason=profile_predicate action=maybe_recompile pc=0x00000299ed5eac90 method=java.util.zip.InflaterInputStream.read([BII)I @ 43 c2
Event: 48.207 Thread 0x0000029981def590 DEOPT PACKING pc=0x00000299ed5eac90 sp=0x000000e8ceafe530
Event: 48.208 Thread 0x0000029981def590 DEOPT UNPACKING pc=0x00000299ecfba5a3 sp=0x000000e8ceafe580 mode 2
Event: 48.233 Thread 0x0000029981def590 Uncommon trap: trap_request=0xffffffbe fr.pc=0x00000299ed5eac90 relative=0x0000000000001b10
Event: 48.233 Thread 0x0000029981def590 Uncommon trap: reason=profile_predicate action=maybe_recompile pc=0x00000299ed5eac90 method=java.util.zip.InflaterInputStream.read([BII)I @ 43 c2
Event: 48.233 Thread 0x0000029981def590 DEOPT PACKING pc=0x00000299ed5eac90 sp=0x000000e8ceafd300
Event: 48.234 Thread 0x0000029981def590 DEOPT UNPACKING pc=0x00000299ecfba5a3 sp=0x000000e8ceafd350 mode 2
Event: 750.207 Thread 0x00000299fd574a10 DEOPT PACKING pc=0x00000299e64e5142 sp=0x000000e8cd0fde10
Event: 750.218 Thread 0x00000299fd574a10 DEOPT UNPACKING pc=0x00000299ecfbb0e3 sp=0x000000e8cd0fd2d0 mode 0
Event: 1324.415 Thread 0x0000029981df0580 DEOPT PACKING pc=0x00000299e642aeb0 sp=0x000000e8ce9fe8c0
Event: 1324.417 Thread 0x0000029981df0580 DEOPT UNPACKING pc=0x00000299ecfbb0e3 sp=0x000000e8ce9fddb8 mode 0
Event: 1433.523 Thread 0x0000029981ded5b0 Uncommon trap: trap_request=0xffffff45 fr.pc=0x00000299ed8fa844 relative=0x0000000000002924
Event: 1433.525 Thread 0x0000029981ded5b0 Uncommon trap: reason=unstable_if action=reinterpret pc=0x00000299ed8fa844 method=java.util.concurrent.ThreadPoolExecutor.getTask()Ljava/lang/Runnable; @ 54 c2
Event: 1433.529 Thread 0x0000029981ded5b0 DEOPT PACKING pc=0x00000299ed8fa844 sp=0x000000e8cb5ff610
Event: 1433.531 Thread 0x0000029981ded5b0 DEOPT UNPACKING pc=0x00000299ecfba5a3 sp=0x000000e8cb5ff618 mode 2
Event: 1434.296 Thread 0x0000029981dedb00 DEOPT PACKING pc=0x00000299e5bc8ec6 sp=0x000000e8cb6fd5d0
Event: 1434.298 Thread 0x0000029981dedb00 DEOPT UNPACKING pc=0x00000299ecfbb0e3 sp=0x000000e8cb6fca28 mode 0
Event: 1434.333 Thread 0x0000029981dedb00 DEOPT PACKING pc=0x00000299e5be93d7 sp=0x000000e8cb6fe570
Event: 1434.335 Thread 0x0000029981dedb00 DEOPT UNPACKING pc=0x00000299ecfbb0e3 sp=0x000000e8cb6fd9f0 mode 0

Classes loaded (20 events):
Event: 17.973 Loading class java/nio/channels/spi/AbstractSelector$1
Event: 17.973 Loading class java/nio/channels/spi/AbstractSelector$1 done
Event: 17.975 Loading class java/util/TreeMap$ValueSpliterator
Event: 17.976 Loading class java/util/TreeMap$TreeMapSpliterator
Event: 17.976 Loading class java/util/TreeMap$TreeMapSpliterator done
Event: 17.976 Loading class java/util/TreeMap$ValueSpliterator done
Event: 18.115 Loading class java/util/IdentityHashMap$KeySpliterator
Event: 18.116 Loading class java/util/IdentityHashMap$IdentityHashMapSpliterator
Event: 18.116 Loading class java/util/IdentityHashMap$IdentityHashMapSpliterator done
Event: 18.116 Loading class java/util/IdentityHashMap$KeySpliterator done
Event: 27.334 Loading class java/util/concurrent/ConcurrentLinkedQueue$Itr
Event: 27.345 Loading class java/util/concurrent/ConcurrentLinkedQueue$Itr done
Event: 1432.543 Loading class sun/security/ssl/Alert
Event: 1433.060 Loading class sun/security/ssl/Alert done
Event: 1433.173 Loading class sun/security/ssl/Alert$AlertConsumer
Event: 1433.333 Loading class sun/security/ssl/Alert$AlertConsumer done
Event: 1433.334 Loading class sun/security/ssl/Alert$Level
Event: 1433.370 Loading class sun/security/ssl/Alert$Level done
Event: 1433.421 Loading class sun/net/ConnectionResetException
Event: 1433.433 Loading class sun/net/ConnectionResetException done

Classes unloaded (0 events):
No events

Classes redefined (0 events):
No events

Internal exceptions (20 events):
Event: 16.607 Thread 0x00000299ddad3b80 Exception <a 'java/lang/IncompatibleClassChangeError'{0x00000000c9421798}: Found class java.lang.Object, but interface was expected> (0x00000000c9421798) 
thrown [s\open\src\hotspot\share\interpreter\linkResolver.cpp, line 841]
Event: 16.783 Thread 0x00000299ddad3b80 Exception <a 'java/lang/NoSuchMethodError'{0x00000000c8d871e0}: 'java.lang.Object java.lang.invoke.Invokers$Holder.invoke_MT(java.lang.Object, java.lang.Object, java.lang.Object, java.lang.Object, java.lang.Object, java.lang.Object, java.lang.Object, java.lang.Object, java.lang.Object, java.lang.Object, java.lang.Object)'> (0x00000000c8d871e0) 
thrown [s\open\src\hotspot\share\interpreter\linkResolver.cpp, line 774]
Event: 16.903 Thread 0x00000299ddad3b80 Exception <a 'java/lang/NoSuchMethodError'{0x00000000c88241c0}: 'void java.lang.invoke.Invokers$Holder.invokeExact_MT(java.lang.Object, java.lang.Object, int, java.lang.Object)'> (0x00000000c88241c0) 
thrown [s\open\src\hotspot\share\interpreter\linkResolver.cpp, line 774]
Event: 17.061 Thread 0x00000299fdc0db60 Exception <a 'java/net/UnknownHostException'{0x00000000c8864828}> (0x00000000c8864828) 
thrown [s\open\src\hotspot\share\prims\jni.cpp, line 517]
Event: 17.082 Thread 0x00000299ddad3b80 Implicit null exception at 0x00000299ed70396c to 0x00000299ed703a14
Event: 17.082 Thread 0x00000299ddad3b80 Implicit null exception at 0x00000299ed70396c to 0x00000299ed703a14
Event: 17.201 Thread 0x00000299ddad3b80 Exception <a 'java/lang/IncompatibleClassChangeError'{0x00000000c852f1e8}: Found class java.lang.Object, but interface was expected> (0x00000000c852f1e8) 
thrown [s\open\src\hotspot\share\interpreter\linkResolver.cpp, line 841]
Event: 17.273 Thread 0x00000299ddad3b80 Exception <a 'java/lang/NoSuchMethodError'{0x00000000c83e97d0}: 'java.lang.Object java.lang.invoke.DirectMethodHandle$Holder.newInvokeSpecial(java.lang.Object, java.lang.Object, int, java.lang.Object, java.lang.Object)'> (0x00000000c83e97d0) 
thrown [s\open\src\hotspot\share\interpreter\linkResolver.cpp, line 774]
Event: 17.292 Thread 0x00000299ddad3b80 Exception <a 'java/lang/NoSuchMethodError'{0x00000000c82909a8}: 'java.lang.Object java.lang.invoke.DirectMethodHandle$Holder.invokeVirtual(java.lang.Object, java.lang.Object, java.lang.Object, java.lang.Object, java.lang.Object, java.lang.Object, java.lang.Object)'> (0x00000000c82909a8) 
thrown [s\open\src\hotspot\share\interpreter\linkResolver.cpp, line 774]
Event: 17.319 Thread 0x00000299ddad3b80 Exception <a 'java/lang/NoSuchMethodError'{0x00000000c817ef08}: 'double java.lang.invoke.DirectMethodHandle$Holder.invokeVirtual(java.lang.Object, java.lang.Object)'> (0x00000000c817ef08) 
thrown [s\open\src\hotspot\share\interpreter\linkResolver.cpp, line 774]
Event: 17.447 Thread 0x00000299ddad3b80 Exception <a 'java/lang/NoSuchMethodError'{0x00000000c986c108}: 'java.lang.Object java.lang.invoke.DirectMethodHandle$Holder.invokeStatic(java.lang.Object, java.lang.Object, java.lang.Object, java.lang.Object, int, java.lang.Object, java.lang.Object)'> (0x00000000c986c108) 
thrown [s\open\src\hotspot\share\interpreter\linkResolver.cpp, line 774]
Event: 17.853 Thread 0x00000299ddad3b80 Exception <a 'java/lang/NoSuchMethodError'{0x00000000c8b2f540}: 'java.lang.Object java.lang.invoke.DirectMethodHandle$Holder.invokeStatic(java.lang.Object, int, int)'> (0x00000000c8b2f540) 
thrown [s\open\src\hotspot\share\interpreter\linkResolver.cpp, line 774]
Event: 17.890 Thread 0x00000299ddad3b80 Exception <a 'java/lang/NoSuchMethodError'{0x00000000c8a793b0}: 'java.lang.Object java.lang.invoke.DelegatingMethodHandle$Holder.reinvoke_L(java.lang.Object, int, int, long, java.lang.Object, long, long, long)'> (0x00000000c8a793b0) 
thrown [s\open\src\hotspot\share\interpreter\linkResolver.cpp, line 774]
Event: 17.892 Thread 0x00000299ddad3b80 Exception <a 'java/lang/NoSuchMethodError'{0x00000000c8a9f4f0}: 'java.lang.Object java.lang.invoke.DelegatingMethodHandle$Holder.reinvoke_L(java.lang.Object, java.lang.Object, java.lang.Object, java.lang.Object, java.lang.Object, java.lang.Object, java.lang.Object, java.lang.Object, java.lang.Object, java.lang.Object, java.lang.Object, java.lang.Object, java.lang.Object, java.lang.Object, int, java.lang.Object, java.lang.Object, java.lang.Object, java.lang.Object, java.lang.Object, java.lang.Object, java.l
Event: 17.896 Thread 0x00000299ddad3b80 Exception <a 'java/lang/NoSuchMethodError'{0x00000000c8af1878}: 'java.lang.Object java.lang.invoke.DirectMethodHandle$Holder.invokeStatic(java.lang.Object, java.lang.Object, java.lang.Object, java.lang.Object, java.lang.Object, java.lang.Object, java.lang.Object, java.lang.Object, java.lang.Object, java.lang.Object, java.lang.Object, java.lang.Object, java.lang.Object)'> (0x00000000c8af1878) 
thrown [s\open\src\hotspot\share\interpreter\linkResolver.cpp, line 774]
Event: 17.897 Thread 0x00000299ddad3b80 Exception <a 'java/lang/NoSuchMethodError'{0x00000000c8912a30}: 'java.lang.Object java.lang.invoke.DirectMethodHandle$Holder.invokeStatic(java.lang.Object, java.lang.Object, java.lang.Object, java.lang.Object, java.lang.Object, java.lang.Object, java.lang.Object, java.lang.Object, java.lang.Object, java.lang.Object, java.lang.Object, java.lang.Object, java.lang.Object, java.lang.Object)'> (0x00000000c8912a30) 
thrown [s\open\src\hotspot\share\interpreter\linkResolver.cpp, line 774]
Event: 17.898 Thread 0x00000299ddad3b80 Exception <a 'java/lang/NoSuchMethodError'{0x00000000c8929cb8}: 'java.lang.Object java.lang.invoke.DelegatingMethodHandle$Holder.reinvoke_L(java.lang.Object, java.lang.Object, java.lang.Object, java.lang.Object, java.lang.Object, java.lang.Object, java.lang.Object, java.lang.Object, java.lang.Object, java.lang.Object, java.lang.Object, java.lang.Object, java.lang.Object, java.lang.Object, java.lang.Object, java.lang.Object, java.lang.Object, java.lang.Object, java.lang.Object, java.lang.Object, java.lang.O
Event: 17.978 Thread 0x00000299fdc10090 Exception <a 'java/lang/NoSuchMethodError'{0x00000000c8516530}: 'long java.lang.invoke.DelegatingMethodHandle$Holder.reinvoke_L(java.lang.Object, java.lang.Object)'> (0x00000000c8516530) 
thrown [s\open\src\hotspot\share\interpreter\linkResolver.cpp, line 774]
Event: 1433.398 Thread 0x0000029981ded5b0 Exception <a 'java/io/IOException'{0x00000000c970ebc8}> (0x00000000c970ebc8) 
thrown [s\open\src\hotspot\share\prims\jni.cpp, line 517]
Event: 1433.418 Thread 0x0000029981ded5b0 Exception <a 'java/io/IOException'{0x00000000c970f7a0}> (0x00000000c970f7a0) 
thrown [s\open\src\hotspot\share\prims\jni.cpp, line 517]

VM Operations (20 events):
Event: 1329.830 Executing VM operation: Cleanup
Event: 1329.830 Executing VM operation: Cleanup done
Event: 1418.552 Executing VM operation: Cleanup
Event: 1418.556 Executing VM operation: Cleanup done
Event: 1419.558 Executing VM operation: Cleanup
Event: 1419.558 Executing VM operation: Cleanup done
Event: 1432.647 Executing VM operation: Cleanup
Event: 1433.079 Executing VM operation: Cleanup done
Event: 1434.090 Executing VM operation: Cleanup
Event: 1434.090 Executing VM operation: Cleanup done
Event: 1435.093 Executing VM operation: Cleanup
Event: 1435.093 Executing VM operation: Cleanup done
Event: 1440.122 Executing VM operation: Cleanup
Event: 1440.122 Executing VM operation: Cleanup done
Event: 1446.162 Executing VM operation: Cleanup
Event: 1446.170 Executing VM operation: Cleanup done
Event: 1449.193 Executing VM operation: Cleanup
Event: 1449.210 Executing VM operation: Cleanup done
Event: 1450.214 Executing VM operation: Cleanup
Event: 1450.214 Executing VM operation: Cleanup done

Events (20 events):
Event: 17.945 Thread 0x00000299fdc10b30 Thread added: 0x00000299fdc10b30
Event: 17.945 Thread 0x00000299fdc12070 Thread added: 0x00000299fdc12070
Event: 17.945 Thread 0x00000299fdc125c0 Thread added: 0x00000299fdc125c0
Event: 17.945 Thread 0x00000299fdc13060 Thread added: 0x00000299fdc13060
Event: 17.972 Thread 0x00000299fd5754b0 Thread added: 0x00000299fd5754b0
Event: 17.974 Thread 0x0000029981def040 Thread added: 0x0000029981def040
Event: 18.117 Thread 0x00000299ddad3b80 Thread exited: 0x00000299ddad3b80
Event: 18.118 Thread 0x0000029981df0030 Thread added: 0x0000029981df0030
Event: 47.942 Thread 0x0000029981df0580 Thread added: 0x0000029981df0580
Event: 47.943 Thread 0x0000029981def590 Thread added: 0x0000029981def590
Event: 78.113 Thread 0x00000299fdc0db60 Thread exited: 0x00000299fdc0db60
Event: 317.467 Thread 0x0000029981ded060 Thread added: 0x0000029981ded060
Event: 1432.364 Thread 0x0000029981ded5b0 Thread added: 0x0000029981ded5b0
Event: 1433.523 Thread 0x0000029981dedb00 Thread added: 0x0000029981dedb00
Event: 1438.577 Thread 0x0000029981ded5b0 Thread exited: 0x0000029981ded5b0
Event: 1439.547 Thread 0x0000029981dedb00 Thread exited: 0x0000029981dedb00
Event: 1439.548 Thread 0x0000029981defae0 Thread added: 0x0000029981defae0
Event: 1439.568 Thread 0x0000029981ded5b0 Thread added: 0x0000029981ded5b0
Event: 1444.581 Thread 0x0000029981defae0 Thread exited: 0x0000029981defae0
Event: 1444.683 Thread 0x0000029981ded5b0 Thread exited: 0x0000029981ded5b0


Dynamic libraries:
0x00007ff64f2c0000 - 0x00007ff64f2d0000 	C:\Program Files\Java\jdk-19\bin\java.exe
0x00007fff2e6e0000 - 0x00007fff2e946000 	C:\WINDOWS\SYSTEM32\ntdll.dll
0x00007fff2ce80000 - 0x00007fff2cf49000 	C:\WINDOWS\System32\KERNEL32.DLL
0x00007fff2bc50000 - 0x00007fff2c04f000 	C:\WINDOWS\System32\KERNELBASE.dll
0x00007fff26230000 - 0x00007fff2624b000 	C:\Program Files\Java\jdk-19\bin\VCRUNTIME140.dll
0x00007fff28390000 - 0x00007fff283a8000 	C:\Program Files\Java\jdk-19\bin\jli.dll
0x00007fff2cc90000 - 0x00007fff2cd4c000 	C:\WINDOWS\System32\ADVAPI32.dll
0x00007fff2e2d0000 - 0x00007fff2e379000 	C:\WINDOWS\System32\msvcrt.dll
0x00007fff2cdc0000 - 0x00007fff2ce6a000 	C:\WINDOWS\System32\sechost.dll
0x00007fff2c4d0000 - 0x00007fff2c5e8000 	C:\WINDOWS\System32\RPCRT4.dll
0x00007fff2cf50000 - 0x00007fff2d116000 	C:\WINDOWS\System32\USER32.dll
0x00007fff2c3e0000 - 0x00007fff2c407000 	C:\WINDOWS\System32\win32u.dll
0x00007fff2c760000 - 0x00007fff2c78b000 	C:\WINDOWS\System32\GDI32.dll
0x00007fff2c1f0000 - 0x00007fff2c319000 	C:\WINDOWS\System32\gdi32full.dll
0x00007fff2b980000 - 0x00007fff2bacc000 	C:\WINDOWS\System32\ucrtbase.dll
0x00007fff2bae0000 - 0x00007fff2bb83000 	C:\WINDOWS\System32\msvcp_win.dll
0x00007fff09210000 - 0x00007fff094a1000 	C:\WINDOWS\WinSxS\amd64_microsoft.windows.common-controls_6595b64144ccf1df_6.0.26100.8972_none_3e0da176e32f9d4b\COMCTL32.dll
0x00007fff1d040000 - 0x00007fff1d04b000 	C:\WINDOWS\SYSTEM32\VERSION.dll
0x00007fff2c600000 - 0x00007fff2c632000 	C:\WINDOWS\System32\IMM32.DLL
0x00007fff26500000 - 0x00007fff2650c000 	C:\Program Files\Java\jdk-19\bin\vcruntime140_1.dll
0x00007ffefd0c0000 - 0x00007ffefd14e000 	C:\Program Files\Java\jdk-19\bin\msvcp140.dll
0x00007ffebb580000 - 0x00007ffebc240000 	C:\Program Files\Java\jdk-19\bin\server\jvm.dll
0x00007fff23900000 - 0x00007fff2390a000 	C:\WINDOWS\SYSTEM32\WSOCK32.dll
0x00007fff2c6d0000 - 0x00007fff2c752000 	C:\WINDOWS\System32\WS2_32.dll
0x00007fff23bb0000 - 0x00007fff23be6000 	C:\WINDOWS\SYSTEM32\WINMM.dll
0x00007fff2a5b0000 - 0x00007fff2a5cb000 	C:\WINDOWS\SYSTEM32\kernel.appcore.dll
0x00007fff1d980000 - 0x00007fff1d98a000 	C:\Program Files\Java\jdk-19\bin\jimage.dll
0x00007fff28dd0000 - 0x00007fff29012000 	C:\WINDOWS\SYSTEM32\DBGHELP.DLL
0x00007fff2dd70000 - 0x00007fff2e0f5000 	C:\WINDOWS\System32\combase.dll
0x00007fff2d300000 - 0x00007fff2d3d9000 	C:\WINDOWS\System32\OLEAUT32.dll
0x00007fff0b3b0000 - 0x00007fff0b3eb000 	C:\WINDOWS\SYSTEM32\dbgcore.DLL
0x00007fff2bb90000 - 0x00007fff2bc3c000 	C:\WINDOWS\System32\bcryptPrimitives.dll
0x00007fff1cb90000 - 0x00007fff1cb9e000 	C:\Program Files\Java\jdk-19\bin\instrument.dll
0x00007fff19740000 - 0x00007fff19766000 	C:\Program Files\Java\jdk-19\bin\java.dll
0x00007ffecc860000 - 0x00007ffecc937000 	C:\Program Files\Java\jdk-19\bin\jsvml.dll
0x00007fff2d550000 - 0x00007fff2dcd8000 	C:\WINDOWS\System32\SHELL32.dll
0x00007fff29360000 - 0x00007fff29bfb000 	C:\WINDOWS\SYSTEM32\windows.storage.dll
0x00007fff2e5a0000 - 0x00007fff2e699000 	C:\WINDOWS\System32\SHCORE.dll
0x00007fff2e520000 - 0x00007fff2e586000 	C:\WINDOWS\System32\shlwapi.dll
0x00007fff2b810000 - 0x00007fff2b839000 	C:\WINDOWS\SYSTEM32\profapi.dll
0x00007fff10520000 - 0x00007fff10538000 	C:\Program Files\Java\jdk-19\bin\zip.dll
0x00007fff11e30000 - 0x00007fff11e43000 	C:\Program Files\Java\jdk-19\bin\net.dll
0x00007fff230e0000 - 0x00007fff23208000 	C:\WINDOWS\SYSTEM32\WINHTTP.dll
0x00007fff2ab70000 - 0x00007fff2abdc000 	C:\WINDOWS\system32\mswsock.dll
0x00007fff110a0000 - 0x00007fff110b6000 	C:\Program Files\Java\jdk-19\bin\nio.dll
0x00007fff1c120000 - 0x00007fff1c128000 	C:\Program Files\Java\jdk-19\bin\extnet.dll
0x00007fff29f50000 - 0x00007fff29f83000 	C:\WINDOWS\SYSTEM32\IPHLPAPI.DLL
0x00007fff2ce70000 - 0x00007fff2ce7a000 	C:\WINDOWS\System32\NSI.dll
0x00007fff25560000 - 0x00007fff2557d000 	C:\WINDOWS\SYSTEM32\dhcpcsvc6.DLL
0x00007fff25510000 - 0x00007fff25535000 	C:\WINDOWS\SYSTEM32\dhcpcsvc.DLL
0x00007fff29fe0000 - 0x00007fff2a138000 	C:\WINDOWS\SYSTEM32\DNSAPI.dll
0x00007fff2a950000 - 0x00007fff2a95d000 	C:\WINDOWS\SYSTEM32\DSPARSE.dll
0x00007fff23890000 - 0x00007fff2389b000 	C:\Windows\System32\rasadhlp.dll
0x00007fff1c150000 - 0x00007fff1c15e000 	C:\Program Files\Java\jdk-19\bin\sunmscapi.dll
0x00007fff2c060000 - 0x00007fff2c1de000 	C:\WINDOWS\System32\CRYPT32.dll
0x00007fff2b0c0000 - 0x00007fff2b0f0000 	C:\WINDOWS\SYSTEM32\ncrypt.dll
0x00007fff2b070000 - 0x00007fff2b0af000 	C:\WINDOWS\SYSTEM32\NTASN1.dll
0x00007fff2ae80000 - 0x00007fff2ae9b000 	C:\WINDOWS\SYSTEM32\CRYPTSP.dll
0x00007fff2a510000 - 0x00007fff2a549000 	C:\WINDOWS\system32\rsaenh.dll
0x00007fff2ac40000 - 0x00007fff2ac72000 	C:\WINDOWS\SYSTEM32\USERENV.dll
0x00007fff2b7e0000 - 0x00007fff2b80a000 	C:\WINDOWS\SYSTEM32\bcrypt.dll
0x00007fff2aea0000 - 0x00007fff2aeac000 	C:\WINDOWS\SYSTEM32\CRYPTBASE.dll
0x00007fff1c0c0000 - 0x00007fff1c0ca000 	C:\Program Files\Java\jdk-19\bin\management.dll
0x00007fff1a5b0000 - 0x00007fff1a5bb000 	C:\Program Files\Java\jdk-19\bin\management_ext.dll
0x00007fff2c5f0000 - 0x00007fff2c5f8000 	C:\WINDOWS\System32\PSAPI.DLL
0x00007fff1a440000 - 0x00007fff1a450000 	C:\Program Files\Java\jdk-19\bin\verify.dll
0x00007fff257f0000 - 0x00007fff25876000 	C:\WINDOWS\System32\fwpuclnt.dll
0x00007ffef27f0000 - 0x00007ffef27f8000 	C:\WINDOWS\system32\wshunix.dll

dbghelp: loaded successfully - version: 4.0.5 - missing functions: none
symbol engine: initialized successfully - sym options: 0x614 - pdb path: .;C:\Program Files\Java\jdk-19\bin;C:\WINDOWS\SYSTEM32;C:\WINDOWS\WinSxS\amd64_microsoft.windows.common-controls_6595b64144ccf1df_6.0.26100.8972_none_3e0da176e32f9d4b;C:\Program Files\Java\jdk-19\bin\server

VM Arguments:
jvm_args: -javaagent:C:\Program Files\JetBrains\IntelliJ IDEA 2025.2.5\lib\idea_rt.jar=33800 -Dfile.encoding=UTF-8 -Dsun.stdout.encoding=UTF-8 -Dsun.stderr.encoding=UTF-8 
java_command: com.fundoo.userservice.UserServiceApplication
java_class_path (initial): D:\Bridgelabz Java\Backend Development\Microservices\FundooApp\user-service\target\classes;C:\Users\user\.m2\repository\org\springframework\boot\spring-boot-starter-web\3.5.3\spring-boot-starter-web-3.5.3.jar;C:\Users\user\.m2\repository\org\springframework\boot\spring-boot-starter\3.5.3\spring-boot-starter-3.5.3.jar;C:\Users\user\.m2\repository\org\springframework\boot\spring-boot\3.5.3\spring-boot-3.5.3.jar;C:\Users\user\.m2\repository\org\springframework\boot\spring-boot-autoconfigure\3.5.3\spring-boot-autoconfigure-3.5.3.jar;C:\Users\user\.m2\repository\org\springframework\boot\spring-boot-starter-logging\3.5.3\spring-boot-starter-logging-3.5.3.jar;C:\Users\user\.m2\repository\ch\qos\logback\logback-classic\1.5.18\logback-classic-1.5.18.jar;C:\Users\user\.m2\repository\ch\qos\logback\logback-core\1.5.18\logback-core-1.5.18.jar;C:\Users\user\.m2\repository\org\apache\logging\log4j\log4j-to-slf4j\2.24.3\log4j-to-slf4j-2.24.3.jar;C:\Users\user\.m2\repository\org\apache\logging\log4j\log4j-api\2.24.3\log4j-api-2.24.3.jar;C:\Users\user\.m2\repository\org\slf4j\jul-to-slf4j\2.0.17\jul-to-slf4j-2.0.17.jar;C:\Users\user\.m2\repository\jakarta\annotation\jakarta.annotation-api\2.1.1\jakarta.annotation-api-2.1.1.jar;C:\Users\user\.m2\repository\org\yaml\snakeyaml\2.4\snakeyaml-2.4.jar;C:\Users\user\.m2\repository\org\springframework\boot\spring-boot-starter-json\3.5.3\spring-boot-starter-json-3.5.3.jar;C:\Users\user\.m2\repository\com\fasterxml\jackson\datatype\jackson-datatype-jdk8\2.19.1\jackson-datatype-jdk8-2.19.1.jar;C:\Users\user\.m2\repository\com\fasterxml\jackson\datatype\jackson-datatype-jsr310\2.19.1\jackson-datatype-jsr310-2.19.1.jar;C:\Users\user\.m2\repository\com\fasterxml\jackson\module\jackson-module-parameter-names\2.19.1\jackson-module-parameter-names-2.19.1.jar;C:\Users\user\.m2\repository\org\springframework\boot\spring-boot-starter-tomcat\3.5.3\spring-boot-starter-tomcat-3.5.3.jar;C:\Users\user\.m2\repository\org\apache\tomcat\embed\tomcat-embed-core\10.1.42\tomcat-embed-core-10.1.42.jar;C:\Users\user\.m2\repository\org\apache\tomcat\embed\tomcat-embed-websocket\10.1.42\tomcat-embed-websocket-10.1.42.jar;C:\Users\user\.m2\repository\org\springframework\spring-web\6.2.8\spring-web-6.2.8.jar;C:\Users\user\.m2\repository\org\springframework\spring-beans\6.2.8\spring-beans-6.2.8.jar;C:\Users\user\.m2\repository\io\micrometer\micrometer-observation\1.15.1\micrometer-observation-1.15.1.jar;C:\Users\user\.m2\repository\io\micrometer\micrometer-commons\1.15.1\micrometer-commons-1.15.1.jar;C:\Users\user\.m2\repository\org\springframework\spring-webmvc\6.2.8\spring-webmvc-6.2.8.jar;C:\Users\user\.m2\repository\org\springframework\spring-context\6.2.8\spring-context-6.2.8.jar;C:\Users\user\.m2\repository\org\springframework\spring-expression\6.2.8\spring-expression-6.2.8.jar;C:\Users\user\.m2\repository\org\springframework\boot\spring-boot-starter-data-jpa\3.5.3\spring-boot-starter-data-jpa-3.5.3.jar;C:\Users\user\.m2\repository\org\springframework\boot\spring-boot-starter-jdbc\3.5.3\spring-boot-starter-jdbc-3.5.3.jar;C:\Users\user\.m2\repository\com\zaxxer\HikariCP\6.3.0\HikariCP-6.3.0.jar;C:\Users\user\.m2\repository\org\springframework\spring-jdbc\6.2.8\spring-jdbc-6.2.8.jar;C:\Users\user\.m2\repository\org\hibernate\orm\hibernate-core\6.6.18.Final\hibernate-core-6.6.18.Final.jar;C:\Users\user\.m2\repository\jakarta\persistence\jakarta.persistence-api\3.1.0\jakarta.persistence-api-3.1.0.jar;C:\Users\user\.m2\repository\jakarta\transaction\jakarta.transaction-api\2.0.1\jakarta.transaction-api-2.0.1.jar;C:\Users\user\.m2\repository\org\jboss\logging\jboss-logging\3.6.1.Final\jboss-logging-3.6.1.Final.jar;C:\Users\user\.m2\repository\org\hibernate\common\hibernate-commons-annotations\7.0.3.Final\hibernate-commons-annotations-7.0.3.Final.jar;C:\Users\user\.m2\repository\io\smallrye\jandex\3.2.0\jandex-3.2.0.jar;C:\Users\user\.m2\repository\com\fasterxml\classmate\1.7.0\classmate-1.7.0.jar;C:\Users\user\.m2\repository\net\bytebuddy\byte-buddy\1.17.6\byte-buddy-1.17.6.jar;C:\Users\user\.m2\repository\org\glassfish\jaxb\jaxb-runtime\4.0.5\jaxb-runtime-4.0.5.jar;C:\Users\user\.m2\repository\org\glassfish\jaxb\jaxb-core\4.0.5\jaxb-core-4.0.5.jar;C:\Users\user\.m2\repository\org\eclipse\angus\angus-activation\2.0.2\angus-activation-2.0.2.jar;C:\Users\user\.m2\repository\org\glassfish\jaxb\txw2\4.0.5\txw2-4.0.5.jar;C:\Users\user\.m2\repository\com\sun\istack\istack-commons-runtime\4.1.2\istack-commons-runtime-4.1.2.jar;C:\Users\user\.m2\repository\jakarta\inject\jakarta.inject-api\2.0.1\jakarta.inject-api-2.0.1.jar;C:\Users\user\.m2\repository\org\antlr\antlr4-runtime\4.13.0\antlr4-runtime-4.13.0.jar;C:\Users\user\.m2\repository\org\springframework\data\spring-data-jpa\3.5.1\spring-data-jpa-3.5.1.jar;C:\Users\user\.m2\repository\org\springframework\data\spring-data-commons\3.5.1\spring-data-commons-3.5.1.jar;C:\Users\user\.m2\repository\org\springframework\spring-orm\6.2.8\spring-orm-6.2.8.jar;C:\Users\user\.m2\repository\org\springframework\spring-tx\6.2.8\spring-tx-6.2.8.jar;C:\Users\user\.m2\repository\org\slf4j\slf4j-api\2.0.17\slf4j-api-2.0.17.jar;C:\Users\user\.m2\repository\org\springframework\spring-aspects\6.2.8\spring-aspects-6.2.8.jar;C:\Users\user\.m2\repository\org\aspectj\aspectjweaver\1.9.24\aspectjweaver-1.9.24.jar;C:\Users\user\.m2\repository\com\mysql\mysql-connector-j\9.2.0\mysql-connector-j-9.2.0.jar;C:\Users\user\.m2\repository\org\springframework\boot\spring-boot-starter-validation\3.5.3\spring-boot-starter-validation-3.5.3.jar;C:\Users\user\.m2\repository\org\apache\tomcat\embed\tomcat-embed-el\10.1.42\tomcat-embed-el-10.1.42.jar;C:\Users\user\.m2\repository\org\hibernate\validator\hibernate-validator\8.0.2.Final\hibernate-validator-8.0.2.Final.jar;C:\Users\user\.m2\repository\jakarta\validation\jakarta.validation-api\3.0.2\jakarta.validation-api-3.0.2.jar;C:\Users\user\.m2\repository\org\springframework\cloud\spring-cloud-starter-netflix-eureka-client\4.3.0\spring-cloud-starter-netflix-eureka-client-4.3.0.jar;C:\Users\user\.m2\repository\org\springframework\cloud\spring-cloud-starter\4.3.0\spring-cloud-starter-4.3.0.jar;C:\Users\user\.m2\repository\org\springframework\cloud\spring-cloud-context\4.3.0\spring-cloud-context-4.3.0.jar;C:\Users\user\.m2\repository\org\springframework\security\spring-security-crypto\6.5.1\spring-security-crypto-6.5.1.jar;C:\Users\user\.m2\repository\org\springframework\cloud\spring-cloud-commons\4.3.0\spring-cloud-commons-4.3.0.jar;C:\Users\user\.m2\repository\org\bouncycastle\bcprov-jdk18on\1.80\bcprov-jdk18on-1.80.jar;C:\Users\user\.m2\repository\org\springframework\cloud\spring-cloud-netflix-eureka-client\4.3.0\spring-cloud-netflix-eureka-client-4.3.0.jar;C:\Users\user\.m2\repository\org\apache\httpcomponents\client5\httpclient5\5.5\httpclient5-5.5.jar;C:\Users\user\.m2\repository\org\apache\httpcomponents\core5\httpcore5\5.3.4\httpcore5-5.3.4.jar;C:\Users\user\.m2\repository\org\apache\httpcomponents\core5\httpcore5-h2\5.3.4\httpcore5-h2-5.3.4.jar;C:\Users\user\.m2\repository\com\netflix\eureka\eureka-client\2.0.4\eureka-client-2.0.4.jar;C:\Users\user\.m2\repository\com\thoughtworks\xstream\xstream\1.4.20\xstream-1.4.20.jar;C:\Users\user\.m2\repository\io\github\x-stream\mxparser\1.2.2\mxparser-1.2.2.jar;C:\Users\user\.m2\repository\xmlpull\xmlpull\1.1.3.1\xmlpull-1.1.3.1.jar;C:\Users\user\.m2\repository\jakarta\ws\rs\jakarta.ws.rs-api\3.1.0\jakarta.ws.rs-api-3.1.0.jar;C:\Users\user\.m2\repository\com\netflix\spectator\spectator-api\1.7.3\spectator-api-1.7.3.jar;C:\Users\user\.m2\repository\org\apache\httpcomponents\httpclient\4.5.3\httpclient-4.5.3.jar;C:\Users\user\.m2\repository\org\apache\httpcomponents\httpcore\4.4.16\httpcore-4.4.16.jar;C:\Users\user\.m2\repository\commons-codec\commons-codec\1.18.0\commons-codec-1.18.0.jar;C:\Users\user\.m2\repository\commons-configuration\commons-configuration\1.10\commons-configuration-1.10.jar;C:\Users\user\.m2\repository\commons-lang\commons-lang\2.6\commons-lang-2.6.jar;C:\Users\user\.m2\repository\com\fasterxml\jackson\core\jackson-annotations\2.19.1\jackson-annotations-2.19.1.jar;C:\Users\user\.m2\repository\com\fasterxml\jackson\core\jackson-core\2.19.1\jackson-core-2.19.1.jar;C:\Users\user\.m2\repository\com\netflix\netflix-commons\netflix-eventbus\0.3.0\netflix-eventbus-0.3.0.jar;C:\Users\user\.m2\repository\com\netflix\netflix-commons\netflix-infix\0.3.0\netflix-infix-0.3.0.jar;C:\Users\user\.m2\repository\commons-jxpath\commons-jxpath\1.3\commons-jxpath-1.3.jar;C:\Users\user\.m2\repository\joda-time\joda-time\2.3\joda-time-2.3.jar;C:\Users\user\.m2\repository\org\antlr\antlr-runtime\3.4\antlr-runtime-3.4.jar;C:\Users\user\.m2\repository\org\antlr\stringtemplate\3.2.1\stringtemplate-3.2.1.jar;C:\Users\user\.m2\repository\antlr\antlr\2.7.7\antlr-2.7.7.jar;C:\Users\user\.m2\repository\com\google\guava\guava\14.0.1\guava-14.0.1.jar;C:\Users\user\.m2\repository\com\google\code\gson\gson\2.13.1\gson-2.13.1.jar;C:\Users\user\.m2\repository\com\google\errorprone\error_prone_annotations\2.38.0\error_prone_annotations-2.38.0.jar;C:\Users\user\.m2\repository\com\netflix\servo\servo-core\0.5.3\servo-core-0.5.3.jar;C:\Users\user\.m2\repository\org\apache\commons\commons-math\2.2\commons-math-2.2.jar;C:\Users\user\.m2\repository\javax\annotation\javax.annotation-api\1.2\javax.annotation-api-1.2.jar;C:\Users\user\.m2\repository\org\codehaus\jettison\jettison\1.5.4\jettison-1.5.4.jar;C:\Users\user\.m2\repository\org\springframework\cloud\spring-cloud-starter-loadbalancer\4.3.0\spring-cloud-starter-loadbalancer-4.3.0.jar;C:\Users\user\.m2\repository\org\springframework\cloud\spring-cloud-loadbalancer\4.3.0\spring-cloud-loadbalancer-4.3.0.jar;C:\Users\user\.m2\repository\io\projectreactor\addons\reactor-extra\3.5.2\reactor-extra-3.5.2.jar;C:\Users\user\.m2\repository\org\springframework\boot\spring-boot-starter-cache\3.5.3\spring-boot-starter-cache-3.5.3.jar;C:\Users\user\.m2\repository\com\stoyanr\evictor\1.0.0\evictor-1.0.0.jar;C:\Users\user\.m2\repository\org\projectlombok\lombok\1.18.38\lombok-1.18.38.jar;C:\Users\user\.m2\repository\jakarta\xml\bind\jakarta.xml.bind-api\4.0.2\jakarta.xml.bind-api-4.0.2.jar;C:\Users\user\.m2\repository\jakarta\activation\jakarta.activation-api\2.1.3\jakarta.activation-api-2.1.3.jar;C:\Users\user\.m2\repository\org\springframework\spring-core\6.2.8\spring-core-6.2.8.jar;C:\Users\user\.m2\repository\org\springframework\spring-jcl\6.2.8\spring-jcl-6.2.8.jar;C:\Users\user\.m2\repository\org\springframework\boot\spring-boot-starter-data-redis\3.5.3\spring-boot-starter-data-redis-3.5.3.jar;C:\Users\user\.m2\repository\io\lettuce\lettuce-core\6.6.0.RELEASE\lettuce-core-6.6.0.RELEASE.jar;C:\Users\user\.m2\repository\redis\clients\authentication\redis-authx-core\0.1.1-beta2\redis-authx-core-0.1.1-beta2.jar;C:\Users\user\.m2\repository\io\netty\netty-common\4.1.122.Final\netty-common-4.1.122.Final.jar;C:\Users\user\.m2\repository\io\netty\netty-handler\4.1.122.Final\netty-handler-4.1.122.Final.jar;C:\Users\user\.m2\repository\io\netty\netty-resolver\4.1.122.Final\netty-resolver-4.1.122.Final.jar;C:\Users\user\.m2\repository\io\netty\netty-buffer\4.1.122.Final\netty-buffer-4.1.122.Final.jar;C:\Users\user\.m2\repository\io\netty\netty-transport-native-unix-common\4.1.122.Final\netty-transport-native-unix-common-4.1.122.Final.jar;C:\Users\user\.m2\repository\io\netty\netty-codec\4.1.122.Final\netty-codec-4.1.122.Final.jar;C:\Users\user\.m2\repository\io\netty\netty-transport\4.1.122.Final\netty-transport-4.1.122.Final.jar;C:\Users\user\.m2\repository\io\projectreactor\reactor-core\3.7.7\reactor-core-3.7.7.jar;C:\Users\user\.m2\repository\org\reactivestreams\reactive-streams\1.0.4\reactive-streams-1.0.4.jar;C:\Users\user\.m2\repository\org\springframework\data\spring-data-redis\3.5.1\spring-data-redis-3.5.1.jar;C:\Users\user\.m2\repository\org\springframework\data\spring-data-keyvalue\3.5.1\spring-data-keyvalue-3.5.1.jar;C:\Users\user\.m2\repository\org\springframework\spring-oxm\6.2.8\spring-oxm-6.2.8.jar;C:\Users\user\.m2\repository\org\springframework\spring-context-support\6.2.8\spring-context-support-6.2.8.jar;C:\Users\user\.m2\repository\org\springframework\boot\spring-boot-starter-security\3.5.3\spring-boot-starter-security-3.5.3.jar;C:\Users\user\.m2\repository\org\springframework\spring-aop\6.2.8\spring-aop-6.2.8.jar;C:\Users\user\.m2\repository\org\springframework\security\spring-security-config\6.5.1\spring-security-config-6.5.1.jar;C:\Users\user\.m2\repository\org\springframework\security\spring-security-core\6.5.1\spring-security-core-6.5.1.jar;C:\Users\user\.m2\repository\org\springframework\security\spring-security-web\6.5.1\spring-security-web-6.5.1.jar;C:\Users\user\.m2\repository\io\jsonwebtoken\jjwt-api\0.12.5\jjwt-api-0.12.5.jar;C:\Users\user\.m2\repository\io\jsonwebtoken\jjwt-impl\0.12.5\jjwt-impl-0.12.5.jar;C:\Users\user\.m2\repository\io\jsonwebtoken\jjwt-jackson\0.12.5\jjwt-jackson-0.12.5.jar;C:\Users\user\.m2\repository\com\fasterxml\jackson\core\jackson-databind\2.19.1\jackson-databind-2.19.1.jar
Launcher Type: SUN_STANDARD

[Global flags]
     intx CICompilerCount                          = 3                                         {product} {ergonomic}
     uint ConcGCThreads                            = 1                                         {product} {ergonomic}
     uint G1ConcRefinementThreads                  = 4                                         {product} {ergonomic}
   size_t G1HeapRegionSize                         = 1048576                                   {product} {ergonomic}
    uintx GCDrainStackTargetSize                   = 64                                        {product} {ergonomic}
   size_t InitialHeapSize                          = 62914560                                  {product} {ergonomic}
   size_t MarkStackSize                            = 4194304                                   {product} {ergonomic}
   size_t MaxHeapSize                              = 1002438656                                {product} {ergonomic}
   size_t MaxNewSize                               = 600834048                                 {product} {ergonomic}
   size_t MinHeapDeltaBytes                        = 1048576                                   {product} {ergonomic}
   size_t MinHeapSize                              = 8388608                                   {product} {ergonomic}
    uintx NonNMethodCodeHeapSize                   = 5832780                                {pd product} {ergonomic}
    uintx NonProfiledCodeHeapSize                  = 122912730                              {pd product} {ergonomic}
    uintx ProfiledCodeHeapSize                     = 122912730                              {pd product} {ergonomic}
    uintx ReservedCodeCacheSize                    = 251658240                              {pd product} {ergonomic}
     bool SegmentedCodeCache                       = true                                      {product} {ergonomic}
   size_t SoftMaxHeapSize                          = 1002438656                             {manageable} {ergonomic}
     bool UseCompressedClassPointers               = true                           {product lp64_product} {ergonomic}
     bool UseCompressedOops                        = true                           {product lp64_product} {ergonomic}
     bool UseG1GC                                  = true                                      {product} {ergonomic}
     bool UseLargePagesIndividualAllocation        = false                                  {pd product} {ergonomic}

Logging:
Log output configuration:
 #0: stdout all=warning uptime,level,tags foldmultilines=false
 #1: stderr all=off uptime,level,tags foldmultilines=false

Environment Variables:
JAVA_HOME=C:\Program Files\Java\jdk-19
PATH=C:\Program Files\Java\jdk-19\bin;C:\Program Files\Common Files\Oracle\Java\javapath;C:\WINDOWS\system32;C:\WINDOWS;C:\WINDOWS\System32\Wbem;C:\WINDOWS\System32\WindowsPowerShell\v1.0\;C:\WINDOWS\System32\OpenSSH\;C:\Program Files\dotnet\;C:\MinGW\bin;C:\Program Files\apache-maven-3.9.2\bin;C:\Program Files\Git\cmd;C:\ProgramData\chocolatey\bin;C:\Users\user\AppData\Local\nvm;C:\nvm4w\nodejs;C:\Program Files\nodejs\;C:\Program Files\Java\jdk-19\bin;C:\Program Files\Erlang OTP\bin;C:\Program Files\MySQL\MySQL Shell 8.0\bin\;C:\Users\user\AppData\Local\Microsoft\WindowsApps;C:\Program Files\Git\cmd;C:\Users\user\AppData\Local\Programs\Microsoft VS Code\bin;E:\MinGW\bin;C:\Program Files\MySQL\MySQL Server 8.0\bin;C:\Users\user\eclipse-workspace\PabitraJava\bin;C:\Program Files\Java\jdk-19\bin;C:\Users\user\eclipse-workspace\javaHibernate;C:\Program Files\apache-maven-3.9.2\bin;C:\Users\user\AppData\Local\nvm;C:\nvm4w\nodejs;C:\Program Files\PostgreSQL\17\bin;C:\Users\user\AppData\Roaming\npm;C:\Program Files\JetBrains\IntelliJ IDEA 2025.2.5\bin;C:\Program Files\JetBrains\PyCharm 2026.1.1\bin;C:\Program Files\Java\jdk-19\bin;C:\Program Files\Redis
USERNAME=user
OS=Windows_NT
PROCESSOR_IDENTIFIER=Intel64 Family 6 Model 140 Stepping 1, GenuineIntel
TMP=C:\Users\user\AppData\Local\Temp
TEMP=C:\Users\user\AppData\Local\Temp



---------------  S Y S T E M  ---------------

OS:
 Windows 11 , 64 bit Build 26100 (10.0.26100.9168)
OS uptime: 1 days 8:45 hours
Hyper-V role detected

CPU: total 4 (initial active 4) (2 cores per cpu, 2 threads per core) family 6 model 140 stepping 1 microcode 0xbe, cx8, cmov, fxsr, ht, mmx, 3dnowpref, sse, sse2, sse3, ssse3, sse4.1, sse4.2, popcnt, lzcnt, tsc, tscinvbit, avx, avx2, aes, erms, clmul, bmi1, bmi2, adx, avx512f, avx512dq, avx512cd, avx512bw, avx512vl, sha, fma, vzeroupper, avx512_vpopcntdq, avx512_vpclmulqdq, avx512_vaes, avx512_vnni, clflush, clflushopt, clwb, avx512_vbmi2, avx512_vbmi, hv, rdtscp, rdpid, fsrm, gfni, avx512_bitalg

Memory: 4k page, system-wide physical 3818M (16M free)
TotalPageFile size 15594M (AvailPageFile size 3M)
current process WorkingSet (physical memory assigned to process): 21M, peak: 280M
current process commit charge ("private bytes"): 314M, peak: 329M

vm_info: Java HotSpot(TM) 64-Bit Server VM (19.0.1+10-21) for windows-amd64 JRE (19.0.1+10-21), built on 2022-09-14T12:45:06Z by "mach5one" with MS VC++ 17.1 (VS2022)

END.
