#
# There is insufficient memory for the Java Runtime Environment to continue.
# Native memory allocation (malloc) failed to allocate 1269856 bytes for Chunk::new
# Possible reasons:
#   The system is out of physical RAM or swap space
#   The process is running with CompressedOops enabled, and the Java Heap may be blocking the growth of the native heap
# Possible solutions:
#   Reduce memory load on the system
#   Increase physical memory or swap space
#   Check if swap backing store is full
#   Decrease Java heap size (-Xmx/-Xms)
#   Decrease number of Java threads
#   Decrease Java thread stack sizes (-Xss)
#   Set larger code cache with -XX:ReservedCodeCacheSize=
#   JVM is running with Unscaled Compressed Oops mode in which the Java heap is
#     placed in the first 4GB address space. The Java Heap base address is the
#     maximum limit for the native heap growth. Please use -XX:HeapBaseMinAddress
#     to set the Java Heap base and to place the Java Heap above 4GB virtual address.
# This output file may be truncated or incomplete.
#
#  Out of Memory Error (arena.cpp:184), pid=16900, tid=14708
#
# JRE version: Java(TM) SE Runtime Environment (19.0.1+10) (build 19.0.1+10-21)
# Java VM: Java HotSpot(TM) 64-Bit Server VM (19.0.1+10-21, mixed mode, sharing, tiered, compressed oops, compressed class ptrs, g1 gc, windows-amd64)
# No core dump will be written. Minidumps are not enabled by default on client versions of Windows
#

---------------  S U M M A R Y ------------

Command Line: -javaagent:C:\Program Files\JetBrains\IntelliJ IDEA 2025.2.5\lib\idea_rt.jar=47440 -Dfile.encoding=UTF-8 -Dsun.stdout.encoding=UTF-8 -Dsun.stderr.encoding=UTF-8 com.fundoo.gateway.ApiGatewayApplication

Host: 11th Gen Intel(R) Core(TM) i3-1115G4 @ 3.00GHz, 4 cores, 3G,  Windows 11 , 64 bit Build 26100 (10.0.26100.7623)
Time: Fri Jul 10 15:48:47 2026 India Standard Time elapsed time: 14.394419 seconds (0d 0h 0m 14s)

---------------  T H R E A D  ---------------

Current thread (0x000002394448f900):  JavaThread "C2 CompilerThread0" daemon [_thread_in_native, id=14708, stack(0x000000c703800000,0x000000c703900000)]


Current CompileTask:
C2:  14394 2798   !   4       java.net.URL::<init> (543 bytes)

Stack: [0x000000c703800000,0x000000c703900000]
Native frames: (J=compiled Java code, j=interpreted, Vv=VM code, C=native code)
V  [jvm.dll+0x6ee8fa]
V  [jvm.dll+0x857a1e]
V  [jvm.dll+0x85940e]
V  [jvm.dll+0x859ac3]
V  [jvm.dll+0x28291f]
V  [jvm.dll+0xc9b5f]
V  [jvm.dll+0xc9ee5]
V  [jvm.dll+0x3bcbac]
V  [jvm.dll+0x386201]
V  [jvm.dll+0x38567a]
V  [jvm.dll+0x24c2c9]
V  [jvm.dll+0x24b671]
V  [jvm.dll+0x1d6d61]
V  [jvm.dll+0x25b0fa]
V  [jvm.dll+0x259588]
V  [jvm.dll+0x807928]
V  [jvm.dll+0x8015fa]
V  [jvm.dll+0x6ed5eb]
C  [ucrtbase.dll+0x37b0]
C  [KERNEL32.DLL+0x2e8d7]
C  [ntdll.dll+0x8c53c]


---------------  P R O C E S S  ---------------

Threads class SMR info:
_java_thread_list=0x000002394940de60, length=14, elements={
0x0000023926df3060, 0x000002394447fd40, 0x0000023944481670, 0x0000023944488770,
0x000002394448b1a0, 0x000002394448c8d0, 0x000002394448d2f0, 0x000002394448f900,
0x00000239444996c0, 0x00000239444d63a0, 0x0000023944458eb0, 0x0000023948cab8a0,
0x0000023948cabde0, 0x00000239488c5bb0
}

Java Threads: ( => current thread )
  0x0000023926df3060 JavaThread "main" [_thread_in_native_trans, id=1724, stack(0x000000c702b00000,0x000000c702c00000)]
  0x000002394447fd40 JavaThread "Reference Handler" daemon [_thread_blocked, id=13324, stack(0x000000c703200000,0x000000c703300000)]
  0x0000023944481670 JavaThread "Finalizer" daemon [_thread_blocked, id=7916, stack(0x000000c703300000,0x000000c703400000)]
  0x0000023944488770 JavaThread "Signal Dispatcher" daemon [_thread_blocked, id=4116, stack(0x000000c703400000,0x000000c703500000)]
  0x000002394448b1a0 JavaThread "Attach Listener" daemon [_thread_blocked, id=6208, stack(0x000000c703500000,0x000000c703600000)]
  0x000002394448c8d0 JavaThread "Service Thread" daemon [_thread_blocked, id=6036, stack(0x000000c703600000,0x000000c703700000)]
  0x000002394448d2f0 JavaThread "Monitor Deflation Thread" daemon [_thread_blocked, id=8004, stack(0x000000c703700000,0x000000c703800000)]
=>0x000002394448f900 JavaThread "C2 CompilerThread0" daemon [_thread_in_native, id=14708, stack(0x000000c703800000,0x000000c703900000)]
  0x00000239444996c0 JavaThread "C1 CompilerThread0" daemon [_thread_blocked, id=11560, stack(0x000000c703900000,0x000000c703a00000)]
  0x00000239444d63a0 JavaThread "Sweeper thread" daemon [_thread_blocked, id=2944, stack(0x000000c703a00000,0x000000c703b00000)]
  0x0000023944458eb0 JavaThread "Common-Cleaner" daemon [_thread_blocked, id=16240, stack(0x000000c703b00000,0x000000c703c00000)]
  0x0000023948cab8a0 JavaThread "Monitor Ctrl-Break" daemon [_thread_in_native, id=11644, stack(0x000000c703c00000,0x000000c703d00000)]
  0x0000023948cabde0 JavaThread "Notification Thread" daemon [_thread_blocked, id=9032, stack(0x000000c703d00000,0x000000c703e00000)]
  0x00000239488c5bb0 JavaThread "background-preinit" [_thread_in_native, id=9708, stack(0x000000c704200000,0x000000c704300000)]

Other Threads:
  0x00000239444677c0 VMThread "VM Thread" [stack: 0x000000c703100000,0x000000c703200000] [id=3648]
  0x0000023926df3af0 WatcherThread "VM Periodic Task Thread" [stack: 0x000000c703e00000,0x000000c703f00000] [id=8076]
  0x0000023926e32ec0 WorkerThread "GC Thread#0" [stack: 0x000000c702c00000,0x000000c702d00000] [id=14504]
  0x000002394900ec20 WorkerThread "GC Thread#1" [stack: 0x000000c703f00000,0x000000c704000000] [id=3608]
  0x0000023949034ea0 WorkerThread "GC Thread#2" [stack: 0x000000c704000000,0x000000c704100000] [id=14920]
  0x0000023949035170 WorkerThread "GC Thread#3" [stack: 0x000000c704100000,0x000000c704200000] [id=10548]
  0x0000023926e3b5a0 ConcurrentGCThread "G1 Main Marker" [stack: 0x000000c702d00000,0x000000c702e00000] [id=14288]
  0x0000023926e3ce40 WorkerThread "G1 Conc#0" [stack: 0x000000c702e00000,0x000000c702f00000] [id=8520]
  0x0000023926e942f0 ConcurrentGCThread "G1 Refine#0" [stack: 0x000000c702f00000,0x000000c703000000] [id=10540]
  0x0000023926e94e30 ConcurrentGCThread "G1 Service" [stack: 0x000000c703000000,0x000000c703100000] [id=5316]

Threads with active compile tasks:
C2 CompilerThread0    14462 2798   !   4       java.net.URL::<init> (543 bytes)

VM state: not at safepoint (normal execution)

VM Mutex/Monitor currently owned by a thread: None

Heap address: 0x00000000c4400000, size: 956 MB, Compressed Oops mode: 32-bit

CDS archive(s) mapped at: [0x0000000800000000-0x0000000800c40000-0x0000000800c40000), size 12845056, SharedBaseAddress: 0x0000000800000000, ArchiveRelocationMode: 0.
Compressed class space mapped at: 0x0000000801000000-0x0000000841000000, reserved size: 1073741824
Narrow klass base: 0x0000000800000000, Narrow klass shift: 0, Narrow klass range: 0x100000000

GC Precious Log:
 CardTable entry size: 512
 Card Set container configuration: InlinePtr #cards 5 size 8 Array Of Cards #cards 12 size 40 Howl #buckets 4 coarsen threshold 1843 Howl Bitmap #cards 512 size 80 coarsen threshold 460 Card regions per heap region 1 cards per card region 2048
 CPUs: 4 total, 4 available
 Memory: 3818M
 Large Page Support: Disabled
 NUMA Support: Disabled
 Compressed Oops: Enabled (32-bit)
 Heap Region Size: 1M
 Heap Min Capacity: 8M
 Heap Initial Capacity: 60M
 Heap Max Capacity: 956M
 Pre-touch: Disabled
 Parallel Workers: 4
 Concurrent Workers: 1
 Concurrent Refinement Workers: 4
 Periodic GC: Disabled

Heap:
 garbage-first heap   total 61440K, used 35197K [0x00000000c4400000, 0x0000000100000000)
  region size 1024K, 20 young (20480K), 3 survivors (3072K)
 Metaspace       used 18192K, committed 18496K, reserved 1114112K
  class space    used 2191K, committed 2304K, reserved 1048576K

Heap Regions: E=young(eden), S=young(survivor), O=old, HS=humongous(starts), HC=humongous(continues), CS=collection set, F=free, OA=open archive, CA=closed archive, TAMS=top-at-mark-start (previous, next)
|   0|0x00000000c4400000, 0x00000000c4500000, 0x00000000c4500000|100%|HS|  |TAMS 0x00000000c4400000, 0x00000000c4400000| Complete 
|   1|0x00000000c4500000, 0x00000000c4600000, 0x00000000c4600000|100%|HS|  |TAMS 0x00000000c4500000, 0x00000000c4500000| Complete 
|   2|0x00000000c4600000, 0x00000000c4700000, 0x00000000c4700000|100%| O|  |TAMS 0x00000000c4600000, 0x00000000c4600000| Untracked 
|   3|0x00000000c4700000, 0x00000000c4800000, 0x00000000c4800000|100%| O|  |TAMS 0x00000000c4700000, 0x00000000c4700000| Untracked 
|   4|0x00000000c4800000, 0x00000000c4900000, 0x00000000c4900000|100%| O|  |TAMS 0x00000000c4800000, 0x00000000c4800000| Untracked 
|   5|0x00000000c4900000, 0x00000000c4a00000, 0x00000000c4a00000|100%| O|  |TAMS 0x00000000c4900000, 0x00000000c4900000| Untracked 
|   6|0x00000000c4a00000, 0x00000000c4b00000, 0x00000000c4b00000|100%| O|  |TAMS 0x00000000c4a00000, 0x00000000c4a00000| Untracked 
|   7|0x00000000c4b00000, 0x00000000c4c00000, 0x00000000c4c00000|100%| O|  |TAMS 0x00000000c4b00000, 0x00000000c4b00000| Untracked 
|   8|0x00000000c4c00000, 0x00000000c4d00000, 0x00000000c4d00000|100%| O|  |TAMS 0x00000000c4c00000, 0x00000000c4c00000| Untracked 
|   9|0x00000000c4d00000, 0x00000000c4e00000, 0x00000000c4e00000|100%| O|  |TAMS 0x00000000c4d00000, 0x00000000c4d00000| Untracked 
|  10|0x00000000c4e00000, 0x00000000c4f00000, 0x00000000c4f00000|100%| O|  |TAMS 0x00000000c4e00000, 0x00000000c4e00000| Untracked 
|  11|0x00000000c4f00000, 0x00000000c5000000, 0x00000000c5000000|100%| O|  |TAMS 0x00000000c4f00000, 0x00000000c4f00000| Untracked 
|  12|0x00000000c5000000, 0x00000000c5100000, 0x00000000c5100000|100%| O|  |TAMS 0x00000000c5000000, 0x00000000c5000000| Untracked 
|  13|0x00000000c5100000, 0x00000000c5200000, 0x00000000c5200000|100%| O|  |TAMS 0x00000000c5100000, 0x00000000c5100000| Untracked 
|  14|0x00000000c5200000, 0x00000000c5300000, 0x00000000c5300000|100%| O|  |TAMS 0x00000000c5200000, 0x00000000c5200000| Untracked 
|  15|0x00000000c5300000, 0x00000000c5300000, 0x00000000c5400000|  0%| F|  |TAMS 0x00000000c5300000, 0x00000000c5300000| Untracked 
|  16|0x00000000c5400000, 0x00000000c5400000, 0x00000000c5500000|  0%| F|  |TAMS 0x00000000c5400000, 0x00000000c5400000| Untracked 
|  17|0x00000000c5500000, 0x00000000c5500000, 0x00000000c5600000|  0%| F|  |TAMS 0x00000000c5500000, 0x00000000c5500000| Untracked 
|  18|0x00000000c5600000, 0x00000000c5600000, 0x00000000c5700000|  0%| F|  |TAMS 0x00000000c5600000, 0x00000000c5600000| Untracked 
|  19|0x00000000c5700000, 0x00000000c5700000, 0x00000000c5800000|  0%| F|  |TAMS 0x00000000c5700000, 0x00000000c5700000| Untracked 
|  20|0x00000000c5800000, 0x00000000c5800000, 0x00000000c5900000|  0%| F|  |TAMS 0x00000000c5800000, 0x00000000c5800000| Untracked 
|  21|0x00000000c5900000, 0x00000000c5900000, 0x00000000c5a00000|  0%| F|  |TAMS 0x00000000c5900000, 0x00000000c5900000| Untracked 
|  22|0x00000000c5a00000, 0x00000000c5a00000, 0x00000000c5b00000|  0%| F|  |TAMS 0x00000000c5a00000, 0x00000000c5a00000| Untracked 
|  23|0x00000000c5b00000, 0x00000000c5c00000, 0x00000000c5c00000|100%| O|  |TAMS 0x00000000c5b00000, 0x00000000c5b00000| Untracked 
|  24|0x00000000c5c00000, 0x00000000c5c5f600, 0x00000000c5d00000| 37%| O|  |TAMS 0x00000000c5c00000, 0x00000000c5c00000| Untracked 
|  25|0x00000000c5d00000, 0x00000000c5d00000, 0x00000000c5e00000|  0%| F|  |TAMS 0x00000000c5d00000, 0x00000000c5d00000| Untracked 
|  26|0x00000000c5e00000, 0x00000000c5e00000, 0x00000000c5f00000|  0%| F|  |TAMS 0x00000000c5e00000, 0x00000000c5e00000| Untracked 
|  27|0x00000000c5f00000, 0x00000000c5f00000, 0x00000000c6000000|  0%| F|  |TAMS 0x00000000c5f00000, 0x00000000c5f00000| Untracked 
|  28|0x00000000c6000000, 0x00000000c6000000, 0x00000000c6100000|  0%| F|  |TAMS 0x00000000c6000000, 0x00000000c6000000| Untracked 
|  29|0x00000000c6100000, 0x00000000c6100000, 0x00000000c6200000|  0%| F|  |TAMS 0x00000000c6100000, 0x00000000c6100000| Untracked 
|  30|0x00000000c6200000, 0x00000000c6200000, 0x00000000c6300000|  0%| F|  |TAMS 0x00000000c6200000, 0x00000000c6200000| Untracked 
|  31|0x00000000c6300000, 0x00000000c6300000, 0x00000000c6400000|  0%| F|  |TAMS 0x00000000c6300000, 0x00000000c6300000| Untracked 
|  32|0x00000000c6400000, 0x00000000c6400000, 0x00000000c6500000|  0%| F|  |TAMS 0x00000000c6400000, 0x00000000c6400000| Untracked 
|  33|0x00000000c6500000, 0x00000000c6600000, 0x00000000c6600000|100%| S|CS|TAMS 0x00000000c6500000, 0x00000000c6500000| Complete 
|  34|0x00000000c6600000, 0x00000000c6700000, 0x00000000c6700000|100%| S|CS|TAMS 0x00000000c6600000, 0x00000000c6600000| Complete 
|  35|0x00000000c6700000, 0x00000000c6800000, 0x00000000c6800000|100%| S|CS|TAMS 0x00000000c6700000, 0x00000000c6700000| Complete 
|  36|0x00000000c6800000, 0x00000000c6800000, 0x00000000c6900000|  0%| F|  |TAMS 0x00000000c6800000, 0x00000000c6800000| Untracked 
|  37|0x00000000c6900000, 0x00000000c6900000, 0x00000000c6a00000|  0%| F|  |TAMS 0x00000000c6900000, 0x00000000c6900000| Untracked 
|  38|0x00000000c6a00000, 0x00000000c6a00000, 0x00000000c6b00000|  0%| F|  |TAMS 0x00000000c6a00000, 0x00000000c6a00000| Untracked 
|  39|0x00000000c6b00000, 0x00000000c6b00000, 0x00000000c6c00000|  0%| F|  |TAMS 0x00000000c6b00000, 0x00000000c6b00000| Untracked 
|  40|0x00000000c6c00000, 0x00000000c6c00000, 0x00000000c6d00000|  0%| F|  |TAMS 0x00000000c6c00000, 0x00000000c6c00000| Untracked 
|  41|0x00000000c6d00000, 0x00000000c6d00000, 0x00000000c6e00000|  0%| F|  |TAMS 0x00000000c6d00000, 0x00000000c6d00000| Untracked 
|  42|0x00000000c6e00000, 0x00000000c6e00000, 0x00000000c6f00000|  0%| F|  |TAMS 0x00000000c6e00000, 0x00000000c6e00000| Untracked 
|  43|0x00000000c6f00000, 0x00000000c6fa9bf0, 0x00000000c7000000| 66%| E|  |TAMS 0x00000000c6f00000, 0x00000000c6f00000| Complete 
|  44|0x00000000c7000000, 0x00000000c7100000, 0x00000000c7100000|100%| E|CS|TAMS 0x00000000c7000000, 0x00000000c7000000| Complete 
|  45|0x00000000c7100000, 0x00000000c7200000, 0x00000000c7200000|100%| E|  |TAMS 0x00000000c7100000, 0x00000000c7100000| Complete 
|  46|0x00000000c7200000, 0x00000000c7300000, 0x00000000c7300000|100%| E|CS|TAMS 0x00000000c7200000, 0x00000000c7200000| Complete 
|  47|0x00000000c7300000, 0x00000000c7400000, 0x00000000c7400000|100%| E|CS|TAMS 0x00000000c7300000, 0x00000000c7300000| Complete 
|  48|0x00000000c7400000, 0x00000000c7500000, 0x00000000c7500000|100%| E|CS|TAMS 0x00000000c7400000, 0x00000000c7400000| Complete 
|  49|0x00000000c7500000, 0x00000000c7600000, 0x00000000c7600000|100%| E|CS|TAMS 0x00000000c7500000, 0x00000000c7500000| Complete 
|  50|0x00000000c7600000, 0x00000000c7700000, 0x00000000c7700000|100%| E|CS|TAMS 0x00000000c7600000, 0x00000000c7600000| Complete 
|  51|0x00000000c7700000, 0x00000000c7800000, 0x00000000c7800000|100%| E|CS|TAMS 0x00000000c7700000, 0x00000000c7700000| Complete 
|  52|0x00000000c7800000, 0x00000000c7900000, 0x00000000c7900000|100%| E|CS|TAMS 0x00000000c7800000, 0x00000000c7800000| Complete 
|  53|0x00000000c7900000, 0x00000000c7a00000, 0x00000000c7a00000|100%| E|CS|TAMS 0x00000000c7900000, 0x00000000c7900000| Complete 
|  54|0x00000000c7a00000, 0x00000000c7b00000, 0x00000000c7b00000|100%| E|CS|TAMS 0x00000000c7a00000, 0x00000000c7a00000| Complete 
|  55|0x00000000c7b00000, 0x00000000c7c00000, 0x00000000c7c00000|100%| E|CS|TAMS 0x00000000c7b00000, 0x00000000c7b00000| Complete 
|  56|0x00000000c7c00000, 0x00000000c7d00000, 0x00000000c7d00000|100%| E|CS|TAMS 0x00000000c7c00000, 0x00000000c7c00000| Complete 
|  57|0x00000000c7d00000, 0x00000000c7e00000, 0x00000000c7e00000|100%| E|CS|TAMS 0x00000000c7d00000, 0x00000000c7d00000| Complete 
|  58|0x00000000c7e00000, 0x00000000c7f00000, 0x00000000c7f00000|100%| E|CS|TAMS 0x00000000c7e00000, 0x00000000c7e00000| Complete 
|  59|0x00000000c7f00000, 0x00000000c8000000, 0x00000000c8000000|100%| E|CS|TAMS 0x00000000c7f00000, 0x00000000c7f00000| Complete 

Card table byte_map: [0x000002393fd50000,0x000002393ff30000] _byte_map_base: 0x000002393f72e000

Marking Bits (Prev, Next): (CMBitMap*) 0x0000023926e334f0, (CMBitMap*) 0x0000023926e33530
 Prev Bits: [0x0000023940110000, 0x0000023941000000)
 Next Bits: [0x0000023941000000, 0x0000023941ef0000)

Polling page: 0x0000023926ea0000

Metaspace:

Usage:
  Non-class:     15.63 MB used.
      Class:      2.14 MB used.
       Both:     17.77 MB used.

Virtual space:
  Non-class space:       64.00 MB reserved,      15.81 MB ( 25%) committed,  1 nodes.
      Class space:        1.00 GB reserved,       2.25 MB ( <1%) committed,  1 nodes.
             Both:        1.06 GB reserved,      18.06 MB (  2%) committed. 

Chunk freelists:
   Non-Class:  3.73 MB
       Class:  1.75 MB
        Both:  5.48 MB

MaxMetaspaceSize: unlimited
CompressedClassSpaceSize: 1.00 GB
Initial GC threshold: 21.00 MB
Current GC threshold: 21.00 MB
CDS: on
MetaspaceReclaimPolicy: balanced
 - commit_granule_bytes: 65536.
 - commit_granule_words: 8192.
 - virtual_space_node_default_size: 8388608.
 - enlarge_chunks_in_place: 1.
 - new_chunks_are_fully_committed: 0.
 - uncommit_free_chunks: 1.
 - use_allocation_guard: 0.


Internal statistics:

num_allocs_failed_limit: 0.
num_arena_births: 380.
num_arena_deaths: 0.
num_vsnodes_births: 2.
num_vsnodes_deaths: 0.
num_space_committed: 289.
num_space_uncommitted: 0.
num_chunks_returned_to_freelist: 0.
num_chunks_taken_from_freelist: 909.
num_chunk_merges: 0.
num_chunk_splits: 638.
num_chunks_enlarged: 488.
num_inconsistent_stats: 0.

CodeHeap 'non-profiled nmethods': size=120000Kb used=1251Kb max_used=1251Kb free=118749Kb
 bounds [0x0000023938020000, 0x0000023938290000, 0x000002393f550000]
CodeHeap 'profiled nmethods': size=120000Kb used=5470Kb max_used=5470Kb free=114529Kb
 bounds [0x0000023930550000, 0x0000023930ab0000, 0x0000023937a80000]
CodeHeap 'non-nmethods': size=5760Kb used=1313Kb max_used=1332Kb free=4446Kb
 bounds [0x0000023937a80000, 0x0000023937cf0000, 0x0000023938020000]
 total_blobs=3332 nmethods=2815 adapters=427
 compilation: enabled
              stopped_count=0, restarted_count=0
 full_count=0

Compilation events (20 events):
Event: 14.178 Thread 0x00000239444996c0 nmethod 2797 0x0000023930a98310 code [0x0000023930a984c0, 0x0000023930a98698]
Event: 14.195 Thread 0x000002394448f900 2798   !   4       java.net.URL::<init> (543 bytes)
Event: 14.225 Thread 0x00000239444996c0 2800       3       java.lang.invoke.TypeConvertingMethodAdapter::<init> (8 bytes)
Event: 14.226 Thread 0x00000239444996c0 nmethod 2800 0x0000023930a98790 code [0x0000023930a98940, 0x0000023930a98a88]
Event: 14.235 Thread 0x00000239444996c0 2801       3       jdk.internal.org.objectweb.asm.MethodVisitor::visitCode (15 bytes)
Event: 14.236 Thread 0x00000239444996c0 nmethod 2801 0x0000023930a98b10 code [0x0000023930a98cc0, 0x0000023930a98ec8]
Event: 14.239 Thread 0x00000239444996c0 2802       3       jdk.internal.org.objectweb.asm.MethodVisitor::visitMethodInsn (80 bytes)
Event: 14.240 Thread 0x00000239444996c0 nmethod 2802 0x0000023930a98f90 code [0x0000023930a99180, 0x0000023930a99668]
Event: 14.242 Thread 0x00000239444996c0 2803       3       jdk.internal.org.objectweb.asm.MethodVisitor::visitMaxs (17 bytes)
Event: 14.243 Thread 0x00000239444996c0 nmethod 2803 0x0000023930a99810 code [0x0000023930a999c0, 0x0000023930a99bc8]
Event: 14.243 Thread 0x00000239444996c0 2804       3       jdk.internal.org.objectweb.asm.MethodVisitor::visitEnd (15 bytes)
Event: 14.244 Thread 0x00000239444996c0 nmethod 2804 0x0000023930a99c90 code [0x0000023930a99e40, 0x0000023930a9a048]
Event: 14.266 Thread 0x00000239444996c0 2806       3       java.lang.Package::<init> (47 bytes)
Event: 14.267 Thread 0x00000239444996c0 nmethod 2806 0x0000023930a9a110 code [0x0000023930a9a300, 0x0000023930a9a768]
Event: 14.331 Thread 0x00000239444996c0 2807       3       java.lang.CharacterData::of (136 bytes)
Event: 14.331 Thread 0x00000239444996c0 nmethod 2807 0x0000023930a9a990 code [0x0000023930a9abc0, 0x0000023930a9b498]
Event: 14.332 Thread 0x00000239444996c0 2808       3       java.lang.Character::isJavaIdentifierPart (5 bytes)
Event: 14.332 Thread 0x00000239444996c0 nmethod 2808 0x0000023930a9b690 code [0x0000023930a9b840, 0x0000023930a9ba98]
Event: 14.335 Thread 0x00000239444996c0 2809       3       jdk.internal.org.objectweb.asm.ClassWriter::visitEnd (1 bytes)
Event: 14.336 Thread 0x00000239444996c0 nmethod 2809 0x0000023930a9bb90 code [0x0000023930a9bd20, 0x0000023930a9be38]

GC Heap History (10 events):
Event: 5.229 GC heap before
{Heap before GC invocations=0 (full 0):
 garbage-first heap   total 61440K, used 14336K [0x00000000c4400000, 0x0000000100000000)
  region size 1024K, 13 young (13312K), 0 survivors (0K)
 Metaspace       used 2203K, committed 2432K, reserved 1114112K
  class space    used 198K, committed 320K, reserved 1048576K
}
Event: 5.249 GC heap after
{Heap after GC invocations=1 (full 0):
 garbage-first heap   total 61440K, used 7200K [0x00000000c4400000, 0x0000000100000000)
  region size 1024K, 2 young (2048K), 2 survivors (2048K)
 Metaspace       used 2203K, committed 2432K, reserved 1114112K
  class space    used 198K, committed 320K, reserved 1048576K
}
Event: 5.981 GC heap before
{Heap before GC invocations=1 (full 0):
 garbage-first heap   total 61440K, used 22560K [0x00000000c4400000, 0x0000000100000000)
  region size 1024K, 14 young (14336K), 2 survivors (2048K)
 Metaspace       used 4170K, committed 4416K, reserved 1114112K
  class space    used 402K, committed 512K, reserved 1048576K
}
Event: 6.006 GC heap after
{Heap after GC invocations=2 (full 0):
 garbage-first heap   total 61440K, used 14704K [0x00000000c4400000, 0x0000000100000000)
  region size 1024K, 2 young (2048K), 2 survivors (2048K)
 Metaspace       used 4170K, committed 4416K, reserved 1114112K
  class space    used 402K, committed 512K, reserved 1048576K
}
Event: 10.116 GC heap before
{Heap before GC invocations=2 (full 0):
 garbage-first heap   total 61440K, used 31088K [0x00000000c4400000, 0x0000000100000000)
  region size 1024K, 18 young (18432K), 2 survivors (2048K)
 Metaspace       used 8516K, committed 8704K, reserved 1114112K
  class space    used 941K, committed 1024K, reserved 1048576K
}
Event: 10.145 GC heap after
{Heap after GC invocations=3 (full 0):
 garbage-first heap   total 61440K, used 14947K [0x00000000c4400000, 0x0000000100000000)
  region size 1024K, 2 young (2048K), 2 survivors (2048K)
 Metaspace       used 8516K, committed 8704K, reserved 1114112K
  class space    used 941K, committed 1024K, reserved 1048576K
}
Event: 12.653 GC heap before
{Heap before GC invocations=3 (full 0):
 garbage-first heap   total 61440K, used 34403K [0x00000000c4400000, 0x0000000100000000)
  region size 1024K, 21 young (21504K), 2 survivors (2048K)
 Metaspace       used 13420K, committed 13824K, reserved 1114112K
  class space    used 1636K, committed 1856K, reserved 1048576K
}
Event: 12.670 GC heap after
{Heap after GC invocations=4 (full 0):
 garbage-first heap   total 61440K, used 16588K [0x00000000c4400000, 0x0000000100000000)
  region size 1024K, 2 young (2048K), 2 survivors (2048K)
 Metaspace       used 13420K, committed 13824K, reserved 1114112K
  class space    used 1636K, committed 1856K, reserved 1048576K
}
Event: 13.555 GC heap before
{Heap before GC invocations=4 (full 0):
 garbage-first heap   total 61440K, used 47308K [0x00000000c4400000, 0x0000000100000000)
  region size 1024K, 24 young (24576K), 2 survivors (2048K)
 Metaspace       used 16334K, committed 16704K, reserved 1114112K
  class space    used 2004K, committed 2176K, reserved 1048576K
}
Event: 13.567 GC heap after
{Heap after GC invocations=5 (full 0):
 garbage-first heap   total 61440K, used 19837K [0x00000000c4400000, 0x0000000100000000)
  region size 1024K, 3 young (3072K), 3 survivors (3072K)
 Metaspace       used 16334K, committed 16704K, reserved 1114112K
  class space    used 2004K, committed 2176K, reserved 1048576K
}

Dll operation events (10 events):
Event: 0.193 Loaded shared library C:\Program Files\Java\jdk-19\bin\java.dll
Event: 0.499 Loaded shared library C:\Program Files\Java\jdk-19\bin\jsvml.dll
Event: 2.419 Loaded shared library C:\Program Files\Java\jdk-19\bin\zip.dll
Event: 2.452 Loaded shared library C:\Program Files\Java\jdk-19\bin\instrument.dll
Event: 2.582 Loaded shared library C:\Program Files\Java\jdk-19\bin\net.dll
Event: 2.610 Loaded shared library C:\Program Files\Java\jdk-19\bin\nio.dll
Event: 2.671 Loaded shared library C:\Program Files\Java\jdk-19\bin\zip.dll
Event: 4.520 Loaded shared library C:\Program Files\Java\jdk-19\bin\extnet.dll
Event: 4.702 Loaded shared library C:\Program Files\Java\jdk-19\bin\jimage.dll
Event: 13.075 Loaded shared library C:\Program Files\Java\jdk-19\bin\verify.dll

Deoptimization events (20 events):
Event: 14.126 Thread 0x0000023926df3060 Uncommon trap: trap_request=0xffffff45 fr.pc=0x00000239380e1338 relative=0x0000000000000778
Event: 14.126 Thread 0x0000023926df3060 Uncommon trap: reason=unstable_if action=reinterpret pc=0x00000239380e1338 method=java.util.ArrayList.grow(I)[Ljava/lang/Object; @ 17 c2
Event: 14.126 Thread 0x0000023926df3060 DEOPT PACKING pc=0x00000239380e1338 sp=0x000000c702bff010
Event: 14.127 Thread 0x0000023926df3060 DEOPT UNPACKING pc=0x0000023937aea5a3 sp=0x000000c702bfeea8 mode 2
Event: 14.132 Thread 0x0000023926df3060 Uncommon trap: trap_request=0xffffff45 fr.pc=0x0000023938155fd8 relative=0x00000000000000b8
Event: 14.132 Thread 0x0000023926df3060 Uncommon trap: reason=unstable_if action=reinterpret pc=0x0000023938155fd8 method=org.springframework.util.ObjectUtils.nullSafeEquals(Ljava/lang/Object;Ljava/lang/Object;)Z @ 8 c2
Event: 14.132 Thread 0x0000023926df3060 DEOPT PACKING pc=0x0000023938155fd8 sp=0x000000c702bfea70
Event: 14.132 Thread 0x0000023926df3060 DEOPT UNPACKING pc=0x0000023937aea5a3 sp=0x000000c702bfea20 mode 2
Event: 14.167 Thread 0x00000239488c5bb0 Uncommon trap: trap_request=0xffffff45 fr.pc=0x0000023938035a94 relative=0x00000000000003d4
Event: 14.167 Thread 0x00000239488c5bb0 Uncommon trap: reason=unstable_if action=reinterpret pc=0x0000023938035a94 method=java.lang.StringLatin1.canEncode(I)Z @ 4 c2
Event: 14.167 Thread 0x00000239488c5bb0 DEOPT PACKING pc=0x0000023938035a94 sp=0x000000c7042fdc50
Event: 14.167 Thread 0x00000239488c5bb0 DEOPT UNPACKING pc=0x0000023937aea5a3 sp=0x000000c7042fdb78 mode 2
Event: 14.167 Thread 0x00000239488c5bb0 Uncommon trap: trap_request=0xffffff45 fr.pc=0x000002393803a100 relative=0x00000000000003c0
Event: 14.167 Thread 0x00000239488c5bb0 Uncommon trap: reason=unstable_if action=reinterpret pc=0x000002393803a100 method=java.lang.AbstractStringBuilder.isLatin1()Z @ 10 c2
Event: 14.167 Thread 0x00000239488c5bb0 DEOPT PACKING pc=0x000002393803a100 sp=0x000000c7042fdc70
Event: 14.167 Thread 0x00000239488c5bb0 DEOPT UNPACKING pc=0x0000023937aea5a3 sp=0x000000c7042fdbf0 mode 2
Event: 14.189 Thread 0x00000239488c5bb0 Uncommon trap: trap_request=0xffffff45 fr.pc=0x0000023938089f68 relative=0x0000000000000048
Event: 14.189 Thread 0x00000239488c5bb0 Uncommon trap: reason=unstable_if action=reinterpret pc=0x0000023938089f68 method=java.lang.CharacterData.of(I)Ljava/lang/CharacterData; @ 4 c2
Event: 14.189 Thread 0x00000239488c5bb0 DEOPT PACKING pc=0x0000023938089f68 sp=0x000000c7042fd3f0
Event: 14.189 Thread 0x00000239488c5bb0 DEOPT UNPACKING pc=0x0000023937aea5a3 sp=0x000000c7042fd388 mode 2

Classes loaded (20 events):
Event: 13.796 Loading class java/util/concurrent/ConcurrentLinkedQueue$Node
Event: 13.796 Loading class java/util/concurrent/ConcurrentLinkedQueue$Node done
Event: 13.805 Loading class java/util/concurrent/atomic/AtomicLongArray
Event: 13.805 Loading class java/util/concurrent/atomic/AtomicLongArray done
Event: 13.808 Loading class java/lang/invoke/VarHandleLongs$Array
Event: 13.812 Loading class java/lang/invoke/VarHandleLongs$Array done
Event: 13.813 Loading class java/util/concurrent/atomic/AtomicReferenceArray
Event: 13.817 Loading class java/util/concurrent/atomic/AtomicReferenceArray done
Event: 13.817 Loading class java/lang/invoke/VarHandleReferences$Array
Event: 13.818 Loading class java/lang/invoke/VarHandleReferences$Array done
Event: 14.155 Loading class sun/text/resources/cldr/FormatData_en
Event: 14.162 Loading class sun/text/resources/cldr/FormatData_en done
Event: 14.162 Loading class sun/text/resources/cldr/FormatData_en_US
Event: 14.162 Loading class sun/text/resources/cldr/FormatData_en_US done
Event: 14.176 Loading class java/lang/Short$ShortCache
Event: 14.177 Loading class java/lang/Short$ShortCache done
Event: 14.320 Loading class java/io/StringReader
Event: 14.320 Loading class java/io/StringReader done
Event: 14.320 Loading class java/io/CharArrayReader
Event: 14.321 Loading class java/io/CharArrayReader done

Classes unloaded (0 events):
No events

Classes redefined (0 events):
No events

Internal exceptions (20 events):
Event: 10.490 Thread 0x0000023926df3060 Exception <a 'java/lang/NoSuchMethodError'{0x00000000c7dbc168}: 'int java.lang.invoke.DirectMethodHandle$Holder.invokeStaticInit(java.lang.Object, long, long)'> (0x00000000c7dbc168) 
thrown [s\open\src\hotspot\share\interpreter\linkResolver.cpp, line 774]
Event: 10.491 Thread 0x0000023926df3060 Exception <a 'java/lang/NoSuchMethodError'{0x00000000c7dc2fd0}: 'int java.lang.invoke.DirectMethodHandle$Holder.invokeStaticInit(java.lang.Object, float, float)'> (0x00000000c7dc2fd0) 
thrown [s\open\src\hotspot\share\interpreter\linkResolver.cpp, line 774]
Event: 10.492 Thread 0x0000023926df3060 Exception <a 'java/lang/NoSuchMethodError'{0x00000000c7dc9e30}: 'int java.lang.invoke.DirectMethodHandle$Holder.invokeStaticInit(java.lang.Object, double, double)'> (0x00000000c7dc9e30) 
thrown [s\open\src\hotspot\share\interpreter\linkResolver.cpp, line 774]
Event: 10.493 Thread 0x0000023926df3060 Exception <a 'java/lang/NoSuchMethodError'{0x00000000c7dce440}: 'int java.lang.invoke.DirectMethodHandle$Holder.invokeStatic(java.lang.Object, long)'> (0x00000000c7dce440) 
thrown [s\open\src\hotspot\share\interpreter\linkResolver.cpp, line 774]
Event: 10.501 Thread 0x0000023926df3060 Exception <a 'java/lang/NoSuchMethodError'{0x00000000c7df1a68}: 'int java.lang.invoke.Invokers$Holder.linkToTargetMethod(java.lang.Object, java.lang.Object)'> (0x00000000c7df1a68) 
thrown [s\open\src\hotspot\share\interpreter\linkResolver.cpp, line 774]
Event: 10.550 Thread 0x0000023926df3060 Implicit null exception at 0x00000239380b8d91 to 0x00000239380b9400
Event: 10.552 Thread 0x0000023926df3060 Exception <a 'java/lang/NoSuchMethodError'{0x00000000c7c70070}: 'java.lang.Object java.lang.invoke.DirectMethodHandle$Holder.invokeSpecial(java.lang.Object, java.lang.Object, java.lang.Object, int, java.lang.Object)'> (0x00000000c7c70070) 
thrown [s\open\src\hotspot\share\interpreter\linkResolver.cpp, line 774]
Event: 10.552 Thread 0x0000023926df3060 Exception <a 'java/lang/NoSuchMethodError'{0x00000000c7c785e8}: 'java.lang.Object java.lang.invoke.DirectMethodHandle$Holder.newInvokeSpecial(java.lang.Object, java.lang.Object, java.lang.Object, int, java.lang.Object)'> (0x00000000c7c785e8) 
thrown [s\open\src\hotspot\share\interpreter\linkResolver.cpp, line 774]
Event: 10.553 Thread 0x0000023926df3060 Exception <a 'java/lang/NoSuchMethodError'{0x00000000c7c7ffd8}: 'java.lang.Object java.lang.invoke.Invokers$Holder.linkToTargetMethod(java.lang.Object, java.lang.Object, int, java.lang.Object, java.lang.Object)'> (0x00000000c7c7ffd8) 
thrown [s\open\src\hotspot\share\interpreter\linkResolver.cpp, line 774]
Event: 10.554 Thread 0x0000023926df3060 Exception <a 'java/lang/NoSuchMethodError'{0x00000000c7c8f860}: 'java.lang.Object java.lang.invoke.DirectMethodHandle$Holder.newInvokeSpecial(java.lang.Object, int, java.lang.Object)'> (0x00000000c7c8f860) 
thrown [s\open\src\hotspot\share\interpreter\linkResolver.cpp, line 774]
Event: 10.555 Thread 0x0000023926df3060 Exception <a 'java/lang/NoSuchMethodError'{0x00000000c7c943b0}: 'int java.lang.invoke.DirectMethodHandle$Holder.invokeSpecialIFC(java.lang.Object, java.lang.Object, java.lang.Object, java.lang.Object)'> (0x00000000c7c943b0) 
thrown [s\open\src\hotspot\share\interpreter\linkResolver.cpp, line 774]
Event: 10.609 Thread 0x0000023926df3060 Exception <a 'java/lang/NoSuchMethodError'{0x00000000c7b496f0}: 'void java.lang.invoke.DirectMethodHandle$Holder.invokeInterface(java.lang.Object, java.lang.Object, java.lang.Object)'> (0x00000000c7b496f0) 
thrown [s\open\src\hotspot\share\interpreter\linkResolver.cpp, line 774]
Event: 10.661 Thread 0x0000023926df3060 Exception <a 'java/lang/NoSuchMethodError'{0x00000000c7bca138}: 'java.lang.Object java.lang.invoke.Invokers$Holder.invoke_MT(java.lang.Object, java.lang.Object, java.lang.Object, java.lang.Object, java.lang.Object, java.lang.Object, java.lang.Object, java.lang.Object, java.lang.Object)'> (0x00000000c7bca138) 
thrown [s\open\src\hotspot\share\interpreter\linkResolver.cpp, line 774]
Event: 10.676 Thread 0x0000023926df3060 Exception <a 'java/lang/NoSuchMethodError'{0x00000000c7bf83e8}: 'java.lang.reflect.Field[] java.lang.Class.getDeclaredFields(java.lang.Class)'> (0x00000000c7bf83e8) 
thrown [s\open\src\hotspot\share\interpreter\linkResolver.cpp, line 774]
Event: 11.677 Thread 0x0000023926df3060 Exception <a 'java/lang/NoSuchMethodError'{0x00000000c7a97190}: 'void java.lang.invoke.DirectMethodHandle$Holder.invokeStaticInit(java.lang.Object, java.lang.Object, java.lang.Object)'> (0x00000000c7a97190) 
thrown [s\open\src\hotspot\share\interpreter\linkResolver.cpp, line 774]
Event: 11.716 Thread 0x0000023926df3060 Exception <a 'java/lang/NoSuchMethodError'{0x00000000c7902098}: 'java.lang.Object java.lang.invoke.DirectMethodHandle$Holder.invokeVirtual(java.lang.Object, java.lang.Object, java.lang.Object)'> (0x00000000c7902098) 
thrown [s\open\src\hotspot\share\interpreter\linkResolver.cpp, line 774]
Event: 11.809 Thread 0x0000023926df3060 Exception <a 'java/lang/NoSuchMethodError'{0x00000000c79d3ef0}: 'void java.lang.invoke.DirectMethodHandle$Holder.invokeVirtual(java.lang.Object, java.lang.Object, java.lang.Object, java.lang.Object)'> (0x00000000c79d3ef0) 
thrown [s\open\src\hotspot\share\interpreter\linkResolver.cpp, line 774]
Event: 12.113 Thread 0x0000023926df3060 Exception <a 'java/lang/IncompatibleClassChangeError'{0x00000000c7665100}: Found class java.lang.Object, but interface was expected> (0x00000000c7665100) 
thrown [s\open\src\hotspot\share\interpreter\linkResolver.cpp, line 841]
Event: 13.608 Thread 0x0000023926df3060 Exception <a 'java/lang/NoSuchMethodError'{0x00000000c7def690}: 'void java.lang.invoke.DirectMethodHandle$Holder.invokeSpecial(java.lang.Object, java.lang.Object, java.lang.Object, java.lang.Object, java.lang.Object, java.lang.Object)'> (0x00000000c7def690) 
thrown [s\open\src\hotspot\share\interpreter\linkResolver.cpp, line 774]
Event: 14.132 Thread 0x0000023926df3060 Implicit null exception at 0x0000023938155f3b to 0x0000023938155fc2

VM Operations (20 events):
Event: 11.480 Executing VM operation: Cleanup
Event: 11.484 Executing VM operation: Cleanup done
Event: 12.045 Executing VM operation: HandshakeAllThreads
Event: 12.045 Executing VM operation: HandshakeAllThreads done
Event: 12.056 Executing VM operation: HandshakeAllThreads
Event: 12.056 Executing VM operation: HandshakeAllThreads done
Event: 12.057 Executing VM operation: HandshakeAllThreads
Event: 12.057 Executing VM operation: HandshakeAllThreads done
Event: 12.650 Executing VM operation: G1CollectForAllocation
Event: 12.671 Executing VM operation: G1CollectForAllocation done
Event: 13.544 Executing VM operation: G1CollectForAllocation
Event: 13.567 Executing VM operation: G1CollectForAllocation done
Event: 14.136 Executing VM operation: HandshakeAllThreads
Event: 14.152 Executing VM operation: HandshakeAllThreads done
Event: 14.182 Executing VM operation: HandshakeAllThreads
Event: 14.182 Executing VM operation: HandshakeAllThreads done
Event: 14.188 Executing VM operation: HandshakeAllThreads
Event: 14.188 Executing VM operation: HandshakeAllThreads done
Event: 14.191 Executing VM operation: HandshakeAllThreads
Event: 14.191 Executing VM operation: HandshakeAllThreads done

Events (16 events):
Event: 0.501 Thread 0x0000023926df3060 Thread added: 0x0000023926df3060
Event: 0.769 Thread 0x000002394447fd40 Thread added: 0x000002394447fd40
Event: 0.769 Thread 0x0000023944481670 Thread added: 0x0000023944481670
Event: 0.773 Thread 0x0000023944488770 Thread added: 0x0000023944488770
Event: 0.773 Thread 0x000002394448b1a0 Thread added: 0x000002394448b1a0
Event: 0.774 Thread 0x000002394448c8d0 Thread added: 0x000002394448c8d0
Event: 0.774 Thread 0x000002394448d2f0 Thread added: 0x000002394448d2f0
Event: 0.774 Thread 0x000002394448f900 Thread added: 0x000002394448f900
Event: 0.775 Thread 0x00000239444996c0 Thread added: 0x00000239444996c0
Event: 0.775 Thread 0x00000239444d63a0 Thread added: 0x00000239444d63a0
Event: 2.148 Thread 0x0000023944458eb0 Thread added: 0x0000023944458eb0
Event: 4.415 Thread 0x0000023948cab8a0 Thread added: 0x0000023948cab8a0
Event: 4.415 Thread 0x0000023948cabde0 Thread added: 0x0000023948cabde0
Event: 11.300 Thread 0x000002394930a6e0 Thread added: 0x000002394930a6e0
Event: 11.598 Thread 0x000002394930a6e0 Thread exited: 0x000002394930a6e0
Event: 12.080 Thread 0x00000239488c5bb0 Thread added: 0x00000239488c5bb0


Dynamic libraries:
0x00007ff667d50000 - 0x00007ff667d60000 	C:\Program Files\Java\jdk-19\bin\java.exe
0x00007fff3b980000 - 0x00007fff3bbe7000 	C:\WINDOWS\SYSTEM32\ntdll.dll
0x00007fff3aeb0000 - 0x00007fff3af79000 	C:\WINDOWS\System32\KERNEL32.DLL
0x00007fff38b80000 - 0x00007fff38f6f000 	C:\WINDOWS\System32\KERNELBASE.dll
0x00007fff391b0000 - 0x00007fff392fb000 	C:\WINDOWS\System32\ucrtbase.dll
0x00007fff25e70000 - 0x00007fff25e88000 	C:\Program Files\Java\jdk-19\bin\jli.dll
0x00007fff1fba0000 - 0x00007fff1fbbb000 	C:\Program Files\Java\jdk-19\bin\VCRUNTIME140.dll
0x00007fff3adf0000 - 0x00007fff3aea4000 	C:\WINDOWS\System32\ADVAPI32.dll
0x00007fff3ad40000 - 0x00007fff3ade9000 	C:\WINDOWS\System32\msvcrt.dll
0x00007fff3ac60000 - 0x00007fff3ad06000 	C:\WINDOWS\System32\sechost.dll
0x00007fff397e0000 - 0x00007fff398f8000 	C:\WINDOWS\System32\RPCRT4.dll
0x00007fff3af80000 - 0x00007fff3b145000 	C:\WINDOWS\System32\USER32.dll
0x00007fff394f0000 - 0x00007fff39517000 	C:\WINDOWS\System32\win32u.dll
0x00007fff3aa90000 - 0x00007fff3aabb000 	C:\WINDOWS\System32\GDI32.dll
0x00007fff1fea0000 - 0x00007fff20133000 	C:\WINDOWS\WinSxS\amd64_microsoft.windows.common-controls_6595b64144ccf1df_6.0.26100.7309_none_3e05feeae336a044\COMCTL32.dll
0x00007fff393c0000 - 0x00007fff394ec000 	C:\WINDOWS\System32\gdi32full.dll
0x00007fff39100000 - 0x00007fff391a3000 	C:\WINDOWS\System32\msvcp_win.dll
0x00007fff31460000 - 0x00007fff3146b000 	C:\WINDOWS\SYSTEM32\VERSION.dll
0x00007fff3a720000 - 0x00007fff3a751000 	C:\WINDOWS\System32\IMM32.DLL
0x00007fff31ae0000 - 0x00007fff31aec000 	C:\Program Files\Java\jdk-19\bin\vcruntime140_1.dll
0x00007ffeeee90000 - 0x00007ffeeef1e000 	C:\Program Files\Java\jdk-19\bin\msvcp140.dll
0x00007ffeb9340000 - 0x00007ffeba000000 	C:\Program Files\Java\jdk-19\bin\server\jvm.dll
0x00007fff31ab0000 - 0x00007fff31aba000 	C:\WINDOWS\SYSTEM32\WSOCK32.dll
0x00007fff2fde0000 - 0x00007fff2fe15000 	C:\WINDOWS\SYSTEM32\WINMM.dll
0x00007fff39ab0000 - 0x00007fff39b24000 	C:\WINDOWS\System32\WS2_32.dll
0x00007fff37860000 - 0x00007fff3787b000 	C:\WINDOWS\SYSTEM32\kernel.appcore.dll
0x00007fff20160000 - 0x00007fff2016a000 	C:\Program Files\Java\jdk-19\bin\jimage.dll
0x00007fff360f0000 - 0x00007fff36332000 	C:\WINDOWS\SYSTEM32\DBGHELP.DLL
0x00007fff3a380000 - 0x00007fff3a706000 	C:\WINDOWS\System32\combase.dll
0x00007fff39b30000 - 0x00007fff39c06000 	C:\WINDOWS\System32\OLEAUT32.dll
0x00007fff1e030000 - 0x00007fff1e06c000 	C:\WINDOWS\SYSTEM32\dbgcore.DLL
0x00007fff38ad0000 - 0x00007fff38b75000 	C:\WINDOWS\System32\bcryptPrimitives.dll
0x00007fff1fd10000 - 0x00007fff1fd1e000 	C:\Program Files\Java\jdk-19\bin\instrument.dll
0x00007fff09f10000 - 0x00007fff09f36000 	C:\Program Files\Java\jdk-19\bin\java.dll
0x00007ffeeedb0000 - 0x00007ffeeee87000 	C:\Program Files\Java\jdk-19\bin\jsvml.dll
0x00007fff3b150000 - 0x00007fff3b8a3000 	C:\WINDOWS\System32\SHELL32.dll
0x00007fff39520000 - 0x00007fff3968a000 	C:\WINDOWS\System32\wintypes.dll
0x00007fff36690000 - 0x00007fff36eee000 	C:\WINDOWS\SYSTEM32\windows.storage.dll
0x00007fff399b0000 - 0x00007fff39aa5000 	C:\WINDOWS\System32\SHCORE.dll
0x00007fff3b8d0000 - 0x00007fff3b936000 	C:\WINDOWS\System32\shlwapi.dll
0x00007fff389f0000 - 0x00007fff38a19000 	C:\WINDOWS\SYSTEM32\profapi.dll
0x00007fff104a0000 - 0x00007fff104b8000 	C:\Program Files\Java\jdk-19\bin\zip.dll
0x00007fff1dc60000 - 0x00007fff1dc73000 	C:\Program Files\Java\jdk-19\bin\net.dll
0x00007fff2f9f0000 - 0x00007fff2fb18000 	C:\WINDOWS\SYSTEM32\WINHTTP.dll
0x00007fff37df0000 - 0x00007fff37e5b000 	C:\WINDOWS\system32\mswsock.dll
0x00007fff1d8d0000 - 0x00007fff1d8e6000 	C:\Program Files\Java\jdk-19\bin\nio.dll
0x00007fff1fc90000 - 0x00007fff1fc98000 	C:\Program Files\Java\jdk-19\bin\extnet.dll
0x00007fff37230000 - 0x00007fff37264000 	C:\WINDOWS\SYSTEM32\IPHLPAPI.DLL
0x00007fff39910000 - 0x00007fff3991a000 	C:\WINDOWS\System32\NSI.dll
0x00007fff32bf0000 - 0x00007fff32c0e000 	C:\WINDOWS\SYSTEM32\dhcpcsvc6.DLL
0x00007fff32bc0000 - 0x00007fff32be3000 	C:\WINDOWS\SYSTEM32\dhcpcsvc.DLL
0x00007fff372c0000 - 0x00007fff373ec000 	C:\WINDOWS\SYSTEM32\DNSAPI.dll
0x00007fff2f910000 - 0x00007fff2f91b000 	C:\Windows\System32\rasadhlp.dll
0x00007fff32db0000 - 0x00007fff32e36000 	C:\WINDOWS\System32\fwpuclnt.dll
0x00007fff1f7f0000 - 0x00007fff1f800000 	C:\Program Files\Java\jdk-19\bin\verify.dll

dbghelp: loaded successfully - version: 4.0.5 - missing functions: none
symbol engine: initialized successfully - sym options: 0x614 - pdb path: .;C:\Program Files\Java\jdk-19\bin;C:\WINDOWS\SYSTEM32;C:\WINDOWS\WinSxS\amd64_microsoft.windows.common-controls_6595b64144ccf1df_6.0.26100.7309_none_3e05feeae336a044;C:\Program Files\Java\jdk-19\bin\server

VM Arguments:
jvm_args: -javaagent:C:\Program Files\JetBrains\IntelliJ IDEA 2025.2.5\lib\idea_rt.jar=47440 -Dfile.encoding=UTF-8 -Dsun.stdout.encoding=UTF-8 -Dsun.stderr.encoding=UTF-8 
java_command: com.fundoo.gateway.ApiGatewayApplication
java_class_path (initial): D:\Bridgelabz Java\Backend Development\Microservices\FundooApp\api-gateway\target\classes;C:\Users\user\.m2\repository\org\springframework\cloud\spring-cloud-starter-gateway-server-webflux\4.3.0\spring-cloud-starter-gateway-server-webflux-4.3.0.jar;C:\Users\user\.m2\repository\org\springframework\cloud\spring-cloud-starter\4.3.0\spring-cloud-starter-4.3.0.jar;C:\Users\user\.m2\repository\org\springframework\cloud\spring-cloud-context\4.3.0\spring-cloud-context-4.3.0.jar;C:\Users\user\.m2\repository\org\springframework\security\spring-security-crypto\6.5.1\spring-security-crypto-6.5.1.jar;C:\Users\user\.m2\repository\org\springframework\cloud\spring-cloud-commons\4.3.0\spring-cloud-commons-4.3.0.jar;C:\Users\user\.m2\repository\org\bouncycastle\bcprov-jdk18on\1.80\bcprov-jdk18on-1.80.jar;C:\Users\user\.m2\repository\org\springframework\cloud\spring-cloud-gateway-server-webflux\4.3.0\spring-cloud-gateway-server-webflux-4.3.0.jar;C:\Users\user\.m2\repository\org\springframework\cloud\spring-cloud-gateway-server\4.3.0\spring-cloud-gateway-server-4.3.0.jar;C:\Users\user\.m2\repository\org\springframework\boot\spring-boot-starter-validation\3.5.3\spring-boot-starter-validation-3.5.3.jar;C:\Users\user\.m2\repository\org\apache\tomcat\embed\tomcat-embed-el\10.1.42\tomcat-embed-el-10.1.42.jar;C:\Users\user\.m2\repository\org\hibernate\validator\hibernate-validator\8.0.2.Final\hibernate-validator-8.0.2.Final.jar;C:\Users\user\.m2\repository\jakarta\validation\jakarta.validation-api\3.0.2\jakarta.validation-api-3.0.2.jar;C:\Users\user\.m2\repository\org\jboss\logging\jboss-logging\3.6.1.Final\jboss-logging-3.6.1.Final.jar;C:\Users\user\.m2\repository\com\fasterxml\classmate\1.7.0\classmate-1.7.0.jar;C:\Users\user\.m2\repository\io\projectreactor\addons\reactor-extra\3.5.2\reactor-extra-3.5.2.jar;C:\Users\user\.m2\repository\org\springframework\boot\spring-boot-starter-webflux\3.5.3\spring-boot-starter-webflux-3.5.3.jar;C:\Users\user\.m2\repository\org\springframework\boot\spring-boot-starter-json\3.5.3\spring-boot-starter-json-3.5.3.jar;C:\Users\user\.m2\repository\com\fasterxml\jackson\datatype\jackson-datatype-jdk8\2.19.1\jackson-datatype-jdk8-2.19.1.jar;C:\Users\user\.m2\repository\com\fasterxml\jackson\module\jackson-module-parameter-names\2.19.1\jackson-module-parameter-names-2.19.1.jar;C:\Users\user\.m2\repository\org\springframework\boot\spring-boot-starter-reactor-netty\3.5.3\spring-boot-starter-reactor-netty-3.5.3.jar;C:\Users\user\.m2\repository\io\projectreactor\netty\reactor-netty-http\1.2.7\reactor-netty-http-1.2.7.jar;C:\Users\user\.m2\repository\io\netty\netty-codec-http\4.1.122.Final\netty-codec-http-4.1.122.Final.jar;C:\Users\user\.m2\repository\io\netty\netty-common\4.1.122.Final\netty-common-4.1.122.Final.jar;C:\Users\user\.m2\repository\io\netty\netty-buffer\4.1.122.Final\netty-buffer-4.1.122.Final.jar;C:\Users\user\.m2\repository\io\netty\netty-transport\4.1.122.Final\netty-transport-4.1.122.Final.jar;C:\Users\user\.m2\repository\io\netty\netty-codec\4.1.122.Final\netty-codec-4.1.122.Final.jar;C:\Users\user\.m2\repository\io\netty\netty-handler\4.1.122.Final\netty-handler-4.1.122.Final.jar;C:\Users\user\.m2\repository\io\netty\netty-codec-http2\4.1.122.Final\netty-codec-http2-4.1.122.Final.jar;C:\Users\user\.m2\repository\io\netty\netty-resolver-dns\4.1.122.Final\netty-resolver-dns-4.1.122.Final.jar;C:\Users\user\.m2\repository\io\netty\netty-resolver\4.1.122.Final\netty-resolver-4.1.122.Final.jar;C:\Users\user\.m2\repository\io\netty\netty-codec-dns\4.1.122.Final\netty-codec-dns-4.1.122.Final.jar;C:\Users\user\.m2\repository\io\netty\netty-resolver-dns-native-macos\4.1.122.Final\netty-resolver-dns-native-macos-4.1.122.Final-osx-x86_64.jar;C:\Users\user\.m2\repository\io\netty\netty-resolver-dns-classes-macos\4.1.122.Final\netty-resolver-dns-classes-macos-4.1.122.Final.jar;C:\Users\user\.m2\repository\io\netty\netty-transport-native-epoll\4.1.122.Final\netty-transport-native-epoll-4.1.122.Final-linux-x86_64.jar;C:\Users\user\.m2\repository\io\netty\netty-transport-native-unix-common\4.1.122.Final\netty-transport-native-unix-common-4.1.122.Final.jar;C:\Users\user\.m2\repository\io\netty\netty-transport-classes-epoll\4.1.122.Final\netty-transport-classes-epoll-4.1.122.Final.jar;C:\Users\user\.m2\repository\io\projectreactor\netty\reactor-netty-core\1.2.7\reactor-netty-core-1.2.7.jar;C:\Users\user\.m2\repository\io\netty\netty-handler-proxy\4.1.122.Final\netty-handler-proxy-4.1.122.Final.jar;C:\Users\user\.m2\repository\io\netty\netty-codec-socks\4.1.122.Final\netty-codec-socks-4.1.122.Final.jar;C:\Users\user\.m2\repository\org\springframework\spring-web\6.2.8\spring-web-6.2.8.jar;C:\Users\user\.m2\repository\org\springframework\spring-webflux\6.2.8\spring-webflux-6.2.8.jar;C:\Users\user\.m2\repository\io\projectreactor\reactor-core\3.7.7\reactor-core-3.7.7.jar;C:\Users\user\.m2\repository\org\reactivestreams\reactive-streams\1.0.4\reactive-streams-1.0.4.jar;C:\Users\user\.m2\repository\org\springframework\boot\spring-boot-properties-migrator\3.5.3\spring-boot-properties-migrator-3.5.3.jar;C:\Users\user\.m2\repository\org\springframework\boot\spring-boot\3.5.3\spring-boot-3.5.3.jar;C:\Users\user\.m2\repository\org\springframework\boot\spring-boot-configuration-metadata\3.5.3\spring-boot-configuration-metadata-3.5.3.jar;C:\Users\user\.m2\repository\com\vaadin\external\google\android-json\0.0.20131108.vaadin1\android-json-0.0.20131108.vaadin1.jar;C:\Users\user\.m2\repository\org\springframework\cloud\spring-cloud-starter-netflix-eureka-client\4.3.0\spring-cloud-starter-netflix-eureka-client-4.3.0.jar;C:\Users\user\.m2\repository\org\springframework\cloud\spring-cloud-netflix-eureka-client\4.3.0\spring-cloud-netflix-eureka-client-4.3.0.jar;C:\Users\user\.m2\repository\org\apache\httpcomponents\client5\httpclient5\5.5\httpclient5-5.5.jar;C:\Users\user\.m2\repository\org\apache\httpcomponents\core5\httpcore5\5.3.4\httpcore5-5.3.4.jar;C:\Users\user\.m2\repository\org\apache\httpcomponents\core5\httpcore5-h2\5.3.4\httpcore5-h2-5.3.4.jar;C:\Users\user\.m2\repository\com\netflix\eureka\eureka-client\2.0.4\eureka-client-2.0.4.jar;C:\Users\user\.m2\repository\com\thoughtworks\xstream\xstream\1.4.20\xstream-1.4.20.jar;C:\Users\user\.m2\repository\io\github\x-stream\mxparser\1.2.2\mxparser-1.2.2.jar;C:\Users\user\.m2\repository\xmlpull\xmlpull\1.1.3.1\xmlpull-1.1.3.1.jar;C:\Users\user\.m2\repository\jakarta\ws\rs\jakarta.ws.rs-api\3.1.0\jakarta.ws.rs-api-3.1.0.jar;C:\Users\user\.m2\repository\jakarta\inject\jakarta.inject-api\2.0.1\jakarta.inject-api-2.0.1.jar;C:\Users\user\.m2\repository\jakarta\annotation\jakarta.annotation-api\2.1.1\jakarta.annotation-api-2.1.1.jar;C:\Users\user\.m2\repository\com\netflix\spectator\spectator-api\1.7.3\spectator-api-1.7.3.jar;C:\Users\user\.m2\repository\org\slf4j\slf4j-api\2.0.17\slf4j-api-2.0.17.jar;C:\Users\user\.m2\repository\org\apache\httpcomponents\httpclient\4.5.3\httpclient-4.5.3.jar;C:\Users\user\.m2\repository\org\apache\httpcomponents\httpcore\4.4.16\httpcore-4.4.16.jar;C:\Users\user\.m2\repository\commons-codec\commons-codec\1.18.0\commons-codec-1.18.0.jar;C:\Users\user\.m2\repository\commons-configuration\commons-configuration\1.10\commons-configuration-1.10.jar;C:\Users\user\.m2\repository\commons-lang\commons-lang\2.6\commons-lang-2.6.jar;C:\Users\user\.m2\repository\com\fasterxml\jackson\core\jackson-annotations\2.19.1\jackson-annotations-2.19.1.jar;C:\Users\user\.m2\repository\com\fasterxml\jackson\core\jackson-core\2.19.1\jackson-core-2.19.1.jar;C:\Users\user\.m2\repository\com\netflix\netflix-commons\netflix-eventbus\0.3.0\netflix-eventbus-0.3.0.jar;C:\Users\user\.m2\repository\com\netflix\netflix-commons\netflix-infix\0.3.0\netflix-infix-0.3.0.jar;C:\Users\user\.m2\repository\commons-jxpath\commons-jxpath\1.3\commons-jxpath-1.3.jar;C:\Users\user\.m2\repository\joda-time\joda-time\2.3\joda-time-2.3.jar;C:\Users\user\.m2\repository\org\antlr\antlr-runtime\3.4\antlr-runtime-3.4.jar;C:\Users\user\.m2\repository\org\antlr\stringtemplate\3.2.1\stringtemplate-3.2.1.jar;C:\Users\user\.m2\repository\antlr\antlr\2.7.7\antlr-2.7.7.jar;C:\Users\user\.m2\repository\com\google\guava\guava\14.0.1\guava-14.0.1.jar;C:\Users\user\.m2\repository\com\google\code\gson\gson\2.13.1\gson-2.13.1.jar;C:\Users\user\.m2\repository\com\google\errorprone\error_prone_annotations\2.38.0\error_prone_annotations-2.38.0.jar;C:\Users\user\.m2\repository\com\netflix\servo\servo-core\0.5.3\servo-core-0.5.3.jar;C:\Users\user\.m2\repository\org\apache\commons\commons-math\2.2\commons-math-2.2.jar;C:\Users\user\.m2\repository\javax\annotation\javax.annotation-api\1.2\javax.annotation-api-1.2.jar;C:\Users\user\.m2\repository\org\codehaus\jettison\jettison\1.5.4\jettison-1.5.4.jar;C:\Users\user\.m2\repository\org\springframework\cloud\spring-cloud-starter-loadbalancer\4.3.0\spring-cloud-starter-loadbalancer-4.3.0.jar;C:\Users\user\.m2\repository\org\springframework\cloud\spring-cloud-loadbalancer\4.3.0\spring-cloud-loadbalancer-4.3.0.jar;C:\Users\user\.m2\repository\org\springframework\boot\spring-boot-starter-cache\3.5.3\spring-boot-starter-cache-3.5.3.jar;C:\Users\user\.m2\repository\org\springframework\spring-context-support\6.2.8\spring-context-support-6.2.8.jar;C:\Users\user\.m2\repository\com\stoyanr\evictor\1.0.0\evictor-1.0.0.jar;C:\Users\user\.m2\repository\org\springframework\boot\spring-boot-starter-actuator\3.5.3\spring-boot-starter-actuator-3.5.3.jar;C:\Users\user\.m2\repository\org\springframework\boot\spring-boot-starter\3.5.3\spring-boot-starter-3.5.3.jar;C:\Users\user\.m2\repository\org\springframework\boot\spring-boot-autoconfigure\3.5.3\spring-boot-autoconfigure-3.5.3.jar;C:\Users\user\.m2\repository\org\springframework\boot\spring-boot-starter-logging\3.5.3\spring-boot-starter-logging-3.5.3.jar;C:\Users\user\.m2\repository\ch\qos\logback\logback-classic\1.5.18\logback-classic-1.5.18.jar;C:\Users\user\.m2\repository\ch\qos\logback\logback-core\1.5.18\logback-core-1.5.18.jar;C:\Users\user\.m2\repository\org\apache\logging\log4j\log4j-to-slf4j\2.24.3\log4j-to-slf4j-2.24.3.jar;C:\Users\user\.m2\repository\org\apache\logging\log4j\log4j-api\2.24.3\log4j-api-2.24.3.jar;C:\Users\user\.m2\repository\org\slf4j\jul-to-slf4j\2.0.17\jul-to-slf4j-2.0.17.jar;C:\Users\user\.m2\repository\org\springframework\spring-core\6.2.8\spring-core-6.2.8.jar;C:\Users\user\.m2\repository\org\springframework\spring-jcl\6.2.8\spring-jcl-6.2.8.jar;C:\Users\user\.m2\repository\org\yaml\snakeyaml\2.4\snakeyaml-2.4.jar;C:\Users\user\.m2\repository\org\springframework\boot\spring-boot-actuator-autoconfigure\3.5.3\spring-boot-actuator-autoconfigure-3.5.3.jar;C:\Users\user\.m2\repository\org\springframework\boot\spring-boot-actuator\3.5.3\spring-boot-actuator-3.5.3.jar;C:\Users\user\.m2\repository\com\fasterxml\jackson\datatype\jackson-datatype-jsr310\2.19.1\jackson-datatype-jsr310-2.19.1.jar;C:\Users\user\.m2\repository\io\micrometer\micrometer-observation\1.15.1\micrometer-observation-1.15.1.jar;C:\Users\user\.m2\repository\io\micrometer\micrometer-commons\1.15.1\micrometer-commons-1.15.1.jar;C:\Users\user\.m2\repository\io\micrometer\micrometer-jakarta9\1.15.1\micrometer-jakarta9-1.15.1.jar;C:\Users\user\.m2\repository\io\micrometer\micrometer-core\1.15.1\micrometer-core-1.15.1.jar;C:\Users\user\.m2\repository\org\hdrhistogram\HdrHistogram\2.2.2\HdrHistogram-2.2.2.jar;C:\Users\user\.m2\repository\org\latencyutils\LatencyUtils\2.0.3\LatencyUtils-2.0.3.jar;C:\Users\user\.m2\repository\org\springframework\boot\spring-boot-starter-security\3.5.3\spring-boot-starter-security-3.5.3.jar;C:\Users\user\.m2\repository\org\springframework\spring-aop\6.2.8\spring-aop-6.2.8.jar;C:\Users\user\.m2\repository\org\springframework\spring-beans\6.2.8\spring-beans-6.2.8.jar;C:\Users\user\.m2\repository\org\springframework\security\spring-security-config\6.5.1\spring-security-config-6.5.1.jar;C:\Users\user\.m2\repository\org\springframework\security\spring-security-core\6.5.1\spring-security-core-6.5.1.jar;C:\Users\user\.m2\repository\org\springframework\spring-context\6.2.8\spring-context-6.2.8.jar;C:\Users\user\.m2\repository\org\springframework\security\spring-security-web\6.5.1\spring-security-web-6.5.1.jar;C:\Users\user\.m2\repository\org\springframework\spring-expression\6.2.8\spring-expression-6.2.8.jar;C:\Users\user\.m2\repository\io\jsonwebtoken\jjwt-api\0.12.6\jjwt-api-0.12.6.jar;C:\Users\user\.m2\repository\io\jsonwebtoken\jjwt-impl\0.12.6\jjwt-impl-0.12.6.jar;C:\Users\user\.m2\repository\io\jsonwebtoken\jjwt-jackson\0.12.6\jjwt-jackson-0.12.6.jar;C:\Users\user\.m2\repository\com\fasterxml\jackson\core\jackson-databind\2.19.1\jackson-databind-2.19.1.jar;C:\Users\user\.m2\repository\org\projectlombok\lombok\1.18.38\lombok-1.18.38.jar
Launcher Type: SUN_STANDARD

[Global flags]
     intx CICompilerCount                          = 3                                         {product} {ergonomic}
     uint ConcGCThreads                            = 1                                         {product} {ergonomic}
     uint G1ConcRefinementThreads                  = 4                                         {product} {ergonomic}
   size_t G1HeapRegionSize                         = 1048576                                   {product} {ergonomic}
    uintx GCDrainStackTargetSize                   = 64                                        {product} {ergonomic}
   size_t InitialHeapSize                          = 62914560                                  {product} {ergonomic}
   size_t MarkStackSize                            = 4194304                                   {product} {ergonomic}
   size_t MaxHeapSize                              = 1002438656                                {product} {ergonomic}
   size_t MaxNewSize                               = 600834048                                 {product} {ergonomic}
   size_t MinHeapDeltaBytes                        = 1048576                                   {product} {ergonomic}
   size_t MinHeapSize                              = 8388608                                   {product} {ergonomic}
    uintx NonNMethodCodeHeapSize                   = 5832780                                {pd product} {ergonomic}
    uintx NonProfiledCodeHeapSize                  = 122912730                              {pd product} {ergonomic}
    uintx ProfiledCodeHeapSize                     = 122912730                              {pd product} {ergonomic}
    uintx ReservedCodeCacheSize                    = 251658240                              {pd product} {ergonomic}
     bool SegmentedCodeCache                       = true                                      {product} {ergonomic}
   size_t SoftMaxHeapSize                          = 1002438656                             {manageable} {ergonomic}
     bool UseCompressedClassPointers               = true                           {product lp64_product} {ergonomic}
     bool UseCompressedOops                        = true                           {product lp64_product} {ergonomic}
     bool UseG1GC                                  = true                                      {product} {ergonomic}
     bool UseLargePagesIndividualAllocation        = false                                  {pd product} {ergonomic}

Logging:
Log output configuration:
 #0: stdout all=warning uptime,level,tags foldmultilines=false
 #1: stderr all=off uptime,level,tags foldmultilines=false

Environment Variables:
JAVA_HOME=C:\Program Files\Java\jdk-19
PATH=C:\Program Files\Java\jdk-19\bin;C:\Program Files\Common Files\Oracle\Java\javapath;C:\WINDOWS\system32;C:\WINDOWS;C:\WINDOWS\System32\Wbem;C:\WINDOWS\System32\WindowsPowerShell\v1.0\;C:\WINDOWS\System32\OpenSSH\;C:\Program Files\dotnet\;C:\MinGW\bin;C:\Program Files\apache-maven-3.9.2\bin;C:\Program Files\Git\cmd;C:\ProgramData\chocolatey\bin;C:\Users\user\AppData\Local\nvm;C:\nvm4w\nodejs;C:\Program Files\nodejs\;C:\Program Files\Java\jdk-19\bin;C:\Program Files\Erlang OTP\bin;C:\Program Files\MySQL\MySQL Shell 8.0\bin\;C:\Users\user\AppData\Local\Microsoft\WindowsApps;C:\Program Files\Git\cmd;C:\Users\user\AppData\Local\Programs\Microsoft VS Code\bin;E:\MinGW\bin;C:\Program Files\MySQL\MySQL Server 8.0\bin;C:\Users\user\eclipse-workspace\PabitraJava\bin;C:\Program Files\Java\jdk-19\bin;C:\Users\user\eclipse-workspace\javaHibernate;C:\Program Files\apache-maven-3.9.2\bin;C:\Users\user\AppData\Local\nvm;C:\nvm4w\nodejs;C:\Program Files\PostgreSQL\17\bin;C:\Users\user\AppData\Roaming\npm;C:\Program Files\JetBrains\IntelliJ IDEA 2025.2.5\bin;C:\Program Files\JetBrains\PyCharm 2026.1.1\bin;C:\Program Files\Java\jdk-19\bin;C:\Program Files\Redis
USERNAME=user
OS=Windows_NT
PROCESSOR_IDENTIFIER=Intel64 Family 6 Model 140 Stepping 1, GenuineIntel
TMP=C:\Users\user\AppData\Local\Temp
TEMP=C:\Users\user\AppData\Local\Temp



---------------  S Y S T E M  ---------------

OS:
 Windows 11 , 64 bit Build 26100 (10.0.26100.7623)
OS uptime: 5 days 16:40 hours
Hyper-V role detected

CPU: total 4 (initial active 4) (2 cores per cpu, 2 threads per core) family 6 model 140 stepping 1 microcode 0xbe, cx8, cmov, fxsr, ht, mmx, 3dnowpref, sse, sse2, sse3, ssse3, sse4.1, sse4.2, popcnt, lzcnt, tsc, tscinvbit, avx, avx2, aes, erms, clmul, bmi1, bmi2, adx, avx512f, avx512dq, avx512cd, avx512bw, avx512vl, sha, fma, vzeroupper, avx512_vpopcntdq, avx512_vpclmulqdq, avx512_vaes, avx512_vnni, clflush, clflushopt, clwb, avx512_vbmi2, avx512_vbmi, hv, rdtscp, rdpid, fsrm, gfni, avx512_bitalg

Memory: 4k page, system-wide physical 3818M (11M free)
TotalPageFile size 15594M (AvailPageFile size 18M)
current process WorkingSet (physical memory assigned to process): 107M, peak: 107M
current process commit charge ("private bytes"): 179M, peak: 180M

vm_info: Java HotSpot(TM) 64-Bit Server VM (19.0.1+10-21) for windows-amd64 JRE (19.0.1+10-21), built on 2022-09-14T12:45:06Z by "mach5one" with MS VC++ 17.1 (VS2022)

END.
