#
# There is insufficient memory for the Java Runtime Environment to continue.
# Native memory allocation (malloc) failed to allocate 355888 bytes for Chunk::new
# Possible reasons:
#   The system is out of physical RAM or swap space
#   The process is running with CompressedOops enabled, and the Java Heap may be blocking the growth of the native heap
# Possible solutions:
#   Reduce memory load on the system
#   Increase physical memory or swap space
#   Check if swap backing store is full
#   Decrease Java heap size (-Xmx/-Xms)
#   Decrease number of Java threads
#   Decrease Java thread stack sizes (-Xss)
#   Set larger code cache with -XX:ReservedCodeCacheSize=
#   JVM is running with Unscaled Compressed Oops mode in which the Java heap is
#     placed in the first 4GB address space. The Java Heap base address is the
#     maximum limit for the native heap growth. Please use -XX:HeapBaseMinAddress
#     to set the Java Heap base and to place the Java Heap above 4GB virtual address.
# This output file may be truncated or incomplete.
#
#  Out of Memory Error (arena.cpp:184), pid=8100, tid=11456
#
# JRE version: Java(TM) SE Runtime Environment (19.0.1+10) (build 19.0.1+10-21)
# Java VM: Java HotSpot(TM) 64-Bit Server VM (19.0.1+10-21, mixed mode, sharing, tiered, compressed oops, compressed class ptrs, g1 gc, windows-amd64)
# No core dump will be written. Minidumps are not enabled by default on client versions of Windows
#

---------------  S U M M A R Y ------------

Command Line: -javaagent:C:\Program Files\JetBrains\IntelliJ IDEA 2025.2.5\lib\idea_rt.jar=35655 -Dfile.encoding=UTF-8 -Dsun.stdout.encoding=UTF-8 -Dsun.stderr.encoding=UTF-8 com.fundoo.gateway.ApiGatewayApplication

Host: 11th Gen Intel(R) Core(TM) i3-1115G4 @ 3.00GHz, 4 cores, 3G,  Windows 11 , 64 bit Build 26100 (10.0.26100.9168)
Time: Thu Aug 20 02:36:09 2026 India Standard Time elapsed time: 159.468177 seconds (0d 0h 2m 39s)

---------------  T H R E A D  ---------------

Current thread (0x00000179206628c0):  JavaThread "C2 CompilerThread0" daemon [_thread_in_native, id=11456, stack(0x000000272ae00000,0x000000272af00000)]


Current CompileTask:
C2: 159469 7249       4       sun.reflect.annotation.AnnotationParser::parseMemberValue (230 bytes)

Stack: [0x000000272ae00000,0x000000272af00000]
Native frames: (J=compiled Java code, j=interpreted, Vv=VM code, C=native code)
V  [jvm.dll+0x6ee8fa]
V  [jvm.dll+0x857a1e]
V  [jvm.dll+0x85940e]
V  [jvm.dll+0x859ac3]
V  [jvm.dll+0x28291f]
V  [jvm.dll+0xc9b5f]
V  [jvm.dll+0xc9ee5]
V  [jvm.dll+0x3bcbac]
V  [jvm.dll+0x386201]
V  [jvm.dll+0x38567a]
V  [jvm.dll+0x24c2c9]
V  [jvm.dll+0x24b671]
V  [jvm.dll+0x1d6d61]
V  [jvm.dll+0x25b0fa]
V  [jvm.dll+0x259588]
V  [jvm.dll+0x807928]
V  [jvm.dll+0x8015fa]
V  [jvm.dll+0x6ed5eb]
C  [ucrtbase.dll+0x2cd30]
C  [KERNEL32.DLL+0x2ccb7]
C  [ntdll.dll+0xaad6c]


---------------  P R O C E S S  ---------------

Threads class SMR info:
_java_thread_list=0x000001792496f480, length=33, elements={
0x0000017920653a50, 0x0000017920655290, 0x0000017920657d70, 0x000001792065a8b0,
0x000001792065d2f0, 0x000001792065dc20, 0x00000179206628c0, 0x000001792066c030,
0x0000017920682de0, 0x0000017924984d40, 0x0000017924982810, 0x0000017924983800,
0x0000017924985290, 0x000001792875e040, 0x000001792875daf0, 0x000001792875eae0,
0x000001792875c060, 0x000001792875c5b0, 0x000001792875e590, 0x000001792875d5a0,
0x0000017928760020, 0x0000017928760570, 0x0000017928760ac0, 0x0000017928762aa0,
0x0000017928761ab0, 0x0000017928762000, 0x0000017928763a90, 0x0000017928762550,
0x0000017928762ff0, 0x0000017928763540, 0x00000179249857e0, 0x00000179270035a0,
0x0000017927003050
}

Java Threads: ( => current thread )
  0x0000017920653a50 JavaThread "Reference Handler" daemon [_thread_blocked, id=13536, stack(0x000000272a800000,0x000000272a900000)]
  0x0000017920655290 JavaThread "Finalizer" daemon [_thread_blocked, id=17360, stack(0x000000272a900000,0x000000272aa00000)]
  0x0000017920657d70 JavaThread "Signal Dispatcher" daemon [_thread_blocked, id=15912, stack(0x000000272aa00000,0x000000272ab00000)]
  0x000001792065a8b0 JavaThread "Attach Listener" daemon [_thread_blocked, id=16440, stack(0x000000272ab00000,0x000000272ac00000)]
  0x000001792065d2f0 JavaThread "Service Thread" daemon [_thread_blocked, id=13068, stack(0x000000272ac00000,0x000000272ad00000)]
  0x000001792065dc20 JavaThread "Monitor Deflation Thread" daemon [_thread_blocked, id=11412, stack(0x000000272ad00000,0x000000272ae00000)]
=>0x00000179206628c0 JavaThread "C2 CompilerThread0" daemon [_thread_in_native, id=11456, stack(0x000000272ae00000,0x000000272af00000)]
  0x000001792066c030 JavaThread "C1 CompilerThread0" daemon [_thread_blocked, id=13756, stack(0x000000272af00000,0x000000272b000000)]
  0x0000017920682de0 JavaThread "Sweeper thread" daemon [_thread_blocked, id=16240, stack(0x000000272b000000,0x000000272b100000)]
  0x0000017924984d40 JavaThread "Common-Cleaner" daemon [_thread_blocked, id=944, stack(0x000000272b100000,0x000000272b200000)]
  0x0000017924982810 JavaThread "Monitor Ctrl-Break" daemon [_thread_in_native, id=10548, stack(0x000000272b200000,0x000000272b300000)]
  0x0000017924983800 JavaThread "Notification Thread" daemon [_thread_blocked, id=16968, stack(0x000000272b300000,0x000000272b400000)]
  0x0000017924985290 JavaThread "boundedElastic-evictor-1" daemon [_thread_blocked, id=12088, stack(0x000000272b800000,0x000000272b900000)]
  0x000001792875e040 JavaThread "spectator-gauge-polling-0" daemon [_thread_blocked, id=16796, stack(0x000000272ba00000,0x000000272bb00000)]
  0x000001792875daf0 JavaThread "AsyncResolver-bootstrap-%d" daemon [_thread_blocked, id=10380, stack(0x000000272bb00000,0x000000272bc00000)]
  0x000001792875eae0 JavaThread "DiscoveryClient-%d" daemon [_thread_blocked, id=14664, stack(0x000000272bd00000,0x000000272be00000)]
  0x000001792875c060 JavaThread "DiscoveryClient-%d" daemon [_thread_blocked, id=15960, stack(0x000000272be00000,0x000000272bf00000)]
  0x000001792875c5b0 JavaThread "DiscoveryClient-InstanceInfoReplicator-%d" daemon [_thread_blocked, id=16260, stack(0x000000272bf00000,0x000000272c000000)]
  0x000001792875e590 JavaThread "reactor-http-nio-1" daemon [_thread_in_native, id=4732, stack(0x000000272c000000,0x000000272c100000)]
  0x000001792875d5a0 JavaThread "server" [_thread_blocked, id=10376, stack(0x000000272c100000,0x000000272c200000)]
  0x0000017928760020 JavaThread "DestroyJavaVM" [_thread_blocked, id=14244, stack(0x000000272a100000,0x000000272a200000)]
  0x0000017928760570 JavaThread "DiscoveryClient-HeartbeatExecutor-%d" daemon [_thread_blocked, id=15512, stack(0x000000272c400000,0x000000272c500000)]
  0x0000017928760ac0 JavaThread "DiscoveryClient-CacheRefreshExecutor-%d" daemon [_thread_blocked, id=16008, stack(0x000000272c500000,0x000000272c600000)]
  0x0000017928762aa0 JavaThread "reactor-http-nio-2" daemon [_thread_in_native, id=8708, stack(0x0000002729e00000,0x0000002729f00000)]
  0x0000017928761ab0 JavaThread "boundedElastic-1" daemon [_thread_blocked, id=2616, stack(0x0000002729f00000,0x000000272a000000)]
  0x0000017928762000 JavaThread "parallel-1" daemon [_thread_blocked, id=7940, stack(0x000000272a000000,0x000000272a100000)]
  0x0000017928763a90 JavaThread "parallel-2" daemon [_thread_in_Java, id=16200, stack(0x000000272b900000,0x000000272ba00000)]
  0x0000017928762550 JavaThread "parallel-3" daemon [_thread_blocked, id=2408, stack(0x000000272c600000,0x000000272c700000)]
  0x0000017928762ff0 JavaThread "pool-5-thread-1" daemon [_thread_blocked, id=8264, stack(0x000000272c700000,0x000000272c800000)]
  0x0000017928763540 JavaThread "reactor-http-nio-3" daemon [_thread_in_native, id=16196, stack(0x000000272c800000,0x000000272c900000)]
  0x00000179249857e0 JavaThread "reactor-http-nio-4" daemon [_thread_in_native, id=15944, stack(0x000000272c900000,0x000000272ca00000)]
  0x00000179270035a0 JavaThread "Jndi-Dns-address-change-listener" daemon [_thread_in_native, id=11404, stack(0x000000272ca00000,0x000000272cb00000)]
  0x0000017927003050 JavaThread "parallel-4" daemon [_thread_blocked, id=608, stack(0x000000272cb00000,0x000000272cc00000)]

Other Threads:
  0x0000017920637db0 VMThread "VM Thread" [stack: 0x000000272a700000,0x000000272a800000] [id=16356]
  0x0000017924db11e0 WatcherThread "VM Periodic Task Thread" [stack: 0x000000272b400000,0x000000272b500000] [id=12196]
  0x00000179033334d0 WorkerThread "GC Thread#0" [stack: 0x000000272a200000,0x000000272a300000] [id=6792]
  0x00000179250ccf90 WorkerThread "GC Thread#1" [stack: 0x000000272b500000,0x000000272b600000] [id=14516]
  0x0000017925105c60 WorkerThread "GC Thread#2" [stack: 0x000000272b600000,0x000000272b700000] [id=8088]
  0x0000017925105f30 WorkerThread "GC Thread#3" [stack: 0x000000272b700000,0x000000272b800000] [id=7380]
  0x000001790333bbb0 ConcurrentGCThread "G1 Main Marker" [stack: 0x000000272a300000,0x000000272a400000] [id=15884]
  0x000001790333d450 WorkerThread "G1 Conc#0" [stack: 0x000000272a400000,0x000000272a500000] [id=14080]
  0x0000017903390d50 ConcurrentGCThread "G1 Refine#0" [stack: 0x000000272a500000,0x000000272a600000] [id=16256]
  0x00000179033928a0 ConcurrentGCThread "G1 Service" [stack: 0x000000272a600000,0x000000272a700000] [id=13952]

Threads with active compile tasks:
C2 CompilerThread0   159620 7249       4       sun.reflect.annotation.AnnotationParser::parseMemberValue (230 bytes)
C1 CompilerThread0   159620 7256       3       org.springframework.boot.autoconfigure.condition.OnBeanCondition::collectBeanDefinitionsForType (145 bytes)

VM state: not at safepoint (normal execution)

VM Mutex/Monitor currently owned by a thread: None

Heap address: 0x00000000c4400000, size: 956 MB, Compressed Oops mode: 32-bit

CDS archive(s) mapped at: [0x0000000800000000-0x0000000800c40000-0x0000000800c40000), size 12845056, SharedBaseAddress: 0x0000000800000000, ArchiveRelocationMode: 0.
Compressed class space mapped at: 0x0000000801000000-0x0000000841000000, reserved size: 1073741824
Narrow klass base: 0x0000000800000000, Narrow klass shift: 0, Narrow klass range: 0x100000000

GC Precious Log:
 CardTable entry size: 512
 Card Set container configuration: InlinePtr #cards 5 size 8 Array Of Cards #cards 12 size 40 Howl #buckets 4 coarsen threshold 1843 Howl Bitmap #cards 512 size 80 coarsen threshold 460 Card regions per heap region 1 cards per card region 2048
 CPUs: 4 total, 4 available
 Memory: 3818M
 Large Page Support: Disabled
 NUMA Support: Disabled
 Compressed Oops: Enabled (32-bit)
 Heap Region Size: 1M
 Heap Min Capacity: 8M
 Heap Initial Capacity: 60M
 Heap Max Capacity: 956M
 Pre-touch: Disabled
 Parallel Workers: 4
 Concurrent Workers: 1
 Concurrent Refinement Workers: 4
 Periodic GC: Disabled

Heap:
 garbage-first heap   total 87040K, used 44823K [0x00000000c4400000, 0x0000000100000000)
  region size 1024K, 12 young (12288K), 3 survivors (3072K)
 Metaspace       used 58109K, committed 58880K, reserved 1114112K
  class space    used 7683K, committed 8064K, reserved 1048576K

Heap Regions: E=young(eden), S=young(survivor), O=old, HS=humongous(starts), HC=humongous(continues), CS=collection set, F=free, OA=open archive, CA=closed archive, TAMS=top-at-mark-start (previous, next)
|   0|0x00000000c4400000, 0x00000000c4500000, 0x00000000c4500000|100%|HS|  |TAMS 0x00000000c4500000, 0x00000000c4400000| Complete 
|   1|0x00000000c4500000, 0x00000000c4600000, 0x00000000c4600000|100%| O|  |TAMS 0x00000000c4600000, 0x00000000c4500000| Untracked 
|   2|0x00000000c4600000, 0x00000000c4700000, 0x00000000c4700000|100%| O|  |TAMS 0x00000000c4700000, 0x00000000c4600000| Untracked 
|   3|0x00000000c4700000, 0x00000000c4800000, 0x00000000c4800000|100%| O|  |TAMS 0x00000000c4800000, 0x00000000c4700000| Untracked 
|   4|0x00000000c4800000, 0x00000000c4900000, 0x00000000c4900000|100%| O|  |TAMS 0x00000000c4900000, 0x00000000c4800000| Untracked 
|   5|0x00000000c4900000, 0x00000000c4a00000, 0x00000000c4a00000|100%| O|  |TAMS 0x00000000c4a00000, 0x00000000c4900000| Untracked 
|   6|0x00000000c4a00000, 0x00000000c4b00000, 0x00000000c4b00000|100%| O|  |TAMS 0x00000000c4b00000, 0x00000000c4a00000| Untracked 
|   7|0x00000000c4b00000, 0x00000000c4c00000, 0x00000000c4c00000|100%| O|  |TAMS 0x00000000c4c00000, 0x00000000c4b00000| Untracked 
|   8|0x00000000c4c00000, 0x00000000c4d00000, 0x00000000c4d00000|100%| O|  |TAMS 0x00000000c4c00000, 0x00000000c4c00000| Untracked 
|   9|0x00000000c4d00000, 0x00000000c4e00000, 0x00000000c4e00000|100%| O|  |TAMS 0x00000000c4e00000, 0x00000000c4d00000| Untracked 
|  10|0x00000000c4e00000, 0x00000000c4f00000, 0x00000000c4f00000|100%| O|  |TAMS 0x00000000c4f00000, 0x00000000c4e00000| Untracked 
|  11|0x00000000c4f00000, 0x00000000c5000000, 0x00000000c5000000|100%| O|  |TAMS 0x00000000c5000000, 0x00000000c4f00000| Untracked 
|  12|0x00000000c5000000, 0x00000000c5100000, 0x00000000c5100000|100%| O|  |TAMS 0x00000000c5000000, 0x00000000c5000000| Untracked 
|  13|0x00000000c5100000, 0x00000000c5200000, 0x00000000c5200000|100%| O|  |TAMS 0x00000000c5200000, 0x00000000c5100000| Untracked 
|  14|0x00000000c5200000, 0x00000000c5300000, 0x00000000c5300000|100%| O|  |TAMS 0x00000000c5300000, 0x00000000c5200000| Untracked 
|  15|0x00000000c5300000, 0x00000000c5400000, 0x00000000c5400000|100%| O|  |TAMS 0x00000000c5400000, 0x00000000c5300000| Untracked 
|  16|0x00000000c5400000, 0x00000000c5500000, 0x00000000c5500000|100%| O|  |TAMS 0x00000000c5500000, 0x00000000c5400000| Untracked 
|  17|0x00000000c5500000, 0x00000000c5600000, 0x00000000c5600000|100%| O|  |TAMS 0x00000000c5600000, 0x00000000c5500000| Untracked 
|  18|0x00000000c5600000, 0x00000000c5700000, 0x00000000c5700000|100%| O|  |TAMS 0x00000000c5600000, 0x00000000c5600000| Untracked 
|  19|0x00000000c5700000, 0x00000000c5800000, 0x00000000c5800000|100%| O|  |TAMS 0x00000000c5800000, 0x00000000c5700000| Untracked 
|  20|0x00000000c5800000, 0x00000000c5900000, 0x00000000c5900000|100%| O|  |TAMS 0x00000000c5900000, 0x00000000c5800000| Untracked 
|  21|0x00000000c5900000, 0x00000000c5a00000, 0x00000000c5a00000|100%| O|  |TAMS 0x00000000c5980600, 0x00000000c5900000| Untracked 
|  22|0x00000000c5a00000, 0x00000000c5b00000, 0x00000000c5b00000|100%| O|  |TAMS 0x00000000c5a00000, 0x00000000c5a00000| Untracked 
|  23|0x00000000c5b00000, 0x00000000c5c00000, 0x00000000c5c00000|100%| O|  |TAMS 0x00000000c5b00000, 0x00000000c5b00000| Untracked 
|  24|0x00000000c5c00000, 0x00000000c5d00000, 0x00000000c5d00000|100%| O|  |TAMS 0x00000000c5c00000, 0x00000000c5c00000| Untracked 
|  25|0x00000000c5d00000, 0x00000000c5e00000, 0x00000000c5e00000|100%| O|  |TAMS 0x00000000c5d00000, 0x00000000c5d00000| Untracked 
|  26|0x00000000c5e00000, 0x00000000c5f00000, 0x00000000c5f00000|100%| O|  |TAMS 0x00000000c5e00000, 0x00000000c5e00000| Untracked 
|  27|0x00000000c5f00000, 0x00000000c6000000, 0x00000000c6000000|100%| O|  |TAMS 0x00000000c5f00000, 0x00000000c5f00000| Untracked 
|  28|0x00000000c6000000, 0x00000000c6100000, 0x00000000c6100000|100%| O|  |TAMS 0x00000000c6000000, 0x00000000c6000000| Untracked 
|  29|0x00000000c6100000, 0x00000000c6200000, 0x00000000c6200000|100%| O|  |TAMS 0x00000000c6100000, 0x00000000c6100000| Untracked 
|  30|0x00000000c6200000, 0x00000000c6300000, 0x00000000c6300000|100%| O|  |TAMS 0x00000000c6200000, 0x00000000c6200000| Untracked 
|  31|0x00000000c6300000, 0x00000000c6400000, 0x00000000c6400000|100%| O|  |TAMS 0x00000000c6300000, 0x00000000c6300000| Untracked 
|  32|0x00000000c6400000, 0x00000000c6500000, 0x00000000c6500000|100%| O|  |TAMS 0x00000000c6400000, 0x00000000c6400000| Untracked 
|  33|0x00000000c6500000, 0x00000000c65e0e00, 0x00000000c6600000| 87%| O|  |TAMS 0x00000000c6500000, 0x00000000c6500000| Untracked 
|  34|0x00000000c6600000, 0x00000000c6600000, 0x00000000c6700000|  0%| F|  |TAMS 0x00000000c6600000, 0x00000000c6600000| Untracked 
|  35|0x00000000c6700000, 0x00000000c6700000, 0x00000000c6800000|  0%| F|  |TAMS 0x00000000c6700000, 0x00000000c6700000| Untracked 
|  36|0x00000000c6800000, 0x00000000c6800000, 0x00000000c6900000|  0%| F|  |TAMS 0x00000000c6800000, 0x00000000c6800000| Untracked 
|  37|0x00000000c6900000, 0x00000000c6900000, 0x00000000c6a00000|  0%| F|  |TAMS 0x00000000c6900000, 0x00000000c6900000| Untracked 
|  38|0x00000000c6a00000, 0x00000000c6a00000, 0x00000000c6b00000|  0%| F|  |TAMS 0x00000000c6a00000, 0x00000000c6a00000| Untracked 
|  39|0x00000000c6b00000, 0x00000000c6b00000, 0x00000000c6c00000|  0%| F|  |TAMS 0x00000000c6b00000, 0x00000000c6b00000| Untracked 
|  40|0x00000000c6c00000, 0x00000000c6c00000, 0x00000000c6d00000|  0%| F|  |TAMS 0x00000000c6c00000, 0x00000000c6c00000| Untracked 
|  41|0x00000000c6d00000, 0x00000000c6d00000, 0x00000000c6e00000|  0%| F|  |TAMS 0x00000000c6d00000, 0x00000000c6d00000| Untracked 
|  42|0x00000000c6e00000, 0x00000000c6e00000, 0x00000000c6f00000|  0%| F|  |TAMS 0x00000000c6e00000, 0x00000000c6e00000| Untracked 
|  43|0x00000000c6f00000, 0x00000000c6f00000, 0x00000000c7000000|  0%| F|  |TAMS 0x00000000c6f00000, 0x00000000c6f00000| Untracked 
|  44|0x00000000c7000000, 0x00000000c7000000, 0x00000000c7100000|  0%| F|  |TAMS 0x00000000c7000000, 0x00000000c7000000| Untracked 
|  45|0x00000000c7100000, 0x00000000c7100000, 0x00000000c7200000|  0%| F|  |TAMS 0x00000000c7100000, 0x00000000c7100000| Untracked 
|  46|0x00000000c7200000, 0x00000000c7200000, 0x00000000c7300000|  0%| F|  |TAMS 0x00000000c7200000, 0x00000000c7200000| Untracked 
|  47|0x00000000c7300000, 0x00000000c7300000, 0x00000000c7400000|  0%| F|  |TAMS 0x00000000c7300000, 0x00000000c7300000| Untracked 
|  48|0x00000000c7400000, 0x00000000c7400000, 0x00000000c7500000|  0%| F|  |TAMS 0x00000000c7400000, 0x00000000c7400000| Untracked 
|  49|0x00000000c7500000, 0x00000000c7500000, 0x00000000c7600000|  0%| F|  |TAMS 0x00000000c7500000, 0x00000000c7500000| Untracked 
|  50|0x00000000c7600000, 0x00000000c7600000, 0x00000000c7700000|  0%| F|  |TAMS 0x00000000c7600000, 0x00000000c7600000| Untracked 
|  51|0x00000000c7700000, 0x00000000c77e51a0, 0x00000000c7800000| 89%| S|CS|TAMS 0x00000000c7700000, 0x00000000c7700000| Complete 
|  52|0x00000000c7800000, 0x00000000c7900000, 0x00000000c7900000|100%| S|CS|TAMS 0x00000000c7800000, 0x00000000c7800000| Complete 
|  53|0x00000000c7900000, 0x00000000c7a00000, 0x00000000c7a00000|100%| S|CS|TAMS 0x00000000c7900000, 0x00000000c7900000| Complete 
|  54|0x00000000c7a00000, 0x00000000c7a00000, 0x00000000c7b00000|  0%| F|  |TAMS 0x00000000c7a00000, 0x00000000c7a00000| Untracked 
|  55|0x00000000c7b00000, 0x00000000c7b00000, 0x00000000c7c00000|  0%| F|  |TAMS 0x00000000c7b00000, 0x00000000c7b00000| Untracked 
|  56|0x00000000c7c00000, 0x00000000c7c00000, 0x00000000c7d00000|  0%| F|  |TAMS 0x00000000c7c00000, 0x00000000c7c00000| Untracked 
|  57|0x00000000c7d00000, 0x00000000c7d00000, 0x00000000c7e00000|  0%| F|  |TAMS 0x00000000c7d00000, 0x00000000c7d00000| Untracked 
|  58|0x00000000c7e00000, 0x00000000c7e00000, 0x00000000c7f00000|  0%| F|  |TAMS 0x00000000c7e00000, 0x00000000c7e00000| Untracked 
|  59|0x00000000c7f00000, 0x00000000c7f00000, 0x00000000c8000000|  0%| F|  |TAMS 0x00000000c7f00000, 0x00000000c7f00000| Untracked 
|  60|0x00000000c8000000, 0x00000000c8000000, 0x00000000c8100000|  0%| F|  |TAMS 0x00000000c8000000, 0x00000000c8000000| Untracked 
|  61|0x00000000c8100000, 0x00000000c8100000, 0x00000000c8200000|  0%| F|  |TAMS 0x00000000c8100000, 0x00000000c8100000| Untracked 
|  62|0x00000000c8200000, 0x00000000c8200000, 0x00000000c8300000|  0%| F|  |TAMS 0x00000000c8200000, 0x00000000c8200000| Untracked 
|  63|0x00000000c8300000, 0x00000000c8300000, 0x00000000c8400000|  0%| F|  |TAMS 0x00000000c8300000, 0x00000000c8300000| Untracked 
|  64|0x00000000c8400000, 0x00000000c8400000, 0x00000000c8500000|  0%| F|  |TAMS 0x00000000c8400000, 0x00000000c8400000| Untracked 
|  65|0x00000000c8500000, 0x00000000c8500000, 0x00000000c8600000|  0%| F|  |TAMS 0x00000000c8500000, 0x00000000c8500000| Untracked 
|  66|0x00000000c8600000, 0x00000000c8600000, 0x00000000c8700000|  0%| F|  |TAMS 0x00000000c8600000, 0x00000000c8600000| Untracked 
|  67|0x00000000c8700000, 0x00000000c8700000, 0x00000000c8800000|  0%| F|  |TAMS 0x00000000c8700000, 0x00000000c8700000| Untracked 
|  68|0x00000000c8800000, 0x00000000c8800000, 0x00000000c8900000|  0%| F|  |TAMS 0x00000000c8800000, 0x00000000c8800000| Untracked 
|  69|0x00000000c8900000, 0x00000000c8900000, 0x00000000c8a00000|  0%| F|  |TAMS 0x00000000c8900000, 0x00000000c8900000| Untracked 
|  70|0x00000000c8a00000, 0x00000000c8a00000, 0x00000000c8b00000|  0%| F|  |TAMS 0x00000000c8a00000, 0x00000000c8a00000| Untracked 
|  71|0x00000000c8b00000, 0x00000000c8b00000, 0x00000000c8c00000|  0%| F|  |TAMS 0x00000000c8b00000, 0x00000000c8b00000| Untracked 
|  72|0x00000000c8c00000, 0x00000000c8c00000, 0x00000000c8d00000|  0%| F|  |TAMS 0x00000000c8c00000, 0x00000000c8c00000| Untracked 
|  73|0x00000000c8d00000, 0x00000000c8d00000, 0x00000000c8e00000|  0%| F|  |TAMS 0x00000000c8d00000, 0x00000000c8d00000| Untracked 
|  74|0x00000000c8e00000, 0x00000000c8e00000, 0x00000000c8f00000|  0%| F|  |TAMS 0x00000000c8e00000, 0x00000000c8e00000| Untracked 
|  75|0x00000000c8f00000, 0x00000000c8f00000, 0x00000000c9000000|  0%| F|  |TAMS 0x00000000c8f00000, 0x00000000c8f00000| Untracked 
|  76|0x00000000c9000000, 0x00000000c9063fa0, 0x00000000c9100000| 39%| E|  |TAMS 0x00000000c9000000, 0x00000000c9000000| Complete 
|  77|0x00000000c9100000, 0x00000000c9200000, 0x00000000c9200000|100%| E|CS|TAMS 0x00000000c9100000, 0x00000000c9100000| Complete 
|  78|0x00000000c9200000, 0x00000000c9300000, 0x00000000c9300000|100%| E|CS|TAMS 0x00000000c9200000, 0x00000000c9200000| Complete 
|  79|0x00000000c9300000, 0x00000000c9400000, 0x00000000c9400000|100%| E|CS|TAMS 0x00000000c9300000, 0x00000000c9300000| Complete 
|  80|0x00000000c9400000, 0x00000000c9500000, 0x00000000c9500000|100%| E|CS|TAMS 0x00000000c9400000, 0x00000000c9400000| Complete 
|  81|0x00000000c9500000, 0x00000000c9600000, 0x00000000c9600000|100%| E|  |TAMS 0x00000000c9500000, 0x00000000c9500000| Complete 
|  82|0x00000000c9600000, 0x00000000c9700000, 0x00000000c9700000|100%| E|CS|TAMS 0x00000000c9600000, 0x00000000c9600000| Complete 
|  83|0x00000000c9700000, 0x00000000c9800000, 0x00000000c9800000|100%| E|CS|TAMS 0x00000000c9700000, 0x00000000c9700000| Complete 
|  84|0x00000000c9800000, 0x00000000c9900000, 0x00000000c9900000|100%| E|CS|TAMS 0x00000000c9800000, 0x00000000c9800000| Complete 

Card table byte_map: [0x000001791bf20000,0x000001791c100000] _byte_map_base: 0x000001791b8fe000

Marking Bits (Prev, Next): (CMBitMap*) 0x0000017903333b00, (CMBitMap*) 0x0000017903333b40
 Prev Bits: [0x000001791c2e0000, 0x000001791d1d0000)
 Next Bits: [0x000001791d1d0000, 0x000001791e0c0000)

Polling page: 0x00000179033a0000

Metaspace:

Usage:
  Non-class:     49.24 MB used.
      Class:      7.50 MB used.
       Both:     56.75 MB used.

Virtual space:
  Non-class space:       64.00 MB reserved,      49.62 MB ( 78%) committed,  1 nodes.
      Class space:        1.00 GB reserved,       7.88 MB ( <1%) committed,  1 nodes.
             Both:        1.06 GB reserved,      57.50 MB (  5%) committed. 

Chunk freelists:
   Non-Class:  1.75 MB
       Class:  141.00 KB
        Both:  1.89 MB

MaxMetaspaceSize: unlimited
CompressedClassSpaceSize: 1.00 GB
Initial GC threshold: 21.00 MB
Current GC threshold: 59.00 MB
CDS: on
MetaspaceReclaimPolicy: balanced
 - commit_granule_bytes: 65536.
 - commit_granule_words: 8192.
 - virtual_space_node_default_size: 8388608.
 - enlarge_chunks_in_place: 1.
 - new_chunks_are_fully_committed: 0.
 - uncommit_free_chunks: 1.
 - use_allocation_guard: 0.


Internal statistics:

num_allocs_failed_limit: 6.
num_arena_births: 1224.
num_arena_deaths: 0.
num_vsnodes_births: 2.
num_vsnodes_deaths: 0.
num_space_committed: 920.
num_space_uncommitted: 0.
num_chunks_returned_to_freelist: 6.
num_chunks_taken_from_freelist: 3317.
num_chunk_merges: 6.
num_chunk_splits: 2317.
num_chunks_enlarged: 1789.
num_inconsistent_stats: 0.

CodeHeap 'non-profiled nmethods': size=120000Kb used=4057Kb max_used=4057Kb free=115942Kb
 bounds [0x00000179141e0000, 0x00000179145e0000, 0x000001791b710000]
CodeHeap 'profiled nmethods': size=120000Kb used=13275Kb max_used=13275Kb free=106724Kb
 bounds [0x000001790c710000, 0x000001790d410000, 0x0000017913c40000]
CodeHeap 'non-nmethods': size=5760Kb used=1435Kb max_used=1470Kb free=4325Kb
 bounds [0x0000017913c40000, 0x0000017913eb0000, 0x00000179141e0000]
 total_blobs=7117 nmethods=6446 adapters=581
 compilation: enabled
              stopped_count=0, restarted_count=0
 full_count=0

Compilation events (20 events):
Event: 159.175 Thread 0x000001792066c030 nmethod 7240 0x000001790d3fd510 code [0x000001790d3fd6c0, 0x000001790d3fd8b8]
Event: 159.277 Thread 0x00000179206628c0 7241       4       org.springframework.asm.Type::getTypeInternal (205 bytes)
Event: 159.284 Thread 0x00000179206628c0 nmethod 7241 0x00000179145d5810 code [0x00000179145d59c0, 0x00000179145d5c58]
Event: 159.289 Thread 0x000001792066c030 7242   !   3       org.springframework.context.annotation.ConfigurationClassUtils::hasBeanMethods (49 bytes)
Event: 159.293 Thread 0x000001792066c030 nmethod 7242 0x000001790d3fd990 code [0x000001790d3fdbe0, 0x000001790d3fe408]
Event: 159.293 Thread 0x000001792066c030 7243       3       org.springframework.context.annotation.ConfigurationClassUtils::getOrder (32 bytes)
Event: 159.296 Thread 0x000001792066c030 nmethod 7243 0x000001790d3fe790 code [0x000001790d3fe980, 0x000001790d3fee88]
Event: 159.304 Thread 0x00000179206628c0 7244       4       org.springframework.core.annotation.TypeMappedAnnotations$MergedAnnotationFinder::finish (9 bytes)
Event: 159.306 Thread 0x000001792066c030 7245       3       java.util.AbstractCollection::toArray (70 bytes)
Event: 159.308 Thread 0x000001792066c030 nmethod 7245 0x000001790d3ff010 code [0x000001790d3ff260, 0x000001790d3ffc28]
Event: 159.309 Thread 0x00000179206628c0 nmethod 7244 0x00000179145d5f10 code [0x00000179145d60a0, 0x00000179145d6158]
Event: 159.324 Thread 0x000001792066c030 7246       3       org.springframework.core.type.AnnotatedTypeMetadata$$Lambda$513/0x00000008012b88e0::apply (8 bytes)
Event: 159.325 Thread 0x000001792066c030 nmethod 7246 0x000001790d3ffe90 code [0x000001790d400060, 0x000001790d400408]
Event: 159.325 Thread 0x000001792066c030 7247       3       org.springframework.core.type.AnnotatedTypeMetadata::lambda$getAllAnnotationAttributes$0 (15 bytes)
Event: 159.325 Thread 0x000001792066c030 nmethod 7247 0x000001790d400510 code [0x000001790d4006c0, 0x000001790d4008e8]
Event: 159.332 Thread 0x00000179206628c0 7248   !   4       jdk.proxy2.$Proxy44::annotationType (29 bytes)
Event: 159.336 Thread 0x00000179206628c0 nmethod 7248 0x00000179145d6210 code [0x00000179145d63a0, 0x00000179145d6458]
Event: 159.341 Thread 0x00000179206628c0 7249       4       sun.reflect.annotation.AnnotationParser::parseMemberValue (230 bytes)
Event: 159.346 Thread 0x000001792066c030 7251       3       org.springframework.context.annotation.BeanMethod::validate (141 bytes)
Event: 159.362 Thread 0x000001792066c030 nmethod 7251 0x000001790d400990 code [0x000001790d400ce0, 0x000001790d402228]

GC Heap History (20 events):
Event: 7.912 GC heap before
{Heap before GC invocations=7 (full 0):
 garbage-first heap   total 61440K, used 23274K [0x00000000c4400000, 0x0000000100000000)
  region size 1024K, 5 young (5120K), 2 survivors (2048K)
 Metaspace       used 21154K, committed 21504K, reserved 1114112K
  class space    used 2585K, committed 2752K, reserved 1048576K
}
Event: 7.916 GC heap after
{Heap after GC invocations=8 (full 0):
 garbage-first heap   total 61440K, used 21652K [0x00000000c4400000, 0x0000000100000000)
  region size 1024K, 2 young (2048K), 2 survivors (2048K)
 Metaspace       used 21154K, committed 21504K, reserved 1114112K
  class space    used 2585K, committed 2752K, reserved 1048576K
}
Event: 9.351 GC heap before
{Heap before GC invocations=9 (full 0):
 garbage-first heap   total 61440K, used 42132K [0x00000000c4400000, 0x0000000100000000)
  region size 1024K, 24 young (24576K), 2 survivors (2048K)
 Metaspace       used 23221K, committed 23680K, reserved 1114112K
  class space    used 2793K, committed 3008K, reserved 1048576K
}
Event: 9.358 GC heap after
{Heap after GC invocations=10 (full 0):
 garbage-first heap   total 61440K, used 21937K [0x00000000c4400000, 0x0000000100000000)
  region size 1024K, 3 young (3072K), 3 survivors (3072K)
 Metaspace       used 23221K, committed 23680K, reserved 1114112K
  class space    used 2793K, committed 3008K, reserved 1048576K
}
Event: 9.426 GC heap before
{Heap before GC invocations=10 (full 0):
 garbage-first heap   total 61440K, used 22961K [0x00000000c4400000, 0x0000000100000000)
  region size 1024K, 4 young (4096K), 3 survivors (3072K)
 Metaspace       used 23320K, committed 23744K, reserved 1114112K
  class space    used 2804K, committed 3008K, reserved 1048576K
}
Event: 9.433 GC heap after
{Heap after GC invocations=11 (full 0):
 garbage-first heap   total 61440K, used 21495K [0x00000000c4400000, 0x0000000100000000)
  region size 1024K, 1 young (1024K), 1 survivors (1024K)
 Metaspace       used 23320K, committed 23744K, reserved 1114112K
  class space    used 2804K, committed 3008K, reserved 1048576K
}
Event: 11.433 GC heap before
{Heap before GC invocations=11 (full 0):
 garbage-first heap   total 61440K, used 42999K [0x00000000c4400000, 0x0000000100000000)
  region size 1024K, 23 young (23552K), 1 survivors (1024K)
 Metaspace       used 25245K, committed 25664K, reserved 1114112K
  class space    used 3065K, committed 3264K, reserved 1048576K
}
Event: 11.439 GC heap after
{Heap after GC invocations=12 (full 0):
 garbage-first heap   total 87040K, used 22843K [0x00000000c4400000, 0x0000000100000000)
  region size 1024K, 2 young (2048K), 2 survivors (2048K)
 Metaspace       used 25245K, committed 25664K, reserved 1114112K
  class space    used 3065K, committed 3264K, reserved 1048576K
}
Event: 14.116 GC heap before
{Heap before GC invocations=12 (full 0):
 garbage-first heap   total 87040K, used 64827K [0x00000000c4400000, 0x0000000100000000)
  region size 1024K, 43 young (44032K), 2 survivors (2048K)
 Metaspace       used 32883K, committed 33344K, reserved 1114112K
  class space    used 4171K, committed 4352K, reserved 1048576K
}
Event: 14.128 GC heap after
{Heap after GC invocations=13 (full 0):
 garbage-first heap   total 87040K, used 26004K [0x00000000c4400000, 0x0000000100000000)
  region size 1024K, 5 young (5120K), 5 survivors (5120K)
 Metaspace       used 32883K, committed 33344K, reserved 1114112K
  class space    used 4171K, committed 4352K, reserved 1048576K
}
Event: 15.297 GC heap before
{Heap before GC invocations=13 (full 0):
 garbage-first heap   total 87040K, used 39316K [0x00000000c4400000, 0x0000000100000000)
  region size 1024K, 19 young (19456K), 5 survivors (5120K)
 Metaspace       used 35551K, committed 36096K, reserved 1114112K
  class space    used 4595K, committed 4864K, reserved 1048576K
}
Event: 15.315 GC heap after
{Heap after GC invocations=14 (full 0):
 garbage-first heap   total 87040K, used 27722K [0x00000000c4400000, 0x0000000100000000)
  region size 1024K, 2 young (2048K), 2 survivors (2048K)
 Metaspace       used 35551K, committed 36096K, reserved 1114112K
  class space    used 4595K, committed 4864K, reserved 1048576K
}
Event: 17.770 GC heap before
{Heap before GC invocations=15 (full 0):
 garbage-first heap   total 87040K, used 66634K [0x00000000c4400000, 0x0000000100000000)
  region size 1024K, 40 young (40960K), 2 survivors (2048K)
 Metaspace       used 41220K, committed 41856K, reserved 1114112K
  class space    used 5354K, committed 5696K, reserved 1048576K
}
Event: 17.783 GC heap after
{Heap after GC invocations=16 (full 0):
 garbage-first heap   total 87040K, used 31366K [0x00000000c4400000, 0x0000000100000000)
  region size 1024K, 5 young (5120K), 5 survivors (5120K)
 Metaspace       used 41220K, committed 41856K, reserved 1114112K
  class space    used 5354K, committed 5696K, reserved 1048576K
}
Event: 17.827 GC heap before
{Heap before GC invocations=16 (full 0):
 garbage-first heap   total 87040K, used 32390K [0x00000000c4400000, 0x0000000100000000)
  region size 1024K, 6 young (6144K), 5 survivors (5120K)
 Metaspace       used 41336K, committed 41984K, reserved 1114112K
  class space    used 5370K, committed 5696K, reserved 1048576K
}
Event: 17.844 GC heap after
{Heap after GC invocations=17 (full 0):
 garbage-first heap   total 87040K, used 30937K [0x00000000c4400000, 0x0000000100000000)
  region size 1024K, 1 young (1024K), 1 survivors (1024K)
 Metaspace       used 41336K, committed 41984K, reserved 1114112K
  class space    used 5370K, committed 5696K, reserved 1048576K
}
Event: 20.110 GC heap before
{Heap before GC invocations=17 (full 0):
 garbage-first heap   total 87040K, used 65753K [0x00000000c4400000, 0x0000000100000000)
  region size 1024K, 36 young (36864K), 1 survivors (1024K)
 Metaspace       used 49287K, committed 50048K, reserved 1114112K
  class space    used 6476K, committed 6848K, reserved 1048576K
}
Event: 20.120 GC heap after
{Heap after GC invocations=18 (full 0):
 garbage-first heap   total 87040K, used 34806K [0x00000000c4400000, 0x0000000100000000)
  region size 1024K, 5 young (5120K), 5 survivors (5120K)
 Metaspace       used 49287K, committed 50048K, reserved 1114112K
  class space    used 6476K, committed 6848K, reserved 1048576K
}
Event: 108.399 GC heap before
{Heap before GC invocations=18 (full 0):
 garbage-first heap   total 87040K, used 66550K [0x00000000c4400000, 0x0000000100000000)
  region size 1024K, 36 young (36864K), 5 survivors (5120K)
 Metaspace       used 56146K, committed 56960K, reserved 1114112K
  class space    used 7436K, committed 7808K, reserved 1048576K
}
Event: 108.582 GC heap after
{Heap after GC invocations=19 (full 0):
 garbage-first heap   total 87040K, used 37655K [0x00000000c4400000, 0x0000000100000000)
  region size 1024K, 3 young (3072K), 3 survivors (3072K)
 Metaspace       used 56146K, committed 56960K, reserved 1114112K
  class space    used 7436K, committed 7808K, reserved 1048576K
}

Dll operation events (13 events):
Event: 0.023 Loaded shared library C:\Program Files\Java\jdk-19\bin\java.dll
Event: 0.037 Loaded shared library C:\Program Files\Java\jdk-19\bin\jsvml.dll
Event: 0.262 Loaded shared library C:\Program Files\Java\jdk-19\bin\zip.dll
Event: 0.272 Loaded shared library C:\Program Files\Java\jdk-19\bin\instrument.dll
Event: 0.303 Loaded shared library C:\Program Files\Java\jdk-19\bin\net.dll
Event: 0.308 Loaded shared library C:\Program Files\Java\jdk-19\bin\nio.dll
Event: 0.314 Loaded shared library C:\Program Files\Java\jdk-19\bin\zip.dll
Event: 0.692 Loaded shared library C:\Program Files\Java\jdk-19\bin\extnet.dll
Event: 0.818 Loaded shared library C:\Program Files\Java\jdk-19\bin\jimage.dll
Event: 6.188 Loaded shared library C:\Program Files\Java\jdk-19\bin\verify.dll
Event: 18.122 Loaded shared library C:\Program Files\Java\jdk-19\bin\management.dll
Event: 18.160 Loaded shared library C:\Program Files\Java\jdk-19\bin\management_ext.dll
Event: 20.614 Loaded shared library C:\Program Files\Java\jdk-19\bin\sunmscapi.dll

Deoptimization events (20 events):
Event: 149.579 Thread 0x00000179249857e0 Uncommon trap: trap_request=0xffffffde fr.pc=0x00000179143cd980 relative=0x0000000000000720
Event: 149.579 Thread 0x00000179249857e0 Uncommon trap: reason=class_check action=maybe_recompile pc=0x00000179143cd980 method=java.lang.StringConcatHelper.stringOf(Ljava/lang/Object;)Ljava/lang/String; @ 5 c2
Event: 149.579 Thread 0x00000179249857e0 DEOPT PACKING pc=0x00000179143cd980 sp=0x000000272c9fde00
Event: 149.580 Thread 0x00000179249857e0 DEOPT UNPACKING pc=0x0000017913caa5a3 sp=0x000000272c9fdd40 mode 2
Event: 149.617 Thread 0x00000179249857e0 Uncommon trap: trap_request=0xffffff66 fr.pc=0x00000179141ee770 relative=0x0000000000000730
Event: 149.617 Thread 0x00000179249857e0 Uncommon trap: reason=speculate_class_check action=maybe_recompile pc=0x00000179141ee770 method=java.util.function.BiPredicate.lambda$or$2(Ljava/util/function/BiPredicate;Ljava/lang/Object;Ljava/lang/Object;)Z @ 3 c2
Event: 149.617 Thread 0x00000179249857e0 DEOPT PACKING pc=0x00000179141ee770 sp=0x000000272c9fe190
Event: 149.617 Thread 0x00000179249857e0 DEOPT UNPACKING pc=0x0000017913caa5a3 sp=0x000000272c9fe108 mode 2
Event: 158.185 Thread 0x0000017927003050 Uncommon trap: trap_request=0xffffff66 fr.pc=0x00000179141ee770 relative=0x0000000000000730
Event: 158.185 Thread 0x0000017927003050 Uncommon trap: reason=speculate_class_check action=maybe_recompile pc=0x00000179141ee770 method=java.util.function.BiPredicate.lambda$or$2(Ljava/util/function/BiPredicate;Ljava/lang/Object;Ljava/lang/Object;)Z @ 3 c2
Event: 158.185 Thread 0x0000017927003050 DEOPT PACKING pc=0x00000179141ee770 sp=0x000000272cbf7e90
Event: 158.185 Thread 0x0000017927003050 DEOPT UNPACKING pc=0x0000017913caa5a3 sp=0x000000272cbf7e08 mode 2
Event: 158.433 Thread 0x00000179249857e0 Uncommon trap: trap_request=0xffffffde fr.pc=0x00000179143cd980 relative=0x0000000000000720
Event: 158.433 Thread 0x00000179249857e0 Uncommon trap: reason=class_check action=maybe_recompile pc=0x00000179143cd980 method=java.lang.StringConcatHelper.stringOf(Ljava/lang/Object;)Ljava/lang/String; @ 5 c2
Event: 158.433 Thread 0x00000179249857e0 DEOPT PACKING pc=0x00000179143cd980 sp=0x000000272c9fde00
Event: 158.433 Thread 0x00000179249857e0 DEOPT UNPACKING pc=0x0000017913caa5a3 sp=0x000000272c9fdd40 mode 2
Event: 158.969 Thread 0x0000017928763a90 Uncommon trap: trap_request=0xffffff45 fr.pc=0x00000179145b7d9c relative=0x000000000000007c
Event: 158.969 Thread 0x0000017928763a90 Uncommon trap: reason=unstable_if action=reinterpret pc=0x00000179145b7d9c method=java.lang.StringLatin1.indexOfNonWhitespace([B)I @ 19 c2
Event: 158.969 Thread 0x0000017928763a90 DEOPT PACKING pc=0x00000179145b7d9c sp=0x000000272b9fa3a0
Event: 158.970 Thread 0x0000017928763a90 DEOPT UNPACKING pc=0x0000017913caa5a3 sp=0x000000272b9fa318 mode 2

Classes loaded (20 events):
Event: 109.092 Loading class sun/nio/ch/DatagramChannelImpl$DefaultOptionsHolder
Event: 109.092 Loading class sun/nio/ch/DatagramChannelImpl$DefaultOptionsHolder done
Event: 109.092 Loading class java/nio/channels/UnsupportedAddressTypeException
Event: 109.092 Loading class java/nio/channels/UnsupportedAddressTypeException done
Event: 143.220 Loading class java/util/concurrent/ConcurrentSkipListMap$SubMap
Event: 143.326 Loading class java/util/concurrent/ConcurrentSkipListMap$SubMap done
Event: 143.334 Loading class java/util/concurrent/ConcurrentSkipListMap$Values
Event: 143.342 Loading class java/util/concurrent/ConcurrentSkipListMap$Values done
Event: 143.343 Loading class java/util/concurrent/ConcurrentSkipListMap$SubMap$SubMapValueIterator
Event: 143.352 Loading class java/util/concurrent/ConcurrentSkipListMap$SubMap$SubMapIter
Event: 143.361 Loading class java/util/concurrent/ConcurrentSkipListMap$SubMap$SubMapIter done
Event: 143.362 Loading class java/util/concurrent/ConcurrentSkipListMap$SubMap$SubMapValueIterator done
Event: 149.810 Loading class sun/nio/ch/IOVecWrapper
Event: 149.830 Loading class sun/nio/ch/IOVecWrapper done
Event: 149.831 Loading class sun/nio/ch/AllocatedNativeObject
Event: 149.834 Loading class sun/nio/ch/NativeObject
Event: 149.841 Loading class sun/nio/ch/NativeObject done
Event: 149.841 Loading class sun/nio/ch/AllocatedNativeObject done
Event: 149.842 Loading class sun/nio/ch/IOVecWrapper$Deallocator
Event: 149.843 Loading class sun/nio/ch/IOVecWrapper$Deallocator done

Classes unloaded (0 events):
No events

Classes redefined (0 events):
No events

Internal exceptions (20 events):
Event: 20.348 Thread 0x00000179032f32d0 Exception <a 'java/lang/IncompatibleClassChangeError'{0x00000000c929c2e8}: Found class java.lang.Object, but interface was expected> (0x00000000c929c2e8) 
thrown [s\open\src\hotspot\share\interpreter\linkResolver.cpp, line 841]
Event: 20.681 Thread 0x00000179032f32d0 Exception <a 'java/lang/UnsatisfiedLinkError'{0x00000000c8e8fa48}: 'int io.netty.channel.epoll.Native.offsetofEpollData()'> (0x00000000c8e8fa48) 
thrown [s\open\src\hotspot\share\prims\nativeLookup.cpp, line 432]
Event: 20.682 Thread 0x00000179032f32d0 Exception <a 'java/lang/ExceptionInInitializerError'{0x00000000c8e92118}> (0x00000000c8e92118) 
thrown [s\open\src\hotspot\share\oops\instanceKlass.cpp, line 1173]
Event: 20.766 Thread 0x00000179032f32d0 Exception <a 'java/lang/NoSuchMethodError'{0x00000000c8da4158}: 'java.lang.Object java.lang.invoke.DirectMethodHandle$Holder.newInvokeSpecial(java.lang.Object, java.lang.Object, int, java.lang.Object)'> (0x00000000c8da4158) 
thrown [s\open\src\hotspot\share\interpreter\linkResolver.cpp, line 774]
Event: 20.767 Thread 0x00000179032f32d0 Exception <a 'java/lang/NoSuchMethodError'{0x00000000c8da7d40}: 'java.lang.Object java.lang.invoke.Invokers$Holder.linkToTargetMethod(java.lang.Object, int, java.lang.Object, java.lang.Object)'> (0x00000000c8da7d40) 
thrown [s\open\src\hotspot\share\interpreter\linkResolver.cpp, line 774]
Event: 20.990 Thread 0x00000179032f32d0 Exception <a 'java/lang/IncompatibleClassChangeError'{0x00000000c8a36438}: Found class java.lang.Object, but interface was expected> (0x00000000c8a36438) 
thrown [s\open\src\hotspot\share\interpreter\linkResolver.cpp, line 841]
Event: 104.668 Thread 0x0000017928762aa0 Exception <a 'java/lang/NoSuchMethodError'{0x00000000c832a400}: 'void java.lang.invoke.DirectMethodHandle$Holder.invokeStatic(java.lang.Object, int)'> (0x00000000c832a400) 
thrown [s\open\src\hotspot\share\interpreter\linkResolver.cpp, line 774]
Event: 104.736 Thread 0x0000017928762aa0 Exception <a 'java/lang/NoSuchMethodError'{0x00000000c832dac8}: 'void java.lang.invoke.DirectMethodHandle$Holder.invokeStaticInit(java.lang.Object, int)'> (0x00000000c832dac8) 
thrown [s\open\src\hotspot\share\interpreter\linkResolver.cpp, line 774]
Event: 104.746 Thread 0x0000017928762aa0 Exception <a 'java/lang/NoSuchMethodError'{0x00000000c8333628}: 'void java.lang.invoke.DirectMethodHandle$Holder.invokeSpecial(java.lang.Object, java.lang.Object, int)'> (0x00000000c8333628) 
thrown [s\open\src\hotspot\share\interpreter\linkResolver.cpp, line 774]
Event: 105.044 Thread 0x0000017928762aa0 Exception <a 'java/lang/NoSuchMethodError'{0x00000000c827cf30}: 'java.lang.Object java.lang.invoke.Invokers$Holder.linkToTargetMethod(java.lang.Object, long, java.lang.Object)'> (0x00000000c827cf30) 
thrown [s\open\src\hotspot\share\interpreter\linkResolver.cpp, line 774]
Event: 108.058 Thread 0x0000017928763a90 Exception <a 'java/lang/NoSuchMethodError'{0x00000000c7b5b0b8}: 'void java.lang.invoke.DirectMethodHandle$Holder.invokeSpecial(java.lang.Object, java.lang.Object, java.lang.Object, java.lang.Object, java.lang.Object, java.lang.Object, java.lang.Object, java.lang.Object)'> (0x00000000c7b5b0b8) 
thrown [s\open\src\hotspot\share\interpreter\linkResolver.cpp, line 774]
Event: 108.754 Thread 0x0000017928763a90 Exception <a 'java/io/FileNotFoundException'{0x00000000c97241c8}> (0x00000000c97241c8) 
thrown [s\open\src\hotspot\share\prims\jni.cpp, line 517]
Event: 108.817 Thread 0x0000017928763a90 Exception <a 'sun/nio/fs/WindowsException'{0x00000000c9784a88}> (0x00000000c9784a88) 
thrown [s\open\src\hotspot\share\prims\jni.cpp, line 517]
Event: 109.017 Thread 0x0000017928763a90 Exception <a 'java/lang/NoSuchMethodError'{0x00000000c96b1d00}: 'java.lang.Object java.lang.invoke.DirectMethodHandle$Holder.newInvokeSpecial(java.lang.Object, java.lang.Object, long, java.lang.Object)'> (0x00000000c96b1d00) 
thrown [s\open\src\hotspot\share\interpreter\linkResolver.cpp, line 774]
Event: 109.096 Thread 0x00000179249857e0 Exception <a 'java/lang/NoSuchMethodError'{0x00000000c95bb488}: 'java.lang.Object java.lang.invoke.DirectMethodHandle$Holder.invokeStatic(java.lang.Object, java.lang.Object, java.lang.Object, int, java.lang.Object, java.lang.Object)'> (0x00000000c95bb488) 
thrown [s\open\src\hotspot\share\interpreter\linkResolver.cpp, line 774]
Event: 109.106 Thread 0x00000179249857e0 Exception <a 'java/lang/NoSuchMethodError'{0x00000000c95d3850}: 'java.lang.Object java.lang.invoke.DirectMethodHandle$Holder.newInvokeSpecial(java.lang.Object, java.lang.Object, java.lang.Object, java.lang.Object, int, java.lang.Object)'> (0x00000000c95d3850) 
thrown [s\open\src\hotspot\share\interpreter\linkResolver.cpp, line 774]
Event: 109.109 Thread 0x00000179249857e0 Exception <a 'java/lang/NoSuchMethodError'{0x00000000c95d78e0}: 'java.lang.Object java.lang.invoke.DirectMethodHandle$Holder.invokeSpecial(java.lang.Object, java.lang.Object, java.lang.Object, java.lang.Object, java.lang.Object, int, java.lang.Object)'> (0x00000000c95d78e0) 
thrown [s\open\src\hotspot\share\interpreter\linkResolver.cpp, line 774]
Event: 109.111 Thread 0x00000179249857e0 Exception <a 'java/lang/NoSuchMethodError'{0x00000000c95db1d0}: 'java.lang.Object java.lang.invoke.Invokers$Holder.linkToTargetMethod(java.lang.Object, java.lang.Object, java.lang.Object, int, java.lang.Object, java.lang.Object)'> (0x00000000c95db1d0) 
thrown [s\open\src\hotspot\share\interpreter\linkResolver.cpp, line 774]
Event: 158.470 Thread 0x0000017928762aa0 Exception <a 'java/lang/NoSuchMethodError'{0x00000000c9155670}: 'void java.lang.invoke.DirectMethodHandle$Holder.invokeSpecial(java.lang.Object, java.lang.Object, long)'> (0x00000000c9155670) 
thrown [s\open\src\hotspot\share\interpreter\linkResolver.cpp, line 774]
Event: 158.510 Thread 0x0000017928762aa0 Exception <a 'java/lang/NoSuchMethodError'{0x00000000c915b648}: 'java.lang.Object java.lang.invoke.DirectMethodHandle$Holder.newInvokeSpecial(java.lang.Object, java.lang.Object, long)'> (0x00000000c915b648) 
thrown [s\open\src\hotspot\share\interpreter\linkResolver.cpp, line 774]

VM Operations (20 events):
Event: 120.688 Executing VM operation: Cleanup
Event: 120.688 Executing VM operation: Cleanup done
Event: 129.737 Executing VM operation: Cleanup
Event: 129.738 Executing VM operation: Cleanup done
Event: 134.790 Executing VM operation: Cleanup
Event: 134.790 Executing VM operation: Cleanup done
Event: 139.836 Executing VM operation: Cleanup
Event: 139.836 Executing VM operation: Cleanup done
Event: 144.884 Executing VM operation: Cleanup
Event: 144.884 Executing VM operation: Cleanup done
Event: 145.885 Executing VM operation: Cleanup
Event: 145.885 Executing VM operation: Cleanup done
Event: 147.912 Executing VM operation: Cleanup
Event: 147.913 Executing VM operation: Cleanup done
Event: 148.927 Executing VM operation: Cleanup
Event: 148.927 Executing VM operation: Cleanup done
Event: 149.928 Executing VM operation: Cleanup
Event: 149.928 Executing VM operation: Cleanup done
Event: 158.995 Executing VM operation: Cleanup
Event: 158.996 Executing VM operation: Cleanup done

Events (20 events):
Event: 20.656 Thread 0x0000017920682de0 flushing nmethod 0x000001791432ec10
Event: 20.657 Thread 0x0000017920682de0 flushing nmethod 0x000001790c817890
Event: 20.659 Thread 0x0000017920682de0 flushing nmethod 0x000001790ca25f90
Event: 20.969 Thread 0x000001792875e590 Thread added: 0x000001792875e590
Event: 20.991 Thread 0x000001792875d5a0 Thread added: 0x000001792875d5a0
Event: 21.464 Thread 0x00000179032f32d0 Thread exited: 0x00000179032f32d0
Event: 21.464 Thread 0x0000017928760020 Thread added: 0x0000017928760020
Event: 50.296 Thread 0x0000017928760570 Thread added: 0x0000017928760570
Event: 50.302 Thread 0x0000017928760ac0 Thread added: 0x0000017928760ac0
Event: 81.413 Thread 0x00000179249857e0 Thread exited: 0x00000179249857e0
Event: 102.598 Thread 0x0000017928762aa0 Thread added: 0x0000017928762aa0
Event: 105.981 Thread 0x0000017928761ab0 Thread added: 0x0000017928761ab0
Event: 106.009 Thread 0x0000017928762000 Thread added: 0x0000017928762000
Event: 106.411 Thread 0x0000017928763a90 Thread added: 0x0000017928763a90
Event: 108.117 Thread 0x0000017928762550 Thread added: 0x0000017928762550
Event: 108.188 Thread 0x0000017928762ff0 Thread added: 0x0000017928762ff0
Event: 108.600 Thread 0x0000017928763540 Thread added: 0x0000017928763540
Event: 108.601 Thread 0x00000179249857e0 Thread added: 0x00000179249857e0
Event: 108.866 Thread 0x00000179270035a0 Thread added: 0x00000179270035a0
Event: 144.666 Thread 0x0000017927003050 Thread added: 0x0000017927003050


Dynamic libraries:
0x00007ff6b2da0000 - 0x00007ff6b2db0000 	C:\Program Files\Java\jdk-19\bin\java.exe
0x00007fff2e6e0000 - 0x00007fff2e946000 	C:\WINDOWS\SYSTEM32\ntdll.dll
0x00007fff2ce80000 - 0x00007fff2cf49000 	C:\WINDOWS\System32\KERNEL32.DLL
0x00007fff2bc50000 - 0x00007fff2c04f000 	C:\WINDOWS\System32\KERNELBASE.dll
0x00007fff2b980000 - 0x00007fff2bacc000 	C:\WINDOWS\System32\ucrtbase.dll
0x00007fff03f40000 - 0x00007fff03f58000 	C:\Program Files\Java\jdk-19\bin\jli.dll
0x00007fff03f60000 - 0x00007fff03f7b000 	C:\Program Files\Java\jdk-19\bin\VCRUNTIME140.dll
0x00007fff2cc90000 - 0x00007fff2cd4c000 	C:\WINDOWS\System32\ADVAPI32.dll
0x00007fff2e2d0000 - 0x00007fff2e379000 	C:\WINDOWS\System32\msvcrt.dll
0x00007fff2cdc0000 - 0x00007fff2ce6a000 	C:\WINDOWS\System32\sechost.dll
0x00007fff2c4d0000 - 0x00007fff2c5e8000 	C:\WINDOWS\System32\RPCRT4.dll
0x00007fff2cf50000 - 0x00007fff2d116000 	C:\WINDOWS\System32\USER32.dll
0x00007fff2c3e0000 - 0x00007fff2c407000 	C:\WINDOWS\System32\win32u.dll
0x00007fff09210000 - 0x00007fff094a1000 	C:\WINDOWS\WinSxS\amd64_microsoft.windows.common-controls_6595b64144ccf1df_6.0.26100.8972_none_3e0da176e32f9d4b\COMCTL32.dll
0x00007fff2c760000 - 0x00007fff2c78b000 	C:\WINDOWS\System32\GDI32.dll
0x00007fff2c1f0000 - 0x00007fff2c319000 	C:\WINDOWS\System32\gdi32full.dll
0x00007fff2bae0000 - 0x00007fff2bb83000 	C:\WINDOWS\System32\msvcp_win.dll
0x00007fff1d040000 - 0x00007fff1d04b000 	C:\WINDOWS\SYSTEM32\VERSION.dll
0x00007fff2c600000 - 0x00007fff2c632000 	C:\WINDOWS\System32\IMM32.DLL
0x00007fff19360000 - 0x00007fff1936c000 	C:\Program Files\Java\jdk-19\bin\vcruntime140_1.dll
0x00007fff03ae0000 - 0x00007fff03b6e000 	C:\Program Files\Java\jdk-19\bin\msvcp140.dll
0x00007ffec2a20000 - 0x00007ffec36e0000 	C:\Program Files\Java\jdk-19\bin\server\jvm.dll
0x00007fff23bb0000 - 0x00007fff23be6000 	C:\WINDOWS\SYSTEM32\WINMM.dll
0x00007fff07b50000 - 0x00007fff07b5a000 	C:\WINDOWS\SYSTEM32\WSOCK32.dll
0x00007fff2c6d0000 - 0x00007fff2c752000 	C:\WINDOWS\System32\WS2_32.dll
0x00007fff2a5b0000 - 0x00007fff2a5cb000 	C:\WINDOWS\SYSTEM32\kernel.appcore.dll
0x00007fff06cf0000 - 0x00007fff06cfa000 	C:\Program Files\Java\jdk-19\bin\jimage.dll
0x00007fff28dd0000 - 0x00007fff29012000 	C:\WINDOWS\SYSTEM32\DBGHELP.DLL
0x00007fff2dd70000 - 0x00007fff2e0f5000 	C:\WINDOWS\System32\combase.dll
0x00007fff2d300000 - 0x00007fff2d3d9000 	C:\WINDOWS\System32\OLEAUT32.dll
0x00007fff0b3b0000 - 0x00007fff0b3eb000 	C:\WINDOWS\SYSTEM32\dbgcore.DLL
0x00007fff2bb90000 - 0x00007fff2bc3c000 	C:\WINDOWS\System32\bcryptPrimitives.dll
0x00007fff039c0000 - 0x00007fff039ce000 	C:\Program Files\Java\jdk-19\bin\instrument.dll
0x00007fff03ab0000 - 0x00007fff03ad6000 	C:\Program Files\Java\jdk-19\bin\java.dll
0x00007fff039d0000 - 0x00007fff03aa7000 	C:\Program Files\Java\jdk-19\bin\jsvml.dll
0x00007fff2d550000 - 0x00007fff2dcd8000 	C:\WINDOWS\System32\SHELL32.dll
0x00007fff29360000 - 0x00007fff29bfb000 	C:\WINDOWS\SYSTEM32\windows.storage.dll
0x00007fff2e5a0000 - 0x00007fff2e699000 	C:\WINDOWS\System32\SHCORE.dll
0x00007fff2e520000 - 0x00007fff2e586000 	C:\WINDOWS\System32\shlwapi.dll
0x00007fff2b810000 - 0x00007fff2b839000 	C:\WINDOWS\SYSTEM32\profapi.dll
0x00007fff03520000 - 0x00007fff03538000 	C:\Program Files\Java\jdk-19\bin\zip.dll
0x00007fff03560000 - 0x00007fff03573000 	C:\Program Files\Java\jdk-19\bin\net.dll
0x00007fff230e0000 - 0x00007fff23208000 	C:\WINDOWS\SYSTEM32\WINHTTP.dll
0x00007fff2ab70000 - 0x00007fff2abdc000 	C:\WINDOWS\system32\mswsock.dll
0x00007fff03540000 - 0x00007fff03556000 	C:\Program Files\Java\jdk-19\bin\nio.dll
0x00007fff03500000 - 0x00007fff03508000 	C:\Program Files\Java\jdk-19\bin\extnet.dll
0x00007fff29f50000 - 0x00007fff29f83000 	C:\WINDOWS\SYSTEM32\IPHLPAPI.DLL
0x00007fff2ce70000 - 0x00007fff2ce7a000 	C:\WINDOWS\System32\NSI.dll
0x00007fff25560000 - 0x00007fff2557d000 	C:\WINDOWS\SYSTEM32\dhcpcsvc6.DLL
0x00007fff25510000 - 0x00007fff25535000 	C:\WINDOWS\SYSTEM32\dhcpcsvc.DLL
0x00007fff29fe0000 - 0x00007fff2a138000 	C:\WINDOWS\SYSTEM32\DNSAPI.dll
0x00007fff2a950000 - 0x00007fff2a95d000 	C:\WINDOWS\SYSTEM32\DSPARSE.dll
0x00007fff23890000 - 0x00007fff2389b000 	C:\Windows\System32\rasadhlp.dll
0x00007fff034d0000 - 0x00007fff034e0000 	C:\Program Files\Java\jdk-19\bin\verify.dll
0x00007fff2ae80000 - 0x00007fff2ae9b000 	C:\WINDOWS\SYSTEM32\CRYPTSP.dll
0x00007fff2a510000 - 0x00007fff2a549000 	C:\WINDOWS\system32\rsaenh.dll
0x00007fff2ac40000 - 0x00007fff2ac72000 	C:\WINDOWS\SYSTEM32\USERENV.dll
0x00007fff2b7e0000 - 0x00007fff2b80a000 	C:\WINDOWS\SYSTEM32\bcrypt.dll
0x00007fff2aea0000 - 0x00007fff2aeac000 	C:\WINDOWS\SYSTEM32\CRYPTBASE.dll
0x00007fff034f0000 - 0x00007fff034fa000 	C:\Program Files\Java\jdk-19\bin\management.dll
0x00007fff034e0000 - 0x00007fff034eb000 	C:\Program Files\Java\jdk-19\bin\management_ext.dll
0x00007fff2c5f0000 - 0x00007fff2c5f8000 	C:\WINDOWS\System32\PSAPI.DLL
0x00007fff257f0000 - 0x00007fff25876000 	C:\WINDOWS\System32\fwpuclnt.dll
0x00007fff03510000 - 0x00007fff0351e000 	C:\Program Files\Java\jdk-19\bin\sunmscapi.dll
0x00007fff2c060000 - 0x00007fff2c1de000 	C:\WINDOWS\System32\CRYPT32.dll
0x00007fff2b0c0000 - 0x00007fff2b0f0000 	C:\WINDOWS\SYSTEM32\ncrypt.dll
0x00007fff2b070000 - 0x00007fff2b0af000 	C:\WINDOWS\SYSTEM32\NTASN1.dll
0x00007ffef27f0000 - 0x00007ffef27f8000 	C:\WINDOWS\system32\wshunix.dll
0x00007fff04c90000 - 0x00007fff04ca8000 	C:\WINDOWS\system32\napinsp.dll
0x00007fff04bc0000 - 0x00007fff04bd3000 	C:\WINDOWS\System32\winrnr.dll
0x00007fff04be0000 - 0x00007fff04c02000 	C:\WINDOWS\system32\nlansp_c.dll
0x00007fff04ba0000 - 0x00007fff04bb6000 	C:\WINDOWS\system32\wshbth.dll

dbghelp: loaded successfully - version: 4.0.5 - missing functions: none
symbol engine: initialized successfully - sym options: 0x614 - pdb path: .;C:\Program Files\Java\jdk-19\bin;C:\WINDOWS\SYSTEM32;C:\WINDOWS\WinSxS\amd64_microsoft.windows.common-controls_6595b64144ccf1df_6.0.26100.8972_none_3e0da176e32f9d4b;C:\Program Files\Java\jdk-19\bin\server

VM Arguments:
jvm_args: -javaagent:C:\Program Files\JetBrains\IntelliJ IDEA 2025.2.5\lib\idea_rt.jar=35655 -Dfile.encoding=UTF-8 -Dsun.stdout.encoding=UTF-8 -Dsun.stderr.encoding=UTF-8 
java_command: com.fundoo.gateway.ApiGatewayApplication
java_class_path (initial): D:\Bridgelabz Java\Backend Development\Microservices\FundooApp\api-gateway\target\classes;C:\Users\user\.m2\repository\org\springframework\cloud\spring-cloud-starter-gateway-server-webflux\4.3.0\spring-cloud-starter-gateway-server-webflux-4.3.0.jar;C:\Users\user\.m2\repository\org\springframework\cloud\spring-cloud-starter\4.3.0\spring-cloud-starter-4.3.0.jar;C:\Users\user\.m2\repository\org\springframework\cloud\spring-cloud-context\4.3.0\spring-cloud-context-4.3.0.jar;C:\Users\user\.m2\repository\org\springframework\security\spring-security-crypto\6.5.1\spring-security-crypto-6.5.1.jar;C:\Users\user\.m2\repository\org\springframework\cloud\spring-cloud-commons\4.3.0\spring-cloud-commons-4.3.0.jar;C:\Users\user\.m2\repository\org\bouncycastle\bcprov-jdk18on\1.80\bcprov-jdk18on-1.80.jar;C:\Users\user\.m2\repository\org\springframework\cloud\spring-cloud-gateway-server-webflux\4.3.0\spring-cloud-gateway-server-webflux-4.3.0.jar;C:\Users\user\.m2\repository\org\springframework\cloud\spring-cloud-gateway-server\4.3.0\spring-cloud-gateway-server-4.3.0.jar;C:\Users\user\.m2\repository\org\springframework\boot\spring-boot-starter-validation\3.5.3\spring-boot-starter-validation-3.5.3.jar;C:\Users\user\.m2\repository\org\apache\tomcat\embed\tomcat-embed-el\10.1.42\tomcat-embed-el-10.1.42.jar;C:\Users\user\.m2\repository\org\hibernate\validator\hibernate-validator\8.0.2.Final\hibernate-validator-8.0.2.Final.jar;C:\Users\user\.m2\repository\jakarta\validation\jakarta.validation-api\3.0.2\jakarta.validation-api-3.0.2.jar;C:\Users\user\.m2\repository\org\jboss\logging\jboss-logging\3.6.1.Final\jboss-logging-3.6.1.Final.jar;C:\Users\user\.m2\repository\com\fasterxml\classmate\1.7.0\classmate-1.7.0.jar;C:\Users\user\.m2\repository\io\projectreactor\addons\reactor-extra\3.5.2\reactor-extra-3.5.2.jar;C:\Users\user\.m2\repository\org\springframework\boot\spring-boot-starter-webflux\3.5.3\spring-boot-starter-webflux-3.5.3.jar;C:\Users\user\.m2\repository\org\springframework\boot\spring-boot-starter-json\3.5.3\spring-boot-starter-json-3.5.3.jar;C:\Users\user\.m2\repository\com\fasterxml\jackson\datatype\jackson-datatype-jdk8\2.19.1\jackson-datatype-jdk8-2.19.1.jar;C:\Users\user\.m2\repository\com\fasterxml\jackson\module\jackson-module-parameter-names\2.19.1\jackson-module-parameter-names-2.19.1.jar;C:\Users\user\.m2\repository\org\springframework\boot\spring-boot-starter-reactor-netty\3.5.3\spring-boot-starter-reactor-netty-3.5.3.jar;C:\Users\user\.m2\repository\io\projectreactor\netty\reactor-netty-http\1.2.7\reactor-netty-http-1.2.7.jar;C:\Users\user\.m2\repository\io\netty\netty-codec-http\4.1.122.Final\netty-codec-http-4.1.122.Final.jar;C:\Users\user\.m2\repository\io\netty\netty-common\4.1.122.Final\netty-common-4.1.122.Final.jar;C:\Users\user\.m2\repository\io\netty\netty-buffer\4.1.122.Final\netty-buffer-4.1.122.Final.jar;C:\Users\user\.m2\repository\io\netty\netty-transport\4.1.122.Final\netty-transport-4.1.122.Final.jar;C:\Users\user\.m2\repository\io\netty\netty-codec\4.1.122.Final\netty-codec-4.1.122.Final.jar;C:\Users\user\.m2\repository\io\netty\netty-handler\4.1.122.Final\netty-handler-4.1.122.Final.jar;C:\Users\user\.m2\repository\io\netty\netty-codec-http2\4.1.122.Final\netty-codec-http2-4.1.122.Final.jar;C:\Users\user\.m2\repository\io\netty\netty-resolver-dns\4.1.122.Final\netty-resolver-dns-4.1.122.Final.jar;C:\Users\user\.m2\repository\io\netty\netty-resolver\4.1.122.Final\netty-resolver-4.1.122.Final.jar;C:\Users\user\.m2\repository\io\netty\netty-codec-dns\4.1.122.Final\netty-codec-dns-4.1.122.Final.jar;C:\Users\user\.m2\repository\io\netty\netty-resolver-dns-native-macos\4.1.122.Final\netty-resolver-dns-native-macos-4.1.122.Final-osx-x86_64.jar;C:\Users\user\.m2\repository\io\netty\netty-resolver-dns-classes-macos\4.1.122.Final\netty-resolver-dns-classes-macos-4.1.122.Final.jar;C:\Users\user\.m2\repository\io\netty\netty-transport-native-epoll\4.1.122.Final\netty-transport-native-epoll-4.1.122.Final-linux-x86_64.jar;C:\Users\user\.m2\repository\io\netty\netty-transport-native-unix-common\4.1.122.Final\netty-transport-native-unix-common-4.1.122.Final.jar;C:\Users\user\.m2\repository\io\netty\netty-transport-classes-epoll\4.1.122.Final\netty-transport-classes-epoll-4.1.122.Final.jar;C:\Users\user\.m2\repository\io\projectreactor\netty\reactor-netty-core\1.2.7\reactor-netty-core-1.2.7.jar;C:\Users\user\.m2\repository\io\netty\netty-handler-proxy\4.1.122.Final\netty-handler-proxy-4.1.122.Final.jar;C:\Users\user\.m2\repository\io\netty\netty-codec-socks\4.1.122.Final\netty-codec-socks-4.1.122.Final.jar;C:\Users\user\.m2\repository\org\springframework\spring-web\6.2.8\spring-web-6.2.8.jar;C:\Users\user\.m2\repository\org\springframework\spring-webflux\6.2.8\spring-webflux-6.2.8.jar;C:\Users\user\.m2\repository\io\projectreactor\reactor-core\3.7.7\reactor-core-3.7.7.jar;C:\Users\user\.m2\repository\org\reactivestreams\reactive-streams\1.0.4\reactive-streams-1.0.4.jar;C:\Users\user\.m2\repository\org\springframework\boot\spring-boot-properties-migrator\3.5.3\spring-boot-properties-migrator-3.5.3.jar;C:\Users\user\.m2\repository\org\springframework\boot\spring-boot\3.5.3\spring-boot-3.5.3.jar;C:\Users\user\.m2\repository\org\springframework\boot\spring-boot-configuration-metadata\3.5.3\spring-boot-configuration-metadata-3.5.3.jar;C:\Users\user\.m2\repository\com\vaadin\external\google\android-json\0.0.20131108.vaadin1\android-json-0.0.20131108.vaadin1.jar;C:\Users\user\.m2\repository\org\springframework\cloud\spring-cloud-starter-netflix-eureka-client\4.3.0\spring-cloud-starter-netflix-eureka-client-4.3.0.jar;C:\Users\user\.m2\repository\org\springframework\cloud\spring-cloud-netflix-eureka-client\4.3.0\spring-cloud-netflix-eureka-client-4.3.0.jar;C:\Users\user\.m2\repository\org\apache\httpcomponents\client5\httpclient5\5.5\httpclient5-5.5.jar;C:\Users\user\.m2\repository\org\apache\httpcomponents\core5\httpcore5\5.3.4\httpcore5-5.3.4.jar;C:\Users\user\.m2\repository\org\apache\httpcomponents\core5\httpcore5-h2\5.3.4\httpcore5-h2-5.3.4.jar;C:\Users\user\.m2\repository\com\netflix\eureka\eureka-client\2.0.4\eureka-client-2.0.4.jar;C:\Users\user\.m2\repository\com\thoughtworks\xstream\xstream\1.4.20\xstream-1.4.20.jar;C:\Users\user\.m2\repository\io\github\x-stream\mxparser\1.2.2\mxparser-1.2.2.jar;C:\Users\user\.m2\repository\xmlpull\xmlpull\1.1.3.1\xmlpull-1.1.3.1.jar;C:\Users\user\.m2\repository\jakarta\ws\rs\jakarta.ws.rs-api\3.1.0\jakarta.ws.rs-api-3.1.0.jar;C:\Users\user\.m2\repository\jakarta\inject\jakarta.inject-api\2.0.1\jakarta.inject-api-2.0.1.jar;C:\Users\user\.m2\repository\jakarta\annotation\jakarta.annotation-api\2.1.1\jakarta.annotation-api-2.1.1.jar;C:\Users\user\.m2\repository\com\netflix\spectator\spectator-api\1.7.3\spectator-api-1.7.3.jar;C:\Users\user\.m2\repository\org\slf4j\slf4j-api\2.0.17\slf4j-api-2.0.17.jar;C:\Users\user\.m2\repository\org\apache\httpcomponents\httpclient\4.5.3\httpclient-4.5.3.jar;C:\Users\user\.m2\repository\org\apache\httpcomponents\httpcore\4.4.16\httpcore-4.4.16.jar;C:\Users\user\.m2\repository\commons-codec\commons-codec\1.18.0\commons-codec-1.18.0.jar;C:\Users\user\.m2\repository\commons-configuration\commons-configuration\1.10\commons-configuration-1.10.jar;C:\Users\user\.m2\repository\commons-lang\commons-lang\2.6\commons-lang-2.6.jar;C:\Users\user\.m2\repository\com\fasterxml\jackson\core\jackson-annotations\2.19.1\jackson-annotations-2.19.1.jar;C:\Users\user\.m2\repository\com\fasterxml\jackson\core\jackson-core\2.19.1\jackson-core-2.19.1.jar;C:\Users\user\.m2\repository\com\netflix\netflix-commons\netflix-eventbus\0.3.0\netflix-eventbus-0.3.0.jar;C:\Users\user\.m2\repository\com\netflix\netflix-commons\netflix-infix\0.3.0\netflix-infix-0.3.0.jar;C:\Users\user\.m2\repository\commons-jxpath\commons-jxpath\1.3\commons-jxpath-1.3.jar;C:\Users\user\.m2\repository\joda-time\joda-time\2.3\joda-time-2.3.jar;C:\Users\user\.m2\repository\org\antlr\antlr-runtime\3.4\antlr-runtime-3.4.jar;C:\Users\user\.m2\repository\org\antlr\stringtemplate\3.2.1\stringtemplate-3.2.1.jar;C:\Users\user\.m2\repository\antlr\antlr\2.7.7\antlr-2.7.7.jar;C:\Users\user\.m2\repository\com\google\guava\guava\14.0.1\guava-14.0.1.jar;C:\Users\user\.m2\repository\com\google\code\gson\gson\2.13.1\gson-2.13.1.jar;C:\Users\user\.m2\repository\com\google\errorprone\error_prone_annotations\2.38.0\error_prone_annotations-2.38.0.jar;C:\Users\user\.m2\repository\com\netflix\servo\servo-core\0.5.3\servo-core-0.5.3.jar;C:\Users\user\.m2\repository\org\apache\commons\commons-math\2.2\commons-math-2.2.jar;C:\Users\user\.m2\repository\javax\annotation\javax.annotation-api\1.2\javax.annotation-api-1.2.jar;C:\Users\user\.m2\repository\org\codehaus\jettison\jettison\1.5.4\jettison-1.5.4.jar;C:\Users\user\.m2\repository\org\springframework\cloud\spring-cloud-starter-loadbalancer\4.3.0\spring-cloud-starter-loadbalancer-4.3.0.jar;C:\Users\user\.m2\repository\org\springframework\cloud\spring-cloud-loadbalancer\4.3.0\spring-cloud-loadbalancer-4.3.0.jar;C:\Users\user\.m2\repository\org\springframework\boot\spring-boot-starter-cache\3.5.3\spring-boot-starter-cache-3.5.3.jar;C:\Users\user\.m2\repository\org\springframework\spring-context-support\6.2.8\spring-context-support-6.2.8.jar;C:\Users\user\.m2\repository\com\stoyanr\evictor\1.0.0\evictor-1.0.0.jar;C:\Users\user\.m2\repository\org\springframework\boot\spring-boot-starter-actuator\3.5.3\spring-boot-starter-actuator-3.5.3.jar;C:\Users\user\.m2\repository\org\springframework\boot\spring-boot-starter\3.5.3\spring-boot-starter-3.5.3.jar;C:\Users\user\.m2\repository\org\springframework\boot\spring-boot-autoconfigure\3.5.3\spring-boot-autoconfigure-3.5.3.jar;C:\Users\user\.m2\repository\org\springframework\boot\spring-boot-starter-logging\3.5.3\spring-boot-starter-logging-3.5.3.jar;C:\Users\user\.m2\repository\ch\qos\logback\logback-classic\1.5.18\logback-classic-1.5.18.jar;C:\Users\user\.m2\repository\ch\qos\logback\logback-core\1.5.18\logback-core-1.5.18.jar;C:\Users\user\.m2\repository\org\apache\logging\log4j\log4j-to-slf4j\2.24.3\log4j-to-slf4j-2.24.3.jar;C:\Users\user\.m2\repository\org\apache\logging\log4j\log4j-api\2.24.3\log4j-api-2.24.3.jar;C:\Users\user\.m2\repository\org\slf4j\jul-to-slf4j\2.0.17\jul-to-slf4j-2.0.17.jar;C:\Users\user\.m2\repository\org\springframework\spring-core\6.2.8\spring-core-6.2.8.jar;C:\Users\user\.m2\repository\org\springframework\spring-jcl\6.2.8\spring-jcl-6.2.8.jar;C:\Users\user\.m2\repository\org\yaml\snakeyaml\2.4\snakeyaml-2.4.jar;C:\Users\user\.m2\repository\org\springframework\boot\spring-boot-actuator-autoconfigure\3.5.3\spring-boot-actuator-autoconfigure-3.5.3.jar;C:\Users\user\.m2\repository\org\springframework\boot\spring-boot-actuator\3.5.3\spring-boot-actuator-3.5.3.jar;C:\Users\user\.m2\repository\com\fasterxml\jackson\datatype\jackson-datatype-jsr310\2.19.1\jackson-datatype-jsr310-2.19.1.jar;C:\Users\user\.m2\repository\io\micrometer\micrometer-observation\1.15.1\micrometer-observation-1.15.1.jar;C:\Users\user\.m2\repository\io\micrometer\micrometer-commons\1.15.1\micrometer-commons-1.15.1.jar;C:\Users\user\.m2\repository\io\micrometer\micrometer-jakarta9\1.15.1\micrometer-jakarta9-1.15.1.jar;C:\Users\user\.m2\repository\io\micrometer\micrometer-core\1.15.1\micrometer-core-1.15.1.jar;C:\Users\user\.m2\repository\org\hdrhistogram\HdrHistogram\2.2.2\HdrHistogram-2.2.2.jar;C:\Users\user\.m2\repository\org\latencyutils\LatencyUtils\2.0.3\LatencyUtils-2.0.3.jar;C:\Users\user\.m2\repository\org\springframework\boot\spring-boot-starter-security\3.5.3\spring-boot-starter-security-3.5.3.jar;C:\Users\user\.m2\repository\org\springframework\spring-aop\6.2.8\spring-aop-6.2.8.jar;C:\Users\user\.m2\repository\org\springframework\spring-beans\6.2.8\spring-beans-6.2.8.jar;C:\Users\user\.m2\repository\org\springframework\security\spring-security-config\6.5.1\spring-security-config-6.5.1.jar;C:\Users\user\.m2\repository\org\springframework\security\spring-security-core\6.5.1\spring-security-core-6.5.1.jar;C:\Users\user\.m2\repository\org\springframework\spring-context\6.2.8\spring-context-6.2.8.jar;C:\Users\user\.m2\repository\org\springframework\security\spring-security-web\6.5.1\spring-security-web-6.5.1.jar;C:\Users\user\.m2\repository\org\springframework\spring-expression\6.2.8\spring-expression-6.2.8.jar;C:\Users\user\.m2\repository\io\jsonwebtoken\jjwt-api\0.12.6\jjwt-api-0.12.6.jar;C:\Users\user\.m2\repository\io\jsonwebtoken\jjwt-impl\0.12.6\jjwt-impl-0.12.6.jar;C:\Users\user\.m2\repository\io\jsonwebtoken\jjwt-jackson\0.12.6\jjwt-jackson-0.12.6.jar;C:\Users\user\.m2\repository\com\fasterxml\jackson\core\jackson-databind\2.19.1\jackson-databind-2.19.1.jar;C:\Users\user\.m2\repository\org\projectlombok\lombok\1.18.38\lombok-1.18.38.jar
Launcher Type: SUN_STANDARD

[Global flags]
     intx CICompilerCount                          = 3                                         {product} {ergonomic}
     uint ConcGCThreads                            = 1                                         {product} {ergonomic}
     uint G1ConcRefinementThreads                  = 4                                         {product} {ergonomic}
   size_t G1HeapRegionSize                         = 1048576                                   {product} {ergonomic}
    uintx GCDrainStackTargetSize                   = 64                                        {product} {ergonomic}
   size_t InitialHeapSize                          = 62914560                                  {product} {ergonomic}
   size_t MarkStackSize                            = 4194304                                   {product} {ergonomic}
   size_t MaxHeapSize                              = 1002438656                                {product} {ergonomic}
   size_t MaxNewSize                               = 600834048                                 {product} {ergonomic}
   size_t MinHeapDeltaBytes                        = 1048576                                   {product} {ergonomic}
   size_t MinHeapSize                              = 8388608                                   {product} {ergonomic}
    uintx NonNMethodCodeHeapSize                   = 5832780                                {pd product} {ergonomic}
    uintx NonProfiledCodeHeapSize                  = 122912730                              {pd product} {ergonomic}
    uintx ProfiledCodeHeapSize                     = 122912730                              {pd product} {ergonomic}
    uintx ReservedCodeCacheSize                    = 251658240                              {pd product} {ergonomic}
     bool SegmentedCodeCache                       = true                                      {product} {ergonomic}
   size_t SoftMaxHeapSize                          = 1002438656                             {manageable} {ergonomic}
     bool UseCompressedClassPointers               = true                           {product lp64_product} {ergonomic}
     bool UseCompressedOops                        = true                           {product lp64_product} {ergonomic}
     bool UseG1GC                                  = true                                      {product} {ergonomic}
     bool UseLargePagesIndividualAllocation        = false                                  {pd product} {ergonomic}

Logging:
Log output configuration:
 #0: stdout all=warning uptime,level,tags foldmultilines=false
 #1: stderr all=off uptime,level,tags foldmultilines=false

Environment Variables:
JAVA_HOME=C:\Program Files\Java\jdk-19
PATH=C:\Program Files\Java\jdk-19\bin;C:\Program Files\Common Files\Oracle\Java\javapath;C:\WINDOWS\system32;C:\WINDOWS;C:\WINDOWS\System32\Wbem;C:\WINDOWS\System32\WindowsPowerShell\v1.0\;C:\WINDOWS\System32\OpenSSH\;C:\Program Files\dotnet\;C:\MinGW\bin;C:\Program Files\apache-maven-3.9.2\bin;C:\Program Files\Git\cmd;C:\ProgramData\chocolatey\bin;C:\Users\user\AppData\Local\nvm;C:\nvm4w\nodejs;C:\Program Files\nodejs\;C:\Program Files\Java\jdk-19\bin;C:\Program Files\Erlang OTP\bin;C:\Program Files\MySQL\MySQL Shell 8.0\bin\;C:\Users\user\AppData\Local\Microsoft\WindowsApps;C:\Program Files\Git\cmd;C:\Users\user\AppData\Local\Programs\Microsoft VS Code\bin;E:\MinGW\bin;C:\Program Files\MySQL\MySQL Server 8.0\bin;C:\Users\user\eclipse-workspace\PabitraJava\bin;C:\Program Files\Java\jdk-19\bin;C:\Users\user\eclipse-workspace\javaHibernate;C:\Program Files\apache-maven-3.9.2\bin;C:\Users\user\AppData\Local\nvm;C:\nvm4w\nodejs;C:\Program Files\PostgreSQL\17\bin;C:\Users\user\AppData\Roaming\npm;C:\Program Files\JetBrains\IntelliJ IDEA 2025.2.5\bin;C:\Program Files\JetBrains\PyCharm 2026.1.1\bin;C:\Program Files\Java\jdk-19\bin;C:\Program Files\Redis
USERNAME=user
OS=Windows_NT
PROCESSOR_IDENTIFIER=Intel64 Family 6 Model 140 Stepping 1, GenuineIntel
TMP=C:\Users\user\AppData\Local\Temp
TEMP=C:\Users\user\AppData\Local\Temp



---------------  S Y S T E M  ---------------

OS:
 Windows 11 , 64 bit Build 26100 (10.0.26100.9168)
OS uptime: 0 days 1:39 hours
Hyper-V role detected

CPU: total 4 (initial active 4) (2 cores per cpu, 2 threads per core) family 6 model 140 stepping 1 microcode 0xbe, cx8, cmov, fxsr, ht, mmx, 3dnowpref, sse, sse2, sse3, ssse3, sse4.1, sse4.2, popcnt, lzcnt, tsc, tscinvbit, avx, avx2, aes, erms, clmul, bmi1, bmi2, adx, avx512f, avx512dq, avx512cd, avx512bw, avx512vl, sha, fma, vzeroupper, avx512_vpopcntdq, avx512_vpclmulqdq, avx512_vaes, avx512_vnni, clflush, clflushopt, clwb, avx512_vbmi2, avx512_vbmi, hv, rdtscp, rdpid, fsrm, gfni, avx512_bitalg

Memory: 4k page, system-wide physical 3818M (65M free)
TotalPageFile size 15594M (AvailPageFile size 2M)
current process WorkingSet (physical memory assigned to process): 78M, peak: 241M
current process commit charge ("private bytes"): 275M, peak: 288M

vm_info: Java HotSpot(TM) 64-Bit Server VM (19.0.1+10-21) for windows-amd64 JRE (19.0.1+10-21), built on 2022-09-14T12:45:06Z by "mach5one" with MS VC++ 17.1 (VS2022)

END.
