#
# There is insufficient memory for the Java Runtime Environment to continue.
# Native memory allocation (malloc) failed to allocate 127056 bytes for Chunk::new
# Possible reasons:
#   The system is out of physical RAM or swap space
#   The process is running with CompressedOops enabled, and the Java Heap may be blocking the growth of the native heap
# Possible solutions:
#   Reduce memory load on the system
#   Increase physical memory or swap space
#   Check if swap backing store is full
#   Decrease Java heap size (-Xmx/-Xms)
#   Decrease number of Java threads
#   Decrease Java thread stack sizes (-Xss)
#   Set larger code cache with -XX:ReservedCodeCacheSize=
#   JVM is running with Unscaled Compressed Oops mode in which the Java heap is
#     placed in the first 4GB address space. The Java Heap base address is the
#     maximum limit for the native heap growth. Please use -XX:HeapBaseMinAddress
#     to set the Java Heap base and to place the Java Heap above 4GB virtual address.
# This output file may be truncated or incomplete.
#
#  Out of Memory Error (arena.cpp:184), pid=8016, tid=1512
#
# JRE version: Java(TM) SE Runtime Environment (19.0.1+10) (build 19.0.1+10-21)
# Java VM: Java HotSpot(TM) 64-Bit Server VM (19.0.1+10-21, mixed mode, sharing, tiered, compressed oops, compressed class ptrs, g1 gc, windows-amd64)
# No core dump will be written. Minidumps are not enabled by default on client versions of Windows
#

---------------  S U M M A R Y ------------

Command Line: -javaagent:C:\Program Files\JetBrains\IntelliJ IDEA 2025.2.5\lib\idea_rt.jar=7474 -Dfile.encoding=UTF-8 -Dsun.stdout.encoding=UTF-8 -Dsun.stderr.encoding=UTF-8 com.fundoo.gateway.ApiGatewayApplication

Host: 11th Gen Intel(R) Core(TM) i3-1115G4 @ 3.00GHz, 4 cores, 3G,  Windows 11 , 64 bit Build 26100 (10.0.26100.8521)
Time: Sat Jul 18 12:18:09 2026 India Standard Time elapsed time: 695.674049 seconds (0d 0h 11m 35s)

---------------  T H R E A D  ---------------

Current thread (0x000002a5fc99cbb0):  JavaThread "C2 CompilerThread0" daemon [_thread_in_native, id=1512, stack(0x000000af94a00000,0x000000af94b00000)]


Current CompileTask:
C2: 695674 7903       4       org.springframework.core.annotation.TypeMappedAnnotations::get (52 bytes)

Stack: [0x000000af94a00000,0x000000af94b00000]
Native frames: (J=compiled Java code, j=interpreted, Vv=VM code, C=native code)
V  [jvm.dll+0x6ee8fa]
V  [jvm.dll+0x857a1e]
V  [jvm.dll+0x85940e]
V  [jvm.dll+0x859ac3]
V  [jvm.dll+0x28291f]
V  [jvm.dll+0xc9b5f]
V  [jvm.dll+0xc9ee5]
V  [jvm.dll+0x2f7c6f]
V  [jvm.dll+0x5f0c5b]
V  [jvm.dll+0x254d73]
V  [jvm.dll+0x24ddfe]
V  [jvm.dll+0x24b563]
V  [jvm.dll+0x1d6d61]
V  [jvm.dll+0x25b0fa]
V  [jvm.dll+0x259588]
V  [jvm.dll+0x807928]
V  [jvm.dll+0x8015fa]
V  [jvm.dll+0x6ed5eb]
C  [ucrtbase.dll+0x2cd30]
C  [KERNEL32.DLL+0x2e957]
C  [ntdll.dll+0x87c1c]


---------------  P R O C E S S  ---------------

Threads class SMR info:
_java_thread_list=0x000002a5fd58ad50, length=32, elements={
0x000002a5fc9907e0, 0x000002a5fc991400, 0x000002a5fc995240, 0x000002a5fc995fc0,
0x000002a5fc9969e0, 0x000002a5fc997a10, 0x000002a5fc99cbb0, 0x000002a5fc99ffb0,
0x000002a5fc9b8820, 0x000002a5fcbd8800, 0x000002a5fd1f7840, 0x000002a5fcd77700,
0x000002a5ff415540, 0x000002a5ffd2bb00, 0x000002a5ffd2c5a0, 0x000002a5ffd2c050,
0x000002a5931b0ae0, 0x000002a5931af5a0, 0x000002a5931b1030, 0x000002a5931b1580,
0x000002a5931b0040, 0x000002a5931b0590, 0x000002a5931ae060, 0x000002a5931ae5b0,
0x000002a5931aeb00, 0x000002a5931af050, 0x000002a5936af4e0, 0x000002a5936acfb0,
0x000002a5936aca60, 0x000002a5936afa30, 0x000002a5936adfa0, 0x000002a5936aea40
}

Java Threads: ( => current thread )
  0x000002a5fc9907e0 JavaThread "Reference Handler" daemon [_thread_blocked, id=3756, stack(0x000000af94400000,0x000000af94500000)]
  0x000002a5fc991400 JavaThread "Finalizer" daemon [_thread_blocked, id=3204, stack(0x000000af94500000,0x000000af94600000)]
  0x000002a5fc995240 JavaThread "Signal Dispatcher" daemon [_thread_blocked, id=10364, stack(0x000000af94600000,0x000000af94700000)]
  0x000002a5fc995fc0 JavaThread "Attach Listener" daemon [_thread_blocked, id=11124, stack(0x000000af94700000,0x000000af94800000)]
  0x000002a5fc9969e0 JavaThread "Service Thread" daemon [_thread_blocked, id=12008, stack(0x000000af94800000,0x000000af94900000)]
  0x000002a5fc997a10 JavaThread "Monitor Deflation Thread" daemon [_thread_blocked, id=9180, stack(0x000000af94900000,0x000000af94a00000)]
=>0x000002a5fc99cbb0 JavaThread "C2 CompilerThread0" daemon [_thread_in_native, id=1512, stack(0x000000af94a00000,0x000000af94b00000)]
  0x000002a5fc99ffb0 JavaThread "C1 CompilerThread0" daemon [_thread_blocked, id=5488, stack(0x000000af94b00000,0x000000af94c00000)]
  0x000002a5fc9b8820 JavaThread "Sweeper thread" daemon [_thread_blocked, id=13028, stack(0x000000af94c00000,0x000000af94d00000)]
  0x000002a5fcbd8800 JavaThread "Common-Cleaner" daemon [_thread_blocked, id=12376, stack(0x000000af94d00000,0x000000af94e00000)]
  0x000002a5fd1f7840 JavaThread "Monitor Ctrl-Break" daemon [_thread_in_native, id=13568, stack(0x000000af94e00000,0x000000af94f00000)]
  0x000002a5fcd77700 JavaThread "Notification Thread" daemon [_thread_blocked, id=1772, stack(0x000000af94f00000,0x000000af95000000)]
  0x000002a5ff415540 JavaThread "boundedElastic-evictor-1" daemon [_thread_blocked, id=4664, stack(0x000000af95400000,0x000000af95500000)]
  0x000002a5ffd2bb00 JavaThread "spectator-gauge-polling-0" daemon [_thread_blocked, id=13120, stack(0x000000af95600000,0x000000af95700000)]
  0x000002a5ffd2c5a0 JavaThread "AsyncResolver-bootstrap-%d" daemon [_thread_blocked, id=9896, stack(0x000000af95700000,0x000000af95800000)]
  0x000002a5ffd2c050 JavaThread "DiscoveryClient-%d" daemon [_thread_blocked, id=16760, stack(0x000000af95900000,0x000000af95a00000)]
  0x000002a5931b0ae0 JavaThread "DiscoveryClient-%d" daemon [_thread_blocked, id=13540, stack(0x000000af95a00000,0x000000af95b00000)]
  0x000002a5931af5a0 JavaThread "DiscoveryClient-InstanceInfoReplicator-%d" daemon [_thread_blocked, id=10776, stack(0x000000af95b00000,0x000000af95c00000)]
  0x000002a5931b1030 JavaThread "reactor-http-nio-1" daemon [_thread_in_native, id=10728, stack(0x000000af95c00000,0x000000af95d00000)]
  0x000002a5931b1580 JavaThread "server" [_thread_blocked, id=4628, stack(0x000000af95d00000,0x000000af95e00000)]
  0x000002a5931b0040 JavaThread "DestroyJavaVM" [_thread_blocked, id=11488, stack(0x000000af93d00000,0x000000af93e00000)]
  0x000002a5931b0590 JavaThread "DiscoveryClient-HeartbeatExecutor-%d" daemon [_thread_blocked, id=3496, stack(0x000000af96000000,0x000000af96100000)]
  0x000002a5931ae060 JavaThread "DiscoveryClient-CacheRefreshExecutor-%d" daemon [_thread_blocked, id=14044, stack(0x000000af96100000,0x000000af96200000)]
  0x000002a5931ae5b0 JavaThread "AsyncResolver-bootstrap-executor-%d" daemon [_thread_blocked, id=16008, stack(0x000000af95500000,0x000000af95600000)]
  0x000002a5931aeb00 JavaThread "reactor-http-nio-2" daemon [_thread_in_native, id=13500, stack(0x000000af93c00000,0x000000af93d00000)]
  0x000002a5931af050 JavaThread "reactor-http-nio-3" daemon [_thread_in_native, id=6916, stack(0x000000af95800000,0x000000af95900000)]
  0x000002a5936af4e0 JavaThread "boundedElastic-1" daemon [_thread_blocked, id=11724, stack(0x000000af95e00000,0x000000af95f00000)]
  0x000002a5936acfb0 JavaThread "parallel-1" daemon [_thread_blocked, id=10612, stack(0x000000af95f00000,0x000000af96000000)]
  0x000002a5936aca60 JavaThread "parallel-2" daemon [_thread_blocked, id=15192, stack(0x000000af96200000,0x000000af96300000)]
  0x000002a5936afa30 JavaThread "pool-5-thread-1" daemon [_thread_blocked, id=10220, stack(0x000000af96300000,0x000000af96400000)]
  0x000002a5936adfa0 JavaThread "reactor-http-nio-4" daemon [_thread_in_native, id=10124, stack(0x000000af96400000,0x000000af96500000)]
  0x000002a5936aea40 JavaThread "Jndi-Dns-address-change-listener" daemon [_thread_in_native, id=12856, stack(0x000000af96500000,0x000000af96600000)]

Other Threads:
  0x000002a5fc978600 VMThread "VM Thread" [stack: 0x000000af94300000,0x000000af94400000] [id=11500]
  0x000002a5fcd78860 WatcherThread "VM Periodic Task Thread" [stack: 0x000000af95000000,0x000000af95100000] [id=2648]
  0x000002a5ee5258a0 WorkerThread "GC Thread#0" [stack: 0x000000af93e00000,0x000000af93f00000] [id=8496]
  0x000002a5fd22f6c0 WorkerThread "GC Thread#1" [stack: 0x000000af95100000,0x000000af95200000] [id=12936]
  0x000002a5fd2307d0 WorkerThread "GC Thread#2" [stack: 0x000000af95200000,0x000000af95300000] [id=16712]
  0x000002a5fd3a6b30 WorkerThread "GC Thread#3" [stack: 0x000000af95300000,0x000000af95400000] [id=10140]
  0x000002a5ee52df80 ConcurrentGCThread "G1 Main Marker" [stack: 0x000000af93f00000,0x000000af94000000] [id=9636]
  0x000002a5ee52f820 WorkerThread "G1 Conc#0" [stack: 0x000000af94000000,0x000000af94100000] [id=13384]
  0x000002a5fc82d4e0 ConcurrentGCThread "G1 Refine#0" [stack: 0x000000af94100000,0x000000af94200000] [id=1116]
  0x000002a5fc82dcd0 ConcurrentGCThread "G1 Service" [stack: 0x000000af94200000,0x000000af94300000] [id=11504]

Threads with active compile tasks:
C2 CompilerThread0   695715 7903       4       org.springframework.core.annotation.TypeMappedAnnotations::get (52 bytes)

VM state: not at safepoint (normal execution)

VM Mutex/Monitor currently owned by a thread: None

Heap address: 0x00000000c4400000, size: 956 MB, Compressed Oops mode: 32-bit

CDS archive(s) mapped at: [0x0000000800000000-0x0000000800c40000-0x0000000800c40000), size 12845056, SharedBaseAddress: 0x0000000800000000, ArchiveRelocationMode: 0.
Compressed class space mapped at: 0x0000000801000000-0x0000000841000000, reserved size: 1073741824
Narrow klass base: 0x0000000800000000, Narrow klass shift: 0, Narrow klass range: 0x100000000

GC Precious Log:
 CardTable entry size: 512
 Card Set container configuration: InlinePtr #cards 5 size 8 Array Of Cards #cards 12 size 40 Howl #buckets 4 coarsen threshold 1843 Howl Bitmap #cards 512 size 80 coarsen threshold 460 Card regions per heap region 1 cards per card region 2048
 CPUs: 4 total, 4 available
 Memory: 3818M
 Large Page Support: Disabled
 NUMA Support: Disabled
 Compressed Oops: Enabled (32-bit)
 Heap Region Size: 1M
 Heap Min Capacity: 8M
 Heap Initial Capacity: 60M
 Heap Max Capacity: 956M
 Pre-touch: Disabled
 Parallel Workers: 4
 Concurrent Workers: 1
 Concurrent Refinement Workers: 4
 Periodic GC: Disabled

Heap:
 garbage-first heap   total 101376K, used 73602K [0x00000000c4400000, 0x0000000100000000)
  region size 1024K, 43 young (44032K), 5 survivors (5120K)
 Metaspace       used 58536K, committed 59392K, reserved 1114112K
  class space    used 7693K, committed 8128K, reserved 1048576K

Heap Regions: E=young(eden), S=young(survivor), O=old, HS=humongous(starts), HC=humongous(continues), CS=collection set, F=free, OA=open archive, CA=closed archive, TAMS=top-at-mark-start (previous, next)
|   0|0x00000000c4400000, 0x00000000c4500000, 0x00000000c4500000|100%|HS|  |TAMS 0x00000000c4500000, 0x00000000c4400000| Complete 
|   1|0x00000000c4500000, 0x00000000c4600000, 0x00000000c4600000|100%| O|  |TAMS 0x00000000c4600000, 0x00000000c4500000| Untracked 
|   2|0x00000000c4600000, 0x00000000c4700000, 0x00000000c4700000|100%| O|  |TAMS 0x00000000c4700000, 0x00000000c4600000| Untracked 
|   3|0x00000000c4700000, 0x00000000c4800000, 0x00000000c4800000|100%| O|  |TAMS 0x00000000c4800000, 0x00000000c4700000| Untracked 
|   4|0x00000000c4800000, 0x00000000c4900000, 0x00000000c4900000|100%| O|  |TAMS 0x00000000c4900000, 0x00000000c4800000| Untracked 
|   5|0x00000000c4900000, 0x00000000c4a00000, 0x00000000c4a00000|100%| O|  |TAMS 0x00000000c4a00000, 0x00000000c4900000| Untracked 
|   6|0x00000000c4a00000, 0x00000000c4b00000, 0x00000000c4b00000|100%| O|  |TAMS 0x00000000c4b00000, 0x00000000c4a00000| Untracked 
|   7|0x00000000c4b00000, 0x00000000c4c00000, 0x00000000c4c00000|100%| O|  |TAMS 0x00000000c4c00000, 0x00000000c4b00000| Untracked 
|   8|0x00000000c4c00000, 0x00000000c4d00000, 0x00000000c4d00000|100%| O|  |TAMS 0x00000000c4d00000, 0x00000000c4c00000| Untracked 
|   9|0x00000000c4d00000, 0x00000000c4e00000, 0x00000000c4e00000|100%| O|  |TAMS 0x00000000c4e00000, 0x00000000c4d00000| Untracked 
|  10|0x00000000c4e00000, 0x00000000c4f00000, 0x00000000c4f00000|100%| O|  |TAMS 0x00000000c4f00000, 0x00000000c4e00000| Untracked 
|  11|0x00000000c4f00000, 0x00000000c5000000, 0x00000000c5000000|100%| O|  |TAMS 0x00000000c5000000, 0x00000000c4f00000| Untracked 
|  12|0x00000000c5000000, 0x00000000c5100000, 0x00000000c5100000|100%| O|  |TAMS 0x00000000c5100000, 0x00000000c5000000| Untracked 
|  13|0x00000000c5100000, 0x00000000c5200000, 0x00000000c5200000|100%| O|  |TAMS 0x00000000c5200000, 0x00000000c5100000| Untracked 
|  14|0x00000000c5200000, 0x00000000c5300000, 0x00000000c5300000|100%| O|  |TAMS 0x00000000c5300000, 0x00000000c5200000| Untracked 
|  15|0x00000000c5300000, 0x00000000c5400000, 0x00000000c5400000|100%| O|  |TAMS 0x00000000c5400000, 0x00000000c5300000| Untracked 
|  16|0x00000000c5400000, 0x00000000c5400000, 0x00000000c5500000|  0%| F|  |TAMS 0x00000000c5400000, 0x00000000c5400000| Untracked 
|  17|0x00000000c5500000, 0x00000000c5600000, 0x00000000c5600000|100%| O|  |TAMS 0x00000000c5600000, 0x00000000c5500000| Untracked 
|  18|0x00000000c5600000, 0x00000000c5700000, 0x00000000c5700000|100%| O|  |TAMS 0x00000000c5700000, 0x00000000c5600000| Untracked 
|  19|0x00000000c5700000, 0x00000000c5800000, 0x00000000c5800000|100%| O|  |TAMS 0x00000000c5800000, 0x00000000c5700000| Untracked 
|  20|0x00000000c5800000, 0x00000000c5900000, 0x00000000c5900000|100%| O|  |TAMS 0x00000000c5900000, 0x00000000c5800000| Untracked 
|  21|0x00000000c5900000, 0x00000000c5a00000, 0x00000000c5a00000|100%| O|  |TAMS 0x00000000c5a00000, 0x00000000c5900000| Untracked 
|  22|0x00000000c5a00000, 0x00000000c5b00000, 0x00000000c5b00000|100%| O|  |TAMS 0x00000000c5b00000, 0x00000000c5a00000| Untracked 
|  23|0x00000000c5b00000, 0x00000000c5c00000, 0x00000000c5c00000|100%| O|  |TAMS 0x00000000c5baec00, 0x00000000c5b00000| Untracked 
|  24|0x00000000c5c00000, 0x00000000c5d00000, 0x00000000c5d00000|100%| O|  |TAMS 0x00000000c5c00000, 0x00000000c5c00000| Untracked 
|  25|0x00000000c5d00000, 0x00000000c5e00000, 0x00000000c5e00000|100%| O|  |TAMS 0x00000000c5d00000, 0x00000000c5d00000| Untracked 
|  26|0x00000000c5e00000, 0x00000000c5e00000, 0x00000000c5f00000|  0%| F|  |TAMS 0x00000000c5e00000, 0x00000000c5e00000| Untracked 
|  27|0x00000000c5f00000, 0x00000000c6000000, 0x00000000c6000000|100%| O|  |TAMS 0x00000000c5f00000, 0x00000000c5f00000| Untracked 
|  28|0x00000000c6000000, 0x00000000c6100000, 0x00000000c6100000|100%| O|  |TAMS 0x00000000c6000000, 0x00000000c6000000| Untracked 
|  29|0x00000000c6100000, 0x00000000c6200000, 0x00000000c6200000|100%| O|  |TAMS 0x00000000c6100000, 0x00000000c6100000| Untracked 
|  30|0x00000000c6200000, 0x00000000c6300000, 0x00000000c6300000|100%| O|  |TAMS 0x00000000c6200000, 0x00000000c6200000| Untracked 
|  31|0x00000000c6300000, 0x00000000c6400000, 0x00000000c6400000|100%| O|  |TAMS 0x00000000c6300000, 0x00000000c6300000| Untracked 
|  32|0x00000000c6400000, 0x00000000c6500000, 0x00000000c6500000|100%| O|  |TAMS 0x00000000c6400000, 0x00000000c6400000| Untracked 
|  33|0x00000000c6500000, 0x00000000c6549e00, 0x00000000c6600000| 28%| O|  |TAMS 0x00000000c6500000, 0x00000000c6500000| Untracked 
|  34|0x00000000c6600000, 0x00000000c6600000, 0x00000000c6700000|  0%| F|  |TAMS 0x00000000c6600000, 0x00000000c6600000| Untracked 
|  35|0x00000000c6700000, 0x00000000c6700000, 0x00000000c6800000|  0%| F|  |TAMS 0x00000000c6700000, 0x00000000c6700000| Untracked 
|  36|0x00000000c6800000, 0x00000000c6800000, 0x00000000c6900000|  0%| F|  |TAMS 0x00000000c6800000, 0x00000000c6800000| Untracked 
|  37|0x00000000c6900000, 0x00000000c6900000, 0x00000000c6a00000|  0%| F|  |TAMS 0x00000000c6900000, 0x00000000c6900000| Untracked 
|  38|0x00000000c6a00000, 0x00000000c6a00000, 0x00000000c6b00000|  0%| F|  |TAMS 0x00000000c6a00000, 0x00000000c6a00000| Untracked 
|  39|0x00000000c6b00000, 0x00000000c6b00000, 0x00000000c6c00000|  0%| F|  |TAMS 0x00000000c6b00000, 0x00000000c6b00000| Untracked 
|  40|0x00000000c6c00000, 0x00000000c6c00000, 0x00000000c6d00000|  0%| F|  |TAMS 0x00000000c6c00000, 0x00000000c6c00000| Untracked 
|  41|0x00000000c6d00000, 0x00000000c6d00000, 0x00000000c6e00000|  0%| F|  |TAMS 0x00000000c6d00000, 0x00000000c6d00000| Untracked 
|  42|0x00000000c6e00000, 0x00000000c6e00000, 0x00000000c6f00000|  0%| F|  |TAMS 0x00000000c6e00000, 0x00000000c6e00000| Untracked 
|  43|0x00000000c6f00000, 0x00000000c6f00000, 0x00000000c7000000|  0%| F|  |TAMS 0x00000000c6f00000, 0x00000000c6f00000| Untracked 
|  44|0x00000000c7000000, 0x00000000c7000000, 0x00000000c7100000|  0%| F|  |TAMS 0x00000000c7000000, 0x00000000c7000000| Untracked 
|  45|0x00000000c7100000, 0x00000000c7100000, 0x00000000c7200000|  0%| F|  |TAMS 0x00000000c7100000, 0x00000000c7100000| Untracked 
|  46|0x00000000c7200000, 0x00000000c7200000, 0x00000000c7300000|  0%| F|  |TAMS 0x00000000c7200000, 0x00000000c7200000| Untracked 
|  47|0x00000000c7300000, 0x00000000c7300000, 0x00000000c7400000|  0%| F|  |TAMS 0x00000000c7300000, 0x00000000c7300000| Untracked 
|  48|0x00000000c7400000, 0x00000000c7400000, 0x00000000c7500000|  0%| F|  |TAMS 0x00000000c7400000, 0x00000000c7400000| Untracked 
|  49|0x00000000c7500000, 0x00000000c7500000, 0x00000000c7600000|  0%| F|  |TAMS 0x00000000c7500000, 0x00000000c7500000| Untracked 
|  50|0x00000000c7600000, 0x00000000c7600000, 0x00000000c7700000|  0%| F|  |TAMS 0x00000000c7600000, 0x00000000c7600000| Untracked 
|  51|0x00000000c7700000, 0x00000000c7700000, 0x00000000c7800000|  0%| F|  |TAMS 0x00000000c7700000, 0x00000000c7700000| Untracked 
|  52|0x00000000c7800000, 0x00000000c7896d28, 0x00000000c7900000| 58%| S|CS|TAMS 0x00000000c7800000, 0x00000000c7800000| Complete 
|  53|0x00000000c7900000, 0x00000000c7a00000, 0x00000000c7a00000|100%| S|CS|TAMS 0x00000000c7900000, 0x00000000c7900000| Complete 
|  54|0x00000000c7a00000, 0x00000000c7b00000, 0x00000000c7b00000|100%| S|CS|TAMS 0x00000000c7a00000, 0x00000000c7a00000| Complete 
|  55|0x00000000c7b00000, 0x00000000c7c00000, 0x00000000c7c00000|100%| S|CS|TAMS 0x00000000c7b00000, 0x00000000c7b00000| Complete 
|  56|0x00000000c7c00000, 0x00000000c7d00000, 0x00000000c7d00000|100%| S|CS|TAMS 0x00000000c7c00000, 0x00000000c7c00000| Complete 
|  57|0x00000000c7d00000, 0x00000000c7d00000, 0x00000000c7e00000|  0%| F|  |TAMS 0x00000000c7d00000, 0x00000000c7d00000| Untracked 
|  58|0x00000000c7e00000, 0x00000000c7e00000, 0x00000000c7f00000|  0%| F|  |TAMS 0x00000000c7e00000, 0x00000000c7e00000| Untracked 
|  59|0x00000000c7f00000, 0x00000000c7f00000, 0x00000000c8000000|  0%| F|  |TAMS 0x00000000c7f00000, 0x00000000c7f00000| Untracked 
|  60|0x00000000c8000000, 0x00000000c8000000, 0x00000000c8100000|  0%| F|  |TAMS 0x00000000c8000000, 0x00000000c8000000| Untracked 
|  61|0x00000000c8100000, 0x00000000c81971a8, 0x00000000c8200000| 59%| E|  |TAMS 0x00000000c8100000, 0x00000000c8100000| Complete 
|  62|0x00000000c8200000, 0x00000000c8300000, 0x00000000c8300000|100%| E|CS|TAMS 0x00000000c8200000, 0x00000000c8200000| Complete 
|  63|0x00000000c8300000, 0x00000000c8400000, 0x00000000c8400000|100%| E|CS|TAMS 0x00000000c8300000, 0x00000000c8300000| Complete 
|  64|0x00000000c8400000, 0x00000000c8500000, 0x00000000c8500000|100%| E|CS|TAMS 0x00000000c8400000, 0x00000000c8400000| Complete 
|  65|0x00000000c8500000, 0x00000000c8600000, 0x00000000c8600000|100%| E|CS|TAMS 0x00000000c8500000, 0x00000000c8500000| Complete 
|  66|0x00000000c8600000, 0x00000000c8700000, 0x00000000c8700000|100%| E|CS|TAMS 0x00000000c8600000, 0x00000000c8600000| Complete 
|  67|0x00000000c8700000, 0x00000000c8800000, 0x00000000c8800000|100%| E|CS|TAMS 0x00000000c8700000, 0x00000000c8700000| Complete 
|  68|0x00000000c8800000, 0x00000000c8900000, 0x00000000c8900000|100%| E|CS|TAMS 0x00000000c8800000, 0x00000000c8800000| Complete 
|  69|0x00000000c8900000, 0x00000000c8a00000, 0x00000000c8a00000|100%| E|CS|TAMS 0x00000000c8900000, 0x00000000c8900000| Complete 
|  70|0x00000000c8a00000, 0x00000000c8b00000, 0x00000000c8b00000|100%| E|  |TAMS 0x00000000c8a00000, 0x00000000c8a00000| Complete 
|  71|0x00000000c8b00000, 0x00000000c8c00000, 0x00000000c8c00000|100%| E|CS|TAMS 0x00000000c8b00000, 0x00000000c8b00000| Complete 
|  72|0x00000000c8c00000, 0x00000000c8d00000, 0x00000000c8d00000|100%| E|CS|TAMS 0x00000000c8c00000, 0x00000000c8c00000| Complete 
|  73|0x00000000c8d00000, 0x00000000c8e00000, 0x00000000c8e00000|100%| E|CS|TAMS 0x00000000c8d00000, 0x00000000c8d00000| Complete 
|  74|0x00000000c8e00000, 0x00000000c8f00000, 0x00000000c8f00000|100%| E|CS|TAMS 0x00000000c8e00000, 0x00000000c8e00000| Complete 
|  75|0x00000000c8f00000, 0x00000000c9000000, 0x00000000c9000000|100%| E|CS|TAMS 0x00000000c8f00000, 0x00000000c8f00000| Complete 
|  76|0x00000000c9000000, 0x00000000c9100000, 0x00000000c9100000|100%| E|CS|TAMS 0x00000000c9000000, 0x00000000c9000000| Complete 
|  77|0x00000000c9100000, 0x00000000c9200000, 0x00000000c9200000|100%| E|CS|TAMS 0x00000000c9100000, 0x00000000c9100000| Complete 
|  78|0x00000000c9200000, 0x00000000c9300000, 0x00000000c9300000|100%| E|CS|TAMS 0x00000000c9200000, 0x00000000c9200000| Complete 
|  79|0x00000000c9300000, 0x00000000c9400000, 0x00000000c9400000|100%| E|CS|TAMS 0x00000000c9300000, 0x00000000c9300000| Complete 
|  80|0x00000000c9400000, 0x00000000c9500000, 0x00000000c9500000|100%| E|CS|TAMS 0x00000000c9400000, 0x00000000c9400000| Complete 
|  81|0x00000000c9500000, 0x00000000c9600000, 0x00000000c9600000|100%| E|CS|TAMS 0x00000000c9500000, 0x00000000c9500000| Complete 
|  82|0x00000000c9600000, 0x00000000c9700000, 0x00000000c9700000|100%| E|CS|TAMS 0x00000000c9600000, 0x00000000c9600000| Complete 
|  83|0x00000000c9700000, 0x00000000c9800000, 0x00000000c9800000|100%| E|CS|TAMS 0x00000000c9700000, 0x00000000c9700000| Complete 
|  84|0x00000000c9800000, 0x00000000c9900000, 0x00000000c9900000|100%| E|CS|TAMS 0x00000000c9800000, 0x00000000c9800000| Complete 
|  85|0x00000000c9900000, 0x00000000c9a00000, 0x00000000c9a00000|100%| E|CS|TAMS 0x00000000c9900000, 0x00000000c9900000| Complete 
|  86|0x00000000c9a00000, 0x00000000c9b00000, 0x00000000c9b00000|100%| E|CS|TAMS 0x00000000c9a00000, 0x00000000c9a00000| Complete 
|  87|0x00000000c9b00000, 0x00000000c9c00000, 0x00000000c9c00000|100%| E|CS|TAMS 0x00000000c9b00000, 0x00000000c9b00000| Complete 
|  88|0x00000000c9c00000, 0x00000000c9d00000, 0x00000000c9d00000|100%| E|CS|TAMS 0x00000000c9c00000, 0x00000000c9c00000| Complete 
|  89|0x00000000c9d00000, 0x00000000c9e00000, 0x00000000c9e00000|100%| E|CS|TAMS 0x00000000c9d00000, 0x00000000c9d00000| Complete 
|  90|0x00000000c9e00000, 0x00000000c9f00000, 0x00000000c9f00000|100%| E|CS|TAMS 0x00000000c9e00000, 0x00000000c9e00000| Complete 
|  91|0x00000000c9f00000, 0x00000000ca000000, 0x00000000ca000000|100%| E|CS|TAMS 0x00000000c9f00000, 0x00000000c9f00000| Complete 
|  92|0x00000000ca000000, 0x00000000ca100000, 0x00000000ca100000|100%| E|CS|TAMS 0x00000000ca000000, 0x00000000ca000000| Complete 
|  93|0x00000000ca100000, 0x00000000ca200000, 0x00000000ca200000|100%| E|CS|TAMS 0x00000000ca100000, 0x00000000ca100000| Complete 
|  94|0x00000000ca200000, 0x00000000ca300000, 0x00000000ca300000|100%| E|CS|TAMS 0x00000000ca200000, 0x00000000ca200000| Complete 
|  95|0x00000000ca300000, 0x00000000ca400000, 0x00000000ca400000|100%| E|CS|TAMS 0x00000000ca300000, 0x00000000ca300000| Complete 
|  96|0x00000000ca400000, 0x00000000ca500000, 0x00000000ca500000|100%| E|CS|TAMS 0x00000000ca400000, 0x00000000ca400000| Complete 
|  97|0x00000000ca500000, 0x00000000ca600000, 0x00000000ca600000|100%| E|CS|TAMS 0x00000000ca500000, 0x00000000ca500000| Complete 
|  98|0x00000000ca600000, 0x00000000ca700000, 0x00000000ca700000|100%| E|CS|TAMS 0x00000000ca600000, 0x00000000ca600000| Complete 

Card table byte_map: [0x000002a5f8220000,0x000002a5f8400000] _byte_map_base: 0x000002a5f7bfe000

Marking Bits (Prev, Next): (CMBitMap*) 0x000002a5ee525ed0, (CMBitMap*) 0x000002a5ee525f10
 Prev Bits: [0x000002a5f85e0000, 0x000002a5f94d0000)
 Next Bits: [0x000002a5f94d0000, 0x000002a5fa3c0000)

Polling page: 0x000002a5ee200000

Metaspace:

Usage:
  Non-class:     49.65 MB used.
      Class:      7.51 MB used.
       Both:     57.16 MB used.

Virtual space:
  Non-class space:       64.00 MB reserved,      50.06 MB ( 78%) committed,  1 nodes.
      Class space:        1.00 GB reserved,       7.94 MB ( <1%) committed,  1 nodes.
             Both:        1.06 GB reserved,      58.00 MB (  5%) committed. 

Chunk freelists:
   Non-Class:  1.44 MB
       Class:  112.00 KB
        Both:  1.55 MB

MaxMetaspaceSize: unlimited
CompressedClassSpaceSize: 1.00 GB
Initial GC threshold: 21.00 MB
Current GC threshold: 58.88 MB
CDS: on
MetaspaceReclaimPolicy: balanced
 - commit_granule_bytes: 65536.
 - commit_granule_words: 8192.
 - virtual_space_node_default_size: 8388608.
 - enlarge_chunks_in_place: 1.
 - new_chunks_are_fully_committed: 0.
 - uncommit_free_chunks: 1.
 - use_allocation_guard: 0.


Internal statistics:

num_allocs_failed_limit: 8.
num_arena_births: 1216.
num_arena_deaths: 0.
num_vsnodes_births: 2.
num_vsnodes_deaths: 0.
num_space_committed: 928.
num_space_uncommitted: 0.
num_chunks_returned_to_freelist: 8.
num_chunks_taken_from_freelist: 3303.
num_chunk_merges: 8.
num_chunk_splits: 2336.
num_chunks_enlarged: 1795.
num_inconsistent_stats: 0.

CodeHeap 'non-profiled nmethods': size=120000Kb used=4290Kb max_used=4290Kb free=115709Kb
 bounds [0x000002a587ad0000, 0x000002a587f10000, 0x000002a58f000000]
CodeHeap 'profiled nmethods': size=120000Kb used=14250Kb max_used=14250Kb free=105749Kb
 bounds [0x000002a580000000, 0x000002a580df0000, 0x000002a587530000]
CodeHeap 'non-nmethods': size=5760Kb used=1435Kb max_used=1456Kb free=4324Kb
 bounds [0x000002a587530000, 0x000002a5877a0000, 0x000002a587ad0000]
 total_blobs=7703 nmethods=7032 adapters=581
 compilation: enabled
              stopped_count=0, restarted_count=0
 full_count=0

Compilation events (20 events):
Event: 695.104 Thread 0x000002a5fc99ffb0 7899       3       org.springframework.cloud.gateway.handler.AsyncPredicate::from (12 bytes)
Event: 695.106 Thread 0x000002a5fc99ffb0 nmethod 7899 0x000002a580de5710 code [0x000002a580de58c0, 0x000002a580de5b68]
Event: 695.106 Thread 0x000002a5fc99ffb0 7900       3       org.springframework.cloud.gateway.handler.predicate.GatewayPredicate::wrapIfNeeded (28 bytes)
Event: 695.106 Thread 0x000002a5fc99ffb0 nmethod 7900 0x000002a580de5c90 code [0x000002a580de5e80, 0x000002a580de64e8]
Event: 695.106 Thread 0x000002a5fc99ffb0 7901       3       org.springframework.cloud.gateway.handler.AsyncPredicate$DefaultAsyncPredicate::<init> (10 bytes)
Event: 695.106 Thread 0x000002a5fc99ffb0 nmethod 7901 0x000002a580de6690 code [0x000002a580de6840, 0x000002a580de69f8]
Event: 695.106 Thread 0x000002a5fc99ffb0 7898       3       org.springframework.boot.context.properties.bind.Binder$Context::getPlaceholdersResolver (8 bytes)
Event: 695.107 Thread 0x000002a5fc99ffb0 nmethod 7898 0x000002a580de6a90 code [0x000002a580de6c20, 0x000002a580de6d38]
Event: 695.110 Thread 0x000002a5fc99ffb0 7904       3       reactor.core.publisher.FluxMap$MapSubscriber::onComplete (23 bytes)
Event: 695.110 Thread 0x000002a5fc99ffb0 nmethod 7904 0x000002a580de6e10 code [0x000002a580de6fc0, 0x000002a580de7208]
Event: 695.111 Thread 0x000002a5fc99ffb0 7905       3       reactor.core.publisher.Signal::isOnNext (18 bytes)
Event: 695.116 Thread 0x000002a5fc99ffb0 nmethod 7905 0x000002a580de7310 code [0x000002a580de74c0, 0x000002a580de76e8]
Event: 695.116 Thread 0x000002a5fc99ffb0 7906       3       reactor.core.publisher.Signal::isOnError (18 bytes)
Event: 695.116 Thread 0x000002a5fc99ffb0 nmethod 7906 0x000002a580de7790 code [0x000002a580de7940, 0x000002a580de7b68]
Event: 695.120 Thread 0x000002a5fc99ffb0 7907       3       org.springframework.cloud.gateway.route.CompositeRouteDefinitionLocator$$Lambda$1317/0x00000008016da008::apply (12 bytes)
Event: 695.129 Thread 0x000002a5fc99ffb0 nmethod 7907 0x000002a580de7c10 code [0x000002a580de7e60, 0x000002a580de8688]
Event: 695.129 Thread 0x000002a5fc99ffb0 7908       3       org.springframework.cloud.gateway.route.CompositeRouteDefinitionLocator::lambda$getRouteDefinitions$1 (26 bytes)
Event: 695.362 Thread 0x000002a5fc99ffb0 nmethod 7908 0x000002a580de8990 code [0x000002a580de8d60, 0x000002a580dea708]
Event: 695.381 Thread 0x000002a5fc99cbb0 nmethod 7896 0x000002a587eff910 code [0x000002a587effb40, 0x000002a587f00450]
Event: 695.381 Thread 0x000002a5fc99cbb0 7903       4       org.springframework.core.annotation.TypeMappedAnnotations::get (52 bytes)

GC Heap History (20 events):
Event: 4.127 GC heap before
{Heap before GC invocations=6 (full 0):
 garbage-first heap   total 61440K, used 35767K [0x00000000c4400000, 0x0000000100000000)
  region size 1024K, 16 young (16384K), 2 survivors (2048K)
 Metaspace       used 21177K, committed 21504K, reserved 1114112K
  class space    used 2600K, committed 2752K, reserved 1048576K
}
Event: 4.131 GC heap after
{Heap after GC invocations=7 (full 0):
 garbage-first heap   total 61440K, used 24085K [0x00000000c4400000, 0x0000000100000000)
  region size 1024K, 3 young (3072K), 3 survivors (3072K)
 Metaspace       used 21177K, committed 21504K, reserved 1114112K
  class space    used 2600K, committed 2752K, reserved 1048576K
}
Event: 4.772 GC heap before
{Heap before GC invocations=8 (full 0):
 garbage-first heap   total 61440K, used 40469K [0x00000000c4400000, 0x0000000100000000)
  region size 1024K, 23 young (23552K), 3 survivors (3072K)
 Metaspace       used 23017K, committed 23360K, reserved 1114112K
  class space    used 2782K, committed 2944K, reserved 1048576K
}
Event: 4.777 GC heap after
{Heap after GC invocations=9 (full 0):
 garbage-first heap   total 61440K, used 22811K [0x00000000c4400000, 0x0000000100000000)
  region size 1024K, 3 young (3072K), 3 survivors (3072K)
 Metaspace       used 23017K, committed 23360K, reserved 1114112K
  class space    used 2782K, committed 2944K, reserved 1048576K
}
Event: 4.795 GC heap before
{Heap before GC invocations=9 (full 0):
 garbage-first heap   total 61440K, used 23835K [0x00000000c4400000, 0x0000000100000000)
  region size 1024K, 4 young (4096K), 3 survivors (3072K)
 Metaspace       used 23084K, committed 23424K, reserved 1114112K
  class space    used 2790K, committed 2944K, reserved 1048576K
}
Event: 4.799 GC heap after
{Heap after GC invocations=10 (full 0):
 garbage-first heap   total 61440K, used 22396K [0x00000000c4400000, 0x0000000100000000)
  region size 1024K, 1 young (1024K), 1 survivors (1024K)
 Metaspace       used 23084K, committed 23424K, reserved 1114112K
  class space    used 2790K, committed 2944K, reserved 1048576K
}
Event: 5.379 GC heap before
{Heap before GC invocations=10 (full 0):
 garbage-first heap   total 61440K, used 44924K [0x00000000c4400000, 0x0000000100000000)
  region size 1024K, 23 young (23552K), 1 survivors (1024K)
 Metaspace       used 24960K, committed 25280K, reserved 1114112K
  class space    used 3041K, committed 3200K, reserved 1048576K
}
Event: 5.382 GC heap after
{Heap after GC invocations=11 (full 0):
 garbage-first heap   total 61440K, used 23621K [0x00000000c4400000, 0x0000000100000000)
  region size 1024K, 2 young (2048K), 2 survivors (2048K)
 Metaspace       used 24960K, committed 25280K, reserved 1114112K
  class space    used 3041K, committed 3200K, reserved 1048576K
}
Event: 5.903 GC heap before
{Heap before GC invocations=11 (full 0):
 garbage-first heap   total 61440K, used 46149K [0x00000000c4400000, 0x0000000100000000)
  region size 1024K, 24 young (24576K), 2 survivors (2048K)
 Metaspace       used 27327K, committed 27776K, reserved 1114112K
  class space    used 3374K, committed 3584K, reserved 1048576K
}
Event: 5.910 GC heap after
{Heap after GC invocations=12 (full 0):
 garbage-first heap   total 61440K, used 25415K [0x00000000c4400000, 0x0000000100000000)
  region size 1024K, 2 young (2048K), 2 survivors (2048K)
 Metaspace       used 27327K, committed 27776K, reserved 1114112K
  class space    used 3374K, committed 3584K, reserved 1048576K
}
Event: 6.677 GC heap before
{Heap before GC invocations=12 (full 0):
 garbage-first heap   total 61440K, used 46919K [0x00000000c4400000, 0x0000000100000000)
  region size 1024K, 23 young (23552K), 2 survivors (2048K)
 Metaspace       used 32941K, committed 33472K, reserved 1114112K
  class space    used 4222K, committed 4480K, reserved 1048576K
}
Event: 6.684 GC heap after
{Heap after GC invocations=13 (full 0):
 garbage-first heap   total 101376K, used 27323K [0x00000000c4400000, 0x0000000100000000)
  region size 1024K, 2 young (2048K), 2 survivors (2048K)
 Metaspace       used 32941K, committed 33472K, reserved 1114112K
  class space    used 4222K, committed 4480K, reserved 1048576K
}
Event: 7.299 GC heap before
{Heap before GC invocations=13 (full 0):
 garbage-first heap   total 101376K, used 40635K [0x00000000c4400000, 0x0000000100000000)
  region size 1024K, 16 young (16384K), 2 survivors (2048K)
 Metaspace       used 35614K, committed 36096K, reserved 1114112K
  class space    used 4616K, committed 4864K, reserved 1048576K
}
Event: 7.306 GC heap after
{Heap after GC invocations=14 (full 0):
 garbage-first heap   total 101376K, used 28708K [0x00000000c4400000, 0x0000000100000000)
  region size 1024K, 4 young (4096K), 4 survivors (4096K)
 Metaspace       used 35614K, committed 36096K, reserved 1114112K
  class space    used 4616K, committed 4864K, reserved 1048576K
}
Event: 9.792 GC heap before
{Heap before GC invocations=15 (full 0):
 garbage-first heap   total 101376K, used 77860K [0x00000000c4400000, 0x0000000100000000)
  region size 1024K, 52 young (53248K), 4 survivors (4096K)
 Metaspace       used 43270K, committed 43968K, reserved 1114112K
  class space    used 5687K, committed 6016K, reserved 1048576K
}
Event: 9.805 GC heap after
{Heap after GC invocations=16 (full 0):
 garbage-first heap   total 101376K, used 33648K [0x00000000c4400000, 0x0000000100000000)
  region size 1024K, 7 young (7168K), 7 survivors (7168K)
 Metaspace       used 43270K, committed 43968K, reserved 1114112K
  class space    used 5687K, committed 6016K, reserved 1048576K
}
Event: 9.815 GC heap before
{Heap before GC invocations=16 (full 0):
 garbage-first heap   total 101376K, used 34672K [0x00000000c4400000, 0x0000000100000000)
  region size 1024K, 8 young (8192K), 7 survivors (7168K)
 Metaspace       used 43469K, committed 44096K, reserved 1114112K
  class space    used 5707K, committed 6016K, reserved 1048576K
}
Event: 9.828 GC heap after
{Heap after GC invocations=17 (full 0):
 garbage-first heap   total 101376K, used 33063K [0x00000000c4400000, 0x0000000100000000)
  region size 1024K, 1 young (1024K), 1 survivors (1024K)
 Metaspace       used 43469K, committed 44096K, reserved 1114112K
  class space    used 5707K, committed 6016K, reserved 1048576K
}
Event: 43.874 GC heap before
{Heap before GC invocations=17 (full 0):
 garbage-first heap   total 101376K, used 74023K [0x00000000c4400000, 0x0000000100000000)
  region size 1024K, 42 young (43008K), 1 survivors (1024K)
 Metaspace       used 53024K, committed 53824K, reserved 1114112K
  class space    used 6992K, committed 7360K, reserved 1048576K
}
Event: 43.973 GC heap after
{Heap after GC invocations=18 (full 0):
 garbage-first heap   total 101376K, used 36738K [0x00000000c4400000, 0x0000000100000000)
  region size 1024K, 5 young (5120K), 5 survivors (5120K)
 Metaspace       used 53024K, committed 53824K, reserved 1114112K
  class space    used 6992K, committed 7360K, reserved 1048576K
}

Dll operation events (13 events):
Event: 0.024 Loaded shared library C:\Program Files\Java\jdk-19\bin\java.dll
Event: 0.032 Loaded shared library C:\Program Files\Java\jdk-19\bin\jsvml.dll
Event: 0.475 Loaded shared library C:\Program Files\Java\jdk-19\bin\zip.dll
Event: 0.483 Loaded shared library C:\Program Files\Java\jdk-19\bin\instrument.dll
Event: 0.525 Loaded shared library C:\Program Files\Java\jdk-19\bin\net.dll
Event: 0.527 Loaded shared library C:\Program Files\Java\jdk-19\bin\nio.dll
Event: 0.532 Loaded shared library C:\Program Files\Java\jdk-19\bin\zip.dll
Event: 0.886 Loaded shared library C:\Program Files\Java\jdk-19\bin\extnet.dll
Event: 0.972 Loaded shared library C:\Program Files\Java\jdk-19\bin\jimage.dll
Event: 3.552 Loaded shared library C:\Program Files\Java\jdk-19\bin\verify.dll
Event: 6.932 Loaded shared library C:\Program Files\Java\jdk-19\bin\sunmscapi.dll
Event: 9.590 Loaded shared library C:\Program Files\Java\jdk-19\bin\management.dll
Event: 9.595 Loaded shared library C:\Program Files\Java\jdk-19\bin\management_ext.dll

Deoptimization events (20 events):
Event: 641.623 Thread 0x000002a5936acfb0 Uncommon trap: trap_request=0xffffffde fr.pc=0x000002a587ccf2bc relative=0x0000000000001f7c
Event: 641.623 Thread 0x000002a5936acfb0 Uncommon trap: reason=class_check action=maybe_recompile pc=0x000002a587ccf2bc method=java.lang.reflect.Executable.getAnnotation(Ljava/lang/Class;)Ljava/lang/annotation/Annotation; @ 19 c2
Event: 641.623 Thread 0x000002a5936acfb0 DEOPT PACKING pc=0x000002a587ccf2bc sp=0x000000af95ff9160
Event: 641.623 Thread 0x000002a5936acfb0 DEOPT UNPACKING pc=0x000002a58759a5a3 sp=0x000000af95ff8f98 mode 2
Event: 642.837 Thread 0x000002a5936acfb0 Uncommon trap: trap_request=0xffffff45 fr.pc=0x000002a587e735d8 relative=0x0000000000000338
Event: 642.837 Thread 0x000002a5936acfb0 Uncommon trap: reason=unstable_if action=reinterpret pc=0x000002a587e735d8 method=java.util.ArrayList.add(ILjava/lang/Object;)V @ 29 c2
Event: 642.837 Thread 0x000002a5936acfb0 DEOPT PACKING pc=0x000002a587e735d8 sp=0x000000af95ff52e0
Event: 642.837 Thread 0x000002a5936acfb0 DEOPT UNPACKING pc=0x000002a58759a5a3 sp=0x000000af95ff52a8 mode 2
Event: 643.035 Thread 0x000002a5931b1030 Uncommon trap: trap_request=0xffffff45 fr.pc=0x000002a587ef2964 relative=0x00000000000001c4
Event: 643.035 Thread 0x000002a5931b1030 Uncommon trap: reason=unstable_if action=reinterpret pc=0x000002a587ef2964 method=java.io.ByteArrayInputStream.read()I @ 8 c2
Event: 643.035 Thread 0x000002a5931b1030 DEOPT PACKING pc=0x000002a587ef2964 sp=0x000000af95cfcb20
Event: 643.035 Thread 0x000002a5931b1030 DEOPT UNPACKING pc=0x000002a58759a5a3 sp=0x000000af95cfcad8 mode 2
Event: 658.238 Thread 0x000002a5931b1030 Uncommon trap: trap_request=0xffffffde fr.pc=0x000002a587cc5080 relative=0x0000000000000720
Event: 658.240 Thread 0x000002a5931b1030 Uncommon trap: reason=class_check action=maybe_recompile pc=0x000002a587cc5080 method=java.lang.StringConcatHelper.stringOf(Ljava/lang/Object;)Ljava/lang/String; @ 5 c2
Event: 658.240 Thread 0x000002a5931b1030 DEOPT PACKING pc=0x000002a587cc5080 sp=0x000000af95cfdab0
Event: 658.243 Thread 0x000002a5931b1030 DEOPT UNPACKING pc=0x000002a58759a5a3 sp=0x000000af95cfd9f0 mode 2
Event: 661.479 Thread 0x000002a5931b1030 Uncommon trap: trap_request=0xffffff66 fr.pc=0x000002a587b70a28 relative=0x0000000000000768
Event: 661.479 Thread 0x000002a5931b1030 Uncommon trap: reason=speculate_class_check action=maybe_recompile pc=0x000002a587b70a28 method=java.util.function.BiPredicate.lambda$or$2(Ljava/util/function/BiPredicate;Ljava/lang/Object;Ljava/lang/Object;)Z @ 3 c2
Event: 661.479 Thread 0x000002a5931b1030 DEOPT PACKING pc=0x000002a587b70a28 sp=0x000000af95cfdde0
Event: 661.479 Thread 0x000002a5931b1030 DEOPT UNPACKING pc=0x000002a58759a5a3 sp=0x000000af95cfdd48 mode 2

Classes loaded (20 events):
Event: 643.038 Loading class jdk/internal/icu/impl/Trie2$ValueMapper done
Event: 643.038 Loading class jdk/internal/icu/impl/Trie2$1 done
Event: 643.038 Loading class jdk/internal/icu/impl/Trie2$UTrie2Header
Event: 643.038 Loading class jdk/internal/icu/impl/Trie2$UTrie2Header done
Event: 661.501 Loading class sun/nio/ch/IOVecWrapper
Event: 661.512 Loading class sun/nio/ch/IOVecWrapper done
Event: 661.749 Loading class sun/nio/ch/AllocatedNativeObject
Event: 661.752 Loading class sun/nio/ch/NativeObject
Event: 661.759 Loading class sun/nio/ch/NativeObject done
Event: 661.759 Loading class sun/nio/ch/AllocatedNativeObject done
Event: 661.760 Loading class sun/nio/ch/IOVecWrapper$Deallocator
Event: 661.761 Loading class sun/nio/ch/IOVecWrapper$Deallocator done
Event: 677.070 Loading class java/util/concurrent/ConcurrentSkipListMap$SubMap
Event: 677.087 Loading class java/util/concurrent/ConcurrentSkipListMap$SubMap done
Event: 677.088 Loading class java/util/concurrent/ConcurrentSkipListMap$Values
Event: 677.089 Loading class java/util/concurrent/ConcurrentSkipListMap$Values done
Event: 677.089 Loading class java/util/concurrent/ConcurrentSkipListMap$SubMap$SubMapValueIterator
Event: 677.091 Loading class java/util/concurrent/ConcurrentSkipListMap$SubMap$SubMapIter
Event: 677.095 Loading class java/util/concurrent/ConcurrentSkipListMap$SubMap$SubMapIter done
Event: 677.095 Loading class java/util/concurrent/ConcurrentSkipListMap$SubMap$SubMapValueIterator done

Classes unloaded (0 events):
No events

Classes redefined (0 events):
No events

Internal exceptions (20 events):
Event: 43.526 Thread 0x000002a5931ae060 Exception <a 'java/lang/NoSuchMethodError'{0x00000000c7e21200}: 'java.lang.Object java.lang.invoke.DirectMethodHandle$Holder.invokeStatic(java.lang.Object, java.lang.Object, java.lang.Object, java.lang.Object, java.lang.Object, java.lang.Object, java.lang.Object, java.lang.Object, java.lang.Object, java.lang.Object, java.lang.Object, java.lang.Object, java.lang.Object, java.lang.Object)'> (0x00000000c7e21200) 
thrown [s\open\src\hotspot\share\interpreter\linkResolver.cpp, line 774]
Event: 43.531 Thread 0x000002a5931ae060 Exception <a 'java/lang/NoSuchMethodError'{0x00000000c7e37410}: 'java.lang.Object java.lang.invoke.DelegatingMethodHandle$Holder.reinvoke_L(java.lang.Object, java.lang.Object, java.lang.Object, java.lang.Object, java.lang.Object, java.lang.Object, java.lang.Object, java.lang.Object, java.lang.Object, java.lang.Object, java.lang.Object, java.lang.Object, java.lang.Object, java.lang.Object, java.lang.Object, java.lang.Object, java.lang.Object, java.lang.Object, java.lang.Object, java.lang.Object, java.lang.O
Event: 43.662 Thread 0x000002a5931ae060 Exception <a 'java/lang/NoSuchMethodError'{0x00000000c7e751d8}: 'java.lang.Object java.lang.invoke.DirectMethodHandle$Holder.invokeInterface(java.lang.Object, java.lang.Object, java.lang.Object, int)'> (0x00000000c7e751d8) 
thrown [s\open\src\hotspot\share\interpreter\linkResolver.cpp, line 774]
Event: 43.662 Thread 0x000002a5931ae060 Implicit null exception at 0x000002a587e2144b to 0x000002a587e21640
Event: 43.760 Thread 0x000002a5931ae060 Exception <a 'java/lang/NoSuchMethodError'{0x00000000c7ee0ce0}: 'java.lang.Object java.lang.invoke.DirectMethodHandle$Holder.invokeStatic(java.lang.Object, java.lang.Object, java.lang.Object, java.lang.Object, int, java.lang.Object)'> (0x00000000c7ee0ce0) 
thrown [s\open\src\hotspot\share\interpreter\linkResolver.cpp, line 774]
Event: 43.762 Thread 0x000002a5931ae060 Exception <a 'java/lang/NoSuchMethodError'{0x00000000c7ee8fb0}: 'java.lang.Object java.lang.invoke.DirectMethodHandle$Holder.newInvokeSpecial(java.lang.Object, java.lang.Object, java.lang.Object, java.lang.Object, int)'> (0x00000000c7ee8fb0) 
thrown [s\open\src\hotspot\share\interpreter\linkResolver.cpp, line 774]
Event: 43.764 Thread 0x000002a5931ae060 Exception <a 'java/lang/NoSuchMethodError'{0x00000000c7eed768}: 'java.lang.Object java.lang.invoke.DirectMethodHandle$Holder.invokeSpecial(java.lang.Object, java.lang.Object, java.lang.Object, java.lang.Object, java.lang.Object, int)'> (0x00000000c7eed768) 
thrown [s\open\src\hotspot\share\interpreter\linkResolver.cpp, line 774]
Event: 43.765 Thread 0x000002a5931ae060 Exception <a 'java/lang/NoSuchMethodError'{0x00000000c7ef17c8}: 'java.lang.Object java.lang.invoke.Invokers$Holder.linkToTargetMethod(java.lang.Object, java.lang.Object, java.lang.Object, int, java.lang.Object)'> (0x00000000c7ef17c8) 
thrown [s\open\src\hotspot\share\interpreter\linkResolver.cpp, line 774]
Event: 638.681 Thread 0x000002a5931af050 Exception <a 'java/lang/NoSuchMethodError'{0x00000000c9260560}: 'void java.lang.invoke.DirectMethodHandle$Holder.invokeStatic(java.lang.Object, int)'> (0x00000000c9260560) 
thrown [s\open\src\hotspot\share\interpreter\linkResolver.cpp, line 774]
Event: 638.687 Thread 0x000002a5931af050 Exception <a 'java/lang/NoSuchMethodError'{0x00000000c9263c70}: 'void java.lang.invoke.DirectMethodHandle$Holder.invokeStaticInit(java.lang.Object, int)'> (0x00000000c9263c70) 
thrown [s\open\src\hotspot\share\interpreter\linkResolver.cpp, line 774]
Event: 638.694 Thread 0x000002a5931af050 Exception <a 'java/lang/NoSuchMethodError'{0x00000000c9269a30}: 'void java.lang.invoke.DirectMethodHandle$Holder.invokeSpecial(java.lang.Object, java.lang.Object, int)'> (0x00000000c9269a30) 
thrown [s\open\src\hotspot\share\interpreter\linkResolver.cpp, line 774]
Event: 638.974 Thread 0x000002a5931af050 Exception <a 'java/lang/NoSuchMethodError'{0x00000000c91b2ba8}: 'java.lang.Object java.lang.invoke.Invokers$Holder.linkToTargetMethod(java.lang.Object, long, java.lang.Object)'> (0x00000000c91b2ba8) 
thrown [s\open\src\hotspot\share\interpreter\linkResolver.cpp, line 774]
Event: 641.736 Thread 0x000002a5936acfb0 Exception <a 'java/lang/NoSuchMethodError'{0x00000000c8bf4230}: 'void java.lang.invoke.DirectMethodHandle$Holder.invokeSpecial(java.lang.Object, java.lang.Object, java.lang.Object, java.lang.Object, java.lang.Object, java.lang.Object, java.lang.Object, java.lang.Object)'> (0x00000000c8bf4230) 
thrown [s\open\src\hotspot\share\interpreter\linkResolver.cpp, line 774]
Event: 642.591 Thread 0x000002a5936acfb0 Exception <a 'java/io/FileNotFoundException'{0x00000000c8869800}> (0x00000000c8869800) 
thrown [s\open\src\hotspot\share\prims\jni.cpp, line 517]
Event: 642.720 Thread 0x000002a5936acfb0 Exception <a 'sun/nio/fs/WindowsException'{0x00000000c88c9f08}> (0x00000000c88c9f08) 
thrown [s\open\src\hotspot\share\prims\jni.cpp, line 517]
Event: 642.928 Thread 0x000002a5936acfb0 Exception <a 'java/lang/NoSuchMethodError'{0x00000000c87eff68}: 'java.lang.Object java.lang.invoke.DirectMethodHandle$Holder.newInvokeSpecial(java.lang.Object, java.lang.Object, long, java.lang.Object)'> (0x00000000c87eff68) 
thrown [s\open\src\hotspot\share\interpreter\linkResolver.cpp, line 774]
Event: 643.054 Thread 0x000002a5931b1030 Exception <a 'java/lang/NoSuchMethodError'{0x00000000c8580568}: 'java.lang.Object java.lang.invoke.DirectMethodHandle$Holder.invokeStatic(java.lang.Object, java.lang.Object, java.lang.Object, int, java.lang.Object, java.lang.Object)'> (0x00000000c8580568) 
thrown [s\open\src\hotspot\share\interpreter\linkResolver.cpp, line 774]
Event: 643.068 Thread 0x000002a5931b1030 Exception <a 'java/lang/NoSuchMethodError'{0x00000000c85b48c8}: 'java.lang.Object java.lang.invoke.DirectMethodHandle$Holder.newInvokeSpecial(java.lang.Object, java.lang.Object, java.lang.Object, java.lang.Object, int, java.lang.Object)'> (0x00000000c85b48c8) 
thrown [s\open\src\hotspot\share\interpreter\linkResolver.cpp, line 774]
Event: 643.069 Thread 0x000002a5931b1030 Exception <a 'java/lang/NoSuchMethodError'{0x00000000c85b8958}: 'java.lang.Object java.lang.invoke.DirectMethodHandle$Holder.invokeSpecial(java.lang.Object, java.lang.Object, java.lang.Object, java.lang.Object, java.lang.Object, int, java.lang.Object)'> (0x00000000c85b8958) 
thrown [s\open\src\hotspot\share\interpreter\linkResolver.cpp, line 774]
Event: 643.069 Thread 0x000002a5931b1030 Exception <a 'java/lang/NoSuchMethodError'{0x00000000c85bc248}: 'java.lang.Object java.lang.invoke.Invokers$Holder.linkToTargetMethod(java.lang.Object, java.lang.Object, java.lang.Object, int, java.lang.Object, java.lang.Object)'> (0x00000000c85bc248) 
thrown [s\open\src\hotspot\share\interpreter\linkResolver.cpp, line 774]

VM Operations (20 events):
Event: 640.763 Executing VM operation: Cleanup
Event: 640.763 Executing VM operation: Cleanup done
Event: 641.398 Executing VM operation: HandshakeAllThreads
Event: 641.398 Executing VM operation: HandshakeAllThreads done
Event: 642.402 Executing VM operation: Cleanup
Event: 642.402 Executing VM operation: Cleanup done
Event: 643.409 Executing VM operation: Cleanup
Event: 643.409 Executing VM operation: Cleanup done
Event: 658.528 Executing VM operation: Cleanup
Event: 658.537 Executing VM operation: Cleanup done
Event: 661.560 Executing VM operation: Cleanup
Event: 661.741 Executing VM operation: Cleanup done
Event: 661.741 Executing VM operation: HandshakeAllThreads
Event: 661.747 Executing VM operation: HandshakeAllThreads done
Event: 662.750 Executing VM operation: Cleanup
Event: 662.750 Executing VM operation: Cleanup done
Event: 665.780 Executing VM operation: Cleanup
Event: 665.784 Executing VM operation: Cleanup done
Event: 680.917 Executing VM operation: Cleanup
Event: 680.917 Executing VM operation: Cleanup done

Events (20 events):
Event: 13.881 Thread 0x000002a5931b1580 Thread added: 0x000002a5931b1580
Event: 14.228 Thread 0x000002a5ee4e4320 Thread exited: 0x000002a5ee4e4320
Event: 14.228 Thread 0x000002a5931b0040 Thread added: 0x000002a5931b0040
Event: 43.099 Thread 0x000002a5931b0590 Thread added: 0x000002a5931b0590
Event: 43.099 Thread 0x000002a5931ae060 Thread added: 0x000002a5931ae060
Event: 44.653 Thread 0x000002a5fc9b8820 flushing nmethod 0x000002a58023e510
Event: 44.653 Thread 0x000002a5fc9b8820 flushing nmethod 0x000002a580242c10
Event: 44.655 Thread 0x000002a5fc9b8820 flushing nmethod 0x000002a5802e9c10
Event: 44.672 Thread 0x000002a5fc9b8820 flushing nmethod 0x000002a580665f10
Event: 44.676 Thread 0x000002a5fc9b8820 flushing nmethod 0x000002a58077c510
Event: 74.153 Thread 0x000002a5fe1164c0 Thread exited: 0x000002a5fe1164c0
Event: 309.965 Thread 0x000002a5931ae5b0 Thread added: 0x000002a5931ae5b0
Event: 636.691 Thread 0x000002a5931aeb00 Thread added: 0x000002a5931aeb00
Event: 636.799 Thread 0x000002a5931af050 Thread added: 0x000002a5931af050
Event: 640.594 Thread 0x000002a5936af4e0 Thread added: 0x000002a5936af4e0
Event: 640.631 Thread 0x000002a5936acfb0 Thread added: 0x000002a5936acfb0
Event: 641.756 Thread 0x000002a5936aca60 Thread added: 0x000002a5936aca60
Event: 642.057 Thread 0x000002a5936afa30 Thread added: 0x000002a5936afa30
Event: 642.293 Thread 0x000002a5936adfa0 Thread added: 0x000002a5936adfa0
Event: 642.815 Thread 0x000002a5936aea40 Thread added: 0x000002a5936aea40


Dynamic libraries:
0x00007ff7c1c10000 - 0x00007ff7c1c20000 	C:\Program Files\Java\jdk-19\bin\java.exe
0x00007ffffcf60000 - 0x00007ffffd1c6000 	C:\WINDOWS\SYSTEM32\ntdll.dll
0x00007ffffaf90000 - 0x00007ffffb059000 	C:\WINDOWS\System32\KERNEL32.DLL
0x00007ffffa690000 - 0x00007ffffaa8a000 	C:\WINDOWS\System32\KERNELBASE.dll
0x00007ffffa350000 - 0x00007ffffa49c000 	C:\WINDOWS\System32\ucrtbase.dll
0x00007fffe7240000 - 0x00007fffe7258000 	C:\Program Files\Java\jdk-19\bin\jli.dll
0x00007ffffad60000 - 0x00007ffffae16000 	C:\WINDOWS\System32\ADVAPI32.dll
0x00007ffffae20000 - 0x00007ffffaec9000 	C:\WINDOWS\System32\msvcrt.dll
0x00007ffffc270000 - 0x00007ffffc31a000 	C:\WINDOWS\System32\sechost.dll
0x00007ffffb310000 - 0x00007ffffb428000 	C:\WINDOWS\System32\RPCRT4.dll
0x00007ffffc320000 - 0x00007ffffc4e7000 	C:\WINDOWS\System32\USER32.dll
0x00007ffffa1f0000 - 0x00007ffffa217000 	C:\WINDOWS\System32\win32u.dll
0x00007ffffb120000 - 0x00007ffffb14b000 	C:\WINDOWS\System32\GDI32.dll
0x00007ffffa220000 - 0x00007ffffa34b000 	C:\WINDOWS\System32\gdi32full.dll
0x00007ffffa4a0000 - 0x00007ffffa543000 	C:\WINDOWS\System32\msvcp_win.dll
0x00007fffde720000 - 0x00007fffde9b2000 	C:\WINDOWS\WinSxS\amd64_microsoft.windows.common-controls_6595b64144ccf1df_6.0.26100.8521_none_3e08b75ce33403b3\COMCTL32.dll
0x00007ffff10a0000 - 0x00007ffff10bb000 	C:\Program Files\Java\jdk-19\bin\VCRUNTIME140.dll
0x00007ffff14a0000 - 0x00007ffff14ab000 	C:\WINDOWS\SYSTEM32\VERSION.dll
0x00007ffffb060000 - 0x00007ffffb092000 	C:\WINDOWS\System32\IMM32.DLL
0x00007fffeb510000 - 0x00007fffeb51c000 	C:\Program Files\Java\jdk-19\bin\vcruntime140_1.dll
0x00007fffbc8b0000 - 0x00007fffbc93e000 	C:\Program Files\Java\jdk-19\bin\msvcp140.dll
0x00007fff8fe70000 - 0x00007fff90b30000 	C:\Program Files\Java\jdk-19\bin\server\jvm.dll
0x00007ffff2290000 - 0x00007ffff22c6000 	C:\WINDOWS\SYSTEM32\WINMM.dll
0x00007fffe29d0000 - 0x00007fffe29da000 	C:\WINDOWS\SYSTEM32\WSOCK32.dll
0x00007ffffc1e0000 - 0x00007ffffc260000 	C:\WINDOWS\System32\WS2_32.dll
0x00007ffff8f50000 - 0x00007ffff8f6b000 	C:\WINDOWS\SYSTEM32\kernel.appcore.dll
0x00007fffe29c0000 - 0x00007fffe29ca000 	C:\Program Files\Java\jdk-19\bin\jimage.dll
0x00007ffff77b0000 - 0x00007ffff79f2000 	C:\WINDOWS\SYSTEM32\DBGHELP.DLL
0x00007ffffb7d0000 - 0x00007ffffbb53000 	C:\WINDOWS\System32\combase.dll
0x00007ffffb430000 - 0x00007ffffb509000 	C:\WINDOWS\System32\OLEAUT32.dll
0x00007fffdad20000 - 0x00007fffdad5b000 	C:\WINDOWS\SYSTEM32\dbgcore.DLL
0x00007ffffa550000 - 0x00007ffffa5f8000 	C:\WINDOWS\System32\bcryptPrimitives.dll
0x00007fffd7070000 - 0x00007fffd707e000 	C:\Program Files\Java\jdk-19\bin\instrument.dll
0x00007fffc0700000 - 0x00007fffc0726000 	C:\Program Files\Java\jdk-19\bin\java.dll
0x00007fffa5a00000 - 0x00007fffa5ad7000 	C:\Program Files\Java\jdk-19\bin\jsvml.dll
0x00007ffffc6d0000 - 0x00007ffffce54000 	C:\WINDOWS\System32\SHELL32.dll
0x00007ffff7d70000 - 0x00007ffff85f0000 	C:\WINDOWS\SYSTEM32\windows.storage.dll
0x00007ffffb210000 - 0x00007ffffb306000 	C:\WINDOWS\System32\SHCORE.dll
0x00007ffffceb0000 - 0x00007ffffcf17000 	C:\WINDOWS\System32\shlwapi.dll
0x00007ffffa110000 - 0x00007ffffa139000 	C:\WINDOWS\SYSTEM32\profapi.dll
0x00007fffcd870000 - 0x00007fffcd888000 	C:\Program Files\Java\jdk-19\bin\zip.dll
0x00007fffe08a0000 - 0x00007fffe08b3000 	C:\Program Files\Java\jdk-19\bin\net.dll
0x00007fffeb640000 - 0x00007fffeb769000 	C:\WINDOWS\SYSTEM32\WINHTTP.dll
0x00007ffff94f0000 - 0x00007ffff955c000 	C:\WINDOWS\system32\mswsock.dll
0x00007fffd2af0000 - 0x00007fffd2b06000 	C:\Program Files\Java\jdk-19\bin\nio.dll
0x00007fffd2ea0000 - 0x00007fffd2ea8000 	C:\Program Files\Java\jdk-19\bin\extnet.dll
0x00007ffff8920000 - 0x00007ffff8953000 	C:\WINDOWS\SYSTEM32\IPHLPAPI.DLL
0x00007ffffb7c0000 - 0x00007ffffb7ca000 	C:\WINDOWS\System32\NSI.dll
0x00007ffff3a40000 - 0x00007ffff3a5d000 	C:\WINDOWS\SYSTEM32\dhcpcsvc6.DLL
0x00007ffff3910000 - 0x00007ffff3935000 	C:\WINDOWS\SYSTEM32\dhcpcsvc.DLL
0x00007ffff89b0000 - 0x00007ffff8afa000 	C:\WINDOWS\SYSTEM32\DNSAPI.dll
0x00007ffff92d0000 - 0x00007ffff92dd000 	C:\WINDOWS\SYSTEM32\DSPARSE.dll
0x00007fffeb4e0000 - 0x00007fffeb4eb000 	C:\Windows\System32\rasadhlp.dll
0x00007ffff3d60000 - 0x00007ffff3de6000 	C:\WINDOWS\System32\fwpuclnt.dll
0x00007fffc8c60000 - 0x00007fffc8c70000 	C:\Program Files\Java\jdk-19\bin\verify.dll
0x00007ffff97d0000 - 0x00007ffff97eb000 	C:\WINDOWS\SYSTEM32\CRYPTSP.dll
0x00007ffff8eb0000 - 0x00007ffff8ee9000 	C:\WINDOWS\system32\rsaenh.dll
0x00007ffff95a0000 - 0x00007ffff95d3000 	C:\WINDOWS\SYSTEM32\USERENV.dll
0x00007ffffa0e0000 - 0x00007ffffa10a000 	C:\WINDOWS\SYSTEM32\bcrypt.dll
0x00007ffff97f0000 - 0x00007ffff97fc000 	C:\WINDOWS\SYSTEM32\CRYPTBASE.dll
0x00007fffd4550000 - 0x00007fffd455e000 	C:\Program Files\Java\jdk-19\bin\sunmscapi.dll
0x00007ffffaa90000 - 0x00007ffffac08000 	C:\WINDOWS\System32\CRYPT32.dll
0x00007ffff99f0000 - 0x00007ffff9a20000 	C:\WINDOWS\SYSTEM32\ncrypt.dll
0x00007ffff99a0000 - 0x00007ffff99df000 	C:\WINDOWS\SYSTEM32\NTASN1.dll
0x00007fffd2990000 - 0x00007fffd299a000 	C:\Program Files\Java\jdk-19\bin\management.dll
0x00007fffc9de0000 - 0x00007fffc9deb000 	C:\Program Files\Java\jdk-19\bin\management_ext.dll
0x00007ffffb6b0000 - 0x00007ffffb6b8000 	C:\WINDOWS\System32\PSAPI.DLL
0x00007fffc84c0000 - 0x00007fffc84c8000 	C:\WINDOWS\system32\wshunix.dll
0x00007fffd65f0000 - 0x00007fffd6608000 	C:\WINDOWS\system32\napinsp.dll
0x00007fffd5de0000 - 0x00007fffd5df3000 	C:\WINDOWS\System32\winrnr.dll
0x00007fffd5b50000 - 0x00007fffd5b72000 	C:\WINDOWS\system32\nlansp_c.dll
0x00007fffd5890000 - 0x00007fffd58a6000 	C:\WINDOWS\system32\wshbth.dll

dbghelp: loaded successfully - version: 4.0.5 - missing functions: none
symbol engine: initialized successfully - sym options: 0x614 - pdb path: .;C:\Program Files\Java\jdk-19\bin;C:\WINDOWS\SYSTEM32;C:\WINDOWS\WinSxS\amd64_microsoft.windows.common-controls_6595b64144ccf1df_6.0.26100.8521_none_3e08b75ce33403b3;C:\Program Files\Java\jdk-19\bin\server

VM Arguments:
jvm_args: -javaagent:C:\Program Files\JetBrains\IntelliJ IDEA 2025.2.5\lib\idea_rt.jar=7474 -Dfile.encoding=UTF-8 -Dsun.stdout.encoding=UTF-8 -Dsun.stderr.encoding=UTF-8 
java_command: com.fundoo.gateway.ApiGatewayApplication
java_class_path (initial): D:\Bridgelabz Java\Backend Development\Microservices\FundooApp\api-gateway\target\classes;C:\Users\user\.m2\repository\org\springframework\cloud\spring-cloud-starter-gateway-server-webflux\4.3.0\spring-cloud-starter-gateway-server-webflux-4.3.0.jar;C:\Users\user\.m2\repository\org\springframework\cloud\spring-cloud-starter\4.3.0\spring-cloud-starter-4.3.0.jar;C:\Users\user\.m2\repository\org\springframework\cloud\spring-cloud-context\4.3.0\spring-cloud-context-4.3.0.jar;C:\Users\user\.m2\repository\org\springframework\security\spring-security-crypto\6.5.1\spring-security-crypto-6.5.1.jar;C:\Users\user\.m2\repository\org\springframework\cloud\spring-cloud-commons\4.3.0\spring-cloud-commons-4.3.0.jar;C:\Users\user\.m2\repository\org\bouncycastle\bcprov-jdk18on\1.80\bcprov-jdk18on-1.80.jar;C:\Users\user\.m2\repository\org\springframework\cloud\spring-cloud-gateway-server-webflux\4.3.0\spring-cloud-gateway-server-webflux-4.3.0.jar;C:\Users\user\.m2\repository\org\springframework\cloud\spring-cloud-gateway-server\4.3.0\spring-cloud-gateway-server-4.3.0.jar;C:\Users\user\.m2\repository\org\springframework\boot\spring-boot-starter-validation\3.5.3\spring-boot-starter-validation-3.5.3.jar;C:\Users\user\.m2\repository\org\apache\tomcat\embed\tomcat-embed-el\10.1.42\tomcat-embed-el-10.1.42.jar;C:\Users\user\.m2\repository\org\hibernate\validator\hibernate-validator\8.0.2.Final\hibernate-validator-8.0.2.Final.jar;C:\Users\user\.m2\repository\jakarta\validation\jakarta.validation-api\3.0.2\jakarta.validation-api-3.0.2.jar;C:\Users\user\.m2\repository\org\jboss\logging\jboss-logging\3.6.1.Final\jboss-logging-3.6.1.Final.jar;C:\Users\user\.m2\repository\com\fasterxml\classmate\1.7.0\classmate-1.7.0.jar;C:\Users\user\.m2\repository\io\projectreactor\addons\reactor-extra\3.5.2\reactor-extra-3.5.2.jar;C:\Users\user\.m2\repository\org\springframework\boot\spring-boot-starter-webflux\3.5.3\spring-boot-starter-webflux-3.5.3.jar;C:\Users\user\.m2\repository\org\springframework\boot\spring-boot-starter-json\3.5.3\spring-boot-starter-json-3.5.3.jar;C:\Users\user\.m2\repository\com\fasterxml\jackson\datatype\jackson-datatype-jdk8\2.19.1\jackson-datatype-jdk8-2.19.1.jar;C:\Users\user\.m2\repository\com\fasterxml\jackson\module\jackson-module-parameter-names\2.19.1\jackson-module-parameter-names-2.19.1.jar;C:\Users\user\.m2\repository\org\springframework\boot\spring-boot-starter-reactor-netty\3.5.3\spring-boot-starter-reactor-netty-3.5.3.jar;C:\Users\user\.m2\repository\io\projectreactor\netty\reactor-netty-http\1.2.7\reactor-netty-http-1.2.7.jar;C:\Users\user\.m2\repository\io\netty\netty-codec-http\4.1.122.Final\netty-codec-http-4.1.122.Final.jar;C:\Users\user\.m2\repository\io\netty\netty-common\4.1.122.Final\netty-common-4.1.122.Final.jar;C:\Users\user\.m2\repository\io\netty\netty-buffer\4.1.122.Final\netty-buffer-4.1.122.Final.jar;C:\Users\user\.m2\repository\io\netty\netty-transport\4.1.122.Final\netty-transport-4.1.122.Final.jar;C:\Users\user\.m2\repository\io\netty\netty-codec\4.1.122.Final\netty-codec-4.1.122.Final.jar;C:\Users\user\.m2\repository\io\netty\netty-handler\4.1.122.Final\netty-handler-4.1.122.Final.jar;C:\Users\user\.m2\repository\io\netty\netty-codec-http2\4.1.122.Final\netty-codec-http2-4.1.122.Final.jar;C:\Users\user\.m2\repository\io\netty\netty-resolver-dns\4.1.122.Final\netty-resolver-dns-4.1.122.Final.jar;C:\Users\user\.m2\repository\io\netty\netty-resolver\4.1.122.Final\netty-resolver-4.1.122.Final.jar;C:\Users\user\.m2\repository\io\netty\netty-codec-dns\4.1.122.Final\netty-codec-dns-4.1.122.Final.jar;C:\Users\user\.m2\repository\io\netty\netty-resolver-dns-native-macos\4.1.122.Final\netty-resolver-dns-native-macos-4.1.122.Final-osx-x86_64.jar;C:\Users\user\.m2\repository\io\netty\netty-resolver-dns-classes-macos\4.1.122.Final\netty-resolver-dns-classes-macos-4.1.122.Final.jar;C:\Users\user\.m2\repository\io\netty\netty-transport-native-epoll\4.1.122.Final\netty-transport-native-epoll-4.1.122.Final-linux-x86_64.jar;C:\Users\user\.m2\repository\io\netty\netty-transport-native-unix-common\4.1.122.Final\netty-transport-native-unix-common-4.1.122.Final.jar;C:\Users\user\.m2\repository\io\netty\netty-transport-classes-epoll\4.1.122.Final\netty-transport-classes-epoll-4.1.122.Final.jar;C:\Users\user\.m2\repository\io\projectreactor\netty\reactor-netty-core\1.2.7\reactor-netty-core-1.2.7.jar;C:\Users\user\.m2\repository\io\netty\netty-handler-proxy\4.1.122.Final\netty-handler-proxy-4.1.122.Final.jar;C:\Users\user\.m2\repository\io\netty\netty-codec-socks\4.1.122.Final\netty-codec-socks-4.1.122.Final.jar;C:\Users\user\.m2\repository\org\springframework\spring-web\6.2.8\spring-web-6.2.8.jar;C:\Users\user\.m2\repository\org\springframework\spring-webflux\6.2.8\spring-webflux-6.2.8.jar;C:\Users\user\.m2\repository\io\projectreactor\reactor-core\3.7.7\reactor-core-3.7.7.jar;C:\Users\user\.m2\repository\org\reactivestreams\reactive-streams\1.0.4\reactive-streams-1.0.4.jar;C:\Users\user\.m2\repository\org\springframework\boot\spring-boot-properties-migrator\3.5.3\spring-boot-properties-migrator-3.5.3.jar;C:\Users\user\.m2\repository\org\springframework\boot\spring-boot\3.5.3\spring-boot-3.5.3.jar;C:\Users\user\.m2\repository\org\springframework\boot\spring-boot-configuration-metadata\3.5.3\spring-boot-configuration-metadata-3.5.3.jar;C:\Users\user\.m2\repository\com\vaadin\external\google\android-json\0.0.20131108.vaadin1\android-json-0.0.20131108.vaadin1.jar;C:\Users\user\.m2\repository\org\springframework\cloud\spring-cloud-starter-netflix-eureka-client\4.3.0\spring-cloud-starter-netflix-eureka-client-4.3.0.jar;C:\Users\user\.m2\repository\org\springframework\cloud\spring-cloud-netflix-eureka-client\4.3.0\spring-cloud-netflix-eureka-client-4.3.0.jar;C:\Users\user\.m2\repository\org\apache\httpcomponents\client5\httpclient5\5.5\httpclient5-5.5.jar;C:\Users\user\.m2\repository\org\apache\httpcomponents\core5\httpcore5\5.3.4\httpcore5-5.3.4.jar;C:\Users\user\.m2\repository\org\apache\httpcomponents\core5\httpcore5-h2\5.3.4\httpcore5-h2-5.3.4.jar;C:\Users\user\.m2\repository\com\netflix\eureka\eureka-client\2.0.4\eureka-client-2.0.4.jar;C:\Users\user\.m2\repository\com\thoughtworks\xstream\xstream\1.4.20\xstream-1.4.20.jar;C:\Users\user\.m2\repository\io\github\x-stream\mxparser\1.2.2\mxparser-1.2.2.jar;C:\Users\user\.m2\repository\xmlpull\xmlpull\1.1.3.1\xmlpull-1.1.3.1.jar;C:\Users\user\.m2\repository\jakarta\ws\rs\jakarta.ws.rs-api\3.1.0\jakarta.ws.rs-api-3.1.0.jar;C:\Users\user\.m2\repository\jakarta\inject\jakarta.inject-api\2.0.1\jakarta.inject-api-2.0.1.jar;C:\Users\user\.m2\repository\jakarta\annotation\jakarta.annotation-api\2.1.1\jakarta.annotation-api-2.1.1.jar;C:\Users\user\.m2\repository\com\netflix\spectator\spectator-api\1.7.3\spectator-api-1.7.3.jar;C:\Users\user\.m2\repository\org\slf4j\slf4j-api\2.0.17\slf4j-api-2.0.17.jar;C:\Users\user\.m2\repository\org\apache\httpcomponents\httpclient\4.5.3\httpclient-4.5.3.jar;C:\Users\user\.m2\repository\org\apache\httpcomponents\httpcore\4.4.16\httpcore-4.4.16.jar;C:\Users\user\.m2\repository\commons-codec\commons-codec\1.18.0\commons-codec-1.18.0.jar;C:\Users\user\.m2\repository\commons-configuration\commons-configuration\1.10\commons-configuration-1.10.jar;C:\Users\user\.m2\repository\commons-lang\commons-lang\2.6\commons-lang-2.6.jar;C:\Users\user\.m2\repository\com\fasterxml\jackson\core\jackson-annotations\2.19.1\jackson-annotations-2.19.1.jar;C:\Users\user\.m2\repository\com\fasterxml\jackson\core\jackson-core\2.19.1\jackson-core-2.19.1.jar;C:\Users\user\.m2\repository\com\netflix\netflix-commons\netflix-eventbus\0.3.0\netflix-eventbus-0.3.0.jar;C:\Users\user\.m2\repository\com\netflix\netflix-commons\netflix-infix\0.3.0\netflix-infix-0.3.0.jar;C:\Users\user\.m2\repository\commons-jxpath\commons-jxpath\1.3\commons-jxpath-1.3.jar;C:\Users\user\.m2\repository\joda-time\joda-time\2.3\joda-time-2.3.jar;C:\Users\user\.m2\repository\org\antlr\antlr-runtime\3.4\antlr-runtime-3.4.jar;C:\Users\user\.m2\repository\org\antlr\stringtemplate\3.2.1\stringtemplate-3.2.1.jar;C:\Users\user\.m2\repository\antlr\antlr\2.7.7\antlr-2.7.7.jar;C:\Users\user\.m2\repository\com\google\guava\guava\14.0.1\guava-14.0.1.jar;C:\Users\user\.m2\repository\com\google\code\gson\gson\2.13.1\gson-2.13.1.jar;C:\Users\user\.m2\repository\com\google\errorprone\error_prone_annotations\2.38.0\error_prone_annotations-2.38.0.jar;C:\Users\user\.m2\repository\com\netflix\servo\servo-core\0.5.3\servo-core-0.5.3.jar;C:\Users\user\.m2\repository\org\apache\commons\commons-math\2.2\commons-math-2.2.jar;C:\Users\user\.m2\repository\javax\annotation\javax.annotation-api\1.2\javax.annotation-api-1.2.jar;C:\Users\user\.m2\repository\org\codehaus\jettison\jettison\1.5.4\jettison-1.5.4.jar;C:\Users\user\.m2\repository\org\springframework\cloud\spring-cloud-starter-loadbalancer\4.3.0\spring-cloud-starter-loadbalancer-4.3.0.jar;C:\Users\user\.m2\repository\org\springframework\cloud\spring-cloud-loadbalancer\4.3.0\spring-cloud-loadbalancer-4.3.0.jar;C:\Users\user\.m2\repository\org\springframework\boot\spring-boot-starter-cache\3.5.3\spring-boot-starter-cache-3.5.3.jar;C:\Users\user\.m2\repository\org\springframework\spring-context-support\6.2.8\spring-context-support-6.2.8.jar;C:\Users\user\.m2\repository\com\stoyanr\evictor\1.0.0\evictor-1.0.0.jar;C:\Users\user\.m2\repository\org\springframework\boot\spring-boot-starter-actuator\3.5.3\spring-boot-starter-actuator-3.5.3.jar;C:\Users\user\.m2\repository\org\springframework\boot\spring-boot-starter\3.5.3\spring-boot-starter-3.5.3.jar;C:\Users\user\.m2\repository\org\springframework\boot\spring-boot-autoconfigure\3.5.3\spring-boot-autoconfigure-3.5.3.jar;C:\Users\user\.m2\repository\org\springframework\boot\spring-boot-starter-logging\3.5.3\spring-boot-starter-logging-3.5.3.jar;C:\Users\user\.m2\repository\ch\qos\logback\logback-classic\1.5.18\logback-classic-1.5.18.jar;C:\Users\user\.m2\repository\ch\qos\logback\logback-core\1.5.18\logback-core-1.5.18.jar;C:\Users\user\.m2\repository\org\apache\logging\log4j\log4j-to-slf4j\2.24.3\log4j-to-slf4j-2.24.3.jar;C:\Users\user\.m2\repository\org\apache\logging\log4j\log4j-api\2.24.3\log4j-api-2.24.3.jar;C:\Users\user\.m2\repository\org\slf4j\jul-to-slf4j\2.0.17\jul-to-slf4j-2.0.17.jar;C:\Users\user\.m2\repository\org\springframework\spring-core\6.2.8\spring-core-6.2.8.jar;C:\Users\user\.m2\repository\org\springframework\spring-jcl\6.2.8\spring-jcl-6.2.8.jar;C:\Users\user\.m2\repository\org\yaml\snakeyaml\2.4\snakeyaml-2.4.jar;C:\Users\user\.m2\repository\org\springframework\boot\spring-boot-actuator-autoconfigure\3.5.3\spring-boot-actuator-autoconfigure-3.5.3.jar;C:\Users\user\.m2\repository\org\springframework\boot\spring-boot-actuator\3.5.3\spring-boot-actuator-3.5.3.jar;C:\Users\user\.m2\repository\com\fasterxml\jackson\datatype\jackson-datatype-jsr310\2.19.1\jackson-datatype-jsr310-2.19.1.jar;C:\Users\user\.m2\repository\io\micrometer\micrometer-observation\1.15.1\micrometer-observation-1.15.1.jar;C:\Users\user\.m2\repository\io\micrometer\micrometer-commons\1.15.1\micrometer-commons-1.15.1.jar;C:\Users\user\.m2\repository\io\micrometer\micrometer-jakarta9\1.15.1\micrometer-jakarta9-1.15.1.jar;C:\Users\user\.m2\repository\io\micrometer\micrometer-core\1.15.1\micrometer-core-1.15.1.jar;C:\Users\user\.m2\repository\org\hdrhistogram\HdrHistogram\2.2.2\HdrHistogram-2.2.2.jar;C:\Users\user\.m2\repository\org\latencyutils\LatencyUtils\2.0.3\LatencyUtils-2.0.3.jar;C:\Users\user\.m2\repository\org\springframework\boot\spring-boot-starter-security\3.5.3\spring-boot-starter-security-3.5.3.jar;C:\Users\user\.m2\repository\org\springframework\spring-aop\6.2.8\spring-aop-6.2.8.jar;C:\Users\user\.m2\repository\org\springframework\spring-beans\6.2.8\spring-beans-6.2.8.jar;C:\Users\user\.m2\repository\org\springframework\security\spring-security-config\6.5.1\spring-security-config-6.5.1.jar;C:\Users\user\.m2\repository\org\springframework\security\spring-security-core\6.5.1\spring-security-core-6.5.1.jar;C:\Users\user\.m2\repository\org\springframework\spring-context\6.2.8\spring-context-6.2.8.jar;C:\Users\user\.m2\repository\org\springframework\security\spring-security-web\6.5.1\spring-security-web-6.5.1.jar;C:\Users\user\.m2\repository\org\springframework\spring-expression\6.2.8\spring-expression-6.2.8.jar;C:\Users\user\.m2\repository\io\jsonwebtoken\jjwt-api\0.12.6\jjwt-api-0.12.6.jar;C:\Users\user\.m2\repository\io\jsonwebtoken\jjwt-impl\0.12.6\jjwt-impl-0.12.6.jar;C:\Users\user\.m2\repository\io\jsonwebtoken\jjwt-jackson\0.12.6\jjwt-jackson-0.12.6.jar;C:\Users\user\.m2\repository\com\fasterxml\jackson\core\jackson-databind\2.19.1\jackson-databind-2.19.1.jar;C:\Users\user\.m2\repository\org\projectlombok\lombok\1.18.38\lombok-1.18.38.jar
Launcher Type: SUN_STANDARD

[Global flags]
     intx CICompilerCount                          = 3                                         {product} {ergonomic}
     uint ConcGCThreads                            = 1                                         {product} {ergonomic}
     uint G1ConcRefinementThreads                  = 4                                         {product} {ergonomic}
   size_t G1HeapRegionSize                         = 1048576                                   {product} {ergonomic}
    uintx GCDrainStackTargetSize                   = 64                                        {product} {ergonomic}
   size_t InitialHeapSize                          = 62914560                                  {product} {ergonomic}
   size_t MarkStackSize                            = 4194304                                   {product} {ergonomic}
   size_t MaxHeapSize                              = 1002438656                                {product} {ergonomic}
   size_t MaxNewSize                               = 600834048                                 {product} {ergonomic}
   size_t MinHeapDeltaBytes                        = 1048576                                   {product} {ergonomic}
   size_t MinHeapSize                              = 8388608                                   {product} {ergonomic}
    uintx NonNMethodCodeHeapSize                   = 5832780                                {pd product} {ergonomic}
    uintx NonProfiledCodeHeapSize                  = 122912730                              {pd product} {ergonomic}
    uintx ProfiledCodeHeapSize                     = 122912730                              {pd product} {ergonomic}
    uintx ReservedCodeCacheSize                    = 251658240                              {pd product} {ergonomic}
     bool SegmentedCodeCache                       = true                                      {product} {ergonomic}
   size_t SoftMaxHeapSize                          = 1002438656                             {manageable} {ergonomic}
     bool UseCompressedClassPointers               = true                           {product lp64_product} {ergonomic}
     bool UseCompressedOops                        = true                           {product lp64_product} {ergonomic}
     bool UseG1GC                                  = true                                      {product} {ergonomic}
     bool UseLargePagesIndividualAllocation        = false                                  {pd product} {ergonomic}

Logging:
Log output configuration:
 #0: stdout all=warning uptime,level,tags foldmultilines=false
 #1: stderr all=off uptime,level,tags foldmultilines=false

Environment Variables:
JAVA_HOME=C:\Program Files\Java\jdk-19
PATH=C:\Program Files\Java\jdk-19\bin;C:\Program Files\Common Files\Oracle\Java\javapath;C:\WINDOWS\system32;C:\WINDOWS;C:\WINDOWS\System32\Wbem;C:\WINDOWS\System32\WindowsPowerShell\v1.0\;C:\WINDOWS\System32\OpenSSH\;C:\Program Files\dotnet\;C:\MinGW\bin;C:\Program Files\apache-maven-3.9.2\bin;C:\Program Files\Git\cmd;C:\ProgramData\chocolatey\bin;C:\Users\user\AppData\Local\nvm;C:\nvm4w\nodejs;C:\Program Files\nodejs\;C:\Program Files\Java\jdk-19\bin;C:\Program Files\Erlang OTP\bin;C:\Program Files\MySQL\MySQL Shell 8.0\bin\;C:\Users\user\AppData\Local\Microsoft\WindowsApps;C:\Program Files\Git\cmd;C:\Users\user\AppData\Local\Programs\Microsoft VS Code\bin;E:\MinGW\bin;C:\Program Files\MySQL\MySQL Server 8.0\bin;C:\Users\user\eclipse-workspace\PabitraJava\bin;C:\Program Files\Java\jdk-19\bin;C:\Users\user\eclipse-workspace\javaHibernate;C:\Program Files\apache-maven-3.9.2\bin;C:\Users\user\AppData\Local\nvm;C:\nvm4w\nodejs;C:\Program Files\PostgreSQL\17\bin;C:\Users\user\AppData\Roaming\npm;C:\Program Files\JetBrains\IntelliJ IDEA 2025.2.5\bin;C:\Program Files\JetBrains\PyCharm 2026.1.1\bin;C:\Program Files\Java\jdk-19\bin;C:\Program Files\Redis
USERNAME=user
OS=Windows_NT
PROCESSOR_IDENTIFIER=Intel64 Family 6 Model 140 Stepping 1, GenuineIntel
TMP=C:\Users\user\AppData\Local\Temp
TEMP=C:\Users\user\AppData\Local\Temp



---------------  S Y S T E M  ---------------

OS:
 Windows 11 , 64 bit Build 26100 (10.0.26100.8521)
OS uptime: 1 days 1:06 hours
Hyper-V role detected

CPU: total 4 (initial active 4) (2 cores per cpu, 2 threads per core) family 6 model 140 stepping 1 microcode 0xbe, cx8, cmov, fxsr, ht, mmx, 3dnowpref, sse, sse2, sse3, ssse3, sse4.1, sse4.2, popcnt, lzcnt, tsc, tscinvbit, avx, avx2, aes, erms, clmul, bmi1, bmi2, adx, avx512f, avx512dq, avx512cd, avx512bw, avx512vl, sha, fma, vzeroupper, avx512_vpopcntdq, avx512_vpclmulqdq, avx512_vaes, avx512_vnni, clflush, clflushopt, clwb, avx512_vbmi2, avx512_vbmi, hv, rdtscp, rdpid, fsrm, gfni, avx512_bitalg

Memory: 4k page, system-wide physical 3818M (264M free)
TotalPageFile size 15594M (AvailPageFile size 1M)
current process WorkingSet (physical memory assigned to process): 53M, peak: 242M
current process commit charge ("private bytes"): 290M, peak: 295M

vm_info: Java HotSpot(TM) 64-Bit Server VM (19.0.1+10-21) for windows-amd64 JRE (19.0.1+10-21), built on 2022-09-14T12:45:06Z by "mach5one" with MS VC++ 17.1 (VS2022)

END.
