#
# There is insufficient memory for the Java Runtime Environment to continue.
# Native memory allocation (malloc) failed to allocate 32744 bytes for Chunk::new
# Possible reasons:
#   The system is out of physical RAM or swap space
#   The process is running with CompressedOops enabled, and the Java Heap may be blocking the growth of the native heap
# Possible solutions:
#   Reduce memory load on the system
#   Increase physical memory or swap space
#   Check if swap backing store is full
#   Decrease Java heap size (-Xmx/-Xms)
#   Decrease number of Java threads
#   Decrease Java thread stack sizes (-Xss)
#   Set larger code cache with -XX:ReservedCodeCacheSize=
#   JVM is running with Unscaled Compressed Oops mode in which the Java heap is
#     placed in the first 4GB address space. The Java Heap base address is the
#     maximum limit for the native heap growth. Please use -XX:HeapBaseMinAddress
#     to set the Java Heap base and to place the Java Heap above 4GB virtual address.
# This output file may be truncated or incomplete.
#
#  Out of Memory Error (arena.cpp:184), pid=16408, tid=7492
#
# JRE version: Java(TM) SE Runtime Environment (19.0.1+10) (build 19.0.1+10-21)
# Java VM: Java HotSpot(TM) 64-Bit Server VM (19.0.1+10-21, mixed mode, sharing, tiered, compressed oops, compressed class ptrs, g1 gc, windows-amd64)
# No core dump will be written. Minidumps are not enabled by default on client versions of Windows
#

---------------  S U M M A R Y ------------

Command Line: -javaagent:C:\Program Files\JetBrains\IntelliJ IDEA 2025.2.5\lib\idea_rt.jar=6898 -Dfile.encoding=UTF-8 -Dsun.stdout.encoding=UTF-8 -Dsun.stderr.encoding=UTF-8 com.fundoo.notificationservice.NotificationServiceApplication

Host: 11th Gen Intel(R) Core(TM) i3-1115G4 @ 3.00GHz, 4 cores, 3G,  Windows 11 , 64 bit Build 26100 (10.0.26100.9168)
Time: Mon Aug 24 17:14:40 2026 India Standard Time elapsed time: 15.322917 seconds (0d 0h 0m 15s)

---------------  T H R E A D  ---------------

Current thread (0x000001eb387d87a0):  JavaThread "C1 CompilerThread0" daemon [_thread_in_native, id=7492, stack(0x0000006424f00000,0x0000006425000000)]


Current CompileTask:
C1:  15323 3129   !   3       java.lang.Class::getTypeName (46 bytes)

Stack: [0x0000006424f00000,0x0000006425000000]
Native frames: (J=compiled Java code, j=interpreted, Vv=VM code, C=native code)
V  [jvm.dll+0x6ee8fa]
V  [jvm.dll+0x857a1e]
V  [jvm.dll+0x85940e]
V  [jvm.dll+0x859ac3]
V  [jvm.dll+0x28291f]
V  [jvm.dll+0xc9b5f]
V  [jvm.dll+0xc9ee5]
V  [jvm.dll+0x169609]
V  [jvm.dll+0x1671f3]
V  [jvm.dll+0x1664e8]
V  [jvm.dll+0x16d0d8]
V  [jvm.dll+0x16b5fc]
V  [jvm.dll+0x173f13]
V  [jvm.dll+0x173435]
V  [jvm.dll+0x16ae65]
V  [jvm.dll+0x16d0e7]
V  [jvm.dll+0x16b5fc]
V  [jvm.dll+0x173f13]
V  [jvm.dll+0x173435]
V  [jvm.dll+0x16ae65]
V  [jvm.dll+0x16d0e7]
V  [jvm.dll+0x16b6f5]
V  [jvm.dll+0x173f13]
V  [jvm.dll+0x173435]
V  [jvm.dll+0x16ae65]
V  [jvm.dll+0x16d0e7]
V  [jvm.dll+0x16b6f5]
V  [jvm.dll+0x173f13]
V  [jvm.dll+0x173435]
V  [jvm.dll+0x16ae65]
V  [jvm.dll+0x16d0e7]
V  [jvm.dll+0x16b6f5]
V  [jvm.dll+0x165600]
V  [jvm.dll+0x175076]
V  [jvm.dll+0x160c20]
V  [jvm.dll+0x160f93]
V  [jvm.dll+0x161278]
V  [jvm.dll+0x1606d6]
V  [jvm.dll+0x1623cd]
V  [jvm.dll+0x25b0fa]
V  [jvm.dll+0x259588]
V  [jvm.dll+0x807928]
V  [jvm.dll+0x8015fa]
V  [jvm.dll+0x6ed5eb]
C  [ucrtbase.dll+0x2cd30]
C  [KERNEL32.DLL+0x2ccb7]
C  [ntdll.dll+0xaad6c]


---------------  P R O C E S S  ---------------

Threads class SMR info:
_java_thread_list=0x000001eb3df4b3f0, length=13, elements={
0x000001eb1b363d50, 0x000001eb387c8580, 0x000001eb387cb3c0, 0x000001eb387d1170,
0x000001eb387d1b90, 0x000001eb387d25b0, 0x000001eb387d2fd0, 0x000001eb387d3d20,
0x000001eb387d87a0, 0x000001eb387dd710, 0x000001eb387a1130, 0x000001eb3cd559e0,
0x000001eb3cd55f20
}

Java Threads: ( => current thread )
  0x000001eb1b363d50 JavaThread "main" [_thread_in_vm, id=16564, stack(0x0000006424100000,0x0000006424200000)]
  0x000001eb387c8580 JavaThread "Reference Handler" daemon [_thread_blocked, id=12388, stack(0x0000006424800000,0x0000006424900000)]
  0x000001eb387cb3c0 JavaThread "Finalizer" daemon [_thread_blocked, id=6736, stack(0x0000006424900000,0x0000006424a00000)]
  0x000001eb387d1170 JavaThread "Signal Dispatcher" daemon [_thread_blocked, id=7300, stack(0x0000006424a00000,0x0000006424b00000)]
  0x000001eb387d1b90 JavaThread "Attach Listener" daemon [_thread_blocked, id=13432, stack(0x0000006424b00000,0x0000006424c00000)]
  0x000001eb387d25b0 JavaThread "Service Thread" daemon [_thread_blocked, id=17348, stack(0x0000006424c00000,0x0000006424d00000)]
  0x000001eb387d2fd0 JavaThread "Monitor Deflation Thread" daemon [_thread_blocked, id=15760, stack(0x0000006424d00000,0x0000006424e00000)]
  0x000001eb387d3d20 JavaThread "C2 CompilerThread0" daemon [_thread_in_native, id=9604, stack(0x0000006424e00000,0x0000006424f00000)]
=>0x000001eb387d87a0 JavaThread "C1 CompilerThread0" daemon [_thread_in_native, id=7492, stack(0x0000006424f00000,0x0000006425000000)]
  0x000001eb387dd710 JavaThread "Sweeper thread" daemon [_thread_blocked, id=10664, stack(0x0000006425000000,0x0000006425100000)]
  0x000001eb387a1130 JavaThread "Common-Cleaner" daemon [_thread_blocked, id=8448, stack(0x0000006425100000,0x0000006425200000)]
  0x000001eb3cd559e0 JavaThread "Monitor Ctrl-Break" daemon [_thread_in_native, id=16332, stack(0x0000006425200000,0x0000006425300000)]
  0x000001eb3cd55f20 JavaThread "Notification Thread" daemon [_thread_blocked, id=10364, stack(0x0000006425300000,0x0000006425400000)]

Other Threads:
  0x000001eb387b1310 VMThread "VM Thread" [stack: 0x0000006424700000,0x0000006424800000] [id=15828]
  0x000001eb1b3648e0 WatcherThread "VM Periodic Task Thread" [stack: 0x0000006425400000,0x0000006425500000] [id=14720]
  0x000001eb1b3a3de0 WorkerThread "GC Thread#0" [stack: 0x0000006424200000,0x0000006424300000] [id=8484]
  0x000001eb3d2f01c0 WorkerThread "GC Thread#1" [stack: 0x0000006425500000,0x0000006425600000] [id=868]
  0x000001eb3d2e9a20 WorkerThread "GC Thread#2" [stack: 0x0000006425600000,0x0000006425700000] [id=13796]
  0x000001eb3d2e9cf0 WorkerThread "GC Thread#3" [stack: 0x0000006425700000,0x0000006425800000] [id=5200]
  0x000001eb1b3afae0 ConcurrentGCThread "G1 Main Marker" [stack: 0x0000006424300000,0x0000006424400000] [id=13876]
  0x000001eb1b08a500 WorkerThread "G1 Conc#0" [stack: 0x0000006424400000,0x0000006424500000] [id=2672]
  0x000001eb1b404940 ConcurrentGCThread "G1 Refine#0" [stack: 0x0000006424500000,0x0000006424600000] [id=2356]
  0x000001eb1b407340 ConcurrentGCThread "G1 Service" [stack: 0x0000006424600000,0x0000006424700000] [id=13328]

Threads with active compile tasks:
C2 CompilerThread0    15406 3122   !   4       jdk.internal.loader.BuiltinClassLoader::loadClassOrNull (143 bytes)
C1 CompilerThread0    15406 3129   !   3       java.lang.Class::getTypeName (46 bytes)

VM state: not at safepoint (normal execution)

VM Mutex/Monitor currently owned by a thread: None

Heap address: 0x00000000c4400000, size: 956 MB, Compressed Oops mode: 32-bit

CDS archive(s) mapped at: [0x0000000800000000-0x0000000800c40000-0x0000000800c40000), size 12845056, SharedBaseAddress: 0x0000000800000000, ArchiveRelocationMode: 0.
Compressed class space mapped at: 0x0000000801000000-0x0000000841000000, reserved size: 1073741824
Narrow klass base: 0x0000000800000000, Narrow klass shift: 0, Narrow klass range: 0x100000000

GC Precious Log:
 CardTable entry size: 512
 Card Set container configuration: InlinePtr #cards 5 size 8 Array Of Cards #cards 12 size 40 Howl #buckets 4 coarsen threshold 1843 Howl Bitmap #cards 512 size 80 coarsen threshold 460 Card regions per heap region 1 cards per card region 2048
 CPUs: 4 total, 4 available
 Memory: 3818M
 Large Page Support: Disabled
 NUMA Support: Disabled
 Compressed Oops: Enabled (32-bit)
 Heap Region Size: 1M
 Heap Min Capacity: 8M
 Heap Initial Capacity: 60M
 Heap Max Capacity: 956M
 Pre-touch: Disabled
 Parallel Workers: 4
 Concurrent Workers: 1
 Concurrent Refinement Workers: 4
 Periodic GC: Disabled

Heap:
 garbage-first heap   total 61440K, used 21485K [0x00000000c4400000, 0x0000000100000000)
  region size 1024K, 5 young (5120K), 2 survivors (2048K)
 Metaspace       used 21251K, committed 21632K, reserved 1114112K
  class space    used 2479K, committed 2688K, reserved 1048576K

Heap Regions: E=young(eden), S=young(survivor), O=old, HS=humongous(starts), HC=humongous(continues), CS=collection set, F=free, OA=open archive, CA=closed archive, TAMS=top-at-mark-start (previous, next)
|   0|0x00000000c4400000, 0x00000000c4500000, 0x00000000c4500000|100%|HS|  |TAMS 0x00000000c4500000, 0x00000000c4400000| Complete 
|   1|0x00000000c4500000, 0x00000000c4500000, 0x00000000c4600000|  0%| F|  |TAMS 0x00000000c4500000, 0x00000000c4500000| Untracked 
|   2|0x00000000c4600000, 0x00000000c4700000, 0x00000000c4700000|100%| O|  |TAMS 0x00000000c4700000, 0x00000000c4600000| Untracked 
|   3|0x00000000c4700000, 0x00000000c4800000, 0x00000000c4800000|100%| O|  |TAMS 0x00000000c4800000, 0x00000000c4700000| Untracked 
|   4|0x00000000c4800000, 0x00000000c4900000, 0x00000000c4900000|100%| O|  |TAMS 0x00000000c4900000, 0x00000000c4800000| Untracked 
|   5|0x00000000c4900000, 0x00000000c4a00000, 0x00000000c4a00000|100%| O|  |TAMS 0x00000000c4a00000, 0x00000000c4900000| Untracked 
|   6|0x00000000c4a00000, 0x00000000c4b00000, 0x00000000c4b00000|100%| O|  |TAMS 0x00000000c4b00000, 0x00000000c4a00000| Untracked 
|   7|0x00000000c4b00000, 0x00000000c4b00000, 0x00000000c4c00000|  0%| F|  |TAMS 0x00000000c4b00000, 0x00000000c4b00000| Untracked 
|   8|0x00000000c4c00000, 0x00000000c4c00000, 0x00000000c4d00000|  0%| F|  |TAMS 0x00000000c4c00000, 0x00000000c4c00000| Untracked 
|   9|0x00000000c4d00000, 0x00000000c4e00000, 0x00000000c4e00000|100%| O|  |TAMS 0x00000000c4e00000, 0x00000000c4d00000| Untracked 
|  10|0x00000000c4e00000, 0x00000000c4f00000, 0x00000000c4f00000|100%| O|  |TAMS 0x00000000c4f00000, 0x00000000c4e00000| Untracked 
|  11|0x00000000c4f00000, 0x00000000c5000000, 0x00000000c5000000|100%| O|  |TAMS 0x00000000c5000000, 0x00000000c4f00000| Untracked 
|  12|0x00000000c5000000, 0x00000000c5100000, 0x00000000c5100000|100%| O|  |TAMS 0x00000000c5100000, 0x00000000c5000000| Complete 
|  13|0x00000000c5100000, 0x00000000c5200000, 0x00000000c5200000|100%| O|  |TAMS 0x00000000c5200000, 0x00000000c5100000| Untracked 
|  14|0x00000000c5200000, 0x00000000c5300000, 0x00000000c5300000|100%| O|  |TAMS 0x00000000c5300000, 0x00000000c5200000| Untracked 
|  15|0x00000000c5300000, 0x00000000c5400000, 0x00000000c5400000|100%| O|  |TAMS 0x00000000c5400000, 0x00000000c5300000| Untracked 
|  16|0x00000000c5400000, 0x00000000c5500000, 0x00000000c5500000|100%| O|  |TAMS 0x00000000c54e1400, 0x00000000c5400000| Untracked 
|  17|0x00000000c5500000, 0x00000000c5600000, 0x00000000c5600000|100%| O|  |TAMS 0x00000000c5500000, 0x00000000c5500000| Untracked 
|  18|0x00000000c5600000, 0x00000000c5700000, 0x00000000c5700000|100%| O|  |TAMS 0x00000000c5600000, 0x00000000c5600000| Untracked 
|  19|0x00000000c5700000, 0x00000000c57fb400, 0x00000000c5800000| 98%| O|  |TAMS 0x00000000c5700000, 0x00000000c5700000| Untracked 
|  20|0x00000000c5800000, 0x00000000c5800000, 0x00000000c5900000|  0%| F|  |TAMS 0x00000000c5800000, 0x00000000c5800000| Untracked 
|  21|0x00000000c5900000, 0x00000000c5900000, 0x00000000c5a00000|  0%| F|  |TAMS 0x00000000c5900000, 0x00000000c5900000| Untracked 
|  22|0x00000000c5a00000, 0x00000000c5a00000, 0x00000000c5b00000|  0%| F|  |TAMS 0x00000000c5a00000, 0x00000000c5a00000| Untracked 
|  23|0x00000000c5b00000, 0x00000000c5b00000, 0x00000000c5c00000|  0%| F|  |TAMS 0x00000000c5b00000, 0x00000000c5b00000| Untracked 
|  24|0x00000000c5c00000, 0x00000000c5c00000, 0x00000000c5d00000|  0%| F|  |TAMS 0x00000000c5c00000, 0x00000000c5c00000| Untracked 
|  25|0x00000000c5d00000, 0x00000000c5d00000, 0x00000000c5e00000|  0%| F|  |TAMS 0x00000000c5d00000, 0x00000000c5d00000| Untracked 
|  26|0x00000000c5e00000, 0x00000000c5e00000, 0x00000000c5f00000|  0%| F|  |TAMS 0x00000000c5e00000, 0x00000000c5e00000| Untracked 
|  27|0x00000000c5f00000, 0x00000000c5f00000, 0x00000000c6000000|  0%| F|  |TAMS 0x00000000c5f00000, 0x00000000c5f00000| Untracked 
|  28|0x00000000c6000000, 0x00000000c6000000, 0x00000000c6100000|  0%| F|  |TAMS 0x00000000c6000000, 0x00000000c6000000| Untracked 
|  29|0x00000000c6100000, 0x00000000c6100000, 0x00000000c6200000|  0%| F|  |TAMS 0x00000000c6100000, 0x00000000c6100000| Untracked 
|  30|0x00000000c6200000, 0x00000000c6200000, 0x00000000c6300000|  0%| F|  |TAMS 0x00000000c6200000, 0x00000000c6200000| Untracked 
|  31|0x00000000c6300000, 0x00000000c6300000, 0x00000000c6400000|  0%| F|  |TAMS 0x00000000c6300000, 0x00000000c6300000| Untracked 
|  32|0x00000000c6400000, 0x00000000c6400000, 0x00000000c6500000|  0%| F|  |TAMS 0x00000000c6400000, 0x00000000c6400000| Untracked 
|  33|0x00000000c6500000, 0x00000000c6500000, 0x00000000c6600000|  0%| F|  |TAMS 0x00000000c6500000, 0x00000000c6500000| Untracked 
|  34|0x00000000c6600000, 0x00000000c6600000, 0x00000000c6700000|  0%| F|  |TAMS 0x00000000c6600000, 0x00000000c6600000| Untracked 
|  35|0x00000000c6700000, 0x00000000c6700000, 0x00000000c6800000|  0%| F|  |TAMS 0x00000000c6700000, 0x00000000c6700000| Untracked 
|  36|0x00000000c6800000, 0x00000000c6800000, 0x00000000c6900000|  0%| F|  |TAMS 0x00000000c6800000, 0x00000000c6800000| Untracked 
|  37|0x00000000c6900000, 0x00000000c6900000, 0x00000000c6a00000|  0%| F|  |TAMS 0x00000000c6900000, 0x00000000c6900000| Untracked 
|  38|0x00000000c6a00000, 0x00000000c6a00000, 0x00000000c6b00000|  0%| F|  |TAMS 0x00000000c6a00000, 0x00000000c6a00000| Untracked 
|  39|0x00000000c6b00000, 0x00000000c6b00000, 0x00000000c6c00000|  0%| F|  |TAMS 0x00000000c6b00000, 0x00000000c6b00000| Untracked 
|  40|0x00000000c6c00000, 0x00000000c6c00000, 0x00000000c6d00000|  0%| F|  |TAMS 0x00000000c6c00000, 0x00000000c6c00000| Untracked 
|  41|0x00000000c6d00000, 0x00000000c6d00000, 0x00000000c6e00000|  0%| F|  |TAMS 0x00000000c6d00000, 0x00000000c6d00000| Untracked 
|  42|0x00000000c6e00000, 0x00000000c6f00000, 0x00000000c6f00000|100%| S|CS|TAMS 0x00000000c6e00000, 0x00000000c6e00000| Complete 
|  43|0x00000000c6f00000, 0x00000000c7000000, 0x00000000c7000000|100%| S|CS|TAMS 0x00000000c6f00000, 0x00000000c6f00000| Complete 
|  44|0x00000000c7000000, 0x00000000c7000000, 0x00000000c7100000|  0%| F|  |TAMS 0x00000000c7000000, 0x00000000c7000000| Untracked 
|  45|0x00000000c7100000, 0x00000000c7100000, 0x00000000c7200000|  0%| F|  |TAMS 0x00000000c7100000, 0x00000000c7100000| Untracked 
|  46|0x00000000c7200000, 0x00000000c7200000, 0x00000000c7300000|  0%| F|  |TAMS 0x00000000c7200000, 0x00000000c7200000| Untracked 
|  47|0x00000000c7300000, 0x00000000c7300000, 0x00000000c7400000|  0%| F|  |TAMS 0x00000000c7300000, 0x00000000c7300000| Untracked 
|  48|0x00000000c7400000, 0x00000000c7400000, 0x00000000c7500000|  0%| F|  |TAMS 0x00000000c7400000, 0x00000000c7400000| Untracked 
|  49|0x00000000c7500000, 0x00000000c7500000, 0x00000000c7600000|  0%| F|  |TAMS 0x00000000c7500000, 0x00000000c7500000| Untracked 
|  50|0x00000000c7600000, 0x00000000c7600000, 0x00000000c7700000|  0%| F|  |TAMS 0x00000000c7600000, 0x00000000c7600000| Untracked 
|  51|0x00000000c7700000, 0x00000000c7700000, 0x00000000c7800000|  0%| F|  |TAMS 0x00000000c7700000, 0x00000000c7700000| Untracked 
|  52|0x00000000c7800000, 0x00000000c7800000, 0x00000000c7900000|  0%| F|  |TAMS 0x00000000c7800000, 0x00000000c7800000| Untracked 
|  53|0x00000000c7900000, 0x00000000c7900000, 0x00000000c7a00000|  0%| F|  |TAMS 0x00000000c7900000, 0x00000000c7900000| Untracked 
|  54|0x00000000c7a00000, 0x00000000c7a00000, 0x00000000c7b00000|  0%| F|  |TAMS 0x00000000c7a00000, 0x00000000c7a00000| Untracked 
|  55|0x00000000c7b00000, 0x00000000c7b00000, 0x00000000c7c00000|  0%| F|  |TAMS 0x00000000c7b00000, 0x00000000c7b00000| Untracked 
|  56|0x00000000c7c00000, 0x00000000c7c00000, 0x00000000c7d00000|  0%| F|  |TAMS 0x00000000c7c00000, 0x00000000c7c00000| Untracked 
|  57|0x00000000c7d00000, 0x00000000c7d56470, 0x00000000c7e00000| 33%| E|  |TAMS 0x00000000c7d00000, 0x00000000c7d00000| Complete 
|  58|0x00000000c7e00000, 0x00000000c7f00000, 0x00000000c7f00000|100%| E|CS|TAMS 0x00000000c7e00000, 0x00000000c7e00000| Complete 
|  59|0x00000000c7f00000, 0x00000000c8000000, 0x00000000c8000000|100%| E|CS|TAMS 0x00000000c7f00000, 0x00000000c7f00000| Complete 

Card table byte_map: [0x000001eb34090000,0x000001eb34270000] _byte_map_base: 0x000001eb33a6e000

Marking Bits (Prev, Next): (CMBitMap*) 0x000001eb1b3a4450, (CMBitMap*) 0x000001eb1b3a4410
 Prev Bits: [0x000001eb35340000, 0x000001eb36230000)
 Next Bits: [0x000001eb34450000, 0x000001eb35340000)

Polling page: 0x000001eb1b0a0000

Metaspace:

Usage:
  Non-class:     18.33 MB used.
      Class:      2.42 MB used.
       Both:     20.75 MB used.

Virtual space:
  Non-class space:       64.00 MB reserved,      18.50 MB ( 29%) committed,  1 nodes.
      Class space:        1.00 GB reserved,       2.62 MB ( <1%) committed,  1 nodes.
             Both:        1.06 GB reserved,      21.12 MB (  2%) committed. 

Chunk freelists:
   Non-Class:  592.00 KB
       Class:  1.23 MB
        Both:  1.81 MB

MaxMetaspaceSize: unlimited
CompressedClassSpaceSize: 1.00 GB
Initial GC threshold: 21.00 MB
Current GC threshold: 35.12 MB
CDS: on
MetaspaceReclaimPolicy: balanced
 - commit_granule_bytes: 65536.
 - commit_granule_words: 8192.
 - virtual_space_node_default_size: 8388608.
 - enlarge_chunks_in_place: 1.
 - new_chunks_are_fully_committed: 0.
 - uncommit_free_chunks: 1.
 - use_allocation_guard: 0.


Internal statistics:

num_allocs_failed_limit: 3.
num_arena_births: 414.
num_arena_deaths: 0.
num_vsnodes_births: 2.
num_vsnodes_deaths: 0.
num_space_committed: 338.
num_space_uncommitted: 0.
num_chunks_returned_to_freelist: 3.
num_chunks_taken_from_freelist: 1068.
num_chunk_merges: 3.
num_chunk_splits: 746.
num_chunks_enlarged: 575.
num_inconsistent_stats: 0.

CodeHeap 'non-profiled nmethods': size=120000Kb used=1310Kb max_used=1310Kb free=118689Kb
 bounds [0x000001eb2c360000, 0x000001eb2c5d0000, 0x000001eb33890000]
CodeHeap 'profiled nmethods': size=120000Kb used=6426Kb max_used=6426Kb free=113573Kb
 bounds [0x000001eb24890000, 0x000001eb24ee0000, 0x000001eb2bdc0000]
CodeHeap 'non-nmethods': size=5760Kb used=1316Kb max_used=1346Kb free=4443Kb
 bounds [0x000001eb2bdc0000, 0x000001eb2c030000, 0x000001eb2c360000]
 total_blobs=3651 nmethods=3127 adapters=434
 compilation: enabled
              stopped_count=0, restarted_count=0
 full_count=0

Compilation events (20 events):
Event: 14.984 Thread 0x000001eb387d87a0 3119   !   3       org.springframework.core.type.filter.AssignableTypeFilter::matchTargetType (72 bytes)
Event: 14.985 Thread 0x000001eb387d3d20 3120       4       java.util.Arrays::equals (57 bytes)
Event: 14.985 Thread 0x000001eb387d87a0 nmethod 3119 0x000001eb24ecdf10 code [0x000001eb24ece1c0, 0x000001eb24eceb48]
Event: 14.986 Thread 0x000001eb387d87a0 3121   !   3       org.springframework.core.type.filter.AbstractTypeHierarchyTraversingFilter::match (245 bytes)
Event: 14.987 Thread 0x000001eb387d87a0 nmethod 3121 0x000001eb24ecef90 code [0x000001eb24ecf2e0, 0x000001eb24ed0948]
Event: 14.988 Thread 0x000001eb387d3d20 nmethod 3120 0x000001eb2c4a7790 code [0x000001eb2c4a7920, 0x000001eb2c4a7a78]
Event: 14.994 Thread 0x000001eb387d3d20 3122   !   4       jdk.internal.loader.BuiltinClassLoader::loadClassOrNull (143 bytes)
Event: 15.010 Thread 0x000001eb387d87a0 3123       3       org.springframework.core.annotation.AttributeMethods::assertAnnotation (22 bytes)
Event: 15.011 Thread 0x000001eb387d87a0 nmethod 3123 0x000001eb24ed0f90 code [0x000001eb24ed11a0, 0x000001eb24ed1748]
Event: 15.012 Thread 0x000001eb387d87a0 3124       3       java.lang.reflect.Proxy::<init> (15 bytes)
Event: 15.012 Thread 0x000001eb387d87a0 nmethod 3124 0x000001eb24ed1990 code [0x000001eb24ed1b60, 0x000001eb24ed1e88]
Event: 15.063 Thread 0x000001eb387d87a0 3125       3       java.util.StringJoiner::<init> (63 bytes)
Event: 15.064 Thread 0x000001eb387d87a0 nmethod 3125 0x000001eb24ed1f90 code [0x000001eb24ed21e0, 0x000001eb24ed2b48]
Event: 15.064 Thread 0x000001eb387d87a0 3126       3       java.util.StringJoiner::toString (53 bytes)
Event: 15.064 Thread 0x000001eb387d87a0 nmethod 3126 0x000001eb24ed2e90 code [0x000001eb24ed3040, 0x000001eb24ed3268]
Event: 15.064 Thread 0x000001eb387d87a0 3127       3       java.lang.System$2::join (11 bytes)
Event: 15.067 Thread 0x000001eb387d87a0 nmethod 3127 0x000001eb24ed3310 code [0x000001eb24ed3660, 0x000001eb24ed4b88]
Event: 15.069 Thread 0x000001eb387d87a0 3128   !   3       java.lang.reflect.Proxy::newProxyInstance (75 bytes)
Event: 15.070 Thread 0x000001eb387d87a0 nmethod 3128 0x000001eb24ed5610 code [0x000001eb24ed5880, 0x000001eb24ed6478]
Event: 15.070 Thread 0x000001eb387d87a0 3129   !   3       java.lang.Class::getTypeName (46 bytes)

GC Heap History (12 events):
Event: 4.704 GC heap before
{Heap before GC invocations=0 (full 0):
 garbage-first heap   total 61440K, used 14336K [0x00000000c4400000, 0x0000000100000000)
  region size 1024K, 13 young (13312K), 0 survivors (0K)
 Metaspace       used 2554K, committed 2752K, reserved 1114112K
  class space    used 235K, committed 320K, reserved 1048576K
}
Event: 4.723 GC heap after
{Heap after GC invocations=1 (full 0):
 garbage-first heap   total 61440K, used 6374K [0x00000000c4400000, 0x0000000100000000)
  region size 1024K, 2 young (2048K), 2 survivors (2048K)
 Metaspace       used 2554K, committed 2752K, reserved 1114112K
  class space    used 235K, committed 320K, reserved 1048576K
}
Event: 5.336 GC heap before
{Heap before GC invocations=1 (full 0):
 garbage-first heap   total 61440K, used 21734K [0x00000000c4400000, 0x0000000100000000)
  region size 1024K, 13 young (13312K), 2 survivors (2048K)
 Metaspace       used 4161K, committed 4352K, reserved 1114112K
  class space    used 401K, committed 512K, reserved 1048576K
}
Event: 5.349 GC heap after
{Heap after GC invocations=2 (full 0):
 garbage-first heap   total 61440K, used 14236K [0x00000000c4400000, 0x0000000100000000)
  region size 1024K, 2 young (2048K), 2 survivors (2048K)
 Metaspace       used 4161K, committed 4352K, reserved 1114112K
  class space    used 401K, committed 512K, reserved 1048576K
}
Event: 6.834 GC heap before
{Heap before GC invocations=2 (full 0):
 garbage-first heap   total 61440K, used 30620K [0x00000000c4400000, 0x0000000100000000)
  region size 1024K, 18 young (18432K), 2 survivors (2048K)
 Metaspace       used 8669K, committed 8896K, reserved 1114112K
  class space    used 964K, committed 1088K, reserved 1048576K
}
Event: 6.842 GC heap after
{Heap after GC invocations=3 (full 0):
 garbage-first heap   total 61440K, used 16291K [0x00000000c4400000, 0x0000000100000000)
  region size 1024K, 2 young (2048K), 2 survivors (2048K)
 Metaspace       used 8669K, committed 8896K, reserved 1114112K
  class space    used 964K, committed 1088K, reserved 1048576K
}
Event: 8.446 GC heap before
{Heap before GC invocations=3 (full 0):
 garbage-first heap   total 61440K, used 35747K [0x00000000c4400000, 0x0000000100000000)
  region size 1024K, 21 young (21504K), 2 survivors (2048K)
 Metaspace       used 13698K, committed 14080K, reserved 1114112K
  class space    used 1592K, committed 1792K, reserved 1048576K
}
Event: 8.452 GC heap after
{Heap after GC invocations=4 (full 0):
 garbage-first heap   total 61440K, used 17860K [0x00000000c4400000, 0x0000000100000000)
  region size 1024K, 2 young (2048K), 2 survivors (2048K)
 Metaspace       used 13698K, committed 14080K, reserved 1114112K
  class space    used 1592K, committed 1792K, reserved 1048576K
}
Event: 10.624 GC heap before
{Heap before GC invocations=4 (full 0):
 garbage-first heap   total 61440K, used 39364K [0x00000000c4400000, 0x0000000100000000)
  region size 1024K, 24 young (24576K), 2 survivors (2048K)
 Metaspace       used 19177K, committed 19584K, reserved 1114112K
  class space    used 2292K, committed 2496K, reserved 1048576K
}
Event: 10.640 GC heap after
{Heap after GC invocations=5 (full 0):
 garbage-first heap   total 61440K, used 20357K [0x00000000c4400000, 0x0000000100000000)
  region size 1024K, 3 young (3072K), 3 survivors (3072K)
 Metaspace       used 19177K, committed 19584K, reserved 1114112K
  class space    used 2292K, committed 2496K, reserved 1048576K
}
Event: 14.617 GC heap before
{Heap before GC invocations=5 (full 0):
 garbage-first heap   total 61440K, used 34693K [0x00000000c4400000, 0x0000000100000000)
  region size 1024K, 19 young (19456K), 3 survivors (3072K)
 Metaspace       used 21192K, committed 21504K, reserved 1114112K
  class space    used 2468K, committed 2624K, reserved 1048576K
}
Event: 14.662 GC heap after
{Heap after GC invocations=6 (full 0):
 garbage-first heap   total 61440K, used 22509K [0x00000000c4400000, 0x0000000100000000)
  region size 1024K, 2 young (2048K), 2 survivors (2048K)
 Metaspace       used 21192K, committed 21504K, reserved 1114112K
  class space    used 2468K, committed 2624K, reserved 1048576K
}

Dll operation events (10 events):
Event: 0.244 Loaded shared library C:\Program Files\Java\jdk-19\bin\java.dll
Event: 0.552 Loaded shared library C:\Program Files\Java\jdk-19\bin\jsvml.dll
Event: 2.181 Loaded shared library C:\Program Files\Java\jdk-19\bin\zip.dll
Event: 2.201 Loaded shared library C:\Program Files\Java\jdk-19\bin\instrument.dll
Event: 2.257 Loaded shared library C:\Program Files\Java\jdk-19\bin\net.dll
Event: 2.276 Loaded shared library C:\Program Files\Java\jdk-19\bin\nio.dll
Event: 2.304 Loaded shared library C:\Program Files\Java\jdk-19\bin\zip.dll
Event: 4.023 Loaded shared library C:\Program Files\Java\jdk-19\bin\extnet.dll
Event: 4.112 Loaded shared library C:\Program Files\Java\jdk-19\bin\jimage.dll
Event: 9.627 Loaded shared library C:\Program Files\Java\jdk-19\bin\sunmscapi.dll

Deoptimization events (20 events):
Event: 13.855 Thread 0x000001eb1b363d50 Uncommon trap: trap_request=0xffffffde fr.pc=0x000001eb2c36bdbc relative=0x000000000000019c
Event: 13.855 Thread 0x000001eb1b363d50 Uncommon trap: reason=class_check action=maybe_recompile pc=0x000001eb2c36bdbc method=java.lang.String.equals(Ljava/lang/Object;)Z @ 8 c2
Event: 13.855 Thread 0x000001eb1b363d50 DEOPT PACKING pc=0x000001eb2c36bdbc sp=0x00000064241feaa0
Event: 13.855 Thread 0x000001eb1b363d50 DEOPT UNPACKING pc=0x000001eb2be2a5a3 sp=0x00000064241fea38 mode 2
Event: 14.054 Thread 0x000001eb1b363d50 Uncommon trap: trap_request=0xffffffde fr.pc=0x000001eb2c435410 relative=0x00000000000002d0
Event: 14.057 Thread 0x000001eb1b363d50 Uncommon trap: reason=class_check action=maybe_recompile pc=0x000001eb2c435410 method=java.util.regex.Pattern$BmpCharPropertyGreedy.match(Ljava/util/regex/Matcher;ILjava/lang/CharSequence;)Z @ 26 c2
Event: 14.057 Thread 0x000001eb1b363d50 DEOPT PACKING pc=0x000001eb2c435410 sp=0x00000064241fe9e0
Event: 14.057 Thread 0x000001eb1b363d50 DEOPT UNPACKING pc=0x000001eb2be2a5a3 sp=0x00000064241fe978 mode 2
Event: 14.058 Thread 0x000001eb1b363d50 Uncommon trap: trap_request=0xffffffde fr.pc=0x000001eb2c435410 relative=0x00000000000002d0
Event: 14.058 Thread 0x000001eb1b363d50 Uncommon trap: reason=class_check action=maybe_recompile pc=0x000001eb2c435410 method=java.util.regex.Pattern$BmpCharPropertyGreedy.match(Ljava/util/regex/Matcher;ILjava/lang/CharSequence;)Z @ 26 c2
Event: 14.058 Thread 0x000001eb1b363d50 DEOPT PACKING pc=0x000001eb2c435410 sp=0x00000064241fe970
Event: 14.058 Thread 0x000001eb1b363d50 DEOPT UNPACKING pc=0x000001eb2be2a5a3 sp=0x00000064241fe908 mode 2
Event: 14.058 Thread 0x000001eb1b363d50 Uncommon trap: trap_request=0xffffffde fr.pc=0x000001eb2c435410 relative=0x00000000000002d0
Event: 14.058 Thread 0x000001eb1b363d50 Uncommon trap: reason=class_check action=maybe_recompile pc=0x000001eb2c435410 method=java.util.regex.Pattern$BmpCharPropertyGreedy.match(Ljava/util/regex/Matcher;ILjava/lang/CharSequence;)Z @ 26 c2
Event: 14.058 Thread 0x000001eb1b363d50 DEOPT PACKING pc=0x000001eb2c435410 sp=0x00000064241fe970
Event: 14.058 Thread 0x000001eb1b363d50 DEOPT UNPACKING pc=0x000001eb2be2a5a3 sp=0x00000064241fe908 mode 2
Event: 14.058 Thread 0x000001eb1b363d50 Uncommon trap: trap_request=0xffffffde fr.pc=0x000001eb2c435410 relative=0x00000000000002d0
Event: 14.058 Thread 0x000001eb1b363d50 Uncommon trap: reason=class_check action=maybe_recompile pc=0x000001eb2c435410 method=java.util.regex.Pattern$BmpCharPropertyGreedy.match(Ljava/util/regex/Matcher;ILjava/lang/CharSequence;)Z @ 26 c2
Event: 14.058 Thread 0x000001eb1b363d50 DEOPT PACKING pc=0x000001eb2c435410 sp=0x00000064241fe970
Event: 14.058 Thread 0x000001eb1b363d50 DEOPT UNPACKING pc=0x000001eb2be2a5a3 sp=0x00000064241fe908 mode 2

Classes loaded (20 events):
Event: 10.065 Loading class sun/security/provider/certpath/ldap/JdkLDAP
Event: 10.070 Loading class sun/security/provider/certpath/ldap/JdkLDAP done
Event: 10.073 Loading class sun/security/provider/certpath/ldap/JdkLDAP$ProviderService
Event: 10.074 Loading class sun/security/provider/certpath/ldap/JdkLDAP$ProviderService done
Event: 10.074 Loading class com/sun/security/sasl/Provider
Event: 10.075 Loading class com/sun/security/sasl/Provider done
Event: 10.075 Loading class com/sun/security/sasl/Provider$1
Event: 10.075 Loading class com/sun/security/sasl/Provider$1 done
Event: 10.075 Loading class com/sun/security/sasl/Provider$ProviderService
Event: 10.075 Loading class com/sun/security/sasl/Provider$ProviderService done
Event: 10.280 Loading class java/util/stream/Streams$ConcatSpliterator$OfRef
Event: 10.280 Loading class java/util/stream/Streams$ConcatSpliterator
Event: 10.281 Loading class java/util/stream/Streams$ConcatSpliterator done
Event: 10.281 Loading class java/util/stream/Streams$ConcatSpliterator$OfRef done
Event: 10.281 Loading class java/util/stream/Streams$2
Event: 10.281 Loading class java/util/stream/Streams$2 done
Event: 11.114 Loading class javax/naming/ldap/LdapContext
Event: 11.116 Loading class javax/naming/directory/DirContext
Event: 11.117 Loading class javax/naming/directory/DirContext done
Event: 11.120 Loading class javax/naming/ldap/LdapContext done

Classes unloaded (0 events):
No events

Classes redefined (0 events):
No events

Internal exceptions (20 events):
Event: 7.076 Thread 0x000001eb1b363d50 Exception <a 'java/lang/NoSuchMethodError'{0x00000000c7c0a9a8}: 'java.lang.Object java.lang.invoke.DirectMethodHandle$Holder.newInvokeSpecial(java.lang.Object, int, java.lang.Object)'> (0x00000000c7c0a9a8) 
thrown [s\open\src\hotspot\share\interpreter\linkResolver.cpp, line 774]
Event: 7.079 Thread 0x000001eb1b363d50 Exception <a 'java/lang/NoSuchMethodError'{0x00000000c7c0f4f8}: 'int java.lang.invoke.DirectMethodHandle$Holder.invokeSpecialIFC(java.lang.Object, java.lang.Object, java.lang.Object, java.lang.Object)'> (0x00000000c7c0f4f8) 
thrown [s\open\src\hotspot\share\interpreter\linkResolver.cpp, line 774]
Event: 7.201 Thread 0x000001eb1b363d50 Exception <a 'java/lang/NoSuchMethodError'{0x00000000c7cc86c0}: 'void java.lang.invoke.DirectMethodHandle$Holder.invokeInterface(java.lang.Object, java.lang.Object, java.lang.Object)'> (0x00000000c7cc86c0) 
thrown [s\open\src\hotspot\share\interpreter\linkResolver.cpp, line 774]
Event: 7.271 Thread 0x000001eb1b363d50 Exception <a 'java/lang/NoSuchMethodError'{0x00000000c7b43658}: 'java.lang.Object java.lang.invoke.Invokers$Holder.invoke_MT(java.lang.Object, java.lang.Object, java.lang.Object, java.lang.Object, java.lang.Object, java.lang.Object, java.lang.Object, java.lang.Object, java.lang.Object)'> (0x00000000c7b43658) 
thrown [s\open\src\hotspot\share\interpreter\linkResolver.cpp, line 774]
Event: 7.276 Thread 0x000001eb1b363d50 Exception <a 'java/lang/NoSuchMethodError'{0x00000000c7b71860}: 'java.lang.reflect.Field[] java.lang.Class.getDeclaredFields(java.lang.Class)'> (0x00000000c7b71860) 
thrown [s\open\src\hotspot\share\interpreter\linkResolver.cpp, line 774]
Event: 7.934 Thread 0x000001eb1b363d50 Exception <a 'java/lang/NoSuchMethodError'{0x00000000c7a19198}: 'void java.lang.invoke.DirectMethodHandle$Holder.invokeStaticInit(java.lang.Object, java.lang.Object, java.lang.Object)'> (0x00000000c7a19198) 
thrown [s\open\src\hotspot\share\interpreter\linkResolver.cpp, line 774]
Event: 7.939 Thread 0x000001eb1b363d50 Exception <a 'java/lang/NoSuchMethodError'{0x00000000c7a354e8}: 'java.lang.Object java.lang.invoke.DirectMethodHandle$Holder.invokeVirtual(java.lang.Object, java.lang.Object, java.lang.Object)'> (0x00000000c7a354e8) 
thrown [s\open\src\hotspot\share\interpreter\linkResolver.cpp, line 774]
Event: 7.974 Thread 0x000001eb1b363d50 Exception <a 'java/lang/NoSuchMethodError'{0x00000000c7afa958}: 'void java.lang.invoke.DirectMethodHandle$Holder.invokeVirtual(java.lang.Object, java.lang.Object, java.lang.Object, java.lang.Object)'> (0x00000000c7afa958) 
thrown [s\open\src\hotspot\share\interpreter\linkResolver.cpp, line 774]
Event: 8.107 Thread 0x000001eb1b363d50 Exception <a 'java/lang/IncompatibleClassChangeError'{0x00000000c77823e0}: Found class java.lang.Object, but interface was expected> (0x00000000c77823e0) 
thrown [s\open\src\hotspot\share\interpreter\linkResolver.cpp, line 841]
Event: 8.107 Thread 0x000001eb3dba6ee0 Exception <a 'java/lang/NoClassDefFoundError'{0x00000000c7768720}: jakarta/validation/Validation> (0x00000000c7768720) 
thrown [s\open\src\hotspot\share\classfile\systemDictionary.cpp, line 244]
Event: 9.157 Thread 0x000001eb1b363d50 Exception <a 'sun/nio/fs/WindowsException'{0x00000000c7132508}> (0x00000000c7132508) 
thrown [s\open\src\hotspot\share\prims\jni.cpp, line 517]
Event: 9.159 Thread 0x000001eb1b363d50 Exception <a 'java/lang/NoSuchMethodError'{0x00000000c7133f70}: 'int java.lang.invoke.DirectMethodHandle$Holder.invokeSpecial(java.lang.Object, java.lang.Object, java.lang.Object, java.lang.Object, java.lang.Object)'> (0x00000000c7133f70) 
thrown [s\open\src\hotspot\share\interpreter\linkResolver.cpp, line 774]
Event: 9.166 Thread 0x000001eb1b363d50 Exception <a 'java/lang/NoSuchMethodError'{0x00000000c713cfa0}: 'void java.lang.invoke.DirectMethodHandle$Holder.invokeVirtual(java.lang.Object, java.lang.Object)'> (0x00000000c713cfa0) 
thrown [s\open\src\hotspot\share\interpreter\linkResolver.cpp, line 774]
Event: 9.230 Thread 0x000001eb3dba6ee0 Exception <a 'java/lang/NoSuchMethodError'{0x00000000c70949a0}: 'long java.lang.invoke.DirectMethodHandle$Holder.invokeSpecial(java.lang.Object, java.lang.Object)'> (0x00000000c70949a0) 
thrown [s\open\src\hotspot\share\interpreter\linkResolver.cpp, line 774]
Event: 9.232 Thread 0x000001eb3dba6ee0 Exception <a 'java/lang/NoSuchMethodError'{0x00000000c709fab8}: 'long java.lang.invoke.DirectMethodHandle$Holder.invokeStatic(java.lang.Object, java.lang.Object)'> (0x00000000c709fab8) 
thrown [s\open\src\hotspot\share\interpreter\linkResolver.cpp, line 774]
Event: 9.233 Thread 0x000001eb3dba6ee0 Exception <a 'java/lang/NoSuchMethodError'{0x00000000c70a2e10}: 'long java.lang.invoke.DirectMethodHandle$Holder.invokeStaticInit(java.lang.Object, java.lang.Object)'> (0x00000000c70a2e10) 
thrown [s\open\src\hotspot\share\interpreter\linkResolver.cpp, line 774]
Event: 9.250 Thread 0x000001eb3dba6ee0 Exception <a 'java/lang/NoSuchMethodError'{0x00000000c70b0b78}: 'long java.lang.invoke.DirectMethodHandle$Holder.invokeInterface(java.lang.Object, java.lang.Object)'> (0x00000000c70b0b78) 
thrown [s\open\src\hotspot\share\interpreter\linkResolver.cpp, line 774]
Event: 9.259 Thread 0x000001eb3dba6ee0 Exception <a 'java/lang/IncompatibleClassChangeError'{0x00000000c70b3ec0}: Found class java.lang.Object, but interface was expected> (0x00000000c70b3ec0) 
thrown [s\open\src\hotspot\share\interpreter\linkResolver.cpp, line 841]
Event: 9.281 Thread 0x000001eb3dba6ee0 Exception <a 'java/lang/NoSuchMethodError'{0x00000000c70c9ff0}: 'java.lang.Object java.lang.invoke.DirectMethodHandle$Holder.invokeVirtual(java.lang.Object, java.lang.Object, java.lang.Object, java.lang.Object)'> (0x00000000c70c9ff0) 
thrown [s\open\src\hotspot\share\interpreter\linkResolver.cpp, line 774]
Event: 11.435 Thread 0x000001eb1b363d50 Exception <a 'java/lang/IncompatibleClassChangeError'{0x00000000c7aa9a38}: Found class java.lang.Object, but interface was expected> (0x00000000c7aa9a38) 
thrown [s\open\src\hotspot\share\interpreter\linkResolver.cpp, line 841]

VM Operations (20 events):
Event: 9.081 Executing VM operation: HandshakeAllThreads
Event: 9.081 Executing VM operation: HandshakeAllThreads done
Event: 10.095 Executing VM operation: Cleanup
Event: 10.096 Executing VM operation: Cleanup done
Event: 10.624 Executing VM operation: G1CollectForAllocation
Event: 10.640 Executing VM operation: G1CollectForAllocation done
Event: 11.479 Executing VM operation: HandshakeAllThreads
Event: 11.479 Executing VM operation: HandshakeAllThreads done
Event: 12.489 Executing VM operation: Cleanup
Event: 12.490 Executing VM operation: Cleanup done
Event: 13.499 Executing VM operation: Cleanup
Event: 13.499 Executing VM operation: Cleanup done
Event: 14.507 Executing VM operation: Cleanup
Event: 14.530 Executing VM operation: Cleanup done
Event: 14.609 Executing VM operation: CollectForMetadataAllocation
Event: 14.662 Executing VM operation: CollectForMetadataAllocation done
Event: 14.692 Executing VM operation: G1PauseRemark
Event: 14.711 Executing VM operation: G1PauseRemark done
Event: 14.722 Executing VM operation: G1PauseCleanup
Event: 14.723 Executing VM operation: G1PauseCleanup done

Events (19 events):
Event: 0.555 Thread 0x000001eb1b363d50 Thread added: 0x000001eb1b363d50
Event: 0.820 Thread 0x000001eb387c8580 Thread added: 0x000001eb387c8580
Event: 0.820 Thread 0x000001eb387cb3c0 Thread added: 0x000001eb387cb3c0
Event: 0.825 Thread 0x000001eb387d1170 Thread added: 0x000001eb387d1170
Event: 0.825 Thread 0x000001eb387d1b90 Thread added: 0x000001eb387d1b90
Event: 0.825 Thread 0x000001eb387d25b0 Thread added: 0x000001eb387d25b0
Event: 0.825 Thread 0x000001eb387d2fd0 Thread added: 0x000001eb387d2fd0
Event: 0.826 Thread 0x000001eb387d3d20 Thread added: 0x000001eb387d3d20
Event: 0.826 Thread 0x000001eb387d87a0 Thread added: 0x000001eb387d87a0
Event: 0.826 Thread 0x000001eb387dd710 Thread added: 0x000001eb387dd710
Event: 2.086 Thread 0x000001eb387a1130 Thread added: 0x000001eb387a1130
Event: 3.927 Thread 0x000001eb3cd559e0 Thread added: 0x000001eb3cd559e0
Event: 3.927 Thread 0x000001eb3cd55f20 Thread added: 0x000001eb3cd55f20
Event: 7.782 Thread 0x000001eb3dd76050 Thread added: 0x000001eb3dd76050
Event: 7.922 Thread 0x000001eb3dd76050 Thread exited: 0x000001eb3dd76050
Event: 8.101 Thread 0x000001eb3dba6ee0 Thread added: 0x000001eb3dba6ee0
Event: 10.083 Thread 0x000001eb3dba6ee0 Thread exited: 0x000001eb3dba6ee0
Event: 10.707 Thread 0x000001eb3dba6ee0 Thread added: 0x000001eb3dba6ee0
Event: 11.372 Thread 0x000001eb3dba6ee0 Thread exited: 0x000001eb3dba6ee0


Dynamic libraries:
0x00007ff79bd60000 - 0x00007ff79bd70000 	C:\Program Files\Java\jdk-19\bin\java.exe
0x00007ffa30480000 - 0x00007ffa306e6000 	C:\WINDOWS\SYSTEM32\ntdll.dll
0x00007ffa2f120000 - 0x00007ffa2f1e9000 	C:\WINDOWS\System32\KERNEL32.DLL
0x00007ffa2d7f0000 - 0x00007ffa2dbef000 	C:\WINDOWS\System32\KERNELBASE.dll
0x00007ffa2d690000 - 0x00007ffa2d7dc000 	C:\WINDOWS\System32\ucrtbase.dll
0x00007ffa1b620000 - 0x00007ffa1b63b000 	C:\Program Files\Java\jdk-19\bin\VCRUNTIME140.dll
0x00007ffa12c20000 - 0x00007ffa12c38000 	C:\Program Files\Java\jdk-19\bin\jli.dll
0x00007ffa2f3a0000 - 0x00007ffa2f45c000 	C:\WINDOWS\System32\ADVAPI32.dll
0x00007ffa2e6d0000 - 0x00007ffa2e779000 	C:\WINDOWS\System32\msvcrt.dll
0x00007ffa2e850000 - 0x00007ffa2e8fa000 	C:\WINDOWS\System32\sechost.dll
0x00007ffa2e1b0000 - 0x00007ffa2e2c8000 	C:\WINDOWS\System32\RPCRT4.dll
0x00007ffa2f4f0000 - 0x00007ffa2f6b6000 	C:\WINDOWS\System32\USER32.dll
0x00007ffa2dff0000 - 0x00007ffa2e017000 	C:\WINDOWS\System32\win32u.dll
0x00007ffa2e2d0000 - 0x00007ffa2e2fb000 	C:\WINDOWS\System32\GDI32.dll
0x00007ffa2dec0000 - 0x00007ffa2dfe9000 	C:\WINDOWS\System32\gdi32full.dll
0x00007ffa2dd80000 - 0x00007ffa2de23000 	C:\WINDOWS\System32\msvcp_win.dll
0x00007ffa138c0000 - 0x00007ffa13b51000 	C:\WINDOWS\WinSxS\amd64_microsoft.windows.common-controls_6595b64144ccf1df_6.0.26100.8972_none_3e0da176e32f9d4b\COMCTL32.dll
0x00007ffa1e860000 - 0x00007ffa1e86b000 	C:\WINDOWS\SYSTEM32\VERSION.dll
0x00007ffa2f9a0000 - 0x00007ffa2f9d2000 	C:\WINDOWS\System32\IMM32.DLL
0x00007ffa1f190000 - 0x00007ffa1f19c000 	C:\Program Files\Java\jdk-19\bin\vcruntime140_1.dll
0x00007ff9df890000 - 0x00007ff9df91e000 	C:\Program Files\Java\jdk-19\bin\msvcp140.dll
0x00007ff9bf230000 - 0x00007ff9bfef0000 	C:\Program Files\Java\jdk-19\bin\server\jvm.dll
0x00007ffa25530000 - 0x00007ffa25566000 	C:\WINDOWS\SYSTEM32\WINMM.dll
0x00007ffa1e7d0000 - 0x00007ffa1e7da000 	C:\WINDOWS\SYSTEM32\WSOCK32.dll
0x00007ffa2f9e0000 - 0x00007ffa2fa62000 	C:\WINDOWS\System32\WS2_32.dll
0x00007ffa2c350000 - 0x00007ffa2c36b000 	C:\WINDOWS\SYSTEM32\kernel.appcore.dll
0x00007ffa1a9e0000 - 0x00007ffa1a9ea000 	C:\Program Files\Java\jdk-19\bin\jimage.dll
0x00007ffa2ab10000 - 0x00007ffa2ad52000 	C:\WINDOWS\SYSTEM32\DBGHELP.DLL
0x00007ffa2e340000 - 0x00007ffa2e6c5000 	C:\WINDOWS\System32\combase.dll
0x00007ffa2f2c0000 - 0x00007ffa2f399000 	C:\WINDOWS\System32\OLEAUT32.dll
0x00007ffa0cf00000 - 0x00007ffa0cf3b000 	C:\WINDOWS\SYSTEM32\dbgcore.DLL
0x00007ffa2dcc0000 - 0x00007ffa2dd6c000 	C:\WINDOWS\System32\bcryptPrimitives.dll
0x00007ffa15a50000 - 0x00007ffa15a5e000 	C:\Program Files\Java\jdk-19\bin\instrument.dll
0x00007ffa03340000 - 0x00007ffa03366000 	C:\Program Files\Java\jdk-19\bin\java.dll
0x00007ff9dcb30000 - 0x00007ff9dcc07000 	C:\Program Files\Java\jdk-19\bin\jsvml.dll
0x00007ffa2e900000 - 0x00007ffa2f088000 	C:\WINDOWS\System32\SHELL32.dll
0x00007ffa2b100000 - 0x00007ffa2b99b000 	C:\WINDOWS\SYSTEM32\windows.storage.dll
0x00007ffa2f6c0000 - 0x00007ffa2f7b9000 	C:\WINDOWS\System32\SHCORE.dll
0x00007ffa2f470000 - 0x00007ffa2f4d6000 	C:\WINDOWS\System32\shlwapi.dll
0x00007ffa2d5b0000 - 0x00007ffa2d5d9000 	C:\WINDOWS\SYSTEM32\profapi.dll
0x00007ffa04b30000 - 0x00007ffa04b48000 	C:\Program Files\Java\jdk-19\bin\zip.dll
0x00007ffa126b0000 - 0x00007ffa126c3000 	C:\Program Files\Java\jdk-19\bin\net.dll
0x00007ffa1ed30000 - 0x00007ffa1ee58000 	C:\WINDOWS\SYSTEM32\WINHTTP.dll
0x00007ffa2c910000 - 0x00007ffa2c97c000 	C:\WINDOWS\system32\mswsock.dll
0x00007ffa04c90000 - 0x00007ffa04ca6000 	C:\Program Files\Java\jdk-19\bin\nio.dll
0x00007ffa1a660000 - 0x00007ffa1a668000 	C:\Program Files\Java\jdk-19\bin\extnet.dll
0x00007ffa2bcf0000 - 0x00007ffa2bd23000 	C:\WINDOWS\SYSTEM32\IPHLPAPI.DLL
0x00007ffa2e300000 - 0x00007ffa2e30a000 	C:\WINDOWS\System32\NSI.dll
0x00007ffa26d00000 - 0x00007ffa26d1d000 	C:\WINDOWS\SYSTEM32\dhcpcsvc6.DLL
0x00007ffa26cd0000 - 0x00007ffa26cf5000 	C:\WINDOWS\SYSTEM32\dhcpcsvc.DLL
0x00007ffa2bd80000 - 0x00007ffa2bed8000 	C:\WINDOWS\SYSTEM32\DNSAPI.dll
0x00007ffa2c6f0000 - 0x00007ffa2c6fd000 	C:\WINDOWS\SYSTEM32\DSPARSE.dll
0x00007ffa1e870000 - 0x00007ffa1e87b000 	C:\Windows\System32\rasadhlp.dll
0x00007ffa26f90000 - 0x00007ffa27016000 	C:\WINDOWS\System32\fwpuclnt.dll
0x00007ffa1a820000 - 0x00007ffa1a82e000 	C:\Program Files\Java\jdk-19\bin\sunmscapi.dll
0x00007ffa2e020000 - 0x00007ffa2e19e000 	C:\WINDOWS\System32\CRYPT32.dll
0x00007ffa2ce60000 - 0x00007ffa2ce90000 	C:\WINDOWS\SYSTEM32\ncrypt.dll
0x00007ffa2ce10000 - 0x00007ffa2ce4f000 	C:\WINDOWS\SYSTEM32\NTASN1.dll

dbghelp: loaded successfully - version: 4.0.5 - missing functions: none
symbol engine: initialized successfully - sym options: 0x614 - pdb path: .;C:\Program Files\Java\jdk-19\bin;C:\WINDOWS\SYSTEM32;C:\WINDOWS\WinSxS\amd64_microsoft.windows.common-controls_6595b64144ccf1df_6.0.26100.8972_none_3e0da176e32f9d4b;C:\Program Files\Java\jdk-19\bin\server

VM Arguments:
jvm_args: -javaagent:C:\Program Files\JetBrains\IntelliJ IDEA 2025.2.5\lib\idea_rt.jar=6898 -Dfile.encoding=UTF-8 -Dsun.stdout.encoding=UTF-8 -Dsun.stderr.encoding=UTF-8 
java_command: com.fundoo.notificationservice.NotificationServiceApplication
java_class_path (initial): D:\Bridgelabz Java\Backend Development\Microservices\FundooApp\notification-service\target\classes;C:\Users\user\.m2\repository\org\springframework\boot\spring-boot-starter-web\3.5.3\spring-boot-starter-web-3.5.3.jar;C:\Users\user\.m2\repository\org\springframework\boot\spring-boot-starter\3.5.3\spring-boot-starter-3.5.3.jar;C:\Users\user\.m2\repository\org\springframework\boot\spring-boot\3.5.3\spring-boot-3.5.3.jar;C:\Users\user\.m2\repository\org\springframework\boot\spring-boot-autoconfigure\3.5.3\spring-boot-autoconfigure-3.5.3.jar;C:\Users\user\.m2\repository\org\springframework\boot\spring-boot-starter-logging\3.5.3\spring-boot-starter-logging-3.5.3.jar;C:\Users\user\.m2\repository\ch\qos\logback\logback-classic\1.5.18\logback-classic-1.5.18.jar;C:\Users\user\.m2\repository\ch\qos\logback\logback-core\1.5.18\logback-core-1.5.18.jar;C:\Users\user\.m2\repository\org\apache\logging\log4j\log4j-to-slf4j\2.24.3\log4j-to-slf4j-2.24.3.jar;C:\Users\user\.m2\repository\org\apache\logging\log4j\log4j-api\2.24.3\log4j-api-2.24.3.jar;C:\Users\user\.m2\repository\org\slf4j\jul-to-slf4j\2.0.17\jul-to-slf4j-2.0.17.jar;C:\Users\user\.m2\repository\jakarta\annotation\jakarta.annotation-api\2.1.1\jakarta.annotation-api-2.1.1.jar;C:\Users\user\.m2\repository\org\yaml\snakeyaml\2.4\snakeyaml-2.4.jar;C:\Users\user\.m2\repository\org\springframework\boot\spring-boot-starter-json\3.5.3\spring-boot-starter-json-3.5.3.jar;C:\Users\user\.m2\repository\com\fasterxml\jackson\core\jackson-databind\2.19.1\jackson-databind-2.19.1.jar;C:\Users\user\.m2\repository\com\fasterxml\jackson\datatype\jackson-datatype-jdk8\2.19.1\jackson-datatype-jdk8-2.19.1.jar;C:\Users\user\.m2\repository\com\fasterxml\jackson\datatype\jackson-datatype-jsr310\2.19.1\jackson-datatype-jsr310-2.19.1.jar;C:\Users\user\.m2\repository\com\fasterxml\jackson\module\jackson-module-parameter-names\2.19.1\jackson-module-parameter-names-2.19.1.jar;C:\Users\user\.m2\repository\org\springframework\boot\spring-boot-starter-tomcat\3.5.3\spring-boot-starter-tomcat-3.5.3.jar;C:\Users\user\.m2\repository\org\apache\tomcat\embed\tomcat-embed-core\10.1.42\tomcat-embed-core-10.1.42.jar;C:\Users\user\.m2\repository\org\apache\tomcat\embed\tomcat-embed-el\10.1.42\tomcat-embed-el-10.1.42.jar;C:\Users\user\.m2\repository\org\apache\tomcat\embed\tomcat-embed-websocket\10.1.42\tomcat-embed-websocket-10.1.42.jar;C:\Users\user\.m2\repository\org\springframework\spring-web\6.2.8\spring-web-6.2.8.jar;C:\Users\user\.m2\repository\org\springframework\spring-beans\6.2.8\spring-beans-6.2.8.jar;C:\Users\user\.m2\repository\org\springframework\spring-webmvc\6.2.8\spring-webmvc-6.2.8.jar;C:\Users\user\.m2\repository\org\springframework\spring-aop\6.2.8\spring-aop-6.2.8.jar;C:\Users\user\.m2\repository\org\springframework\spring-context\6.2.8\spring-context-6.2.8.jar;C:\Users\user\.m2\repository\org\springframework\spring-expression\6.2.8\spring-expression-6.2.8.jar;C:\Users\user\.m2\repository\org\springframework\cloud\spring-cloud-starter-netflix-eureka-client\4.3.0\spring-cloud-starter-netflix-eureka-client-4.3.0.jar;C:\Users\user\.m2\repository\org\springframework\cloud\spring-cloud-starter\4.3.0\spring-cloud-starter-4.3.0.jar;C:\Users\user\.m2\repository\org\springframework\cloud\spring-cloud-context\4.3.0\spring-cloud-context-4.3.0.jar;C:\Users\user\.m2\repository\org\springframework\security\spring-security-crypto\6.5.1\spring-security-crypto-6.5.1.jar;C:\Users\user\.m2\repository\org\springframework\cloud\spring-cloud-commons\4.3.0\spring-cloud-commons-4.3.0.jar;C:\Users\user\.m2\repository\org\bouncycastle\bcprov-jdk18on\1.80\bcprov-jdk18on-1.80.jar;C:\Users\user\.m2\repository\org\springframework\cloud\spring-cloud-netflix-eureka-client\4.3.0\spring-cloud-netflix-eureka-client-4.3.0.jar;C:\Users\user\.m2\repository\org\apache\httpcomponents\client5\httpclient5\5.5\httpclient5-5.5.jar;C:\Users\user\.m2\repository\org\apache\httpcomponents\core5\httpcore5\5.3.4\httpcore5-5.3.4.jar;C:\Users\user\.m2\repository\org\apache\httpcomponents\core5\httpcore5-h2\5.3.4\httpcore5-h2-5.3.4.jar;C:\Users\user\.m2\repository\com\netflix\eureka\eureka-client\2.0.4\eureka-client-2.0.4.jar;C:\Users\user\.m2\repository\com\thoughtworks\xstream\xstream\1.4.20\xstream-1.4.20.jar;C:\Users\user\.m2\repository\io\github\x-stream\mxparser\1.2.2\mxparser-1.2.2.jar;C:\Users\user\.m2\repository\xmlpull\xmlpull\1.1.3.1\xmlpull-1.1.3.1.jar;C:\Users\user\.m2\repository\jakarta\ws\rs\jakarta.ws.rs-api\3.1.0\jakarta.ws.rs-api-3.1.0.jar;C:\Users\user\.m2\repository\jakarta\inject\jakarta.inject-api\2.0.1\jakarta.inject-api-2.0.1.jar;C:\Users\user\.m2\repository\com\netflix\spectator\spectator-api\1.7.3\spectator-api-1.7.3.jar;C:\Users\user\.m2\repository\org\slf4j\slf4j-api\2.0.17\slf4j-api-2.0.17.jar;C:\Users\user\.m2\repository\org\apache\httpcomponents\httpclient\4.5.3\httpclient-4.5.3.jar;C:\Users\user\.m2\repository\org\apache\httpcomponents\httpcore\4.4.16\httpcore-4.4.16.jar;C:\Users\user\.m2\repository\commons-codec\commons-codec\1.18.0\commons-codec-1.18.0.jar;C:\Users\user\.m2\repository\commons-configuration\commons-configuration\1.10\commons-configuration-1.10.jar;C:\Users\user\.m2\repository\commons-lang\commons-lang\2.6\commons-lang-2.6.jar;C:\Users\user\.m2\repository\com\fasterxml\jackson\core\jackson-annotations\2.19.1\jackson-annotations-2.19.1.jar;C:\Users\user\.m2\repository\com\fasterxml\jackson\core\jackson-core\2.19.1\jackson-core-2.19.1.jar;C:\Users\user\.m2\repository\com\netflix\netflix-commons\netflix-eventbus\0.3.0\netflix-eventbus-0.3.0.jar;C:\Users\user\.m2\repository\com\netflix\netflix-commons\netflix-infix\0.3.0\netflix-infix-0.3.0.jar;C:\Users\user\.m2\repository\commons-jxpath\commons-jxpath\1.3\commons-jxpath-1.3.jar;C:\Users\user\.m2\repository\joda-time\joda-time\2.3\joda-time-2.3.jar;C:\Users\user\.m2\repository\org\antlr\antlr-runtime\3.4\antlr-runtime-3.4.jar;C:\Users\user\.m2\repository\org\antlr\stringtemplate\3.2.1\stringtemplate-3.2.1.jar;C:\Users\user\.m2\repository\antlr\antlr\2.7.7\antlr-2.7.7.jar;C:\Users\user\.m2\repository\com\google\guava\guava\14.0.1\guava-14.0.1.jar;C:\Users\user\.m2\repository\com\google\code\gson\gson\2.13.1\gson-2.13.1.jar;C:\Users\user\.m2\repository\com\google\errorprone\error_prone_annotations\2.38.0\error_prone_annotations-2.38.0.jar;C:\Users\user\.m2\repository\com\netflix\servo\servo-core\0.5.3\servo-core-0.5.3.jar;C:\Users\user\.m2\repository\org\apache\commons\commons-math\2.2\commons-math-2.2.jar;C:\Users\user\.m2\repository\javax\annotation\javax.annotation-api\1.2\javax.annotation-api-1.2.jar;C:\Users\user\.m2\repository\org\codehaus\jettison\jettison\1.5.4\jettison-1.5.4.jar;C:\Users\user\.m2\repository\org\springframework\cloud\spring-cloud-starter-loadbalancer\4.3.0\spring-cloud-starter-loadbalancer-4.3.0.jar;C:\Users\user\.m2\repository\org\springframework\cloud\spring-cloud-loadbalancer\4.3.0\spring-cloud-loadbalancer-4.3.0.jar;C:\Users\user\.m2\repository\io\projectreactor\reactor-core\3.7.7\reactor-core-3.7.7.jar;C:\Users\user\.m2\repository\org\reactivestreams\reactive-streams\1.0.4\reactive-streams-1.0.4.jar;C:\Users\user\.m2\repository\io\projectreactor\addons\reactor-extra\3.5.2\reactor-extra-3.5.2.jar;C:\Users\user\.m2\repository\org\springframework\boot\spring-boot-starter-cache\3.5.3\spring-boot-starter-cache-3.5.3.jar;C:\Users\user\.m2\repository\com\stoyanr\evictor\1.0.0\evictor-1.0.0.jar;C:\Users\user\.m2\repository\org\springframework\boot\spring-boot-starter-amqp\3.5.3\spring-boot-starter-amqp-3.5.3.jar;C:\Users\user\.m2\repository\org\springframework\spring-messaging\6.2.8\spring-messaging-6.2.8.jar;C:\Users\user\.m2\repository\org\springframework\amqp\spring-rabbit\3.2.5\spring-rabbit-3.2.5.jar;C:\Users\user\.m2\repository\org\springframework\amqp\spring-amqp\3.2.5\spring-amqp-3.2.5.jar;C:\Users\user\.m2\repository\org\springframework\retry\spring-retry\2.0.12\spring-retry-2.0.12.jar;C:\Users\user\.m2\repository\com\rabbitmq\amqp-client\5.25.0\amqp-client-5.25.0.jar;C:\Users\user\.m2\repository\org\springframework\spring-tx\6.2.8\spring-tx-6.2.8.jar;C:\Users\user\.m2\repository\org\springframework\boot\spring-boot-starter-mail\3.5.3\spring-boot-starter-mail-3.5.3.jar;C:\Users\user\.m2\repository\org\springframework\spring-context-support\6.2.8\spring-context-support-6.2.8.jar;C:\Users\user\.m2\repository\org\eclipse\angus\jakarta.mail\2.0.3\jakarta.mail-2.0.3.jar;C:\Users\user\.m2\repository\jakarta\activation\jakarta.activation-api\2.1.3\jakarta.activation-api-2.1.3.jar;C:\Users\user\.m2\repository\org\eclipse\angus\angus-activation\2.0.2\angus-activation-2.0.2.jar;C:\Users\user\.m2\repository\org\springframework\boot\spring-boot-starter-actuator\3.5.3\spring-boot-starter-actuator-3.5.3.jar;C:\Users\user\.m2\repository\org\springframework\boot\spring-boot-actuator-autoconfigure\3.5.3\spring-boot-actuator-autoconfigure-3.5.3.jar;C:\Users\user\.m2\repository\org\springframework\boot\spring-boot-actuator\3.5.3\spring-boot-actuator-3.5.3.jar;C:\Users\user\.m2\repository\io\micrometer\micrometer-observation\1.15.1\micrometer-observation-1.15.1.jar;C:\Users\user\.m2\repository\io\micrometer\micrometer-commons\1.15.1\micrometer-commons-1.15.1.jar;C:\Users\user\.m2\repository\io\micrometer\micrometer-jakarta9\1.15.1\micrometer-jakarta9-1.15.1.jar;C:\Users\user\.m2\repository\io\micrometer\micrometer-core\1.15.1\micrometer-core-1.15.1.jar;C:\Users\user\.m2\repository\org\hdrhistogram\HdrHistogram\2.2.2\HdrHistogram-2.2.2.jar;C:\Users\user\.m2\repository\org\latencyutils\LatencyUtils\2.0.3\LatencyUtils-2.0.3.jar;C:\Users\user\.m2\repository\org\projectlombok\lombok\1.18.38\lombok-1.18.38.jar;C:\Users\user\.m2\repository\org\springframework\spring-core\6.2.8\spring-core-6.2.8.jar;C:\Users\user\.m2\repository\org\springframework\spring-jcl\6.2.8\spring-jcl-6.2.8.jar
Launcher Type: SUN_STANDARD

[Global flags]
     intx CICompilerCount                          = 3                                         {product} {ergonomic}
     uint ConcGCThreads                            = 1                                         {product} {ergonomic}
     uint G1ConcRefinementThreads                  = 4                                         {product} {ergonomic}
   size_t G1HeapRegionSize                         = 1048576                                   {product} {ergonomic}
    uintx GCDrainStackTargetSize                   = 64                                        {product} {ergonomic}
   size_t InitialHeapSize                          = 62914560                                  {product} {ergonomic}
   size_t MarkStackSize                            = 4194304                                   {product} {ergonomic}
   size_t MaxHeapSize                              = 1002438656                                {product} {ergonomic}
   size_t MaxNewSize                               = 600834048                                 {product} {ergonomic}
   size_t MinHeapDeltaBytes                        = 1048576                                   {product} {ergonomic}
   size_t MinHeapSize                              = 8388608                                   {product} {ergonomic}
    uintx NonNMethodCodeHeapSize                   = 5832780                                {pd product} {ergonomic}
    uintx NonProfiledCodeHeapSize                  = 122912730                              {pd product} {ergonomic}
    uintx ProfiledCodeHeapSize                     = 122912730                              {pd product} {ergonomic}
    uintx ReservedCodeCacheSize                    = 251658240                              {pd product} {ergonomic}
     bool SegmentedCodeCache                       = true                                      {product} {ergonomic}
   size_t SoftMaxHeapSize                          = 1002438656                             {manageable} {ergonomic}
     bool UseCompressedClassPointers               = true                           {product lp64_product} {ergonomic}
     bool UseCompressedOops                        = true                           {product lp64_product} {ergonomic}
     bool UseG1GC                                  = true                                      {product} {ergonomic}
     bool UseLargePagesIndividualAllocation        = false                                  {pd product} {ergonomic}

Logging:
Log output configuration:
 #0: stdout all=warning uptime,level,tags foldmultilines=false
 #1: stderr all=off uptime,level,tags foldmultilines=false

Environment Variables:
JAVA_HOME=C:\Program Files\Java\jdk-19
PATH=C:\Program Files\Java\jdk-19\bin;C:\Program Files\Common Files\Oracle\Java\javapath;C:\WINDOWS\system32;C:\WINDOWS;C:\WINDOWS\System32\Wbem;C:\WINDOWS\System32\WindowsPowerShell\v1.0\;C:\WINDOWS\System32\OpenSSH\;C:\Program Files\dotnet\;C:\MinGW\bin;C:\Program Files\apache-maven-3.9.2\bin;C:\Program Files\Git\cmd;C:\ProgramData\chocolatey\bin;C:\Users\user\AppData\Local\nvm;C:\nvm4w\nodejs;C:\Program Files\nodejs\;C:\Program Files\Java\jdk-19\bin;C:\Program Files\Erlang OTP\bin;C:\Program Files\MySQL\MySQL Shell 8.0\bin\;C:\Users\user\AppData\Local\Microsoft\WindowsApps;C:\Program Files\Git\cmd;C:\Users\user\AppData\Local\Programs\Microsoft VS Code\bin;E:\MinGW\bin;C:\Program Files\MySQL\MySQL Server 8.0\bin;C:\Users\user\eclipse-workspace\PabitraJava\bin;C:\Program Files\Java\jdk-19\bin;C:\Users\user\eclipse-workspace\javaHibernate;C:\Program Files\apache-maven-3.9.2\bin;C:\Users\user\AppData\Local\nvm;C:\nvm4w\nodejs;C:\Program Files\PostgreSQL\17\bin;C:\Users\user\AppData\Roaming\npm;C:\Program Files\JetBrains\IntelliJ IDEA 2025.2.5\bin;C:\Program Files\JetBrains\PyCharm 2026.1.1\bin;C:\Program Files\Java\jdk-19\bin;C:\Program Files\Redis
USERNAME=user
OS=Windows_NT
PROCESSOR_IDENTIFIER=Intel64 Family 6 Model 140 Stepping 1, GenuineIntel
TMP=C:\Users\user\AppData\Local\Temp
TEMP=C:\Users\user\AppData\Local\Temp



---------------  S Y S T E M  ---------------

OS:
 Windows 11 , 64 bit Build 26100 (10.0.26100.9168)
OS uptime: 3 days 2:09 hours
Hyper-V role detected

CPU: total 4 (initial active 4) (2 cores per cpu, 2 threads per core) family 6 model 140 stepping 1 microcode 0xbe, cx8, cmov, fxsr, ht, mmx, 3dnowpref, sse, sse2, sse3, ssse3, sse4.1, sse4.2, popcnt, lzcnt, tsc, tscinvbit, avx, avx2, aes, erms, clmul, bmi1, bmi2, adx, avx512f, avx512dq, avx512cd, avx512bw, avx512vl, sha, fma, vzeroupper, avx512_vpopcntdq, avx512_vpclmulqdq, avx512_vaes, avx512_vnni, clflush, clflushopt, clwb, avx512_vbmi2, avx512_vbmi, hv, rdtscp, rdpid, fsrm, gfni, avx512_bitalg

Memory: 4k page, system-wide physical 3818M (30M free)
TotalPageFile size 15594M (AvailPageFile size 1M)
current process WorkingSet (physical memory assigned to process): 87M, peak: 117M
current process commit charge ("private bytes"): 177M, peak: 180M

vm_info: Java HotSpot(TM) 64-Bit Server VM (19.0.1+10-21) for windows-amd64 JRE (19.0.1+10-21), built on 2022-09-14T12:45:06Z by "mach5one" with MS VC++ 17.1 (VS2022)

END.
