#
# There is insufficient memory for the Java Runtime Environment to continue.
# Native memory allocation (malloc) failed to allocate 598896 bytes for Chunk::new
# Possible reasons:
#   The system is out of physical RAM or swap space
#   The process is running with CompressedOops enabled, and the Java Heap may be blocking the growth of the native heap
# Possible solutions:
#   Reduce memory load on the system
#   Increase physical memory or swap space
#   Check if swap backing store is full
#   Decrease Java heap size (-Xmx/-Xms)
#   Decrease number of Java threads
#   Decrease Java thread stack sizes (-Xss)
#   Set larger code cache with -XX:ReservedCodeCacheSize=
#   JVM is running with Unscaled Compressed Oops mode in which the Java heap is
#     placed in the first 4GB address space. The Java Heap base address is the
#     maximum limit for the native heap growth. Please use -XX:HeapBaseMinAddress
#     to set the Java Heap base and to place the Java Heap above 4GB virtual address.
# This output file may be truncated or incomplete.
#
#  Out of Memory Error (arena.cpp:184), pid=14260, tid=11004
#
# JRE version: Java(TM) SE Runtime Environment (19.0.1+10) (build 19.0.1+10-21)
# Java VM: Java HotSpot(TM) 64-Bit Server VM (19.0.1+10-21, mixed mode, sharing, tiered, compressed oops, compressed class ptrs, g1 gc, windows-amd64)
# No core dump will be written. Minidumps are not enabled by default on client versions of Windows
#

---------------  S U M M A R Y ------------

Command Line: -javaagent:C:\Program Files\JetBrains\IntelliJ IDEA 2025.2.5\lib\idea_rt.jar=28919 -Dfile.encoding=UTF-8 -Dsun.stdout.encoding=UTF-8 -Dsun.stderr.encoding=UTF-8 com.fundoo.notificationservice.NotificationServiceApplication

Host: 11th Gen Intel(R) Core(TM) i3-1115G4 @ 3.00GHz, 4 cores, 3G,  Windows 11 , 64 bit Build 26100 (10.0.26100.9168)
Time: Thu Aug 20 23:52:26 2026 India Standard Time elapsed time: 1116.250180 seconds (0d 0h 18m 36s)

---------------  T H R E A D  ---------------

Current thread (0x0000023254f46cb0):  JavaThread "C2 CompilerThread0" daemon [_thread_in_native, id=11004, stack(0x000000ec4df00000,0x000000ec4e000000)]


Current CompileTask:
C2:1116250 9501   !   4       org.springframework.beans.factory.support.DefaultListableBeanFactory::doGetBeanNamesForType (527 bytes)

Stack: [0x000000ec4df00000,0x000000ec4e000000]
Native frames: (J=compiled Java code, j=interpreted, Vv=VM code, C=native code)
V  [jvm.dll+0x6ee8fa]
V  [jvm.dll+0x857a1e]
V  [jvm.dll+0x85940e]
V  [jvm.dll+0x859ac3]
V  [jvm.dll+0x28291f]
V  [jvm.dll+0xc9b5f]
V  [jvm.dll+0xc9ee5]
V  [jvm.dll+0x2f7c6f]
V  [jvm.dll+0x5f0c5b]
V  [jvm.dll+0x2551fc]
V  [jvm.dll+0x24e097]
V  [jvm.dll+0x24b563]
V  [jvm.dll+0x1d6d61]
V  [jvm.dll+0x25b0fa]
V  [jvm.dll+0x259588]
V  [jvm.dll+0x807928]
V  [jvm.dll+0x8015fa]
V  [jvm.dll+0x6ed5eb]
C  [ucrtbase.dll+0x2cd30]
C  [KERNEL32.DLL+0x2ccb7]
C  [ntdll.dll+0xaad6c]


---------------  P R O C E S S  ---------------

Threads class SMR info:
_java_thread_list=0x000002325924fe70, length=37, elements={
0x0000023254f31b50, 0x0000023254f34720, 0x0000023254f37650, 0x0000023254f38070,
0x0000023254f38c30, 0x0000023254f397f0, 0x0000023254f46cb0, 0x0000023254f7dd00,
0x0000023254f87e50, 0x00000232591ced20, 0x0000023259415790, 0x000002325950d0c0,
0x000002325bd585c0, 0x000002325bd57810, 0x000002325c1f7f30, 0x000002325c4a8f60,
0x000002325c4a6a30, 0x000002325c4a8a10, 0x000002325c4a84c0, 0x000002325c4a7a20,
0x000002325c4a94b0, 0x000002325c4a74d0, 0x000002325c4a9a00, 0x000002325c4a9f50,
0x000002325c4a7f70, 0x000002325c4a6f80, 0x000002325c3840a0, 0x000002325c3855e0,
0x000002325c3845f0, 0x000002325c3865d0, 0x000002325c387b10, 0x000002325c386b20,
0x000002325c3885b0, 0x000002325c389050, 0x000002325c3895a0, 0x000002325c38b030,
0x000002325a80eb30
}

Java Threads: ( => current thread )
  0x0000023254f31b50 JavaThread "Reference Handler" daemon [_thread_blocked, id=9672, stack(0x000000ec4d900000,0x000000ec4da00000)]
  0x0000023254f34720 JavaThread "Finalizer" daemon [_thread_blocked, id=10268, stack(0x000000ec4da00000,0x000000ec4db00000)]
  0x0000023254f37650 JavaThread "Signal Dispatcher" daemon [_thread_blocked, id=2468, stack(0x000000ec4db00000,0x000000ec4dc00000)]
  0x0000023254f38070 JavaThread "Attach Listener" daemon [_thread_blocked, id=15488, stack(0x000000ec4dc00000,0x000000ec4dd00000)]
  0x0000023254f38c30 JavaThread "Service Thread" daemon [_thread_blocked, id=3948, stack(0x000000ec4dd00000,0x000000ec4de00000)]
  0x0000023254f397f0 JavaThread "Monitor Deflation Thread" daemon [_thread_blocked, id=11320, stack(0x000000ec4de00000,0x000000ec4df00000)]
=>0x0000023254f46cb0 JavaThread "C2 CompilerThread0" daemon [_thread_in_native, id=11004, stack(0x000000ec4df00000,0x000000ec4e000000)]
  0x0000023254f7dd00 JavaThread "C1 CompilerThread0" daemon [_thread_blocked, id=2580, stack(0x000000ec4e000000,0x000000ec4e100000)]
  0x0000023254f87e50 JavaThread "Sweeper thread" daemon [_thread_blocked, id=16624, stack(0x000000ec4e100000,0x000000ec4e200000)]
  0x00000232591ced20 JavaThread "Common-Cleaner" daemon [_thread_blocked, id=7456, stack(0x000000ec4e200000,0x000000ec4e300000)]
  0x0000023259415790 JavaThread "Monitor Ctrl-Break" daemon [_thread_in_native, id=3680, stack(0x000000ec4e300000,0x000000ec4e400000)]
  0x000002325950d0c0 JavaThread "Notification Thread" daemon [_thread_blocked, id=1128, stack(0x000000ec4e400000,0x000000ec4e500000)]
  0x000002325bd585c0 JavaThread "Catalina-utility-1" [_thread_blocked, id=1212, stack(0x000000ec4e900000,0x000000ec4ea00000)]
  0x000002325bd57810 JavaThread "Catalina-utility-2" [_thread_blocked, id=5996, stack(0x000000ec4ea00000,0x000000ec4eb00000)]
  0x000002325c1f7f30 JavaThread "container-0" [_thread_blocked, id=8652, stack(0x000000ec4eb00000,0x000000ec4ec00000)]
  0x000002325c4a8f60 JavaThread "spectator-gauge-polling-0" daemon [_thread_blocked, id=15188, stack(0x000000ec4ed00000,0x000000ec4ee00000)]
  0x000002325c4a6a30 JavaThread "AsyncResolver-bootstrap-%d" daemon [_thread_blocked, id=16664, stack(0x000000ec4ee00000,0x000000ec4ef00000)]
  0x000002325c4a8a10 JavaThread "DiscoveryClient-%d" daemon [_thread_blocked, id=13272, stack(0x000000ec4f000000,0x000000ec4f100000)]
  0x000002325c4a84c0 JavaThread "DiscoveryClient-%d" daemon [_thread_blocked, id=1560, stack(0x000000ec4f100000,0x000000ec4f200000)]
  0x000002325c4a7a20 JavaThread "DiscoveryClient-InstanceInfoReplicator-%d" daemon [_thread_blocked, id=3944, stack(0x000000ec4f200000,0x000000ec4f300000)]
  0x000002325c4a94b0 JavaThread "http-nio-8084-exec-1" daemon [_thread_blocked, id=5208, stack(0x000000ec4f300000,0x000000ec4f400000)]
  0x000002325c4a74d0 JavaThread "http-nio-8084-exec-2" daemon [_thread_blocked, id=16108, stack(0x000000ec4f400000,0x000000ec4f500000)]
  0x000002325c4a9a00 JavaThread "http-nio-8084-exec-3" daemon [_thread_blocked, id=9316, stack(0x000000ec4f500000,0x000000ec4f600000)]
  0x000002325c4a9f50 JavaThread "http-nio-8084-exec-4" daemon [_thread_blocked, id=16280, stack(0x000000ec4f600000,0x000000ec4f700000)]
  0x000002325c4a7f70 JavaThread "http-nio-8084-exec-5" daemon [_thread_blocked, id=10080, stack(0x000000ec4f700000,0x000000ec4f800000)]
  0x000002325c4a6f80 JavaThread "http-nio-8084-exec-6" daemon [_thread_blocked, id=2432, stack(0x000000ec4f800000,0x000000ec4f900000)]
  0x000002325c3840a0 JavaThread "http-nio-8084-exec-7" daemon [_thread_blocked, id=9816, stack(0x000000ec4f900000,0x000000ec4fa00000)]
  0x000002325c3855e0 JavaThread "http-nio-8084-exec-8" daemon [_thread_blocked, id=3828, stack(0x000000ec4fa00000,0x000000ec4fb00000)]
  0x000002325c3845f0 JavaThread "http-nio-8084-exec-9" daemon [_thread_blocked, id=256, stack(0x000000ec4fb00000,0x000000ec4fc00000)]
  0x000002325c3865d0 JavaThread "http-nio-8084-exec-10" daemon [_thread_blocked, id=15936, stack(0x000000ec4fc00000,0x000000ec4fd00000)]
  0x000002325c387b10 JavaThread "http-nio-8084-Poller" daemon [_thread_in_native, id=15804, stack(0x000000ec4fd00000,0x000000ec4fe00000)]
  0x000002325c386b20 JavaThread "http-nio-8084-Acceptor" daemon [_thread_in_native, id=8520, stack(0x000000ec4fe00000,0x000000ec4ff00000)]
  0x000002325c3885b0 JavaThread "DestroyJavaVM" [_thread_blocked, id=17260, stack(0x000000ec4d200000,0x000000ec4d300000)]
  0x000002325c389050 JavaThread "DiscoveryClient-CacheRefreshExecutor-%d" daemon [_thread_blocked, id=12904, stack(0x000000ec50800000,0x000000ec50900000)]
  0x000002325c3895a0 JavaThread "DiscoveryClient-HeartbeatExecutor-%d" daemon [_thread_blocked, id=12016, stack(0x000000ec50900000,0x000000ec50a00000)]
  0x000002325c38b030 JavaThread "AsyncResolver-bootstrap-executor-%d" daemon [_thread_blocked, id=1552, stack(0x000000ec4d100000,0x000000ec4d200000)]
  0x000002325a80eb30 JavaThread "org.springframework.amqp.rabbit.RabbitListenerEndpointContainer#0-10" [_thread_blocked, id=6612, stack(0x000000ec4d000000,0x000000ec4d100000)]

Other Threads:
  0x0000023254f19d80 VMThread "VM Thread" [stack: 0x000000ec4d800000,0x000000ec4d900000] [id=9236]
  0x00000232593f4500 WatcherThread "VM Periodic Task Thread" [stack: 0x000000ec4e500000,0x000000ec4e600000] [id=10348]
  0x000002323988e590 WorkerThread "GC Thread#0" [stack: 0x000000ec4d300000,0x000000ec4d400000] [id=15820]
  0x000002325983cb90 WorkerThread "GC Thread#1" [stack: 0x000000ec4e600000,0x000000ec4e700000] [id=11240]
  0x000002325983d100 WorkerThread "GC Thread#2" [stack: 0x000000ec4e700000,0x000000ec4e800000] [id=7492]
  0x000002325950e500 WorkerThread "GC Thread#3" [stack: 0x000000ec4e800000,0x000000ec4e900000] [id=8496]
  0x0000023239896c70 ConcurrentGCThread "G1 Main Marker" [stack: 0x000000ec4d400000,0x000000ec4d500000] [id=4336]
  0x00000232398993c0 WorkerThread "G1 Conc#0" [stack: 0x000000ec4d500000,0x000000ec4d600000] [id=16060]
  0x0000023254ddb770 ConcurrentGCThread "G1 Refine#0" [stack: 0x000000ec4d600000,0x000000ec4d700000] [id=15276]
  0x0000023254ddc050 ConcurrentGCThread "G1 Service" [stack: 0x000000ec4d700000,0x000000ec4d800000] [id=7248]

Threads with active compile tasks:
C2 CompilerThread0  1116416 9501   !   4       org.springframework.beans.factory.support.DefaultListableBeanFactory::doGetBeanNamesForType (527 bytes)

VM state: not at safepoint (normal execution)

VM Mutex/Monitor currently owned by a thread: None

Heap address: 0x00000000c4400000, size: 956 MB, Compressed Oops mode: 32-bit

CDS archive(s) mapped at: [0x0000000800000000-0x0000000800c40000-0x0000000800c40000), size 12845056, SharedBaseAddress: 0x0000000800000000, ArchiveRelocationMode: 0.
Compressed class space mapped at: 0x0000000801000000-0x0000000841000000, reserved size: 1073741824
Narrow klass base: 0x0000000800000000, Narrow klass shift: 0, Narrow klass range: 0x100000000

GC Precious Log:
 CardTable entry size: 512
 Card Set container configuration: InlinePtr #cards 5 size 8 Array Of Cards #cards 12 size 40 Howl #buckets 4 coarsen threshold 1843 Howl Bitmap #cards 512 size 80 coarsen threshold 460 Card regions per heap region 1 cards per card region 2048
 CPUs: 4 total, 4 available
 Memory: 3818M
 Large Page Support: Disabled
 NUMA Support: Disabled
 Compressed Oops: Enabled (32-bit)
 Heap Region Size: 1M
 Heap Min Capacity: 8M
 Heap Initial Capacity: 60M
 Heap Max Capacity: 956M
 Pre-touch: Disabled
 Parallel Workers: 4
 Concurrent Workers: 1
 Concurrent Refinement Workers: 4
 Periodic GC: Disabled

Heap:
 garbage-first heap   total 140288K, used 56865K [0x00000000c4400000, 0x0000000100000000)
  region size 1024K, 24 young (24576K), 4 survivors (4096K)
 Metaspace       used 56391K, committed 57280K, reserved 1114112K
  class space    used 6987K, committed 7424K, reserved 1048576K

Heap Regions: E=young(eden), S=young(survivor), O=old, HS=humongous(starts), HC=humongous(continues), CS=collection set, F=free, OA=open archive, CA=closed archive, TAMS=top-at-mark-start (previous, next)
|   0|0x00000000c4400000, 0x00000000c4500000, 0x00000000c4500000|100%|HS|  |TAMS 0x00000000c4500000, 0x00000000c4400000| Complete 
|   1|0x00000000c4500000, 0x00000000c4500000, 0x00000000c4600000|  0%| F|  |TAMS 0x00000000c4500000, 0x00000000c4500000| Untracked 
|   2|0x00000000c4600000, 0x00000000c4700000, 0x00000000c4700000|100%| O|  |TAMS 0x00000000c4700000, 0x00000000c4600000| Untracked 
|   3|0x00000000c4700000, 0x00000000c4800000, 0x00000000c4800000|100%| O|  |TAMS 0x00000000c4800000, 0x00000000c4700000| Untracked 
|   4|0x00000000c4800000, 0x00000000c4900000, 0x00000000c4900000|100%| O|  |TAMS 0x00000000c4900000, 0x00000000c4800000| Untracked 
|   5|0x00000000c4900000, 0x00000000c4a00000, 0x00000000c4a00000|100%| O|  |TAMS 0x00000000c4a00000, 0x00000000c4900000| Untracked 
|   6|0x00000000c4a00000, 0x00000000c4b00000, 0x00000000c4b00000|100%| O|  |TAMS 0x00000000c4b00000, 0x00000000c4a00000| Untracked 
|   7|0x00000000c4b00000, 0x00000000c4b00000, 0x00000000c4c00000|  0%| F|  |TAMS 0x00000000c4b00000, 0x00000000c4b00000| Untracked 
|   8|0x00000000c4c00000, 0x00000000c4d00000, 0x00000000c4d00000|100%| O|  |TAMS 0x00000000c4d00000, 0x00000000c4c00000| Untracked 
|   9|0x00000000c4d00000, 0x00000000c4e00000, 0x00000000c4e00000|100%| O|  |TAMS 0x00000000c4e00000, 0x00000000c4d00000| Untracked 
|  10|0x00000000c4e00000, 0x00000000c4f00000, 0x00000000c4f00000|100%| O|  |TAMS 0x00000000c4f00000, 0x00000000c4e00000| Untracked 
|  11|0x00000000c4f00000, 0x00000000c5000000, 0x00000000c5000000|100%| O|  |TAMS 0x00000000c5000000, 0x00000000c4f00000| Untracked 
|  12|0x00000000c5000000, 0x00000000c5100000, 0x00000000c5100000|100%| O|  |TAMS 0x00000000c5100000, 0x00000000c5000000| Untracked 
|  13|0x00000000c5100000, 0x00000000c5200000, 0x00000000c5200000|100%| O|  |TAMS 0x00000000c5200000, 0x00000000c5100000| Untracked 
|  14|0x00000000c5200000, 0x00000000c5300000, 0x00000000c5300000|100%| O|  |TAMS 0x00000000c5300000, 0x00000000c5200000| Untracked 
|  15|0x00000000c5300000, 0x00000000c5400000, 0x00000000c5400000|100%| O|  |TAMS 0x00000000c5400000, 0x00000000c5300000| Untracked 
|  16|0x00000000c5400000, 0x00000000c5500000, 0x00000000c5500000|100%| O|  |TAMS 0x00000000c5500000, 0x00000000c5400000| Untracked 
|  17|0x00000000c5500000, 0x00000000c5600000, 0x00000000c5600000|100%| O|  |TAMS 0x00000000c5600000, 0x00000000c5500000| Untracked 
|  18|0x00000000c5600000, 0x00000000c5700000, 0x00000000c5700000|100%| O|  |TAMS 0x00000000c5700000, 0x00000000c5600000| Untracked 
|  19|0x00000000c5700000, 0x00000000c5800000, 0x00000000c5800000|100%| O|  |TAMS 0x00000000c5800000, 0x00000000c5700000| Untracked 
|  20|0x00000000c5800000, 0x00000000c5900000, 0x00000000c5900000|100%| O|  |TAMS 0x00000000c5900000, 0x00000000c5800000| Untracked 
|  21|0x00000000c5900000, 0x00000000c5a00000, 0x00000000c5a00000|100%| O|  |TAMS 0x00000000c5a00000, 0x00000000c5900000| Untracked 
|  22|0x00000000c5a00000, 0x00000000c5b00000, 0x00000000c5b00000|100%| O|  |TAMS 0x00000000c5b00000, 0x00000000c5a00000| Untracked 
|  23|0x00000000c5b00000, 0x00000000c5c00000, 0x00000000c5c00000|100%| O|  |TAMS 0x00000000c5c00000, 0x00000000c5b00000| Untracked 
|  24|0x00000000c5c00000, 0x00000000c5d00000, 0x00000000c5d00000|100%| O|  |TAMS 0x00000000c5d00000, 0x00000000c5c00000| Untracked 
|  25|0x00000000c5d00000, 0x00000000c5e00000, 0x00000000c5e00000|100%| O|  |TAMS 0x00000000c5e00000, 0x00000000c5d00000| Untracked 
|  26|0x00000000c5e00000, 0x00000000c5f00000, 0x00000000c5f00000|100%| O|  |TAMS 0x00000000c5f00000, 0x00000000c5e00000| Untracked 
|  27|0x00000000c5f00000, 0x00000000c6000000, 0x00000000c6000000|100%| O|  |TAMS 0x00000000c6000000, 0x00000000c5f00000| Untracked 
|  28|0x00000000c6000000, 0x00000000c6100000, 0x00000000c6100000|100%| O|  |TAMS 0x00000000c6100000, 0x00000000c6000000| Untracked 
|  29|0x00000000c6100000, 0x00000000c6200000, 0x00000000c6200000|100%| O|  |TAMS 0x00000000c6200000, 0x00000000c6100000| Untracked 
|  30|0x00000000c6200000, 0x00000000c6300000, 0x00000000c6300000|100%| O|  |TAMS 0x00000000c6300000, 0x00000000c6200000| Untracked 
|  31|0x00000000c6300000, 0x00000000c6400000, 0x00000000c6400000|100%| O|  |TAMS 0x00000000c6400000, 0x00000000c6300000| Untracked 
|  32|0x00000000c6400000, 0x00000000c6500000, 0x00000000c6500000|100%| O|  |TAMS 0x00000000c6500000, 0x00000000c6400000| Untracked 
|  33|0x00000000c6500000, 0x00000000c6600000, 0x00000000c6600000|100%| O|  |TAMS 0x00000000c65e2400, 0x00000000c6500000| Untracked 
|  34|0x00000000c6600000, 0x00000000c6700000, 0x00000000c6700000|100%| O|  |TAMS 0x00000000c6600000, 0x00000000c6600000| Untracked 
|  35|0x00000000c6700000, 0x00000000c67ff200, 0x00000000c6800000| 99%| O|  |TAMS 0x00000000c6700000, 0x00000000c6700000| Untracked 
|  36|0x00000000c6800000, 0x00000000c6800000, 0x00000000c6900000|  0%| F|  |TAMS 0x00000000c6800000, 0x00000000c6800000| Untracked 
|  37|0x00000000c6900000, 0x00000000c6900000, 0x00000000c6a00000|  0%| F|  |TAMS 0x00000000c6900000, 0x00000000c6900000| Untracked 
|  38|0x00000000c6a00000, 0x00000000c6a00000, 0x00000000c6b00000|  0%| F|  |TAMS 0x00000000c6a00000, 0x00000000c6a00000| Untracked 
|  39|0x00000000c6b00000, 0x00000000c6b00000, 0x00000000c6c00000|  0%| F|  |TAMS 0x00000000c6b00000, 0x00000000c6b00000| Untracked 
|  40|0x00000000c6c00000, 0x00000000c6c00000, 0x00000000c6d00000|  0%| F|  |TAMS 0x00000000c6c00000, 0x00000000c6c00000| Untracked 
|  41|0x00000000c6d00000, 0x00000000c6d00000, 0x00000000c6e00000|  0%| F|  |TAMS 0x00000000c6d00000, 0x00000000c6d00000| Untracked 
|  42|0x00000000c6e00000, 0x00000000c6e00000, 0x00000000c6f00000|  0%| F|  |TAMS 0x00000000c6e00000, 0x00000000c6e00000| Untracked 
|  43|0x00000000c6f00000, 0x00000000c6f00000, 0x00000000c7000000|  0%| F|  |TAMS 0x00000000c6f00000, 0x00000000c6f00000| Untracked 
|  44|0x00000000c7000000, 0x00000000c7000000, 0x00000000c7100000|  0%| F|  |TAMS 0x00000000c7000000, 0x00000000c7000000| Untracked 
|  45|0x00000000c7100000, 0x00000000c7100000, 0x00000000c7200000|  0%| F|  |TAMS 0x00000000c7100000, 0x00000000c7100000| Untracked 
|  46|0x00000000c7200000, 0x00000000c7200000, 0x00000000c7300000|  0%| F|  |TAMS 0x00000000c7200000, 0x00000000c7200000| Untracked 
|  47|0x00000000c7300000, 0x00000000c7300000, 0x00000000c7400000|  0%| F|  |TAMS 0x00000000c7300000, 0x00000000c7300000| Untracked 
|  48|0x00000000c7400000, 0x00000000c7400000, 0x00000000c7500000|  0%| F|  |TAMS 0x00000000c7400000, 0x00000000c7400000| Untracked 
|  49|0x00000000c7500000, 0x00000000c7500000, 0x00000000c7600000|  0%| F|  |TAMS 0x00000000c7500000, 0x00000000c7500000| Untracked 
|  50|0x00000000c7600000, 0x00000000c7600000, 0x00000000c7700000|  0%| F|  |TAMS 0x00000000c7600000, 0x00000000c7600000| Untracked 
|  51|0x00000000c7700000, 0x00000000c7700000, 0x00000000c7800000|  0%| F|  |TAMS 0x00000000c7700000, 0x00000000c7700000| Untracked 
|  52|0x00000000c7800000, 0x00000000c7800000, 0x00000000c7900000|  0%| F|  |TAMS 0x00000000c7800000, 0x00000000c7800000| Untracked 
|  53|0x00000000c7900000, 0x00000000c7900000, 0x00000000c7a00000|  0%| F|  |TAMS 0x00000000c7900000, 0x00000000c7900000| Untracked 
|  54|0x00000000c7a00000, 0x00000000c7a00000, 0x00000000c7b00000|  0%| F|  |TAMS 0x00000000c7a00000, 0x00000000c7a00000| Untracked 
|  55|0x00000000c7b00000, 0x00000000c7b00000, 0x00000000c7c00000|  0%| F|  |TAMS 0x00000000c7b00000, 0x00000000c7b00000| Untracked 
|  56|0x00000000c7c00000, 0x00000000c7c00000, 0x00000000c7d00000|  0%| F|  |TAMS 0x00000000c7c00000, 0x00000000c7c00000| Untracked 
|  57|0x00000000c7d00000, 0x00000000c7d00000, 0x00000000c7e00000|  0%| F|  |TAMS 0x00000000c7d00000, 0x00000000c7d00000| Untracked 
|  58|0x00000000c7e00000, 0x00000000c7e00000, 0x00000000c7f00000|  0%| F|  |TAMS 0x00000000c7e00000, 0x00000000c7e00000| Untracked 
|  59|0x00000000c7f00000, 0x00000000c7f00000, 0x00000000c8000000|  0%| F|  |TAMS 0x00000000c7f00000, 0x00000000c7f00000| Untracked 
|  60|0x00000000c8000000, 0x00000000c8000000, 0x00000000c8100000|  0%| F|  |TAMS 0x00000000c8000000, 0x00000000c8000000| Untracked 
|  61|0x00000000c8100000, 0x00000000c8100000, 0x00000000c8200000|  0%| F|  |TAMS 0x00000000c8100000, 0x00000000c8100000| Untracked 
|  62|0x00000000c8200000, 0x00000000c8200000, 0x00000000c8300000|  0%| F|  |TAMS 0x00000000c8200000, 0x00000000c8200000| Untracked 
|  63|0x00000000c8300000, 0x00000000c8300000, 0x00000000c8400000|  0%| F|  |TAMS 0x00000000c8300000, 0x00000000c8300000| Untracked 
|  64|0x00000000c8400000, 0x00000000c8400000, 0x00000000c8500000|  0%| F|  |TAMS 0x00000000c8400000, 0x00000000c8400000| Untracked 
|  65|0x00000000c8500000, 0x00000000c85892a0, 0x00000000c8600000| 53%| S|CS|TAMS 0x00000000c8500000, 0x00000000c8500000| Complete 
|  66|0x00000000c8600000, 0x00000000c8700000, 0x00000000c8700000|100%| S|CS|TAMS 0x00000000c8600000, 0x00000000c8600000| Complete 
|  67|0x00000000c8700000, 0x00000000c8800000, 0x00000000c8800000|100%| S|CS|TAMS 0x00000000c8700000, 0x00000000c8700000| Complete 
|  68|0x00000000c8800000, 0x00000000c8900000, 0x00000000c8900000|100%| S|CS|TAMS 0x00000000c8800000, 0x00000000c8800000| Complete 
|  69|0x00000000c8900000, 0x00000000c8900000, 0x00000000c8a00000|  0%| F|  |TAMS 0x00000000c8900000, 0x00000000c8900000| Untracked 
|  70|0x00000000c8a00000, 0x00000000c8a00000, 0x00000000c8b00000|  0%| F|  |TAMS 0x00000000c8a00000, 0x00000000c8a00000| Untracked 
|  71|0x00000000c8b00000, 0x00000000c8b00000, 0x00000000c8c00000|  0%| F|  |TAMS 0x00000000c8b00000, 0x00000000c8b00000| Untracked 
|  72|0x00000000c8c00000, 0x00000000c8c00000, 0x00000000c8d00000|  0%| F|  |TAMS 0x00000000c8c00000, 0x00000000c8c00000| Untracked 
|  73|0x00000000c8d00000, 0x00000000c8d00000, 0x00000000c8e00000|  0%| F|  |TAMS 0x00000000c8d00000, 0x00000000c8d00000| Untracked 
|  74|0x00000000c8e00000, 0x00000000c8e00000, 0x00000000c8f00000|  0%| F|  |TAMS 0x00000000c8e00000, 0x00000000c8e00000| Untracked 
|  75|0x00000000c8f00000, 0x00000000c8f00000, 0x00000000c9000000|  0%| F|  |TAMS 0x00000000c8f00000, 0x00000000c8f00000| Untracked 
|  76|0x00000000c9000000, 0x00000000c9000000, 0x00000000c9100000|  0%| F|  |TAMS 0x00000000c9000000, 0x00000000c9000000| Untracked 
|  77|0x00000000c9100000, 0x00000000c9100000, 0x00000000c9200000|  0%| F|  |TAMS 0x00000000c9100000, 0x00000000c9100000| Untracked 
|  78|0x00000000c9200000, 0x00000000c9200000, 0x00000000c9300000|  0%| F|  |TAMS 0x00000000c9200000, 0x00000000c9200000| Untracked 
|  79|0x00000000c9300000, 0x00000000c9300000, 0x00000000c9400000|  0%| F|  |TAMS 0x00000000c9300000, 0x00000000c9300000| Untracked 
|  80|0x00000000c9400000, 0x00000000c9400000, 0x00000000c9500000|  0%| F|  |TAMS 0x00000000c9400000, 0x00000000c9400000| Untracked 
|  81|0x00000000c9500000, 0x00000000c9500000, 0x00000000c9600000|  0%| F|  |TAMS 0x00000000c9500000, 0x00000000c9500000| Untracked 
|  82|0x00000000c9600000, 0x00000000c9600000, 0x00000000c9700000|  0%| F|  |TAMS 0x00000000c9600000, 0x00000000c9600000| Untracked 
|  83|0x00000000c9700000, 0x00000000c9700000, 0x00000000c9800000|  0%| F|  |TAMS 0x00000000c9700000, 0x00000000c9700000| Untracked 
|  84|0x00000000c9800000, 0x00000000c9800000, 0x00000000c9900000|  0%| F|  |TAMS 0x00000000c9800000, 0x00000000c9800000| Untracked 
|  85|0x00000000c9900000, 0x00000000c9900000, 0x00000000c9a00000|  0%| F|  |TAMS 0x00000000c9900000, 0x00000000c9900000| Untracked 
|  86|0x00000000c9a00000, 0x00000000c9a00000, 0x00000000c9b00000|  0%| F|  |TAMS 0x00000000c9a00000, 0x00000000c9a00000| Untracked 
|  87|0x00000000c9b00000, 0x00000000c9b00000, 0x00000000c9c00000|  0%| F|  |TAMS 0x00000000c9b00000, 0x00000000c9b00000| Untracked 
|  88|0x00000000c9c00000, 0x00000000c9c00000, 0x00000000c9d00000|  0%| F|  |TAMS 0x00000000c9c00000, 0x00000000c9c00000| Untracked 
|  89|0x00000000c9d00000, 0x00000000c9d00000, 0x00000000c9e00000|  0%| F|  |TAMS 0x00000000c9d00000, 0x00000000c9d00000| Untracked 
|  90|0x00000000c9e00000, 0x00000000c9e00000, 0x00000000c9f00000|  0%| F|  |TAMS 0x00000000c9e00000, 0x00000000c9e00000| Untracked 
|  91|0x00000000c9f00000, 0x00000000c9f00000, 0x00000000ca000000|  0%| F|  |TAMS 0x00000000c9f00000, 0x00000000c9f00000| Untracked 
|  92|0x00000000ca000000, 0x00000000ca000000, 0x00000000ca100000|  0%| F|  |TAMS 0x00000000ca000000, 0x00000000ca000000| Untracked 
|  93|0x00000000ca100000, 0x00000000ca100000, 0x00000000ca200000|  0%| F|  |TAMS 0x00000000ca100000, 0x00000000ca100000| Untracked 
|  94|0x00000000ca200000, 0x00000000ca200000, 0x00000000ca300000|  0%| F|  |TAMS 0x00000000ca200000, 0x00000000ca200000| Untracked 
|  95|0x00000000ca300000, 0x00000000ca300000, 0x00000000ca400000|  0%| F|  |TAMS 0x00000000ca300000, 0x00000000ca300000| Untracked 
|  96|0x00000000ca400000, 0x00000000ca400000, 0x00000000ca500000|  0%| F|  |TAMS 0x00000000ca400000, 0x00000000ca400000| Untracked 
|  97|0x00000000ca500000, 0x00000000ca500000, 0x00000000ca600000|  0%| F|  |TAMS 0x00000000ca500000, 0x00000000ca500000| Untracked 
|  98|0x00000000ca600000, 0x00000000ca600000, 0x00000000ca700000|  0%| F|  |TAMS 0x00000000ca600000, 0x00000000ca600000| Untracked 
|  99|0x00000000ca700000, 0x00000000ca700000, 0x00000000ca800000|  0%| F|  |TAMS 0x00000000ca700000, 0x00000000ca700000| Untracked 
| 100|0x00000000ca800000, 0x00000000ca800000, 0x00000000ca900000|  0%| F|  |TAMS 0x00000000ca800000, 0x00000000ca800000| Untracked 
| 101|0x00000000ca900000, 0x00000000ca900000, 0x00000000caa00000|  0%| F|  |TAMS 0x00000000ca900000, 0x00000000ca900000| Untracked 
| 102|0x00000000caa00000, 0x00000000caa00000, 0x00000000cab00000|  0%| F|  |TAMS 0x00000000caa00000, 0x00000000caa00000| Untracked 
| 103|0x00000000cab00000, 0x00000000cab00000, 0x00000000cac00000|  0%| F|  |TAMS 0x00000000cab00000, 0x00000000cab00000| Untracked 
| 104|0x00000000cac00000, 0x00000000cac00000, 0x00000000cad00000|  0%| F|  |TAMS 0x00000000cac00000, 0x00000000cac00000| Untracked 
| 105|0x00000000cad00000, 0x00000000cad00000, 0x00000000cae00000|  0%| F|  |TAMS 0x00000000cad00000, 0x00000000cad00000| Untracked 
| 106|0x00000000cae00000, 0x00000000cae00000, 0x00000000caf00000|  0%| F|  |TAMS 0x00000000cae00000, 0x00000000cae00000| Untracked 
| 107|0x00000000caf00000, 0x00000000caf00000, 0x00000000cb000000|  0%| F|  |TAMS 0x00000000caf00000, 0x00000000caf00000| Untracked 
| 108|0x00000000cb000000, 0x00000000cb000000, 0x00000000cb100000|  0%| F|  |TAMS 0x00000000cb000000, 0x00000000cb000000| Untracked 
| 109|0x00000000cb100000, 0x00000000cb100000, 0x00000000cb200000|  0%| F|  |TAMS 0x00000000cb100000, 0x00000000cb100000| Untracked 
| 110|0x00000000cb200000, 0x00000000cb200000, 0x00000000cb300000|  0%| F|  |TAMS 0x00000000cb200000, 0x00000000cb200000| Untracked 
| 111|0x00000000cb300000, 0x00000000cb300000, 0x00000000cb400000|  0%| F|  |TAMS 0x00000000cb300000, 0x00000000cb300000| Untracked 
| 112|0x00000000cb400000, 0x00000000cb400000, 0x00000000cb500000|  0%| F|  |TAMS 0x00000000cb400000, 0x00000000cb400000| Untracked 
| 113|0x00000000cb500000, 0x00000000cb500000, 0x00000000cb600000|  0%| F|  |TAMS 0x00000000cb500000, 0x00000000cb500000| Untracked 
| 114|0x00000000cb600000, 0x00000000cb600000, 0x00000000cb700000|  0%| F|  |TAMS 0x00000000cb600000, 0x00000000cb600000| Untracked 
| 115|0x00000000cb700000, 0x00000000cb700000, 0x00000000cb800000|  0%| F|  |TAMS 0x00000000cb700000, 0x00000000cb700000| Untracked 
| 116|0x00000000cb800000, 0x00000000cb800000, 0x00000000cb900000|  0%| F|  |TAMS 0x00000000cb800000, 0x00000000cb800000| Untracked 
| 117|0x00000000cb900000, 0x00000000cb9d9b60, 0x00000000cba00000| 85%| E|  |TAMS 0x00000000cb900000, 0x00000000cb900000| Complete 
| 118|0x00000000cba00000, 0x00000000cbb00000, 0x00000000cbb00000|100%| E|CS|TAMS 0x00000000cba00000, 0x00000000cba00000| Complete 
| 119|0x00000000cbb00000, 0x00000000cbc00000, 0x00000000cbc00000|100%| E|CS|TAMS 0x00000000cbb00000, 0x00000000cbb00000| Complete 
| 120|0x00000000cbc00000, 0x00000000cbd00000, 0x00000000cbd00000|100%| E|CS|TAMS 0x00000000cbc00000, 0x00000000cbc00000| Complete 
| 121|0x00000000cbd00000, 0x00000000cbe00000, 0x00000000cbe00000|100%| E|CS|TAMS 0x00000000cbd00000, 0x00000000cbd00000| Complete 
| 122|0x00000000cbe00000, 0x00000000cbf00000, 0x00000000cbf00000|100%| E|CS|TAMS 0x00000000cbe00000, 0x00000000cbe00000| Complete 
| 123|0x00000000cbf00000, 0x00000000cc000000, 0x00000000cc000000|100%| E|CS|TAMS 0x00000000cbf00000, 0x00000000cbf00000| Complete 
| 124|0x00000000cc000000, 0x00000000cc100000, 0x00000000cc100000|100%| E|CS|TAMS 0x00000000cc000000, 0x00000000cc000000| Complete 
| 125|0x00000000cc100000, 0x00000000cc200000, 0x00000000cc200000|100%| E|CS|TAMS 0x00000000cc100000, 0x00000000cc100000| Complete 
| 126|0x00000000cc200000, 0x00000000cc300000, 0x00000000cc300000|100%| E|CS|TAMS 0x00000000cc200000, 0x00000000cc200000| Complete 
| 127|0x00000000cc300000, 0x00000000cc400000, 0x00000000cc400000|100%| E|CS|TAMS 0x00000000cc300000, 0x00000000cc300000| Complete 
| 128|0x00000000cc400000, 0x00000000cc500000, 0x00000000cc500000|100%| E|  |TAMS 0x00000000cc400000, 0x00000000cc400000| Complete 
| 129|0x00000000cc500000, 0x00000000cc600000, 0x00000000cc600000|100%| E|CS|TAMS 0x00000000cc500000, 0x00000000cc500000| Complete 
| 130|0x00000000cc600000, 0x00000000cc700000, 0x00000000cc700000|100%| E|CS|TAMS 0x00000000cc600000, 0x00000000cc600000| Complete 
| 131|0x00000000cc700000, 0x00000000cc800000, 0x00000000cc800000|100%| E|CS|TAMS 0x00000000cc700000, 0x00000000cc700000| Complete 
| 132|0x00000000cc800000, 0x00000000cc900000, 0x00000000cc900000|100%| E|CS|TAMS 0x00000000cc800000, 0x00000000cc800000| Complete 
| 133|0x00000000cc900000, 0x00000000cca00000, 0x00000000cca00000|100%| E|CS|TAMS 0x00000000cc900000, 0x00000000cc900000| Complete 
| 134|0x00000000cca00000, 0x00000000ccb00000, 0x00000000ccb00000|100%| E|CS|TAMS 0x00000000cca00000, 0x00000000cca00000| Complete 
| 135|0x00000000ccb00000, 0x00000000ccc00000, 0x00000000ccc00000|100%| E|CS|TAMS 0x00000000ccb00000, 0x00000000ccb00000| Complete 
| 136|0x00000000ccc00000, 0x00000000ccd00000, 0x00000000ccd00000|100%| E|CS|TAMS 0x00000000ccc00000, 0x00000000ccc00000| Complete 

Card table byte_map: [0x00000232507a0000,0x0000023250980000] _byte_map_base: 0x000002325017e000

Marking Bits (Prev, Next): (CMBitMap*) 0x000002323988ec00, (CMBitMap*) 0x000002323988ebc0
 Prev Bits: [0x0000023251a50000, 0x0000023252940000)
 Next Bits: [0x0000023250b60000, 0x0000023251a50000)

Polling page: 0x0000023237ba0000

Metaspace:

Usage:
  Non-class:     48.25 MB used.
      Class:      6.82 MB used.
       Both:     55.07 MB used.

Virtual space:
  Non-class space:       64.00 MB reserved,      48.69 MB ( 76%) committed,  1 nodes.
      Class space:        1.00 GB reserved,       7.25 MB ( <1%) committed,  1 nodes.
             Both:        1.06 GB reserved,      55.94 MB (  5%) committed. 

Chunk freelists:
   Non-Class:  2.38 MB
       Class:  680.00 KB
        Both:  3.04 MB

MaxMetaspaceSize: unlimited
CompressedClassSpaceSize: 1.00 GB
Initial GC threshold: 21.00 MB
Current GC threshold: 90.94 MB
CDS: on
MetaspaceReclaimPolicy: balanced
 - commit_granule_bytes: 65536.
 - commit_granule_words: 8192.
 - virtual_space_node_default_size: 8388608.
 - enlarge_chunks_in_place: 1.
 - new_chunks_are_fully_committed: 0.
 - uncommit_free_chunks: 1.
 - use_allocation_guard: 0.


Internal statistics:

num_allocs_failed_limit: 6.
num_arena_births: 1280.
num_arena_deaths: 0.
num_vsnodes_births: 2.
num_vsnodes_deaths: 0.
num_space_committed: 895.
num_space_uncommitted: 0.
num_chunks_returned_to_freelist: 6.
num_chunks_taken_from_freelist: 3185.
num_chunk_merges: 6.
num_chunk_splits: 2165.
num_chunks_enlarged: 1612.
num_inconsistent_stats: 0.

CodeHeap 'non-profiled nmethods': size=120000Kb used=4913Kb max_used=4913Kb free=115086Kb
 bounds [0x0000023249270000, 0x0000023249740000, 0x00000232507a0000]
CodeHeap 'profiled nmethods': size=120000Kb used=17733Kb max_used=17733Kb free=102266Kb
 bounds [0x00000232417a0000, 0x0000023242900000, 0x0000023248cd0000]
CodeHeap 'non-nmethods': size=5760Kb used=1437Kb max_used=1483Kb free=4322Kb
 bounds [0x0000023248cd0000, 0x0000023248f40000, 0x0000023249270000]
 total_blobs=9334 nmethods=8667 adapters=577
 compilation: enabled
              stopped_count=0, restarted_count=0
 full_count=0

Compilation events (20 events):
Event: 1089.931 Thread 0x0000023254f7dd00 nmethod 9490 0x00000232428eb710 code [0x00000232428eb8e0, 0x00000232428eba28]
Event: 1094.138 Thread 0x0000023254f7dd00 9492       3       io.micrometer.core.instrument.Meter$Id::<init> (38 bytes)
Event: 1094.142 Thread 0x0000023254f46cb0 9493       4       java.lang.invoke.VarHandleReferences$FieldInstanceReadWrite::compareAndSet (48 bytes)
Event: 1094.153 Thread 0x0000023254f46cb0 nmethod 9493 0x000002324973a190 code [0x000002324973a320, 0x000002324973a698]
Event: 1094.155 Thread 0x0000023254f7dd00 nmethod 9492 0x00000232428ebb10 code [0x00000232428ebcc0, 0x00000232428ec058]
Event: 1094.303 Thread 0x0000023254f7dd00 9494       3       java.util.AbstractList$RandomAccessSpliterator::<init> (82 bytes)
Event: 1094.308 Thread 0x0000023254f7dd00 nmethod 9494 0x00000232428ec110 code [0x00000232428ec2e0, 0x00000232428ec7d8]
Event: 1094.308 Thread 0x0000023254f7dd00 9495       3       java.util.AbstractList$RandomAccessSpliterator::checkAbstractListModCount (21 bytes)
Event: 1094.309 Thread 0x0000023254f7dd00 nmethod 9495 0x00000232428ec910 code [0x00000232428ecac0, 0x00000232428ecd08]
Event: 1094.962 Thread 0x0000023254f46cb0 9496   !   4       java.io.BufferedOutputStream::flush (60 bytes)
Event: 1094.970 Thread 0x0000023254f46cb0 nmethod 9496 0x000002324973a890 code [0x000002324973aa60, 0x000002324973ae90]
Event: 1097.059 Thread 0x0000023254f7dd00 9497   !   3       java.net.URI$Parser::parseServer (338 bytes)
Event: 1097.067 Thread 0x0000023254f7dd00 nmethod 9497 0x00000232428ece10 code [0x00000232428ed3a0, 0x00000232428eff58]
Event: 1097.067 Thread 0x0000023254f7dd00 9498       3       com.rabbitmq.client.impl.ValueReader::readShort (8 bytes)
Event: 1097.082 Thread 0x0000023254f7dd00 nmethod 9498 0x00000232428f1190 code [0x00000232428f1340, 0x00000232428f1488]
Event: 1106.038 Thread 0x0000023254f46cb0 9499       4       sun.nio.ch.Util::getTemporaryDirectBuffer (55 bytes)
Event: 1106.183 Thread 0x0000023254f46cb0 nmethod 9499 0x000002324973b290 code [0x000002324973b4a0, 0x000002324973bc30]
Event: 1115.082 Thread 0x0000023254f46cb0 9500       4       jdk.internal.misc.VM::isBooted (13 bytes)
Event: 1115.088 Thread 0x0000023254f46cb0 nmethod 9500 0x000002324973c410 code [0x000002324973c5a0, 0x000002324973c618]
Event: 1115.429 Thread 0x0000023254f46cb0 9501   !   4       org.springframework.beans.factory.support.DefaultListableBeanFactory::doGetBeanNamesForType (527 bytes)

GC Heap History (20 events):
Event: 6.225 GC heap before
{Heap before GC invocations=11 (full 0):
 garbage-first heap   total 73728K, used 36644K [0x00000000c4400000, 0x0000000100000000)
  region size 1024K, 18 young (18432K), 5 survivors (5120K)
 Metaspace       used 35465K, committed 35968K, reserved 1114112K
  class space    used 4289K, committed 4544K, reserved 1048576K
}
Event: 6.232 GC heap after
{Heap after GC invocations=12 (full 0):
 garbage-first heap   total 73728K, used 27436K [0x00000000c4400000, 0x0000000100000000)
  region size 1024K, 3 young (3072K), 3 survivors (3072K)
 Metaspace       used 35465K, committed 35968K, reserved 1114112K
  class space    used 4289K, committed 4544K, reserved 1048576K
}
Event: 7.073 GC heap before
{Heap before GC invocations=13 (full 0):
 garbage-first heap   total 73728K, used 54060K [0x00000000c4400000, 0x0000000100000000)
  region size 1024K, 29 young (29696K), 3 survivors (3072K)
 Metaspace       used 40037K, committed 40576K, reserved 1114112K
  class space    used 5023K, committed 5248K, reserved 1048576K
}
Event: 7.079 GC heap after
{Heap after GC invocations=14 (full 0):
 garbage-first heap   total 73728K, used 30057K [0x00000000c4400000, 0x0000000100000000)
  region size 1024K, 4 young (4096K), 4 survivors (4096K)
 Metaspace       used 40037K, committed 40576K, reserved 1114112K
  class space    used 5023K, committed 5248K, reserved 1048576K
}
Event: 7.103 GC heap before
{Heap before GC invocations=14 (full 0):
 garbage-first heap   total 73728K, used 31081K [0x00000000c4400000, 0x0000000100000000)
  region size 1024K, 5 young (5120K), 4 survivors (4096K)
 Metaspace       used 40149K, committed 40768K, reserved 1114112K
  class space    used 5041K, committed 5312K, reserved 1048576K
}
Event: 7.108 GC heap after
{Heap after GC invocations=15 (full 0):
 garbage-first heap   total 73728K, used 30084K [0x00000000c4400000, 0x0000000100000000)
  region size 1024K, 1 young (1024K), 1 survivors (1024K)
 Metaspace       used 40149K, committed 40768K, reserved 1114112K
  class space    used 5041K, committed 5312K, reserved 1048576K
}
Event: 7.801 GC heap before
{Heap before GC invocations=15 (full 0):
 garbage-first heap   total 73728K, used 54660K [0x00000000c4400000, 0x0000000100000000)
  region size 1024K, 26 young (26624K), 1 survivors (1024K)
 Metaspace       used 44604K, committed 45312K, reserved 1114112K
  class space    used 5741K, committed 6080K, reserved 1048576K
}
Event: 7.807 GC heap after
{Heap after GC invocations=16 (full 0):
 garbage-first heap   total 73728K, used 32736K [0x00000000c4400000, 0x0000000100000000)
  region size 1024K, 4 young (4096K), 4 survivors (4096K)
 Metaspace       used 44604K, committed 45312K, reserved 1114112K
  class space    used 5741K, committed 6080K, reserved 1048576K
}
Event: 8.675 GC heap before
{Heap before GC invocations=16 (full 0):
 garbage-first heap   total 73728K, used 54240K [0x00000000c4400000, 0x0000000100000000)
  region size 1024K, 26 young (26624K), 4 survivors (4096K)
 Metaspace       used 50128K, committed 50944K, reserved 1114112K
  class space    used 6481K, committed 6848K, reserved 1048576K
}
Event: 8.683 GC heap after
{Heap after GC invocations=17 (full 0):
 garbage-first heap   total 73728K, used 34687K [0x00000000c4400000, 0x0000000100000000)
  region size 1024K, 2 young (2048K), 2 survivors (2048K)
 Metaspace       used 50128K, committed 50944K, reserved 1114112K
  class space    used 6481K, committed 6848K, reserved 1048576K
}
Event: 117.831 GC heap before
{Heap before GC invocations=17 (full 0):
 garbage-first heap   total 73728K, used 56191K [0x00000000c4400000, 0x0000000100000000)
  region size 1024K, 24 young (24576K), 2 survivors (2048K)
 Metaspace       used 54585K, committed 55424K, reserved 1114112K
  class space    used 6949K, committed 7360K, reserved 1048576K
}
Event: 117.963 GC heap after
{Heap after GC invocations=18 (full 0):
 garbage-first heap   total 73728K, used 36475K [0x00000000c4400000, 0x0000000100000000)
  region size 1024K, 2 young (2048K), 2 survivors (2048K)
 Metaspace       used 54585K, committed 55424K, reserved 1114112K
  class space    used 6949K, committed 7360K, reserved 1048576K
}
Event: 266.380 GC heap before
{Heap before GC invocations=18 (full 0):
 garbage-first heap   total 73728K, used 57979K [0x00000000c4400000, 0x0000000100000000)
  region size 1024K, 23 young (23552K), 2 survivors (2048K)
 Metaspace       used 55005K, committed 55872K, reserved 1114112K
  class space    used 6949K, committed 7360K, reserved 1048576K
}
Event: 266.522 GC heap after
{Heap after GC invocations=19 (full 0):
 garbage-first heap   total 73728K, used 37402K [0x00000000c4400000, 0x0000000100000000)
  region size 1024K, 2 young (2048K), 2 survivors (2048K)
 Metaspace       used 55005K, committed 55872K, reserved 1114112K
  class space    used 6949K, committed 7360K, reserved 1048576K
}
Event: 441.094 GC heap before
{Heap before GC invocations=20 (full 0):
 garbage-first heap   total 73728K, used 57882K [0x00000000c4400000, 0x0000000100000000)
  region size 1024K, 22 young (22528K), 2 survivors (2048K)
 Metaspace       used 55247K, committed 56064K, reserved 1114112K
  class space    used 6950K, committed 7360K, reserved 1048576K
}
Event: 441.308 GC heap after
{Heap after GC invocations=21 (full 0):
 garbage-first heap   total 140288K, used 37417K [0x00000000c4400000, 0x0000000100000000)
  region size 1024K, 2 young (2048K), 2 survivors (2048K)
 Metaspace       used 55247K, committed 56064K, reserved 1114112K
  class space    used 6950K, committed 7360K, reserved 1048576K
}
Event: 472.644 GC heap before
{Heap before GC invocations=21 (full 0):
 garbage-first heap   total 140288K, used 41513K [0x00000000c4400000, 0x0000000100000000)
  region size 1024K, 6 young (6144K), 2 survivors (2048K)
 Metaspace       used 55278K, committed 56064K, reserved 1114112K
  class space    used 6950K, committed 7360K, reserved 1048576K
}
Event: 472.822 GC heap after
{Heap after GC invocations=22 (full 0):
 garbage-first heap   total 140288K, used 35155K [0x00000000c4400000, 0x0000000100000000)
  region size 1024K, 1 young (1024K), 1 survivors (1024K)
 Metaspace       used 55278K, committed 56064K, reserved 1114112K
  class space    used 6950K, committed 7360K, reserved 1048576K
}
Event: 961.267 GC heap before
{Heap before GC invocations=22 (full 0):
 garbage-first heap   total 140288K, used 102739K [0x00000000c4400000, 0x0000000100000000)
  region size 1024K, 68 young (69632K), 1 survivors (1024K)
 Metaspace       used 56103K, committed 56960K, reserved 1114112K
  class space    used 6987K, committed 7424K, reserved 1048576K
}
Event: 961.434 GC heap after
{Heap after GC invocations=23 (full 0):
 garbage-first heap   total 140288K, used 38433K [0x00000000c4400000, 0x0000000100000000)
  region size 1024K, 4 young (4096K), 4 survivors (4096K)
 Metaspace       used 56103K, committed 56960K, reserved 1114112K
  class space    used 6987K, committed 7424K, reserved 1048576K
}

Dll operation events (13 events):
Event: 0.016 Loaded shared library C:\Program Files\Java\jdk-19\bin\java.dll
Event: 0.025 Loaded shared library C:\Program Files\Java\jdk-19\bin\jsvml.dll
Event: 0.143 Loaded shared library C:\Program Files\Java\jdk-19\bin\zip.dll
Event: 0.147 Loaded shared library C:\Program Files\Java\jdk-19\bin\instrument.dll
Event: 0.153 Loaded shared library C:\Program Files\Java\jdk-19\bin\net.dll
Event: 0.155 Loaded shared library C:\Program Files\Java\jdk-19\bin\nio.dll
Event: 0.157 Loaded shared library C:\Program Files\Java\jdk-19\bin\zip.dll
Event: 0.356 Loaded shared library C:\Program Files\Java\jdk-19\bin\extnet.dll
Event: 0.396 Loaded shared library C:\Program Files\Java\jdk-19\bin\jimage.dll
Event: 2.853 Loaded shared library C:\Program Files\Java\jdk-19\bin\sunmscapi.dll
Event: 5.306 Loaded shared library C:\Program Files\Java\jdk-19\bin\management.dll
Event: 5.311 Loaded shared library C:\Program Files\Java\jdk-19\bin\management_ext.dll
Event: 7.880 Loaded shared library C:\Program Files\Java\jdk-19\bin\verify.dll

Deoptimization events (20 events):
Event: 961.197 Thread 0x000002325a80e5e0 DEOPT PACKING pc=0x00000232496d7fa4 sp=0x000000ec4ecfe270
Event: 961.197 Thread 0x000002325a80e5e0 DEOPT UNPACKING pc=0x0000023248d3a5a3 sp=0x000000ec4ecfe238 mode 2
Event: 961.197 Thread 0x000002325a80e5e0 Uncommon trap: trap_request=0xffffffde fr.pc=0x00000232496d7fa4 relative=0x0000000000000424
Event: 961.197 Thread 0x000002325a80e5e0 Uncommon trap: reason=class_check action=maybe_recompile pc=0x00000232496d7fa4 method=java.io.FilterOutputStream.write([B)V @ 5 c2
Event: 961.197 Thread 0x000002325a80e5e0 DEOPT PACKING pc=0x00000232496d7fa4 sp=0x000000ec4ecfe200
Event: 961.198 Thread 0x000002325a80e5e0 DEOPT UNPACKING pc=0x0000023248d3a5a3 sp=0x000000ec4ecfe1c8 mode 2
Event: 961.198 Thread 0x000002325a80e5e0 Uncommon trap: trap_request=0xffffffde fr.pc=0x00000232496d7fa4 relative=0x0000000000000424
Event: 961.198 Thread 0x000002325a80e5e0 Uncommon trap: reason=class_check action=maybe_recompile pc=0x00000232496d7fa4 method=java.io.FilterOutputStream.write([B)V @ 5 c2
Event: 961.198 Thread 0x000002325a80e5e0 DEOPT PACKING pc=0x00000232496d7fa4 sp=0x000000ec4ecfe270
Event: 961.198 Thread 0x000002325a80e5e0 DEOPT UNPACKING pc=0x0000023248d3a5a3 sp=0x000000ec4ecfe238 mode 2
Event: 961.198 Thread 0x000002325a80e5e0 Uncommon trap: trap_request=0xffffff45 fr.pc=0x00000232495e638c relative=0x000000000000028c
Event: 961.198 Thread 0x000002325a80e5e0 Uncommon trap: reason=unstable_if action=reinterpret pc=0x00000232495e638c method=sun.nio.ch.Util$BufferCache.get(I)Ljava/nio/ByteBuffer; @ 47 c2
Event: 961.198 Thread 0x000002325a80e5e0 DEOPT PACKING pc=0x00000232495e638c sp=0x000000ec4ecfe040
Event: 961.198 Thread 0x000002325a80e5e0 DEOPT UNPACKING pc=0x0000023248d3a5a3 sp=0x000000ec4ecfdf88 mode 2
Event: 961.508 Thread 0x000002325a80e5e0 Uncommon trap: trap_request=0xffffff45 fr.pc=0x00000232495fa7c4 relative=0x00000000000009c4
Event: 961.508 Thread 0x000002325a80e5e0 Uncommon trap: reason=unstable_if action=reinterpret pc=0x00000232495fa7c4 method=sun.nio.ch.Util$BufferCache.get(I)Ljava/nio/ByteBuffer; @ 47 c2
Event: 961.508 Thread 0x000002325a80e5e0 DEOPT PACKING pc=0x00000232495fa7c4 sp=0x000000ec4ecfd800
Event: 961.512 Thread 0x000002325a80e5e0 DEOPT UNPACKING pc=0x0000023248d3a5a3 sp=0x000000ec4ecfd6c8 mode 2
Event: 1115.434 Thread 0x000002325a80eb30 DEOPT PACKING pc=0x000002324200d0e3 sp=0x000000ec4d0fefb0
Event: 1115.442 Thread 0x000002325a80eb30 DEOPT UNPACKING pc=0x0000023248d3b0e3 sp=0x000000ec4d0fe550 mode 0

Classes loaded (20 events):
Event: 13.729 Loading class sun/security/ssl/PreSharedKeyExtension$PartialClientHelloMessage
Event: 13.729 Loading class sun/security/ssl/PreSharedKeyExtension$PartialClientHelloMessage done
Event: 13.729 Loading class sun/security/ssl/SSLEngineOutputRecord
Event: 13.730 Loading class sun/security/ssl/SSLEngineOutputRecord done
Event: 13.730 Loading class sun/security/ssl/SSLEngineOutputRecord$HandshakeFragment
Event: 13.731 Loading class sun/security/ssl/SSLEngineOutputRecord$HandshakeFragment done
Event: 13.731 Loading class sun/security/ssl/SSLEngineOutputRecord$HandshakeMemo
Event: 13.731 Loading class sun/security/ssl/SSLEngineOutputRecord$RecordMemo
Event: 13.731 Loading class sun/security/ssl/SSLEngineOutputRecord$RecordMemo done
Event: 13.731 Loading class sun/security/ssl/SSLEngineOutputRecord$HandshakeMemo done
Event: 13.760 Loading class sun/security/ssl/PreSharedKeyExtension$SHPreSharedKeySpec
Event: 13.760 Loading class sun/security/ssl/PreSharedKeyExtension$SHPreSharedKeySpec done
Event: 17.638 Loading class java/util/concurrent/ConcurrentLinkedQueue$Itr
Event: 17.639 Loading class java/util/concurrent/ConcurrentLinkedQueue$Itr done
Event: 922.325 Loading class sun/net/ConnectionResetException
Event: 922.360 Loading class sun/net/ConnectionResetException done
Event: 924.173 Loading class java/util/concurrent/ConcurrentHashMap$ValueSpliterator
Event: 924.211 Loading class java/util/concurrent/ConcurrentHashMap$ValueSpliterator done
Event: 924.767 Loading class sun/net/util/SocketExceptions
Event: 924.843 Loading class sun/net/util/SocketExceptions done

Classes unloaded (0 events):
No events

Classes redefined (0 events):
No events

Internal exceptions (20 events):
Event: 956.038 Thread 0x000002325a80d5f0 Exception <a 'java/net/ConnectException'{0x00000000c8935e60}: Connection refused: no further information> (0x00000000c8935e60) 
thrown [s\open\src\hotspot\share\prims\jni.cpp, line 536]
Event: 956.039 Thread 0x000002325a80d5f0 Exception <a 'java/net/ConnectException'{0x00000000c8938f00}: Connection refused: no further information> (0x00000000c8938f00) 
thrown [s\open\src\hotspot\share\prims\jni.cpp, line 536]
Event: 956.039 Thread 0x000002325a80d5f0 Exception <a 'java/net/ConnectException'{0x00000000c8939748}: Connection refused: no further information> (0x00000000c8939748) 
thrown [s\open\src\hotspot\share\prims\jni.cpp, line 536]
Event: 961.856 Thread 0x000002325a80e5e0 Exception <a 'java/net/UnknownHostException'{0x00000000ccc2a680}> (0x00000000ccc2a680) 
thrown [s\open\src\hotspot\share\prims\jni.cpp, line 517]
Event: 973.472 Thread 0x000002325a80e5e0 Exception <a 'java/net/UnknownHostException'{0x00000000cca189b8}> (0x00000000cca189b8) 
thrown [s\open\src\hotspot\share\prims\jni.cpp, line 517]
Event: 986.519 Thread 0x000002325a80e5e0 Exception <a 'java/net/UnknownHostException'{0x00000000cc9e7068}> (0x00000000cc9e7068) 
thrown [s\open\src\hotspot\share\prims\jni.cpp, line 517]
Event: 998.987 Thread 0x000002325a80e5e0 Exception <a 'java/net/UnknownHostException'{0x00000000cc7b6010}> (0x00000000cc7b6010) 
thrown [s\open\src\hotspot\share\prims\jni.cpp, line 517]
Event: 1011.442 Thread 0x000002325a80e5e0 Exception <a 'java/net/UnknownHostException'{0x00000000cc59cb10}> (0x00000000cc59cb10) 
thrown [s\open\src\hotspot\share\prims\jni.cpp, line 517]
Event: 1024.013 Thread 0x000002325a80e5e0 Exception <a 'java/net/UnknownHostException'{0x00000000cc362f38}> (0x00000000cc362f38) 
thrown [s\open\src\hotspot\share\prims\jni.cpp, line 517]
Event: 1036.164 Thread 0x000002325a80e5e0 Exception <a 'java/net/UnknownHostException'{0x00000000cc13a068}> (0x00000000cc13a068) 
thrown [s\open\src\hotspot\share\prims\jni.cpp, line 517]
Event: 1048.704 Thread 0x000002325a80e5e0 Exception <a 'java/net/UnknownHostException'{0x00000000cbf09f68}> (0x00000000cbf09f68) 
thrown [s\open\src\hotspot\share\prims\jni.cpp, line 517]
Event: 1069.565 Thread 0x000002325a80e5e0 Exception <a 'java/net/UnknownHostException'{0x00000000cbf52110}> (0x00000000cbf52110) 
thrown [s\open\src\hotspot\share\prims\jni.cpp, line 517]
Event: 1080.767 Thread 0x000002325a80e5e0 Exception <a 'java/net/UnknownHostException'{0x00000000cbeedbb0}> (0x00000000cbeedbb0) 
thrown [s\open\src\hotspot\share\prims\jni.cpp, line 517]
Event: 1093.123 Thread 0x000002325a80e5e0 Exception <a 'java/net/UnknownHostException'{0x00000000cbcb3820}> (0x00000000cbcb3820) 
thrown [s\open\src\hotspot\share\prims\jni.cpp, line 517]
Event: 1106.238 Thread 0x000002325a80e5e0 Exception <a 'java/net/UnknownHostException'{0x00000000cba8b058}> (0x00000000cba8b058) 
thrown [s\open\src\hotspot\share\prims\jni.cpp, line 517]
Event: 1114.426 Thread 0x000002325a80d0a0 Exception <a 'sun/net/ConnectionResetException'{0x00000000cc0c9498}: Connection reset> (0x00000000cc0c9498) 
thrown [s\open\src\hotspot\share\prims\jni.cpp, line 536]
Event: 1115.582 Thread 0x000002325a80eb30 Exception <a 'java/net/ConnectException'{0x00000000cb9c2e20}: Connection refused: no further information> (0x00000000cb9c2e20) 
thrown [s\open\src\hotspot\share\prims\jni.cpp, line 536]
Event: 1115.585 Thread 0x000002325a80eb30 Exception <a 'java/net/ConnectException'{0x00000000cb9c3668}: Connection refused: no further information> (0x00000000cb9c3668) 
thrown [s\open\src\hotspot\share\prims\jni.cpp, line 536]
Event: 1115.780 Thread 0x000002325a80eb30 Exception <a 'java/net/ConnectException'{0x00000000cb9d8880}: Connection refused: no further information> (0x00000000cb9d8880) 
thrown [s\open\src\hotspot\share\prims\jni.cpp, line 536]
Event: 1115.781 Thread 0x000002325a80eb30 Exception <a 'java/net/ConnectException'{0x00000000cb9d90c8}: Connection refused: no further information> (0x00000000cb9d90c8) 
thrown [s\open\src\hotspot\share\prims\jni.cpp, line 536]

VM Operations (20 events):
Event: 1026.017 Executing VM operation: Cleanup
Event: 1026.017 Executing VM operation: Cleanup done
Event: 1033.067 Executing VM operation: Cleanup
Event: 1033.068 Executing VM operation: Cleanup done
Event: 1034.075 Executing VM operation: Cleanup
Event: 1034.075 Executing VM operation: Cleanup done
Event: 1049.171 Executing VM operation: Cleanup
Event: 1049.171 Executing VM operation: Cleanup done
Event: 1064.257 Executing VM operation: Cleanup
Event: 1064.273 Executing VM operation: Cleanup done
Event: 1094.484 Executing VM operation: Cleanup
Event: 1094.485 Executing VM operation: Cleanup done
Event: 1095.496 Executing VM operation: Cleanup
Event: 1095.496 Executing VM operation: Cleanup done
Event: 1097.523 Executing VM operation: Cleanup
Event: 1097.524 Executing VM operation: Cleanup done
Event: 1114.653 Executing VM operation: Cleanup
Event: 1114.654 Executing VM operation: Cleanup done
Event: 1115.661 Executing VM operation: Cleanup
Event: 1115.680 Executing VM operation: Cleanup done

Events (20 events):
Event: 956.034 Thread 0x000002325a80d5f0 Thread added: 0x000002325a80d5f0
Event: 956.034 Thread 0x000002325a80d0a0 Thread exited: 0x000002325a80d0a0
Event: 961.152 Thread 0x000002325a80e5e0 Thread added: 0x000002325a80e5e0
Event: 961.153 Thread 0x000002325a80d5f0 Thread exited: 0x000002325a80d5f0
Event: 961.182 Thread 0x000002325a80d0a0 Thread added: 0x000002325a80d0a0
Event: 961.201 Thread 0x000002325a80d5f0 Thread added: 0x000002325a80d5f0
Event: 961.239 Thread 0x000002325a80c600 Thread added: 0x000002325a80c600
Event: 961.243 Thread 0x000002325a80eb30 Thread added: 0x000002325a80eb30
Event: 961.246 Thread 0x000002325a80f080 Thread added: 0x000002325a80f080
Event: 961.247 Thread 0x000002325a80f5d0 Thread added: 0x000002325a80f5d0
Event: 1114.502 Thread 0x000002325a80d5f0 Thread exited: 0x000002325a80d5f0
Event: 1114.526 Thread 0x000002325a80cb50 Thread added: 0x000002325a80cb50
Event: 1114.556 Thread 0x000002325a80d0a0 Thread exited: 0x000002325a80d0a0
Event: 1114.562 Thread 0x000002325a80cb50 Thread exited: 0x000002325a80cb50
Event: 1114.564 Thread 0x000002325a80c600 Thread exited: 0x000002325a80c600
Event: 1114.568 Thread 0x000002325a80f080 Thread exited: 0x000002325a80f080
Event: 1114.569 Thread 0x000002325a80f5d0 Thread exited: 0x000002325a80f5d0
Event: 1114.569 Thread 0x000002325a80eb30 Thread exited: 0x000002325a80eb30
Event: 1115.082 Thread 0x000002325a80eb30 Thread added: 0x000002325a80eb30
Event: 1115.086 Thread 0x000002325a80e5e0 Thread exited: 0x000002325a80e5e0


Dynamic libraries:
0x00007ff661a90000 - 0x00007ff661aa0000 	C:\Program Files\Java\jdk-19\bin\java.exe
0x00007fff2e6e0000 - 0x00007fff2e946000 	C:\WINDOWS\SYSTEM32\ntdll.dll
0x00007fff2ce80000 - 0x00007fff2cf49000 	C:\WINDOWS\System32\KERNEL32.DLL
0x00007fff2bc50000 - 0x00007fff2c04f000 	C:\WINDOWS\System32\KERNELBASE.dll
0x00007fff2b980000 - 0x00007fff2bacc000 	C:\WINDOWS\System32\ucrtbase.dll
0x00007fff0ee50000 - 0x00007fff0ee6b000 	C:\Program Files\Java\jdk-19\bin\VCRUNTIME140.dll
0x00007fff0d170000 - 0x00007fff0d188000 	C:\Program Files\Java\jdk-19\bin\jli.dll
0x00007fff2cc90000 - 0x00007fff2cd4c000 	C:\WINDOWS\System32\ADVAPI32.dll
0x00007fff2e2d0000 - 0x00007fff2e379000 	C:\WINDOWS\System32\msvcrt.dll
0x00007fff2cdc0000 - 0x00007fff2ce6a000 	C:\WINDOWS\System32\sechost.dll
0x00007fff2c4d0000 - 0x00007fff2c5e8000 	C:\WINDOWS\System32\RPCRT4.dll
0x00007fff2cf50000 - 0x00007fff2d116000 	C:\WINDOWS\System32\USER32.dll
0x00007fff2c3e0000 - 0x00007fff2c407000 	C:\WINDOWS\System32\win32u.dll
0x00007fff09210000 - 0x00007fff094a1000 	C:\WINDOWS\WinSxS\amd64_microsoft.windows.common-controls_6595b64144ccf1df_6.0.26100.8972_none_3e0da176e32f9d4b\COMCTL32.dll
0x00007fff2c760000 - 0x00007fff2c78b000 	C:\WINDOWS\System32\GDI32.dll
0x00007fff2c1f0000 - 0x00007fff2c319000 	C:\WINDOWS\System32\gdi32full.dll
0x00007fff2bae0000 - 0x00007fff2bb83000 	C:\WINDOWS\System32\msvcp_win.dll
0x00007fff1d040000 - 0x00007fff1d04b000 	C:\WINDOWS\SYSTEM32\VERSION.dll
0x00007fff2c600000 - 0x00007fff2c632000 	C:\WINDOWS\System32\IMM32.DLL
0x00007fff1d980000 - 0x00007fff1d98c000 	C:\Program Files\Java\jdk-19\bin\vcruntime140_1.dll
0x00007ffef97d0000 - 0x00007ffef985e000 	C:\Program Files\Java\jdk-19\bin\msvcp140.dll
0x00007ffeb8e70000 - 0x00007ffeb9b30000 	C:\Program Files\Java\jdk-19\bin\server\jvm.dll
0x00007fff1a540000 - 0x00007fff1a54a000 	C:\WINDOWS\SYSTEM32\WSOCK32.dll
0x00007fff23bb0000 - 0x00007fff23be6000 	C:\WINDOWS\SYSTEM32\WINMM.dll
0x00007fff2c6d0000 - 0x00007fff2c752000 	C:\WINDOWS\System32\WS2_32.dll
0x00007fff2a5b0000 - 0x00007fff2a5cb000 	C:\WINDOWS\SYSTEM32\kernel.appcore.dll
0x00007fff10540000 - 0x00007fff1054a000 	C:\Program Files\Java\jdk-19\bin\jimage.dll
0x00007fff28dd0000 - 0x00007fff29012000 	C:\WINDOWS\SYSTEM32\DBGHELP.DLL
0x00007fff2dd70000 - 0x00007fff2e0f5000 	C:\WINDOWS\System32\combase.dll
0x00007fff2d300000 - 0x00007fff2d3d9000 	C:\WINDOWS\System32\OLEAUT32.dll
0x00007fff0b3b0000 - 0x00007fff0b3eb000 	C:\WINDOWS\SYSTEM32\dbgcore.DLL
0x00007fff2bb90000 - 0x00007fff2bc3c000 	C:\WINDOWS\System32\bcryptPrimitives.dll
0x00007fff0d430000 - 0x00007fff0d43e000 	C:\Program Files\Java\jdk-19\bin\instrument.dll
0x00007fff0d140000 - 0x00007fff0d166000 	C:\Program Files\Java\jdk-19\bin\java.dll
0x00007ffef57e0000 - 0x00007ffef58b7000 	C:\Program Files\Java\jdk-19\bin\jsvml.dll
0x00007fff2d550000 - 0x00007fff2dcd8000 	C:\WINDOWS\System32\SHELL32.dll
0x00007fff29360000 - 0x00007fff29bfb000 	C:\WINDOWS\SYSTEM32\windows.storage.dll
0x00007fff2e5a0000 - 0x00007fff2e699000 	C:\WINDOWS\System32\SHCORE.dll
0x00007fff2e520000 - 0x00007fff2e586000 	C:\WINDOWS\System32\shlwapi.dll
0x00007fff2b810000 - 0x00007fff2b839000 	C:\WINDOWS\SYSTEM32\profapi.dll
0x00007fff0cd80000 - 0x00007fff0cd98000 	C:\Program Files\Java\jdk-19\bin\zip.dll
0x00007fff0d120000 - 0x00007fff0d133000 	C:\Program Files\Java\jdk-19\bin\net.dll
0x00007fff230e0000 - 0x00007fff23208000 	C:\WINDOWS\SYSTEM32\WINHTTP.dll
0x00007fff2ab70000 - 0x00007fff2abdc000 	C:\WINDOWS\system32\mswsock.dll
0x00007fff0d100000 - 0x00007fff0d116000 	C:\Program Files\Java\jdk-19\bin\nio.dll
0x00007fff0ee40000 - 0x00007fff0ee48000 	C:\Program Files\Java\jdk-19\bin\extnet.dll
0x00007fff29f50000 - 0x00007fff29f83000 	C:\WINDOWS\SYSTEM32\IPHLPAPI.DLL
0x00007fff2ce70000 - 0x00007fff2ce7a000 	C:\WINDOWS\System32\NSI.dll
0x00007fff25560000 - 0x00007fff2557d000 	C:\WINDOWS\SYSTEM32\dhcpcsvc6.DLL
0x00007fff25510000 - 0x00007fff25535000 	C:\WINDOWS\SYSTEM32\dhcpcsvc.DLL
0x00007fff29fe0000 - 0x00007fff2a138000 	C:\WINDOWS\SYSTEM32\DNSAPI.dll
0x00007fff2a950000 - 0x00007fff2a95d000 	C:\WINDOWS\SYSTEM32\DSPARSE.dll
0x00007fff23890000 - 0x00007fff2389b000 	C:\Windows\System32\rasadhlp.dll
0x00007fff102f0000 - 0x00007fff102fe000 	C:\Program Files\Java\jdk-19\bin\sunmscapi.dll
0x00007fff2c060000 - 0x00007fff2c1de000 	C:\WINDOWS\System32\CRYPT32.dll
0x00007fff2b0c0000 - 0x00007fff2b0f0000 	C:\WINDOWS\SYSTEM32\ncrypt.dll
0x00007fff2b070000 - 0x00007fff2b0af000 	C:\WINDOWS\SYSTEM32\NTASN1.dll
0x00007fff2ae80000 - 0x00007fff2ae9b000 	C:\WINDOWS\SYSTEM32\CRYPTSP.dll
0x00007fff2a510000 - 0x00007fff2a549000 	C:\WINDOWS\system32\rsaenh.dll
0x00007fff2ac40000 - 0x00007fff2ac72000 	C:\WINDOWS\SYSTEM32\USERENV.dll
0x00007fff2b7e0000 - 0x00007fff2b80a000 	C:\WINDOWS\SYSTEM32\bcrypt.dll
0x00007fff2aea0000 - 0x00007fff2aeac000 	C:\WINDOWS\SYSTEM32\CRYPTBASE.dll
0x00007fff0d630000 - 0x00007fff0d63a000 	C:\Program Files\Java\jdk-19\bin\management.dll
0x00007fff0d4c0000 - 0x00007fff0d4cb000 	C:\Program Files\Java\jdk-19\bin\management_ext.dll
0x00007fff2c5f0000 - 0x00007fff2c5f8000 	C:\WINDOWS\System32\PSAPI.DLL
0x00007fff0cd70000 - 0x00007fff0cd80000 	C:\Program Files\Java\jdk-19\bin\verify.dll
0x00007fff257f0000 - 0x00007fff25876000 	C:\WINDOWS\System32\fwpuclnt.dll
0x00007ffef27f0000 - 0x00007ffef27f8000 	C:\WINDOWS\system32\wshunix.dll
0x00007fff04c90000 - 0x00007fff04ca8000 	C:\WINDOWS\system32\napinsp.dll
0x00007fff04bc0000 - 0x00007fff04bd3000 	C:\WINDOWS\System32\winrnr.dll
0x00007fff04be0000 - 0x00007fff04c02000 	C:\WINDOWS\system32\nlansp_c.dll
0x00007fff04ba0000 - 0x00007fff04bb6000 	C:\WINDOWS\system32\wshbth.dll

dbghelp: loaded successfully - version: 4.0.5 - missing functions: none
symbol engine: initialized successfully - sym options: 0x614 - pdb path: .;C:\Program Files\Java\jdk-19\bin;C:\WINDOWS\SYSTEM32;C:\WINDOWS\WinSxS\amd64_microsoft.windows.common-controls_6595b64144ccf1df_6.0.26100.8972_none_3e0da176e32f9d4b;C:\Program Files\Java\jdk-19\bin\server

VM Arguments:
jvm_args: -javaagent:C:\Program Files\JetBrains\IntelliJ IDEA 2025.2.5\lib\idea_rt.jar=28919 -Dfile.encoding=UTF-8 -Dsun.stdout.encoding=UTF-8 -Dsun.stderr.encoding=UTF-8 
java_command: com.fundoo.notificationservice.NotificationServiceApplication
java_class_path (initial): D:\Bridgelabz Java\Backend Development\Microservices\FundooApp\notification-service\target\classes;C:\Users\user\.m2\repository\org\springframework\boot\spring-boot-starter-web\3.5.3\spring-boot-starter-web-3.5.3.jar;C:\Users\user\.m2\repository\org\springframework\boot\spring-boot-starter\3.5.3\spring-boot-starter-3.5.3.jar;C:\Users\user\.m2\repository\org\springframework\boot\spring-boot\3.5.3\spring-boot-3.5.3.jar;C:\Users\user\.m2\repository\org\springframework\boot\spring-boot-autoconfigure\3.5.3\spring-boot-autoconfigure-3.5.3.jar;C:\Users\user\.m2\repository\org\springframework\boot\spring-boot-starter-logging\3.5.3\spring-boot-starter-logging-3.5.3.jar;C:\Users\user\.m2\repository\ch\qos\logback\logback-classic\1.5.18\logback-classic-1.5.18.jar;C:\Users\user\.m2\repository\ch\qos\logback\logback-core\1.5.18\logback-core-1.5.18.jar;C:\Users\user\.m2\repository\org\apache\logging\log4j\log4j-to-slf4j\2.24.3\log4j-to-slf4j-2.24.3.jar;C:\Users\user\.m2\repository\org\apache\logging\log4j\log4j-api\2.24.3\log4j-api-2.24.3.jar;C:\Users\user\.m2\repository\org\slf4j\jul-to-slf4j\2.0.17\jul-to-slf4j-2.0.17.jar;C:\Users\user\.m2\repository\jakarta\annotation\jakarta.annotation-api\2.1.1\jakarta.annotation-api-2.1.1.jar;C:\Users\user\.m2\repository\org\yaml\snakeyaml\2.4\snakeyaml-2.4.jar;C:\Users\user\.m2\repository\org\springframework\boot\spring-boot-starter-json\3.5.3\spring-boot-starter-json-3.5.3.jar;C:\Users\user\.m2\repository\com\fasterxml\jackson\core\jackson-databind\2.19.1\jackson-databind-2.19.1.jar;C:\Users\user\.m2\repository\com\fasterxml\jackson\datatype\jackson-datatype-jdk8\2.19.1\jackson-datatype-jdk8-2.19.1.jar;C:\Users\user\.m2\repository\com\fasterxml\jackson\datatype\jackson-datatype-jsr310\2.19.1\jackson-datatype-jsr310-2.19.1.jar;C:\Users\user\.m2\repository\com\fasterxml\jackson\module\jackson-module-parameter-names\2.19.1\jackson-module-parameter-names-2.19.1.jar;C:\Users\user\.m2\repository\org\springframework\boot\spring-boot-starter-tomcat\3.5.3\spring-boot-starter-tomcat-3.5.3.jar;C:\Users\user\.m2\repository\org\apache\tomcat\embed\tomcat-embed-core\10.1.42\tomcat-embed-core-10.1.42.jar;C:\Users\user\.m2\repository\org\apache\tomcat\embed\tomcat-embed-el\10.1.42\tomcat-embed-el-10.1.42.jar;C:\Users\user\.m2\repository\org\apache\tomcat\embed\tomcat-embed-websocket\10.1.42\tomcat-embed-websocket-10.1.42.jar;C:\Users\user\.m2\repository\org\springframework\spring-web\6.2.8\spring-web-6.2.8.jar;C:\Users\user\.m2\repository\org\springframework\spring-beans\6.2.8\spring-beans-6.2.8.jar;C:\Users\user\.m2\repository\org\springframework\spring-webmvc\6.2.8\spring-webmvc-6.2.8.jar;C:\Users\user\.m2\repository\org\springframework\spring-aop\6.2.8\spring-aop-6.2.8.jar;C:\Users\user\.m2\repository\org\springframework\spring-context\6.2.8\spring-context-6.2.8.jar;C:\Users\user\.m2\repository\org\springframework\spring-expression\6.2.8\spring-expression-6.2.8.jar;C:\Users\user\.m2\repository\org\springframework\cloud\spring-cloud-starter-netflix-eureka-client\4.3.0\spring-cloud-starter-netflix-eureka-client-4.3.0.jar;C:\Users\user\.m2\repository\org\springframework\cloud\spring-cloud-starter\4.3.0\spring-cloud-starter-4.3.0.jar;C:\Users\user\.m2\repository\org\springframework\cloud\spring-cloud-context\4.3.0\spring-cloud-context-4.3.0.jar;C:\Users\user\.m2\repository\org\springframework\security\spring-security-crypto\6.5.1\spring-security-crypto-6.5.1.jar;C:\Users\user\.m2\repository\org\springframework\cloud\spring-cloud-commons\4.3.0\spring-cloud-commons-4.3.0.jar;C:\Users\user\.m2\repository\org\bouncycastle\bcprov-jdk18on\1.80\bcprov-jdk18on-1.80.jar;C:\Users\user\.m2\repository\org\springframework\cloud\spring-cloud-netflix-eureka-client\4.3.0\spring-cloud-netflix-eureka-client-4.3.0.jar;C:\Users\user\.m2\repository\org\apache\httpcomponents\client5\httpclient5\5.5\httpclient5-5.5.jar;C:\Users\user\.m2\repository\org\apache\httpcomponents\core5\httpcore5\5.3.4\httpcore5-5.3.4.jar;C:\Users\user\.m2\repository\org\apache\httpcomponents\core5\httpcore5-h2\5.3.4\httpcore5-h2-5.3.4.jar;C:\Users\user\.m2\repository\com\netflix\eureka\eureka-client\2.0.4\eureka-client-2.0.4.jar;C:\Users\user\.m2\repository\com\thoughtworks\xstream\xstream\1.4.20\xstream-1.4.20.jar;C:\Users\user\.m2\repository\io\github\x-stream\mxparser\1.2.2\mxparser-1.2.2.jar;C:\Users\user\.m2\repository\xmlpull\xmlpull\1.1.3.1\xmlpull-1.1.3.1.jar;C:\Users\user\.m2\repository\jakarta\ws\rs\jakarta.ws.rs-api\3.1.0\jakarta.ws.rs-api-3.1.0.jar;C:\Users\user\.m2\repository\jakarta\inject\jakarta.inject-api\2.0.1\jakarta.inject-api-2.0.1.jar;C:\Users\user\.m2\repository\com\netflix\spectator\spectator-api\1.7.3\spectator-api-1.7.3.jar;C:\Users\user\.m2\repository\org\slf4j\slf4j-api\2.0.17\slf4j-api-2.0.17.jar;C:\Users\user\.m2\repository\org\apache\httpcomponents\httpclient\4.5.3\httpclient-4.5.3.jar;C:\Users\user\.m2\repository\org\apache\httpcomponents\httpcore\4.4.16\httpcore-4.4.16.jar;C:\Users\user\.m2\repository\commons-codec\commons-codec\1.18.0\commons-codec-1.18.0.jar;C:\Users\user\.m2\repository\commons-configuration\commons-configuration\1.10\commons-configuration-1.10.jar;C:\Users\user\.m2\repository\commons-lang\commons-lang\2.6\commons-lang-2.6.jar;C:\Users\user\.m2\repository\com\fasterxml\jackson\core\jackson-annotations\2.19.1\jackson-annotations-2.19.1.jar;C:\Users\user\.m2\repository\com\fasterxml\jackson\core\jackson-core\2.19.1\jackson-core-2.19.1.jar;C:\Users\user\.m2\repository\com\netflix\netflix-commons\netflix-eventbus\0.3.0\netflix-eventbus-0.3.0.jar;C:\Users\user\.m2\repository\com\netflix\netflix-commons\netflix-infix\0.3.0\netflix-infix-0.3.0.jar;C:\Users\user\.m2\repository\commons-jxpath\commons-jxpath\1.3\commons-jxpath-1.3.jar;C:\Users\user\.m2\repository\joda-time\joda-time\2.3\joda-time-2.3.jar;C:\Users\user\.m2\repository\org\antlr\antlr-runtime\3.4\antlr-runtime-3.4.jar;C:\Users\user\.m2\repository\org\antlr\stringtemplate\3.2.1\stringtemplate-3.2.1.jar;C:\Users\user\.m2\repository\antlr\antlr\2.7.7\antlr-2.7.7.jar;C:\Users\user\.m2\repository\com\google\guava\guava\14.0.1\guava-14.0.1.jar;C:\Users\user\.m2\repository\com\google\code\gson\gson\2.13.1\gson-2.13.1.jar;C:\Users\user\.m2\repository\com\google\errorprone\error_prone_annotations\2.38.0\error_prone_annotations-2.38.0.jar;C:\Users\user\.m2\repository\com\netflix\servo\servo-core\0.5.3\servo-core-0.5.3.jar;C:\Users\user\.m2\repository\org\apache\commons\commons-math\2.2\commons-math-2.2.jar;C:\Users\user\.m2\repository\javax\annotation\javax.annotation-api\1.2\javax.annotation-api-1.2.jar;C:\Users\user\.m2\repository\org\codehaus\jettison\jettison\1.5.4\jettison-1.5.4.jar;C:\Users\user\.m2\repository\org\springframework\cloud\spring-cloud-starter-loadbalancer\4.3.0\spring-cloud-starter-loadbalancer-4.3.0.jar;C:\Users\user\.m2\repository\org\springframework\cloud\spring-cloud-loadbalancer\4.3.0\spring-cloud-loadbalancer-4.3.0.jar;C:\Users\user\.m2\repository\io\projectreactor\reactor-core\3.7.7\reactor-core-3.7.7.jar;C:\Users\user\.m2\repository\org\reactivestreams\reactive-streams\1.0.4\reactive-streams-1.0.4.jar;C:\Users\user\.m2\repository\io\projectreactor\addons\reactor-extra\3.5.2\reactor-extra-3.5.2.jar;C:\Users\user\.m2\repository\org\springframework\boot\spring-boot-starter-cache\3.5.3\spring-boot-starter-cache-3.5.3.jar;C:\Users\user\.m2\repository\com\stoyanr\evictor\1.0.0\evictor-1.0.0.jar;C:\Users\user\.m2\repository\org\springframework\boot\spring-boot-starter-amqp\3.5.3\spring-boot-starter-amqp-3.5.3.jar;C:\Users\user\.m2\repository\org\springframework\spring-messaging\6.2.8\spring-messaging-6.2.8.jar;C:\Users\user\.m2\repository\org\springframework\amqp\spring-rabbit\3.2.5\spring-rabbit-3.2.5.jar;C:\Users\user\.m2\repository\org\springframework\amqp\spring-amqp\3.2.5\spring-amqp-3.2.5.jar;C:\Users\user\.m2\repository\org\springframework\retry\spring-retry\2.0.12\spring-retry-2.0.12.jar;C:\Users\user\.m2\repository\com\rabbitmq\amqp-client\5.25.0\amqp-client-5.25.0.jar;C:\Users\user\.m2\repository\org\springframework\spring-tx\6.2.8\spring-tx-6.2.8.jar;C:\Users\user\.m2\repository\org\springframework\boot\spring-boot-starter-mail\3.5.3\spring-boot-starter-mail-3.5.3.jar;C:\Users\user\.m2\repository\org\springframework\spring-context-support\6.2.8\spring-context-support-6.2.8.jar;C:\Users\user\.m2\repository\org\eclipse\angus\jakarta.mail\2.0.3\jakarta.mail-2.0.3.jar;C:\Users\user\.m2\repository\jakarta\activation\jakarta.activation-api\2.1.3\jakarta.activation-api-2.1.3.jar;C:\Users\user\.m2\repository\org\eclipse\angus\angus-activation\2.0.2\angus-activation-2.0.2.jar;C:\Users\user\.m2\repository\org\springframework\boot\spring-boot-starter-actuator\3.5.3\spring-boot-starter-actuator-3.5.3.jar;C:\Users\user\.m2\repository\org\springframework\boot\spring-boot-actuator-autoconfigure\3.5.3\spring-boot-actuator-autoconfigure-3.5.3.jar;C:\Users\user\.m2\repository\org\springframework\boot\spring-boot-actuator\3.5.3\spring-boot-actuator-3.5.3.jar;C:\Users\user\.m2\repository\io\micrometer\micrometer-observation\1.15.1\micrometer-observation-1.15.1.jar;C:\Users\user\.m2\repository\io\micrometer\micrometer-commons\1.15.1\micrometer-commons-1.15.1.jar;C:\Users\user\.m2\repository\io\micrometer\micrometer-jakarta9\1.15.1\micrometer-jakarta9-1.15.1.jar;C:\Users\user\.m2\repository\io\micrometer\micrometer-core\1.15.1\micrometer-core-1.15.1.jar;C:\Users\user\.m2\repository\org\hdrhistogram\HdrHistogram\2.2.2\HdrHistogram-2.2.2.jar;C:\Users\user\.m2\repository\org\latencyutils\LatencyUtils\2.0.3\LatencyUtils-2.0.3.jar;C:\Users\user\.m2\repository\org\projectlombok\lombok\1.18.38\lombok-1.18.38.jar;C:\Users\user\.m2\repository\org\springframework\spring-core\6.2.8\spring-core-6.2.8.jar;C:\Users\user\.m2\repository\org\springframework\spring-jcl\6.2.8\spring-jcl-6.2.8.jar
Launcher Type: SUN_STANDARD

[Global flags]
     intx CICompilerCount                          = 3                                         {product} {ergonomic}
     uint ConcGCThreads                            = 1                                         {product} {ergonomic}
     uint G1ConcRefinementThreads                  = 4                                         {product} {ergonomic}
   size_t G1HeapRegionSize                         = 1048576                                   {product} {ergonomic}
    uintx GCDrainStackTargetSize                   = 64                                        {product} {ergonomic}
   size_t InitialHeapSize                          = 62914560                                  {product} {ergonomic}
   size_t MarkStackSize                            = 4194304                                   {product} {ergonomic}
   size_t MaxHeapSize                              = 1002438656                                {product} {ergonomic}
   size_t MaxNewSize                               = 600834048                                 {product} {ergonomic}
   size_t MinHeapDeltaBytes                        = 1048576                                   {product} {ergonomic}
   size_t MinHeapSize                              = 8388608                                   {product} {ergonomic}
    uintx NonNMethodCodeHeapSize                   = 5832780                                {pd product} {ergonomic}
    uintx NonProfiledCodeHeapSize                  = 122912730                              {pd product} {ergonomic}
    uintx ProfiledCodeHeapSize                     = 122912730                              {pd product} {ergonomic}
    uintx ReservedCodeCacheSize                    = 251658240                              {pd product} {ergonomic}
     bool SegmentedCodeCache                       = true                                      {product} {ergonomic}
   size_t SoftMaxHeapSize                          = 1002438656                             {manageable} {ergonomic}
     bool UseCompressedClassPointers               = true                           {product lp64_product} {ergonomic}
     bool UseCompressedOops                        = true                           {product lp64_product} {ergonomic}
     bool UseG1GC                                  = true                                      {product} {ergonomic}
     bool UseLargePagesIndividualAllocation        = false                                  {pd product} {ergonomic}

Logging:
Log output configuration:
 #0: stdout all=warning uptime,level,tags foldmultilines=false
 #1: stderr all=off uptime,level,tags foldmultilines=false

Environment Variables:
JAVA_HOME=C:\Program Files\Java\jdk-19
PATH=C:\Program Files\Java\jdk-19\bin;C:\Program Files\Common Files\Oracle\Java\javapath;C:\WINDOWS\system32;C:\WINDOWS;C:\WINDOWS\System32\Wbem;C:\WINDOWS\System32\WindowsPowerShell\v1.0\;C:\WINDOWS\System32\OpenSSH\;C:\Program Files\dotnet\;C:\MinGW\bin;C:\Program Files\apache-maven-3.9.2\bin;C:\Program Files\Git\cmd;C:\ProgramData\chocolatey\bin;C:\Users\user\AppData\Local\nvm;C:\nvm4w\nodejs;C:\Program Files\nodejs\;C:\Program Files\Java\jdk-19\bin;C:\Program Files\Erlang OTP\bin;C:\Program Files\MySQL\MySQL Shell 8.0\bin\;C:\Users\user\AppData\Local\Microsoft\WindowsApps;C:\Program Files\Git\cmd;C:\Users\user\AppData\Local\Programs\Microsoft VS Code\bin;E:\MinGW\bin;C:\Program Files\MySQL\MySQL Server 8.0\bin;C:\Users\user\eclipse-workspace\PabitraJava\bin;C:\Program Files\Java\jdk-19\bin;C:\Users\user\eclipse-workspace\javaHibernate;C:\Program Files\apache-maven-3.9.2\bin;C:\Users\user\AppData\Local\nvm;C:\nvm4w\nodejs;C:\Program Files\PostgreSQL\17\bin;C:\Users\user\AppData\Roaming\npm;C:\Program Files\JetBrains\IntelliJ IDEA 2025.2.5\bin;C:\Program Files\JetBrains\PyCharm 2026.1.1\bin;C:\Program Files\Java\jdk-19\bin;C:\Program Files\Redis
USERNAME=user
OS=Windows_NT
PROCESSOR_IDENTIFIER=Intel64 Family 6 Model 140 Stepping 1, GenuineIntel
TMP=C:\Users\user\AppData\Local\Temp
TEMP=C:\Users\user\AppData\Local\Temp



---------------  S Y S T E M  ---------------

OS:
 Windows 11 , 64 bit Build 26100 (10.0.26100.9168)
OS uptime: 0 days 22:55 hours
Hyper-V role detected

CPU: total 4 (initial active 4) (2 cores per cpu, 2 threads per core) family 6 model 140 stepping 1 microcode 0xbe, cx8, cmov, fxsr, ht, mmx, 3dnowpref, sse, sse2, sse3, ssse3, sse4.1, sse4.2, popcnt, lzcnt, tsc, tscinvbit, avx, avx2, aes, erms, clmul, bmi1, bmi2, adx, avx512f, avx512dq, avx512cd, avx512bw, avx512vl, sha, fma, vzeroupper, avx512_vpopcntdq, avx512_vpclmulqdq, avx512_vaes, avx512_vnni, clflush, clflushopt, clwb, avx512_vbmi2, avx512_vbmi, hv, rdtscp, rdpid, fsrm, gfni, avx512_bitalg

Memory: 4k page, system-wide physical 3818M (97M free)
TotalPageFile size 15594M (AvailPageFile size 93M)
current process WorkingSet (physical memory assigned to process): 52M, peak: 234M
current process commit charge ("private bytes"): 324M, peak: 339M

vm_info: Java HotSpot(TM) 64-Bit Server VM (19.0.1+10-21) for windows-amd64 JRE (19.0.1+10-21), built on 2022-09-14T12:45:06Z by "mach5one" with MS VC++ 17.1 (VS2022)

END.
