#
# There is insufficient memory for the Java Runtime Environment to continue.
# Native memory allocation (malloc) failed to allocate 318496 bytes for Chunk::new
# Possible reasons:
#   The system is out of physical RAM or swap space
#   The process is running with CompressedOops enabled, and the Java Heap may be blocking the growth of the native heap
# Possible solutions:
#   Reduce memory load on the system
#   Increase physical memory or swap space
#   Check if swap backing store is full
#   Decrease Java heap size (-Xmx/-Xms)
#   Decrease number of Java threads
#   Decrease Java thread stack sizes (-Xss)
#   Set larger code cache with -XX:ReservedCodeCacheSize=
#   JVM is running with Unscaled Compressed Oops mode in which the Java heap is
#     placed in the first 4GB address space. The Java Heap base address is the
#     maximum limit for the native heap growth. Please use -XX:HeapBaseMinAddress
#     to set the Java Heap base and to place the Java Heap above 4GB virtual address.
# This output file may be truncated or incomplete.
#
#  Out of Memory Error (arena.cpp:184), pid=13300, tid=10436
#
# JRE version: Java(TM) SE Runtime Environment (19.0.1+10) (build 19.0.1+10-21)
# Java VM: Java HotSpot(TM) 64-Bit Server VM (19.0.1+10-21, mixed mode, sharing, tiered, compressed oops, compressed class ptrs, g1 gc, windows-amd64)
# No core dump will be written. Minidumps are not enabled by default on client versions of Windows
#

---------------  S U M M A R Y ------------

Command Line: -javaagent:C:\Program Files\JetBrains\IntelliJ IDEA 2025.2.5\lib\idea_rt.jar=20158 -Dfile.encoding=UTF-8 -Dsun.stdout.encoding=UTF-8 -Dsun.stderr.encoding=UTF-8 com.fundoo.notificationservice.NotificationServiceApplication

Host: 11th Gen Intel(R) Core(TM) i3-1115G4 @ 3.00GHz, 4 cores, 3G,  Windows 11 , 64 bit Build 26100 (10.0.26100.9168)
Time: Fri Aug 21 14:45:18 2026 India Standard Time elapsed time: 275.209136 seconds (0d 0h 4m 35s)

---------------  T H R E A D  ---------------

Current thread (0x0000018acc15f880):  JavaThread "C2 CompilerThread0" daemon [_thread_in_native, id=10436, stack(0x00000027b3000000,0x00000027b3100000)]


Current CompileTask:
C2: 275209 8087 %     4       com.sun.crypto.provider.AESCrypt::makeSessionKey @ 559 (899 bytes)

Stack: [0x00000027b3000000,0x00000027b3100000]
Native frames: (J=compiled Java code, j=interpreted, Vv=VM code, C=native code)
V  [jvm.dll+0x6ee8fa]
V  [jvm.dll+0x857a1e]
V  [jvm.dll+0x85940e]
V  [jvm.dll+0x859ac3]
V  [jvm.dll+0x28291f]
V  [jvm.dll+0xc9b5f]
V  [jvm.dll+0xc9ee5]
V  [jvm.dll+0x2f7c6f]
V  [jvm.dll+0x5f0c5b]
V  [jvm.dll+0x254d73]
V  [jvm.dll+0x24dbf0]
V  [jvm.dll+0x24b563]
V  [jvm.dll+0x1d6d61]
V  [jvm.dll+0x25b0fa]
V  [jvm.dll+0x259588]
V  [jvm.dll+0x807928]
V  [jvm.dll+0x8015fa]
V  [jvm.dll+0x6ed5eb]
C  [ucrtbase.dll+0x2cd30]
C  [KERNEL32.DLL+0x2ccb7]
C  [ntdll.dll+0xaad6c]


---------------  P R O C E S S  ---------------

Threads class SMR info:
_java_thread_list=0x0000018ad1fa51e0, length=42, elements={
0x0000018acc155090, 0x0000018acc155bc0, 0x0000018acc1587c0, 0x0000018acc1590f0,
0x0000018acc15a1c0, 0x0000018acc15ef50, 0x0000018acc15f880, 0x0000018acc16da30,
0x0000018acc1872f0, 0x0000018ad047edb0, 0x0000018ad047e310, 0x0000018ad047f300,
0x0000018ad047e860, 0x0000018ad047c330, 0x0000018ad047bde0, 0x0000018ad37654c0,
0x0000018ad3764a20, 0x0000018ad3766a00, 0x0000018ad3765f60, 0x0000018ad37674a0,
0x0000018ad3764f70, 0x0000018ad3765a10, 0x0000018ad37664b0, 0x0000018ad3766f50,
0x0000018ad37644d0, 0x0000018ad37679f0, 0x0000018ad0403b40, 0x0000018ad0402b50,
0x0000018ad04035f0, 0x0000018ad04030a0, 0x0000018ad04000d0, 0x0000018ad0401610,
0x0000018ad0404090, 0x0000018ad0400b70, 0x0000018ad04020b0, 0x0000018ad04010c0,
0x0000018ad0401b60, 0x0000018ad0400620, 0x0000018ad04045e0, 0x0000018ad0404b30,
0x0000018ad0405080, 0x0000018ad04055d0
}

Java Threads: ( => current thread )
  0x0000018acc155090 JavaThread "Reference Handler" daemon [_thread_blocked, id=15248, stack(0x00000027b2a00000,0x00000027b2b00000)]
  0x0000018acc155bc0 JavaThread "Finalizer" daemon [_thread_blocked, id=14532, stack(0x00000027b2b00000,0x00000027b2c00000)]
  0x0000018acc1587c0 JavaThread "Signal Dispatcher" daemon [_thread_blocked, id=11688, stack(0x00000027b2c00000,0x00000027b2d00000)]
  0x0000018acc1590f0 JavaThread "Attach Listener" daemon [_thread_blocked, id=10144, stack(0x00000027b2d00000,0x00000027b2e00000)]
  0x0000018acc15a1c0 JavaThread "Service Thread" daemon [_thread_blocked, id=15060, stack(0x00000027b2e00000,0x00000027b2f00000)]
  0x0000018acc15ef50 JavaThread "Monitor Deflation Thread" daemon [_thread_blocked, id=15988, stack(0x00000027b2f00000,0x00000027b3000000)]
=>0x0000018acc15f880 JavaThread "C2 CompilerThread0" daemon [_thread_in_native, id=10436, stack(0x00000027b3000000,0x00000027b3100000)]
  0x0000018acc16da30 JavaThread "C1 CompilerThread0" daemon [_thread_blocked, id=15296, stack(0x00000027b3100000,0x00000027b3200000)]
  0x0000018acc1872f0 JavaThread "Sweeper thread" daemon [_thread_blocked, id=11016, stack(0x00000027b3200000,0x00000027b3300000)]
  0x0000018ad047edb0 JavaThread "Common-Cleaner" daemon [_thread_blocked, id=636, stack(0x00000027b3300000,0x00000027b3400000)]
  0x0000018ad047e310 JavaThread "Monitor Ctrl-Break" daemon [_thread_in_native, id=4936, stack(0x00000027b3400000,0x00000027b3500000)]
  0x0000018ad047f300 JavaThread "Notification Thread" daemon [_thread_blocked, id=6372, stack(0x00000027b3500000,0x00000027b3600000)]
  0x0000018ad047e860 JavaThread "Catalina-utility-1" [_thread_blocked, id=13804, stack(0x00000027b3a00000,0x00000027b3b00000)]
  0x0000018ad047c330 JavaThread "Catalina-utility-2" [_thread_blocked, id=12496, stack(0x00000027b3b00000,0x00000027b3c00000)]
  0x0000018ad047bde0 JavaThread "container-0" [_thread_blocked, id=8892, stack(0x00000027b3c00000,0x00000027b3d00000)]
  0x0000018ad37654c0 JavaThread "spectator-gauge-polling-0" daemon [_thread_blocked, id=12448, stack(0x00000027b3e00000,0x00000027b3f00000)]
  0x0000018ad3764a20 JavaThread "AsyncResolver-bootstrap-%d" daemon [_thread_blocked, id=3948, stack(0x00000027b3f00000,0x00000027b4000000)]
  0x0000018ad3766a00 JavaThread "DiscoveryClient-%d" daemon [_thread_blocked, id=8284, stack(0x00000027b4100000,0x00000027b4200000)]
  0x0000018ad3765f60 JavaThread "DiscoveryClient-%d" daemon [_thread_blocked, id=7536, stack(0x00000027b4200000,0x00000027b4300000)]
  0x0000018ad37674a0 JavaThread "DiscoveryClient-InstanceInfoReplicator-%d" daemon [_thread_blocked, id=7160, stack(0x00000027b4300000,0x00000027b4400000)]
  0x0000018ad3764f70 JavaThread "http-nio-8084-exec-1" daemon [_thread_blocked, id=11796, stack(0x00000027b4400000,0x00000027b4500000)]
  0x0000018ad3765a10 JavaThread "http-nio-8084-exec-2" daemon [_thread_blocked, id=5744, stack(0x00000027b4500000,0x00000027b4600000)]
  0x0000018ad37664b0 JavaThread "http-nio-8084-exec-3" daemon [_thread_blocked, id=2992, stack(0x00000027b4600000,0x00000027b4700000)]
  0x0000018ad3766f50 JavaThread "http-nio-8084-exec-4" daemon [_thread_blocked, id=11760, stack(0x00000027b4700000,0x00000027b4800000)]
  0x0000018ad37644d0 JavaThread "http-nio-8084-exec-5" daemon [_thread_blocked, id=11952, stack(0x00000027b4800000,0x00000027b4900000)]
  0x0000018ad37679f0 JavaThread "http-nio-8084-exec-6" daemon [_thread_blocked, id=8004, stack(0x00000027b4900000,0x00000027b4a00000)]
  0x0000018ad0403b40 JavaThread "http-nio-8084-exec-7" daemon [_thread_blocked, id=10456, stack(0x00000027b4a00000,0x00000027b4b00000)]
  0x0000018ad0402b50 JavaThread "http-nio-8084-exec-8" daemon [_thread_blocked, id=9580, stack(0x00000027b4b00000,0x00000027b4c00000)]
  0x0000018ad04035f0 JavaThread "http-nio-8084-exec-9" daemon [_thread_blocked, id=10444, stack(0x00000027b4c00000,0x00000027b4d00000)]
  0x0000018ad04030a0 JavaThread "http-nio-8084-exec-10" daemon [_thread_blocked, id=12256, stack(0x00000027b4d00000,0x00000027b4e00000)]
  0x0000018ad04000d0 JavaThread "http-nio-8084-Poller" daemon [_thread_in_native, id=548, stack(0x00000027b4e00000,0x00000027b4f00000)]
  0x0000018ad0401610 JavaThread "http-nio-8084-Acceptor" daemon [_thread_in_native, id=7164, stack(0x00000027b4f00000,0x00000027b5000000)]
  0x0000018ad0404090 JavaThread "AMQP Connection 127.0.0.1:5672" [_thread_in_native, id=15424, stack(0x00000027b5000000,0x00000027b5100000)]
  0x0000018ad0400b70 JavaThread "pool-2-thread-2" [_thread_blocked, id=15228, stack(0x00000027b5100000,0x00000027b5200000)]
  0x0000018ad04020b0 JavaThread "org.springframework.amqp.rabbit.RabbitListenerEndpointContainer#0-1" [_thread_in_native, id=11968, stack(0x00000027b5200000,0x00000027b5300000)]
  0x0000018ad04010c0 JavaThread "pool-2-thread-3" [_thread_blocked, id=13412, stack(0x00000027b5300000,0x00000027b5400000)]
  0x0000018ad0401b60 JavaThread "pool-2-thread-4" [_thread_blocked, id=1952, stack(0x00000027b5400000,0x00000027b5500000)]
  0x0000018ad0400620 JavaThread "DestroyJavaVM" [_thread_blocked, id=3580, stack(0x00000027b2300000,0x00000027b2400000)]
  0x0000018ad04045e0 JavaThread "pool-2-thread-5" [_thread_blocked, id=2696, stack(0x00000027b5500000,0x00000027b5600000)]
  0x0000018ad0404b30 JavaThread "pool-2-thread-6" [_thread_blocked, id=2576, stack(0x00000027b5600000,0x00000027b5700000)]
  0x0000018ad0405080 JavaThread "DiscoveryClient-CacheRefreshExecutor-%d" daemon [_thread_blocked, id=3316, stack(0x00000027b5800000,0x00000027b5900000)]
  0x0000018ad04055d0 JavaThread "DiscoveryClient-HeartbeatExecutor-%d" daemon [_thread_blocked, id=10460, stack(0x00000027b5900000,0x00000027b5a00000)]

Other Threads:
  0x0000018acc13b4e0 VMThread "VM Thread" [stack: 0x00000027b2900000,0x00000027b2a00000] [id=12800]
  0x0000018ab09fff80 WatcherThread "VM Periodic Task Thread" [stack: 0x00000027b3600000,0x00000027b3700000] [id=14576]
  0x0000018ab0a3f590 WorkerThread "GC Thread#0" [stack: 0x00000027b2400000,0x00000027b2500000] [id=13104]
  0x0000018ad0ad1390 WorkerThread "GC Thread#1" [stack: 0x00000027b3700000,0x00000027b3800000] [id=15200]
  0x0000018ad0b49e90 WorkerThread "GC Thread#2" [stack: 0x00000027b3800000,0x00000027b3900000] [id=12740]
  0x0000018ad0b4a160 WorkerThread "GC Thread#3" [stack: 0x00000027b3900000,0x00000027b3a00000] [id=12148]
  0x0000018ab0a47b80 ConcurrentGCThread "G1 Main Marker" [stack: 0x00000027b2500000,0x00000027b2600000] [id=16216]
  0x0000018ab0a49330 WorkerThread "G1 Conc#0" [stack: 0x00000027b2600000,0x00000027b2700000] [id=12772]
  0x0000018ab0aa3090 ConcurrentGCThread "G1 Refine#0" [stack: 0x00000027b2700000,0x00000027b2800000] [id=1516]
  0x0000018ab0aa3980 ConcurrentGCThread "G1 Service" [stack: 0x00000027b2800000,0x00000027b2900000] [id=15128]

Threads with active compile tasks:
C2 CompilerThread0   275281 8087 %     4       com.sun.crypto.provider.AESCrypt::makeSessionKey @ 559 (899 bytes)

VM state: not at safepoint (normal execution)

VM Mutex/Monitor currently owned by a thread: None

Heap address: 0x00000000c4400000, size: 956 MB, Compressed Oops mode: 32-bit

CDS archive(s) mapped at: [0x0000000800000000-0x0000000800c40000-0x0000000800c40000), size 12845056, SharedBaseAddress: 0x0000000800000000, ArchiveRelocationMode: 0.
Compressed class space mapped at: 0x0000000801000000-0x0000000841000000, reserved size: 1073741824
Narrow klass base: 0x0000000800000000, Narrow klass shift: 0, Narrow klass range: 0x100000000

GC Precious Log:
 CardTable entry size: 512
 Card Set container configuration: InlinePtr #cards 5 size 8 Array Of Cards #cards 12 size 40 Howl #buckets 4 coarsen threshold 1843 Howl Bitmap #cards 512 size 80 coarsen threshold 460 Card regions per heap region 1 cards per card region 2048
 CPUs: 4 total, 4 available
 Memory: 3818M
 Large Page Support: Disabled
 NUMA Support: Disabled
 Compressed Oops: Enabled (32-bit)
 Heap Region Size: 1M
 Heap Min Capacity: 8M
 Heap Initial Capacity: 60M
 Heap Max Capacity: 956M
 Pre-touch: Disabled
 Parallel Workers: 4
 Concurrent Workers: 1
 Concurrent Refinement Workers: 4
 Periodic GC: Disabled

Heap:
 garbage-first heap   total 87040K, used 53346K [0x00000000c4400000, 0x0000000100000000)
  region size 1024K, 18 young (18432K), 1 survivors (1024K)
 Metaspace       used 55307K, committed 56064K, reserved 1114112K
  class space    used 6950K, committed 7296K, reserved 1048576K

Heap Regions: E=young(eden), S=young(survivor), O=old, HS=humongous(starts), HC=humongous(continues), CS=collection set, F=free, OA=open archive, CA=closed archive, TAMS=top-at-mark-start (previous, next)
|   0|0x00000000c4400000, 0x00000000c4500000, 0x00000000c4500000|100%|HS|  |TAMS 0x00000000c4500000, 0x00000000c4400000| Complete 
|   1|0x00000000c4500000, 0x00000000c4600000, 0x00000000c4600000|100%| O|  |TAMS 0x00000000c4600000, 0x00000000c4500000| Untracked 
|   2|0x00000000c4600000, 0x00000000c4700000, 0x00000000c4700000|100%| O|  |TAMS 0x00000000c4700000, 0x00000000c4600000| Untracked 
|   3|0x00000000c4700000, 0x00000000c4800000, 0x00000000c4800000|100%| O|  |TAMS 0x00000000c4800000, 0x00000000c4700000| Untracked 
|   4|0x00000000c4800000, 0x00000000c4900000, 0x00000000c4900000|100%| O|  |TAMS 0x00000000c4900000, 0x00000000c4800000| Untracked 
|   5|0x00000000c4900000, 0x00000000c4a00000, 0x00000000c4a00000|100%| O|  |TAMS 0x00000000c4a00000, 0x00000000c4900000| Untracked 
|   6|0x00000000c4a00000, 0x00000000c4b00000, 0x00000000c4b00000|100%| O|  |TAMS 0x00000000c4b00000, 0x00000000c4a00000| Untracked 
|   7|0x00000000c4b00000, 0x00000000c4c00000, 0x00000000c4c00000|100%| O|  |TAMS 0x00000000c4c00000, 0x00000000c4b00000| Untracked 
|   8|0x00000000c4c00000, 0x00000000c4d00000, 0x00000000c4d00000|100%| O|  |TAMS 0x00000000c4d00000, 0x00000000c4c00000| Untracked 
|   9|0x00000000c4d00000, 0x00000000c4e00000, 0x00000000c4e00000|100%| O|  |TAMS 0x00000000c4e00000, 0x00000000c4d00000| Untracked 
|  10|0x00000000c4e00000, 0x00000000c4f00000, 0x00000000c4f00000|100%| O|  |TAMS 0x00000000c4f00000, 0x00000000c4e00000| Untracked 
|  11|0x00000000c4f00000, 0x00000000c5000000, 0x00000000c5000000|100%| O|  |TAMS 0x00000000c5000000, 0x00000000c4f00000| Untracked 
|  12|0x00000000c5000000, 0x00000000c5100000, 0x00000000c5100000|100%| O|  |TAMS 0x00000000c5100000, 0x00000000c5000000| Untracked 
|  13|0x00000000c5100000, 0x00000000c5200000, 0x00000000c5200000|100%| O|  |TAMS 0x00000000c5200000, 0x00000000c5100000| Untracked 
|  14|0x00000000c5200000, 0x00000000c5300000, 0x00000000c5300000|100%| O|  |TAMS 0x00000000c5200000, 0x00000000c5200000| Untracked 
|  15|0x00000000c5300000, 0x00000000c5400000, 0x00000000c5400000|100%| O|  |TAMS 0x00000000c5400000, 0x00000000c5300000| Untracked 
|  16|0x00000000c5400000, 0x00000000c5500000, 0x00000000c5500000|100%| O|  |TAMS 0x00000000c5500000, 0x00000000c5400000| Untracked 
|  17|0x00000000c5500000, 0x00000000c5600000, 0x00000000c5600000|100%| O|  |TAMS 0x00000000c5600000, 0x00000000c5500000| Untracked 
|  18|0x00000000c5600000, 0x00000000c5700000, 0x00000000c5700000|100%| O|  |TAMS 0x00000000c5700000, 0x00000000c5600000| Untracked 
|  19|0x00000000c5700000, 0x00000000c5800000, 0x00000000c5800000|100%| O|  |TAMS 0x00000000c5700000, 0x00000000c5700000| Untracked 
|  20|0x00000000c5800000, 0x00000000c5900000, 0x00000000c5900000|100%| O|  |TAMS 0x00000000c5900000, 0x00000000c5800000| Untracked 
|  21|0x00000000c5900000, 0x00000000c5a00000, 0x00000000c5a00000|100%| O|  |TAMS 0x00000000c5953e00, 0x00000000c5900000| Untracked 
|  22|0x00000000c5a00000, 0x00000000c5b00000, 0x00000000c5b00000|100%| O|  |TAMS 0x00000000c5a00000, 0x00000000c5a00000| Untracked 
|  23|0x00000000c5b00000, 0x00000000c5c00000, 0x00000000c5c00000|100%| O|  |TAMS 0x00000000c5b00000, 0x00000000c5b00000| Untracked 
|  24|0x00000000c5c00000, 0x00000000c5d00000, 0x00000000c5d00000|100%| O|  |TAMS 0x00000000c5c00000, 0x00000000c5c00000| Untracked 
|  25|0x00000000c5d00000, 0x00000000c5e00000, 0x00000000c5e00000|100%| O|  |TAMS 0x00000000c5d00000, 0x00000000c5d00000| Untracked 
|  26|0x00000000c5e00000, 0x00000000c5f00000, 0x00000000c5f00000|100%| O|  |TAMS 0x00000000c5e00000, 0x00000000c5e00000| Untracked 
|  27|0x00000000c5f00000, 0x00000000c6000000, 0x00000000c6000000|100%| O|  |TAMS 0x00000000c5f00000, 0x00000000c5f00000| Untracked 
|  28|0x00000000c6000000, 0x00000000c6100000, 0x00000000c6100000|100%| O|  |TAMS 0x00000000c6000000, 0x00000000c6000000| Untracked 
|  29|0x00000000c6100000, 0x00000000c6200000, 0x00000000c6200000|100%| O|  |TAMS 0x00000000c6100000, 0x00000000c6100000| Untracked 
|  30|0x00000000c6200000, 0x00000000c6300000, 0x00000000c6300000|100%| O|  |TAMS 0x00000000c6200000, 0x00000000c6200000| Untracked 
|  31|0x00000000c6300000, 0x00000000c6400000, 0x00000000c6400000|100%| O|  |TAMS 0x00000000c6300000, 0x00000000c6300000| Untracked 
|  32|0x00000000c6400000, 0x00000000c6500000, 0x00000000c6500000|100%| O|  |TAMS 0x00000000c6400000, 0x00000000c6400000| Untracked 
|  33|0x00000000c6500000, 0x00000000c6600000, 0x00000000c6600000|100%| O|  |TAMS 0x00000000c6500000, 0x00000000c6500000| Untracked 
|  34|0x00000000c6600000, 0x00000000c6700000, 0x00000000c6700000|100%| O|  |TAMS 0x00000000c6600000, 0x00000000c6600000| Untracked 
|  35|0x00000000c6700000, 0x00000000c6748600, 0x00000000c6800000| 28%| O|  |TAMS 0x00000000c6700000, 0x00000000c6700000| Untracked 
|  36|0x00000000c6800000, 0x00000000c6800000, 0x00000000c6900000|  0%| F|  |TAMS 0x00000000c6800000, 0x00000000c6800000| Untracked 
|  37|0x00000000c6900000, 0x00000000c6900000, 0x00000000c6a00000|  0%| F|  |TAMS 0x00000000c6900000, 0x00000000c6900000| Untracked 
|  38|0x00000000c6a00000, 0x00000000c6a00000, 0x00000000c6b00000|  0%| F|  |TAMS 0x00000000c6a00000, 0x00000000c6a00000| Untracked 
|  39|0x00000000c6b00000, 0x00000000c6b00000, 0x00000000c6c00000|  0%| F|  |TAMS 0x00000000c6b00000, 0x00000000c6b00000| Untracked 
|  40|0x00000000c6c00000, 0x00000000c6c00000, 0x00000000c6d00000|  0%| F|  |TAMS 0x00000000c6c00000, 0x00000000c6c00000| Untracked 
|  41|0x00000000c6d00000, 0x00000000c6d00000, 0x00000000c6e00000|  0%| F|  |TAMS 0x00000000c6d00000, 0x00000000c6d00000| Untracked 
|  42|0x00000000c6e00000, 0x00000000c6e00000, 0x00000000c6f00000|  0%| F|  |TAMS 0x00000000c6e00000, 0x00000000c6e00000| Untracked 
|  43|0x00000000c6f00000, 0x00000000c6f00000, 0x00000000c7000000|  0%| F|  |TAMS 0x00000000c6f00000, 0x00000000c6f00000| Untracked 
|  44|0x00000000c7000000, 0x00000000c7000000, 0x00000000c7100000|  0%| F|  |TAMS 0x00000000c7000000, 0x00000000c7000000| Untracked 
|  45|0x00000000c7100000, 0x00000000c7100000, 0x00000000c7200000|  0%| F|  |TAMS 0x00000000c7100000, 0x00000000c7100000| Untracked 
|  46|0x00000000c7200000, 0x00000000c7200000, 0x00000000c7300000|  0%| F|  |TAMS 0x00000000c7200000, 0x00000000c7200000| Untracked 
|  47|0x00000000c7300000, 0x00000000c7300000, 0x00000000c7400000|  0%| F|  |TAMS 0x00000000c7300000, 0x00000000c7300000| Untracked 
|  48|0x00000000c7400000, 0x00000000c7400000, 0x00000000c7500000|  0%| F|  |TAMS 0x00000000c7400000, 0x00000000c7400000| Untracked 
|  49|0x00000000c7500000, 0x00000000c7500000, 0x00000000c7600000|  0%| F|  |TAMS 0x00000000c7500000, 0x00000000c7500000| Untracked 
|  50|0x00000000c7600000, 0x00000000c7600000, 0x00000000c7700000|  0%| F|  |TAMS 0x00000000c7600000, 0x00000000c7600000| Untracked 
|  51|0x00000000c7700000, 0x00000000c7700000, 0x00000000c7800000|  0%| F|  |TAMS 0x00000000c7700000, 0x00000000c7700000| Untracked 
|  52|0x00000000c7800000, 0x00000000c7800000, 0x00000000c7900000|  0%| F|  |TAMS 0x00000000c7800000, 0x00000000c7800000| Untracked 
|  53|0x00000000c7900000, 0x00000000c7900000, 0x00000000c7a00000|  0%| F|  |TAMS 0x00000000c7900000, 0x00000000c7900000| Untracked 
|  54|0x00000000c7a00000, 0x00000000c7a00000, 0x00000000c7b00000|  0%| F|  |TAMS 0x00000000c7a00000, 0x00000000c7a00000| Untracked 
|  55|0x00000000c7b00000, 0x00000000c7b00000, 0x00000000c7c00000|  0%| F|  |TAMS 0x00000000c7b00000, 0x00000000c7b00000| Untracked 
|  56|0x00000000c7c00000, 0x00000000c7c00000, 0x00000000c7d00000|  0%| F|  |TAMS 0x00000000c7c00000, 0x00000000c7c00000| Untracked 
|  57|0x00000000c7d00000, 0x00000000c7d00000, 0x00000000c7e00000|  0%| F|  |TAMS 0x00000000c7d00000, 0x00000000c7d00000| Untracked 
|  58|0x00000000c7e00000, 0x00000000c7e00000, 0x00000000c7f00000|  0%| F|  |TAMS 0x00000000c7e00000, 0x00000000c7e00000| Untracked 
|  59|0x00000000c7f00000, 0x00000000c7f00000, 0x00000000c8000000|  0%| F|  |TAMS 0x00000000c7f00000, 0x00000000c7f00000| Untracked 
|  60|0x00000000c8000000, 0x00000000c8000000, 0x00000000c8100000|  0%| F|  |TAMS 0x00000000c8000000, 0x00000000c8000000| Untracked 
|  61|0x00000000c8100000, 0x00000000c8100000, 0x00000000c8200000|  0%| F|  |TAMS 0x00000000c8100000, 0x00000000c8100000| Untracked 
|  62|0x00000000c8200000, 0x00000000c8200000, 0x00000000c8300000|  0%| F|  |TAMS 0x00000000c8200000, 0x00000000c8200000| Untracked 
|  63|0x00000000c8300000, 0x00000000c8300000, 0x00000000c8400000|  0%| F|  |TAMS 0x00000000c8300000, 0x00000000c8300000| Untracked 
|  64|0x00000000c8400000, 0x00000000c8400000, 0x00000000c8500000|  0%| F|  |TAMS 0x00000000c8400000, 0x00000000c8400000| Untracked 
|  65|0x00000000c8500000, 0x00000000c8500000, 0x00000000c8600000|  0%| F|  |TAMS 0x00000000c8500000, 0x00000000c8500000| Untracked 
|  66|0x00000000c8600000, 0x00000000c8600000, 0x00000000c8700000|  0%| F|  |TAMS 0x00000000c8600000, 0x00000000c8600000| Untracked 
|  67|0x00000000c8700000, 0x00000000c87f8588, 0x00000000c8800000| 97%| E|  |TAMS 0x00000000c8700000, 0x00000000c8700000| Complete 
|  68|0x00000000c8800000, 0x00000000c88d0358, 0x00000000c8900000| 81%| S|CS|TAMS 0x00000000c8800000, 0x00000000c8800000| Complete 
|  69|0x00000000c8900000, 0x00000000c8a00000, 0x00000000c8a00000|100%| E|CS|TAMS 0x00000000c8900000, 0x00000000c8900000| Complete 
|  70|0x00000000c8a00000, 0x00000000c8b00000, 0x00000000c8b00000|100%| E|CS|TAMS 0x00000000c8a00000, 0x00000000c8a00000| Complete 
|  71|0x00000000c8b00000, 0x00000000c8c00000, 0x00000000c8c00000|100%| E|CS|TAMS 0x00000000c8b00000, 0x00000000c8b00000| Complete 
|  72|0x00000000c8c00000, 0x00000000c8d00000, 0x00000000c8d00000|100%| E|CS|TAMS 0x00000000c8c00000, 0x00000000c8c00000| Complete 
|  73|0x00000000c8d00000, 0x00000000c8e00000, 0x00000000c8e00000|100%| E|CS|TAMS 0x00000000c8d00000, 0x00000000c8d00000| Complete 
|  74|0x00000000c8e00000, 0x00000000c8f00000, 0x00000000c8f00000|100%| E|CS|TAMS 0x00000000c8e00000, 0x00000000c8e00000| Complete 
|  75|0x00000000c8f00000, 0x00000000c9000000, 0x00000000c9000000|100%| E|CS|TAMS 0x00000000c8f00000, 0x00000000c8f00000| Complete 
|  76|0x00000000c9000000, 0x00000000c9100000, 0x00000000c9100000|100%| E|CS|TAMS 0x00000000c9000000, 0x00000000c9000000| Complete 
|  77|0x00000000c9100000, 0x00000000c9200000, 0x00000000c9200000|100%| E|CS|TAMS 0x00000000c9100000, 0x00000000c9100000| Complete 
|  78|0x00000000c9200000, 0x00000000c9300000, 0x00000000c9300000|100%| E|CS|TAMS 0x00000000c9200000, 0x00000000c9200000| Complete 
|  79|0x00000000c9300000, 0x00000000c9400000, 0x00000000c9400000|100%| E|CS|TAMS 0x00000000c9300000, 0x00000000c9300000| Complete 
|  80|0x00000000c9400000, 0x00000000c9500000, 0x00000000c9500000|100%| E|CS|TAMS 0x00000000c9400000, 0x00000000c9400000| Complete 
|  81|0x00000000c9500000, 0x00000000c9600000, 0x00000000c9600000|100%| E|CS|TAMS 0x00000000c9500000, 0x00000000c9500000| Complete 
|  82|0x00000000c9600000, 0x00000000c9700000, 0x00000000c9700000|100%| E|CS|TAMS 0x00000000c9600000, 0x00000000c9600000| Complete 
|  83|0x00000000c9700000, 0x00000000c9800000, 0x00000000c9800000|100%| E|CS|TAMS 0x00000000c9700000, 0x00000000c9700000| Complete 
|  84|0x00000000c9800000, 0x00000000c9900000, 0x00000000c9900000|100%| E|CS|TAMS 0x00000000c9800000, 0x00000000c9800000| Complete 

Card table byte_map: [0x0000018ac7b30000,0x0000018ac7d10000] _byte_map_base: 0x0000018ac750e000

Marking Bits (Prev, Next): (CMBitMap*) 0x0000018ab0a3fad0, (CMBitMap*) 0x0000018ab0a3fb10
 Prev Bits: [0x0000018ac7ef0000, 0x0000018ac8de0000)
 Next Bits: [0x0000018ac8de0000, 0x0000018ac9cd0000)

Polling page: 0x0000018aae700000

Metaspace:

Usage:
  Non-class:     47.22 MB used.
      Class:      6.79 MB used.
       Both:     54.01 MB used.

Virtual space:
  Non-class space:       64.00 MB reserved,      47.62 MB ( 74%) committed,  1 nodes.
      Class space:        1.00 GB reserved,       7.12 MB ( <1%) committed,  1 nodes.
             Both:        1.06 GB reserved,      54.75 MB (  5%) committed. 

Chunk freelists:
   Non-Class:  3.97 MB
       Class:  709.00 KB
        Both:  4.66 MB

MaxMetaspaceSize: unlimited
CompressedClassSpaceSize: 1.00 GB
Initial GC threshold: 21.00 MB
Current GC threshold: 58.88 MB
CDS: on
MetaspaceReclaimPolicy: balanced
 - commit_granule_bytes: 65536.
 - commit_granule_words: 8192.
 - virtual_space_node_default_size: 8388608.
 - enlarge_chunks_in_place: 1.
 - new_chunks_are_fully_committed: 0.
 - uncommit_free_chunks: 1.
 - use_allocation_guard: 0.


Internal statistics:

num_allocs_failed_limit: 6.
num_arena_births: 1198.
num_arena_deaths: 0.
num_vsnodes_births: 2.
num_vsnodes_deaths: 0.
num_space_committed: 876.
num_space_uncommitted: 0.
num_chunks_returned_to_freelist: 6.
num_chunks_taken_from_freelist: 3038.
num_chunk_merges: 6.
num_chunk_splits: 2095.
num_chunks_enlarged: 1574.
num_inconsistent_stats: 0.

CodeHeap 'non-profiled nmethods': size=120000Kb used=3983Kb max_used=3983Kb free=116017Kb
 bounds [0x0000018ac0420000, 0x0000018ac0810000, 0x0000018ac7950000]
CodeHeap 'profiled nmethods': size=120000Kb used=15172Kb max_used=15172Kb free=104827Kb
 bounds [0x0000018ab8950000, 0x0000018ab9830000, 0x0000018abfe80000]
CodeHeap 'non-nmethods': size=5760Kb used=1434Kb max_used=1469Kb free=4325Kb
 bounds [0x0000018abfe80000, 0x0000018ac00f0000, 0x0000018ac0420000]
 total_blobs=7974 nmethods=7309 adapters=575
 compilation: enabled
              stopped_count=0, restarted_count=0
 full_count=0

Compilation events (20 events):
Event: 270.343 Thread 0x0000018acc16da30 8075       3       jakarta.mail.internet.InternetHeaders$InternetHeader::getValue (85 bytes)
Event: 270.346 Thread 0x0000018acc16da30 nmethod 8075 0x0000018ab9818c90 code [0x0000018ab9818f20, 0x0000018ab9819bc8]
Event: 270.441 Thread 0x0000018acc15f880 nmethod 8074 0x0000018ac0801590 code [0x0000018ac08017e0, 0x0000018ac0802a70]
Event: 271.021 Thread 0x0000018acc16da30 8076       3       sun.nio.ch.SelectorImpl::end (9 bytes)
Event: 271.089 Thread 0x0000018acc16da30 nmethod 8076 0x0000018ab981a090 code [0x0000018ab981a260, 0x0000018ab981a5a8]
Event: 271.190 Thread 0x0000018acc16da30 8080   !   3       sun.nio.ch.NioSocketImpl::getOption (361 bytes)
Event: 271.194 Thread 0x0000018acc15f880 8084       4       java.util.Objects::checkFromToIndex (8 bytes)
Event: 271.195 Thread 0x0000018acc15f880 nmethod 8084 0x0000018ac0803890 code [0x0000018ac0803a20, 0x0000018ac0803ad8]
Event: 271.204 Thread 0x0000018acc16da30 nmethod 8080 0x0000018ab981a710 code [0x0000018ab981ac20, 0x0000018ab981d108]
Event: 271.205 Thread 0x0000018acc16da30 8082       3       ch.qos.logback.classic.Level::isGreaterOrEqual (17 bytes)
Event: 271.206 Thread 0x0000018acc16da30 nmethod 8082 0x0000018ab981e310 code [0x0000018ab981e4a0, 0x0000018ab981e618]
Event: 271.206 Thread 0x0000018acc16da30 8083       3       java.util.Formatter$FormatSpecifier::appendJustified (89 bytes)
Event: 271.208 Thread 0x0000018acc16da30 nmethod 8083 0x0000018ab981e710 code [0x0000018ab981e920, 0x0000018ab981f0a8]
Event: 271.209 Thread 0x0000018acc16da30 8081       3       java.net.DelegatingSocketImpl::getOption (9 bytes)
Event: 271.211 Thread 0x0000018acc16da30 nmethod 8081 0x0000018ab981f310 code [0x0000018ab981f4c0, 0x0000018ab981f688]
Event: 274.106 Thread 0x0000018acc16da30 8085       3       java.lang.CompoundEnumeration::hasMoreElements (5 bytes)
Event: 274.106 Thread 0x0000018acc16da30 nmethod 8085 0x0000018ab981f790 code [0x0000018ab981f940, 0x0000018ab981fa88]
Event: 274.921 Thread 0x0000018acc16da30 8086   !   3       sun.security.ssl.SSLSocketImpl::readApplicationRecord (138 bytes)
Event: 274.944 Thread 0x0000018acc16da30 nmethod 8086 0x0000018ab981fb10 code [0x0000018ab981fe00, 0x0000018ab9820b48]
Event: 275.186 Thread 0x0000018acc15f880 8087 %     4       com.sun.crypto.provider.AESCrypt::makeSessionKey @ 559 (899 bytes)

GC Heap History (20 events):
Event: 6.617 GC heap before
{Heap before GC invocations=8 (full 0):
 garbage-first heap   total 61440K, used 40910K [0x00000000c4400000, 0x0000000100000000)
  region size 1024K, 21 young (21504K), 1 survivors (1024K)
 Metaspace       used 22912K, committed 23360K, reserved 1114112K
  class space    used 2683K, committed 2880K, reserved 1048576K
}
Event: 6.622 GC heap after
{Heap after GC invocations=9 (full 0):
 garbage-first heap   total 61440K, used 21652K [0x00000000c4400000, 0x0000000100000000)
  region size 1024K, 2 young (2048K), 2 survivors (2048K)
 Metaspace       used 22912K, committed 23360K, reserved 1114112K
  class space    used 2683K, committed 2880K, reserved 1048576K
}
Event: 6.650 GC heap before
{Heap before GC invocations=9 (full 0):
 garbage-first heap   total 61440K, used 22676K [0x00000000c4400000, 0x0000000100000000)
  region size 1024K, 3 young (3072K), 2 survivors (2048K)
 Metaspace       used 23077K, committed 23488K, reserved 1114112K
  class space    used 2697K, committed 2880K, reserved 1048576K
}
Event: 6.654 GC heap after
{Heap after GC invocations=10 (full 0):
 garbage-first heap   total 61440K, used 21132K [0x00000000c4400000, 0x0000000100000000)
  region size 1024K, 1 young (1024K), 1 survivors (1024K)
 Metaspace       used 23077K, committed 23488K, reserved 1114112K
  class space    used 2697K, committed 2880K, reserved 1048576K
}
Event: 7.491 GC heap before
{Heap before GC invocations=10 (full 0):
 garbage-first heap   total 61440K, used 42636K [0x00000000c4400000, 0x0000000100000000)
  region size 1024K, 23 young (23552K), 1 survivors (1024K)
 Metaspace       used 25640K, committed 26048K, reserved 1114112K
  class space    used 3055K, committed 3264K, reserved 1048576K
}
Event: 7.495 GC heap after
{Heap after GC invocations=11 (full 0):
 garbage-first heap   total 87040K, used 22793K [0x00000000c4400000, 0x0000000100000000)
  region size 1024K, 2 young (2048K), 2 survivors (2048K)
 Metaspace       used 25640K, committed 26048K, reserved 1114112K
  class space    used 3055K, committed 3264K, reserved 1048576K
}
Event: 9.375 GC heap before
{Heap before GC invocations=11 (full 0):
 garbage-first heap   total 87040K, used 65801K [0x00000000c4400000, 0x0000000100000000)
  region size 1024K, 43 young (44032K), 2 survivors (2048K)
 Metaspace       used 33594K, committed 34176K, reserved 1114112K
  class space    used 4081K, committed 4352K, reserved 1048576K
}
Event: 9.387 GC heap after
{Heap after GC invocations=12 (full 0):
 garbage-first heap   total 87040K, used 26788K [0x00000000c4400000, 0x0000000100000000)
  region size 1024K, 6 young (6144K), 6 survivors (6144K)
 Metaspace       used 33594K, committed 34176K, reserved 1114112K
  class space    used 4081K, committed 4352K, reserved 1048576K
}
Event: 9.773 GC heap before
{Heap before GC invocations=12 (full 0):
 garbage-first heap   total 87040K, used 31908K [0x00000000c4400000, 0x0000000100000000)
  region size 1024K, 12 young (12288K), 6 survivors (6144K)
 Metaspace       used 35459K, committed 35968K, reserved 1114112K
  class space    used 4279K, committed 4544K, reserved 1048576K
}
Event: 9.782 GC heap after
{Heap after GC invocations=13 (full 0):
 garbage-first heap   total 87040K, used 28014K [0x00000000c4400000, 0x0000000100000000)
  region size 1024K, 2 young (2048K), 2 survivors (2048K)
 Metaspace       used 35459K, committed 35968K, reserved 1114112K
  class space    used 4279K, committed 4544K, reserved 1048576K
}
Event: 10.975 GC heap before
{Heap before GC invocations=14 (full 0):
 garbage-first heap   total 87040K, used 61806K [0x00000000c4400000, 0x0000000100000000)
  region size 1024K, 35 young (35840K), 2 survivors (2048K)
 Metaspace       used 41045K, committed 41600K, reserved 1114112K
  class space    used 5179K, committed 5440K, reserved 1048576K
}
Event: 10.983 GC heap after
{Heap after GC invocations=15 (full 0):
 garbage-first heap   total 87040K, used 31090K [0x00000000c4400000, 0x0000000100000000)
  region size 1024K, 5 young (5120K), 5 survivors (5120K)
 Metaspace       used 41045K, committed 41600K, reserved 1114112K
  class space    used 5179K, committed 5440K, reserved 1048576K
}
Event: 11.023 GC heap before
{Heap before GC invocations=15 (full 0):
 garbage-first heap   total 87040K, used 32114K [0x00000000c4400000, 0x0000000100000000)
  region size 1024K, 6 young (6144K), 5 survivors (5120K)
 Metaspace       used 41445K, committed 42048K, reserved 1114112K
  class space    used 5225K, committed 5504K, reserved 1048576K
}
Event: 11.031 GC heap after
{Heap after GC invocations=16 (full 0):
 garbage-first heap   total 87040K, used 30810K [0x00000000c4400000, 0x0000000100000000)
  region size 1024K, 1 young (1024K), 1 survivors (1024K)
 Metaspace       used 41445K, committed 42048K, reserved 1114112K
  class space    used 5225K, committed 5504K, reserved 1048576K
}
Event: 12.776 GC heap before
{Heap before GC invocations=16 (full 0):
 garbage-first heap   total 87040K, used 62554K [0x00000000c4400000, 0x0000000100000000)
  region size 1024K, 33 young (33792K), 1 survivors (1024K)
 Metaspace       used 48276K, committed 49024K, reserved 1114112K
  class space    used 6208K, committed 6592K, reserved 1048576K
}
Event: 12.784 GC heap after
{Heap after GC invocations=17 (full 0):
 garbage-first heap   total 87040K, used 34270K [0x00000000c4400000, 0x0000000100000000)
  region size 1024K, 4 young (4096K), 4 survivors (4096K)
 Metaspace       used 48276K, committed 49024K, reserved 1114112K
  class space    used 6208K, committed 6592K, reserved 1048576K
}
Event: 80.423 GC heap before
{Heap before GC invocations=17 (full 0):
 garbage-first heap   total 87040K, used 64990K [0x00000000c4400000, 0x0000000100000000)
  region size 1024K, 35 young (35840K), 4 survivors (4096K)
 Metaspace       used 54566K, committed 55296K, reserved 1114112K
  class space    used 6936K, committed 7296K, reserved 1048576K
}
Event: 81.192 GC heap after
{Heap after GC invocations=18 (full 0):
 garbage-first heap   total 87040K, used 36659K [0x00000000c4400000, 0x0000000100000000)
  region size 1024K, 3 young (3072K), 3 survivors (3072K)
 Metaspace       used 54566K, committed 55296K, reserved 1114112K
  class space    used 6936K, committed 7296K, reserved 1048576K
}
Event: 177.639 GC heap before
{Heap before GC invocations=18 (full 0):
 garbage-first heap   total 87040K, used 53043K [0x00000000c4400000, 0x0000000100000000)
  region size 1024K, 19 young (19456K), 3 survivors (3072K)
 Metaspace       used 54991K, committed 55744K, reserved 1114112K
  class space    used 6942K, committed 7296K, reserved 1048576K
}
Event: 178.023 GC heap after
{Heap after GC invocations=19 (full 0):
 garbage-first heap   total 87040K, used 36962K [0x00000000c4400000, 0x0000000100000000)
  region size 1024K, 1 young (1024K), 1 survivors (1024K)
 Metaspace       used 54991K, committed 55744K, reserved 1114112K
  class space    used 6942K, committed 7296K, reserved 1048576K
}

Dll operation events (13 events):
Event: 0.020 Loaded shared library C:\Program Files\Java\jdk-19\bin\java.dll
Event: 0.041 Loaded shared library C:\Program Files\Java\jdk-19\bin\jsvml.dll
Event: 1.056 Loaded shared library C:\Program Files\Java\jdk-19\bin\zip.dll
Event: 1.061 Loaded shared library C:\Program Files\Java\jdk-19\bin\instrument.dll
Event: 1.078 Loaded shared library C:\Program Files\Java\jdk-19\bin\net.dll
Event: 1.084 Loaded shared library C:\Program Files\Java\jdk-19\bin\nio.dll
Event: 1.095 Loaded shared library C:\Program Files\Java\jdk-19\bin\zip.dll
Event: 1.630 Loaded shared library C:\Program Files\Java\jdk-19\bin\extnet.dll
Event: 1.781 Loaded shared library C:\Program Files\Java\jdk-19\bin\jimage.dll
Event: 5.098 Loaded shared library C:\Program Files\Java\jdk-19\bin\sunmscapi.dll
Event: 8.492 Loaded shared library C:\Program Files\Java\jdk-19\bin\management.dll
Event: 8.497 Loaded shared library C:\Program Files\Java\jdk-19\bin\management_ext.dll
Event: 12.209 Loaded shared library C:\Program Files\Java\jdk-19\bin\verify.dll

Deoptimization events (20 events):
Event: 72.325 Thread 0x0000018ad04020b0 DEOPT PACKING pc=0x0000018ac0792d6c sp=0x00000027b52fd480
Event: 72.325 Thread 0x0000018ad04020b0 DEOPT UNPACKING pc=0x0000018abfeea5a3 sp=0x00000027b52fd418 mode 2
Event: 74.839 Thread 0x0000018ad04020b0 Uncommon trap: trap_request=0xffffffbe fr.pc=0x0000018ac0792d6c relative=0x00000000000004ac
Event: 74.839 Thread 0x0000018ad04020b0 Uncommon trap: reason=profile_predicate action=maybe_recompile pc=0x0000018ac0792d6c method=com.sun.crypto.provider.HmacCore.engineInit(Ljava/security/Key;Ljava/security/spec/AlgorithmParameterSpec;)V @ 88 c2
Event: 74.839 Thread 0x0000018ad04020b0 DEOPT PACKING pc=0x0000018ac0792d6c sp=0x00000027b52fd6a0
Event: 74.839 Thread 0x0000018ad04020b0 DEOPT UNPACKING pc=0x0000018abfeea5a3 sp=0x00000027b52fd638 mode 2
Event: 74.839 Thread 0x0000018ad04020b0 Uncommon trap: trap_request=0xffffffbe fr.pc=0x0000018ac0792d6c relative=0x00000000000004ac
Event: 74.839 Thread 0x0000018ad04020b0 Uncommon trap: reason=profile_predicate action=maybe_recompile pc=0x0000018ac0792d6c method=com.sun.crypto.provider.HmacCore.engineInit(Ljava/security/Key;Ljava/security/spec/AlgorithmParameterSpec;)V @ 88 c2
Event: 74.839 Thread 0x0000018ad04020b0 DEOPT PACKING pc=0x0000018ac0792d6c sp=0x00000027b52fd680
Event: 74.839 Thread 0x0000018ad04020b0 DEOPT UNPACKING pc=0x0000018abfeea5a3 sp=0x00000027b52fd618 mode 2
Event: 98.254 Thread 0x0000018ad04020b0 DEOPT PACKING pc=0x0000018ab950b55c sp=0x00000027b52fcf70
Event: 98.257 Thread 0x0000018ad04020b0 DEOPT UNPACKING pc=0x0000018abfeeb0e3 sp=0x00000027b52fc3f0 mode 0
Event: 103.871 Thread 0x0000018ad0405080 Uncommon trap: trap_request=0xffffff45 fr.pc=0x0000018ac05c592c relative=0x0000000000000b0c
Event: 103.872 Thread 0x0000018ad0405080 Uncommon trap: reason=unstable_if action=reinterpret pc=0x0000018ac05c592c method=java.util.concurrent.ConcurrentHashMap.putVal(Ljava/lang/Object;Ljava/lang/Object;Z)Ljava/lang/Object; @ 97 c2
Event: 103.872 Thread 0x0000018ad0405080 DEOPT PACKING pc=0x0000018ac05c592c sp=0x00000027b58fd0f0
Event: 103.872 Thread 0x0000018ad0405080 DEOPT UNPACKING pc=0x0000018abfeea5a3 sp=0x00000027b58fd078 mode 2
Event: 104.298 Thread 0x0000018ad04055d0 Uncommon trap: trap_request=0xffffff54 fr.pc=0x0000018ac04ffc98 relative=0x0000000000000dd8
Event: 104.298 Thread 0x0000018ad04055d0 Uncommon trap: reason=speculate_null_assert action=make_not_entrant pc=0x0000018ac04ffc98 method=java.lang.invoke.MethodType$ConcurrentWeakInternSet.add(Ljava/lang/Object;)Ljava/lang/Object; @ 47 c2
Event: 104.298 Thread 0x0000018ad04055d0 DEOPT PACKING pc=0x0000018ac04ffc98 sp=0x00000027b59fda40
Event: 104.299 Thread 0x0000018ad04055d0 DEOPT UNPACKING pc=0x0000018abfeea5a3 sp=0x00000027b59fd9e8 mode 2

Classes loaded (20 events):
Event: 20.175 Loading class sun/security/ssl/SSLEngineOutputRecord$HandshakeMemo
Event: 20.175 Loading class sun/security/ssl/SSLEngineOutputRecord$RecordMemo
Event: 20.175 Loading class sun/security/ssl/SSLEngineOutputRecord$RecordMemo done
Event: 20.175 Loading class sun/security/ssl/SSLEngineOutputRecord$HandshakeMemo done
Event: 20.192 Loading class sun/security/ssl/PreSharedKeyExtension$SHPreSharedKeySpec
Event: 20.193 Loading class sun/security/ssl/PreSharedKeyExtension$SHPreSharedKeySpec done
Event: 21.696 Loading class java/util/concurrent/ConcurrentLinkedQueue$Itr
Event: 21.697 Loading class java/util/concurrent/ConcurrentLinkedQueue$Itr done
Event: 103.837 Loading class sun/net/ConnectionResetException
Event: 103.860 Loading class sun/net/ConnectionResetException done
Event: 103.882 Loading class sun/net/util/SocketExceptions
Event: 103.953 Loading class sun/net/util/SocketExceptions done
Event: 104.737 Loading class java/io/PrintWriter$1
Event: 104.739 Loading class jdk/internal/access/JavaIOPrintWriterAccess
Event: 104.739 Loading class jdk/internal/access/JavaIOPrintWriterAccess done
Event: 104.740 Loading class java/io/PrintWriter$1 done
Event: 104.740 Loading class java/lang/Throwable$WrappedPrintWriter
Event: 104.742 Loading class java/lang/Throwable$PrintStreamOrWriter
Event: 104.743 Loading class java/lang/Throwable$PrintStreamOrWriter done
Event: 104.743 Loading class java/lang/Throwable$WrappedPrintWriter done

Classes unloaded (0 events):
No events

Classes redefined (0 events):
No events

Internal exceptions (20 events):
Event: 16.922 Thread 0x0000018ad04020b0 Implicit null exception at 0x0000018ac0492c4a to 0x0000018ac0493418
Event: 19.228 Thread 0x0000018ad04020b0 Exception <a 'java/lang/NoSuchMethodError'{0x00000000c84f23c8}: 'void java.lang.invoke.DelegatingMethodHandle$Holder.reinvoke_L(java.lang.Object, java.lang.Object, long, int, int)'> (0x00000000c84f23c8) 
thrown [s\open\src\hotspot\share\interpreter\linkResolver.cpp, line 774]
Event: 103.861 Thread 0x0000018ad0405080 Exception <a 'sun/net/ConnectionResetException'{0x00000000c9469e48}: Connection reset> (0x00000000c9469e48) 
thrown [s\open\src\hotspot\share\prims\jni.cpp, line 536]
Event: 103.861 Thread 0x0000018ad04055d0 Exception <a 'sun/net/ConnectionResetException'{0x00000000c945dc00}: Connection reset> (0x00000000c945dc00) 
thrown [s\open\src\hotspot\share\prims\jni.cpp, line 536]
Event: 103.877 Thread 0x0000018ad04055d0 Exception <a 'java/net/ConnectException'{0x00000000c94656e0}: Connection refused: no further information> (0x00000000c94656e0) 
thrown [s\open\src\hotspot\share\prims\jni.cpp, line 536]
Event: 103.880 Thread 0x0000018ad0405080 Exception <a 'java/net/ConnectException'{0x00000000c94717d0}: Connection refused: no further information> (0x00000000c94717d0) 
thrown [s\open\src\hotspot\share\prims\jni.cpp, line 536]
Event: 103.959 Thread 0x0000018ad0405080 Exception <a 'java/net/ConnectException'{0x00000000c9472320}: Connection refused: no further information> (0x00000000c9472320) 
thrown [s\open\src\hotspot\share\prims\jni.cpp, line 536]
Event: 103.960 Thread 0x0000018ad04055d0 Exception <a 'java/net/ConnectException'{0x00000000c94662d0}: Connection refused: no further information> (0x00000000c94662d0) 
thrown [s\open\src\hotspot\share\prims\jni.cpp, line 536]
Event: 105.375 Thread 0x0000018ad04055d0 Exception <a 'java/net/ConnectException'{0x00000000c93fabe8}: Connection refused: no further information> (0x00000000c93fabe8) 
thrown [s\open\src\hotspot\share\prims\jni.cpp, line 536]
Event: 105.378 Thread 0x0000018ad04055d0 Exception <a 'java/net/ConnectException'{0x00000000c9212dd8}: Connection refused: no further information> (0x00000000c9212dd8) 
thrown [s\open\src\hotspot\share\prims\jni.cpp, line 536]
Event: 105.384 Thread 0x0000018ad0405080 Exception <a 'java/net/ConnectException'{0x00000000c920d940}: Connection refused: no further information> (0x00000000c920d940) 
thrown [s\open\src\hotspot\share\prims\jni.cpp, line 536]
Event: 105.386 Thread 0x0000018ad0405080 Exception <a 'java/net/ConnectException'{0x00000000c9235750}: Connection refused: no further information> (0x00000000c9235750) 
thrown [s\open\src\hotspot\share\prims\jni.cpp, line 536]
Event: 137.358 Thread 0x0000018ad04055d0 Exception <a 'java/net/ConnectException'{0x00000000c8ede878}: Connection refused: no further information> (0x00000000c8ede878) 
thrown [s\open\src\hotspot\share\prims\jni.cpp, line 536]
Event: 137.361 Thread 0x0000018ad0405080 Exception <a 'java/net/ConnectException'{0x00000000c8ee7138}: Connection refused: no further information> (0x00000000c8ee7138) 
thrown [s\open\src\hotspot\share\prims\jni.cpp, line 536]
Event: 137.366 Thread 0x0000018ad0405080 Exception <a 'java/net/ConnectException'{0x00000000c8ee7c88}: Connection refused: no further information> (0x00000000c8ee7c88) 
thrown [s\open\src\hotspot\share\prims\jni.cpp, line 536]
Event: 137.368 Thread 0x0000018ad04055d0 Exception <a 'java/net/ConnectException'{0x00000000c8edf3c8}: Connection refused: no further information> (0x00000000c8edf3c8) 
thrown [s\open\src\hotspot\share\prims\jni.cpp, line 536]
Event: 178.126 Thread 0x0000018ad04055d0 Exception <a 'java/net/ConnectException'{0x00000000c98b5930}: Connection refused: no further information> (0x00000000c98b5930) 
thrown [s\open\src\hotspot\share\prims\jni.cpp, line 536]
Event: 178.127 Thread 0x0000018ad04055d0 Exception <a 'java/net/ConnectException'{0x00000000c98b6480}: Connection refused: no further information> (0x00000000c98b6480) 
thrown [s\open\src\hotspot\share\prims\jni.cpp, line 536]
Event: 178.138 Thread 0x0000018ad0405080 Exception <a 'java/net/ConnectException'{0x00000000c98acec0}: Connection refused: no further information> (0x00000000c98acec0) 
thrown [s\open\src\hotspot\share\prims\jni.cpp, line 536]
Event: 178.141 Thread 0x0000018ad0405080 Exception <a 'java/net/ConnectException'{0x00000000c98ada10}: Connection refused: no further information> (0x00000000c98ada10) 
thrown [s\open\src\hotspot\share\prims\jni.cpp, line 536]

VM Operations (20 events):
Event: 242.485 Executing VM operation: Cleanup
Event: 242.486 Executing VM operation: Cleanup done
Event: 243.493 Executing VM operation: Cleanup
Event: 243.493 Executing VM operation: Cleanup done
Event: 245.505 Executing VM operation: Cleanup
Event: 245.505 Executing VM operation: Cleanup done
Event: 246.509 Executing VM operation: Cleanup
Event: 246.509 Executing VM operation: Cleanup done
Event: 259.636 Executing VM operation: Cleanup
Event: 259.636 Executing VM operation: Cleanup done
Event: 262.678 Executing VM operation: Cleanup
Event: 262.678 Executing VM operation: Cleanup done
Event: 269.748 Executing VM operation: Cleanup
Event: 269.749 Executing VM operation: Cleanup done
Event: 270.757 Executing VM operation: Cleanup
Event: 270.759 Executing VM operation: Cleanup done
Event: 271.767 Executing VM operation: Cleanup
Event: 271.767 Executing VM operation: Cleanup done
Event: 273.784 Executing VM operation: Cleanup
Event: 273.784 Executing VM operation: Cleanup done

Events (20 events):
Event: 12.798 Thread 0x0000018ad37679f0 Thread added: 0x0000018ad37679f0
Event: 12.799 Thread 0x0000018ad0403b40 Thread added: 0x0000018ad0403b40
Event: 12.799 Thread 0x0000018ad0402b50 Thread added: 0x0000018ad0402b50
Event: 12.799 Thread 0x0000018ad04035f0 Thread added: 0x0000018ad04035f0
Event: 12.799 Thread 0x0000018ad04030a0 Thread added: 0x0000018ad04030a0
Event: 12.844 Thread 0x0000018ad04000d0 Thread added: 0x0000018ad04000d0
Event: 12.846 Thread 0x0000018ad0401610 Thread added: 0x0000018ad0401610
Event: 13.148 Thread 0x0000018ad0404090 Thread added: 0x0000018ad0404090
Event: 13.848 Thread 0x0000018ad0400b70 Thread added: 0x0000018ad0400b70
Event: 14.671 Thread 0x0000018ad04020b0 Thread added: 0x0000018ad04020b0
Event: 14.890 Thread 0x0000018ad04010c0 Thread added: 0x0000018ad04010c0
Event: 14.943 Thread 0x0000018ad0401b60 Thread added: 0x0000018ad0401b60
Event: 15.268 Thread 0x0000018acc1872f0 flushing nmethod 0x0000018ab91b5410
Event: 15.727 Thread 0x0000018ab09ff290 Thread exited: 0x0000018ab09ff290
Event: 15.727 Thread 0x0000018ad0400620 Thread added: 0x0000018ad0400620
Event: 19.240 Thread 0x0000018ad04045e0 Thread added: 0x0000018ad04045e0
Event: 22.161 Thread 0x0000018ad0404b30 Thread added: 0x0000018ad0404b30
Event: 42.766 Thread 0x0000018ad0405080 Thread added: 0x0000018ad0405080
Event: 42.767 Thread 0x0000018ad04055d0 Thread added: 0x0000018ad04055d0
Event: 73.124 Thread 0x0000018ad047cdd0 Thread exited: 0x0000018ad047cdd0


Dynamic libraries:
0x00007ff667350000 - 0x00007ff667360000 	C:\Program Files\Java\jdk-19\bin\java.exe
0x00007ff8f7e40000 - 0x00007ff8f80a6000 	C:\WINDOWS\SYSTEM32\ntdll.dll
0x00007ff8f7090000 - 0x00007ff8f7159000 	C:\WINDOWS\System32\KERNEL32.DLL
0x00007ff8f5050000 - 0x00007ff8f544f000 	C:\WINDOWS\System32\KERNELBASE.dll
0x00007ff8f58e0000 - 0x00007ff8f5a2c000 	C:\WINDOWS\System32\ucrtbase.dll
0x00007ff8d4780000 - 0x00007ff8d4798000 	C:\Program Files\Java\jdk-19\bin\jli.dll
0x00007ff8e02b0000 - 0x00007ff8e02cb000 	C:\Program Files\Java\jdk-19\bin\VCRUNTIME140.dll
0x00007ff8f7af0000 - 0x00007ff8f7bac000 	C:\WINDOWS\System32\ADVAPI32.dll
0x00007ff8f5ee0000 - 0x00007ff8f5f89000 	C:\WINDOWS\System32\msvcrt.dll
0x00007ff8f60c0000 - 0x00007ff8f616a000 	C:\WINDOWS\System32\sechost.dll
0x00007ff8f79d0000 - 0x00007ff8f7ae8000 	C:\WINDOWS\System32\RPCRT4.dll
0x00007ff8f5b70000 - 0x00007ff8f5d36000 	C:\WINDOWS\System32\USER32.dll
0x00007ff8f5520000 - 0x00007ff8f5547000 	C:\WINDOWS\System32\win32u.dll
0x00007ff8dafe0000 - 0x00007ff8db271000 	C:\WINDOWS\WinSxS\amd64_microsoft.windows.common-controls_6595b64144ccf1df_6.0.26100.8972_none_3e0da176e32f9d4b\COMCTL32.dll
0x00007ff8f5f90000 - 0x00007ff8f5fbb000 	C:\WINDOWS\System32\GDI32.dll
0x00007ff8f5a40000 - 0x00007ff8f5b69000 	C:\WINDOWS\System32\gdi32full.dll
0x00007ff8f5830000 - 0x00007ff8f58d3000 	C:\WINDOWS\System32\msvcp_win.dll
0x00007ff8ecd90000 - 0x00007ff8ecd9b000 	C:\WINDOWS\SYSTEM32\VERSION.dll
0x00007ff8f7d50000 - 0x00007ff8f7d82000 	C:\WINDOWS\System32\IMM32.DLL
0x00007ff8ef970000 - 0x00007ff8ef97c000 	C:\Program Files\Java\jdk-19\bin\vcruntime140_1.dll
0x00007ff884980000 - 0x00007ff884a0e000 	C:\Program Files\Java\jdk-19\bin\msvcp140.dll
0x00007ff875c10000 - 0x00007ff8768d0000 	C:\Program Files\Java\jdk-19\bin\server\jvm.dll
0x00007ff8e0780000 - 0x00007ff8e078a000 	C:\WINDOWS\SYSTEM32\WSOCK32.dll
0x00007ff8eb6c0000 - 0x00007ff8eb6f6000 	C:\WINDOWS\SYSTEM32\WINMM.dll
0x00007ff8f6710000 - 0x00007ff8f6792000 	C:\WINDOWS\System32\WS2_32.dll
0x00007ff8f3d20000 - 0x00007ff8f3d3b000 	C:\WINDOWS\SYSTEM32\kernel.appcore.dll
0x00007ff8e06e0000 - 0x00007ff8e06ea000 	C:\Program Files\Java\jdk-19\bin\jimage.dll
0x00007ff8f24e0000 - 0x00007ff8f2722000 	C:\WINDOWS\SYSTEM32\DBGHELP.DLL
0x00007ff8f7640000 - 0x00007ff8f79c5000 	C:\WINDOWS\System32\combase.dll
0x00007ff8f6170000 - 0x00007ff8f6249000 	C:\WINDOWS\System32\OLEAUT32.dll
0x00007ff8d28a0000 - 0x00007ff8d28db000 	C:\WINDOWS\SYSTEM32\dbgcore.DLL
0x00007ff8f5770000 - 0x00007ff8f581c000 	C:\WINDOWS\System32\bcryptPrimitives.dll
0x00007ff8cb470000 - 0x00007ff8cb47e000 	C:\Program Files\Java\jdk-19\bin\instrument.dll
0x00007ff8c7110000 - 0x00007ff8c7136000 	C:\Program Files\Java\jdk-19\bin\java.dll
0x00007ff8848a0000 - 0x00007ff884977000 	C:\Program Files\Java\jdk-19\bin\jsvml.dll
0x00007ff8f68f0000 - 0x00007ff8f7078000 	C:\WINDOWS\System32\SHELL32.dll
0x00007ff8f2ac0000 - 0x00007ff8f335b000 	C:\WINDOWS\SYSTEM32\windows.storage.dll
0x00007ff8f67a0000 - 0x00007ff8f6899000 	C:\WINDOWS\System32\SHCORE.dll
0x00007ff8f7d90000 - 0x00007ff8f7df6000 	C:\WINDOWS\System32\shlwapi.dll
0x00007ff8f4f70000 - 0x00007ff8f4f99000 	C:\WINDOWS\SYSTEM32\profapi.dll
0x00007ff8c7a50000 - 0x00007ff8c7a68000 	C:\Program Files\Java\jdk-19\bin\zip.dll
0x00007ff8cc130000 - 0x00007ff8cc143000 	C:\Program Files\Java\jdk-19\bin\net.dll
0x00007ff8ed6f0000 - 0x00007ff8ed818000 	C:\WINDOWS\SYSTEM32\WINHTTP.dll
0x00007ff8f42f0000 - 0x00007ff8f435c000 	C:\WINDOWS\system32\mswsock.dll
0x00007ff8cb590000 - 0x00007ff8cb5a6000 	C:\Program Files\Java\jdk-19\bin\nio.dll
0x00007ff8cc880000 - 0x00007ff8cc888000 	C:\Program Files\Java\jdk-19\bin\extnet.dll
0x00007ff8f36c0000 - 0x00007ff8f36f3000 	C:\WINDOWS\SYSTEM32\IPHLPAPI.DLL
0x00007ff8f71f0000 - 0x00007ff8f71fa000 	C:\WINDOWS\System32\NSI.dll
0x00007ff8ef140000 - 0x00007ff8ef15d000 	C:\WINDOWS\SYSTEM32\dhcpcsvc6.DLL
0x00007ff8ef110000 - 0x00007ff8ef135000 	C:\WINDOWS\SYSTEM32\dhcpcsvc.DLL
0x00007ff8f3750000 - 0x00007ff8f38a8000 	C:\WINDOWS\SYSTEM32\DNSAPI.dll
0x00007ff8f40d0000 - 0x00007ff8f40dd000 	C:\WINDOWS\SYSTEM32\DSPARSE.dll
0x00007ff8ecd80000 - 0x00007ff8ecd8b000 	C:\Windows\System32\rasadhlp.dll
0x00007ff8ef290000 - 0x00007ff8ef316000 	C:\WINDOWS\System32\fwpuclnt.dll
0x00007ff8d7eb0000 - 0x00007ff8d7ebe000 	C:\Program Files\Java\jdk-19\bin\sunmscapi.dll
0x00007ff8f55e0000 - 0x00007ff8f575e000 	C:\WINDOWS\System32\CRYPT32.dll
0x00007ff8f4820000 - 0x00007ff8f4850000 	C:\WINDOWS\SYSTEM32\ncrypt.dll
0x00007ff8f47d0000 - 0x00007ff8f480f000 	C:\WINDOWS\SYSTEM32\NTASN1.dll
0x00007ff8f45e0000 - 0x00007ff8f45fb000 	C:\WINDOWS\SYSTEM32\CRYPTSP.dll
0x00007ff8f3c80000 - 0x00007ff8f3cb9000 	C:\WINDOWS\system32\rsaenh.dll
0x00007ff8f43a0000 - 0x00007ff8f43d2000 	C:\WINDOWS\SYSTEM32\USERENV.dll
0x00007ff8f4f40000 - 0x00007ff8f4f6a000 	C:\WINDOWS\SYSTEM32\bcrypt.dll
0x00007ff8f4600000 - 0x00007ff8f460c000 	C:\WINDOWS\SYSTEM32\CRYPTBASE.dll
0x00007ff8cc4f0000 - 0x00007ff8cc4fa000 	C:\Program Files\Java\jdk-19\bin\management.dll
0x00007ff8cb650000 - 0x00007ff8cb65b000 	C:\Program Files\Java\jdk-19\bin\management_ext.dll
0x00007ff8f6250000 - 0x00007ff8f6258000 	C:\WINDOWS\System32\PSAPI.DLL
0x00007ff8cb310000 - 0x00007ff8cb320000 	C:\Program Files\Java\jdk-19\bin\verify.dll
0x00007ff8c6200000 - 0x00007ff8c6208000 	C:\WINDOWS\system32\wshunix.dll
0x00007ff8ce220000 - 0x00007ff8ce238000 	C:\WINDOWS\system32\napinsp.dll
0x00007ff8ce740000 - 0x00007ff8ce753000 	C:\WINDOWS\System32\winrnr.dll
0x00007ff8ce130000 - 0x00007ff8ce152000 	C:\WINDOWS\system32\nlansp_c.dll
0x00007ff8ce110000 - 0x00007ff8ce126000 	C:\WINDOWS\system32\wshbth.dll

dbghelp: loaded successfully - version: 4.0.5 - missing functions: none
symbol engine: initialized successfully - sym options: 0x614 - pdb path: .;C:\Program Files\Java\jdk-19\bin;C:\WINDOWS\SYSTEM32;C:\WINDOWS\WinSxS\amd64_microsoft.windows.common-controls_6595b64144ccf1df_6.0.26100.8972_none_3e0da176e32f9d4b;C:\Program Files\Java\jdk-19\bin\server

VM Arguments:
jvm_args: -javaagent:C:\Program Files\JetBrains\IntelliJ IDEA 2025.2.5\lib\idea_rt.jar=20158 -Dfile.encoding=UTF-8 -Dsun.stdout.encoding=UTF-8 -Dsun.stderr.encoding=UTF-8 
java_command: com.fundoo.notificationservice.NotificationServiceApplication
java_class_path (initial): D:\Bridgelabz Java\Backend Development\Microservices\FundooApp\notification-service\target\classes;C:\Users\user\.m2\repository\org\springframework\boot\spring-boot-starter-web\3.5.3\spring-boot-starter-web-3.5.3.jar;C:\Users\user\.m2\repository\org\springframework\boot\spring-boot-starter\3.5.3\spring-boot-starter-3.5.3.jar;C:\Users\user\.m2\repository\org\springframework\boot\spring-boot\3.5.3\spring-boot-3.5.3.jar;C:\Users\user\.m2\repository\org\springframework\boot\spring-boot-autoconfigure\3.5.3\spring-boot-autoconfigure-3.5.3.jar;C:\Users\user\.m2\repository\org\springframework\boot\spring-boot-starter-logging\3.5.3\spring-boot-starter-logging-3.5.3.jar;C:\Users\user\.m2\repository\ch\qos\logback\logback-classic\1.5.18\logback-classic-1.5.18.jar;C:\Users\user\.m2\repository\ch\qos\logback\logback-core\1.5.18\logback-core-1.5.18.jar;C:\Users\user\.m2\repository\org\apache\logging\log4j\log4j-to-slf4j\2.24.3\log4j-to-slf4j-2.24.3.jar;C:\Users\user\.m2\repository\org\apache\logging\log4j\log4j-api\2.24.3\log4j-api-2.24.3.jar;C:\Users\user\.m2\repository\org\slf4j\jul-to-slf4j\2.0.17\jul-to-slf4j-2.0.17.jar;C:\Users\user\.m2\repository\jakarta\annotation\jakarta.annotation-api\2.1.1\jakarta.annotation-api-2.1.1.jar;C:\Users\user\.m2\repository\org\yaml\snakeyaml\2.4\snakeyaml-2.4.jar;C:\Users\user\.m2\repository\org\springframework\boot\spring-boot-starter-json\3.5.3\spring-boot-starter-json-3.5.3.jar;C:\Users\user\.m2\repository\com\fasterxml\jackson\core\jackson-databind\2.19.1\jackson-databind-2.19.1.jar;C:\Users\user\.m2\repository\com\fasterxml\jackson\datatype\jackson-datatype-jdk8\2.19.1\jackson-datatype-jdk8-2.19.1.jar;C:\Users\user\.m2\repository\com\fasterxml\jackson\datatype\jackson-datatype-jsr310\2.19.1\jackson-datatype-jsr310-2.19.1.jar;C:\Users\user\.m2\repository\com\fasterxml\jackson\module\jackson-module-parameter-names\2.19.1\jackson-module-parameter-names-2.19.1.jar;C:\Users\user\.m2\repository\org\springframework\boot\spring-boot-starter-tomcat\3.5.3\spring-boot-starter-tomcat-3.5.3.jar;C:\Users\user\.m2\repository\org\apache\tomcat\embed\tomcat-embed-core\10.1.42\tomcat-embed-core-10.1.42.jar;C:\Users\user\.m2\repository\org\apache\tomcat\embed\tomcat-embed-el\10.1.42\tomcat-embed-el-10.1.42.jar;C:\Users\user\.m2\repository\org\apache\tomcat\embed\tomcat-embed-websocket\10.1.42\tomcat-embed-websocket-10.1.42.jar;C:\Users\user\.m2\repository\org\springframework\spring-web\6.2.8\spring-web-6.2.8.jar;C:\Users\user\.m2\repository\org\springframework\spring-beans\6.2.8\spring-beans-6.2.8.jar;C:\Users\user\.m2\repository\org\springframework\spring-webmvc\6.2.8\spring-webmvc-6.2.8.jar;C:\Users\user\.m2\repository\org\springframework\spring-aop\6.2.8\spring-aop-6.2.8.jar;C:\Users\user\.m2\repository\org\springframework\spring-context\6.2.8\spring-context-6.2.8.jar;C:\Users\user\.m2\repository\org\springframework\spring-expression\6.2.8\spring-expression-6.2.8.jar;C:\Users\user\.m2\repository\org\springframework\cloud\spring-cloud-starter-netflix-eureka-client\4.3.0\spring-cloud-starter-netflix-eureka-client-4.3.0.jar;C:\Users\user\.m2\repository\org\springframework\cloud\spring-cloud-starter\4.3.0\spring-cloud-starter-4.3.0.jar;C:\Users\user\.m2\repository\org\springframework\cloud\spring-cloud-context\4.3.0\spring-cloud-context-4.3.0.jar;C:\Users\user\.m2\repository\org\springframework\security\spring-security-crypto\6.5.1\spring-security-crypto-6.5.1.jar;C:\Users\user\.m2\repository\org\springframework\cloud\spring-cloud-commons\4.3.0\spring-cloud-commons-4.3.0.jar;C:\Users\user\.m2\repository\org\bouncycastle\bcprov-jdk18on\1.80\bcprov-jdk18on-1.80.jar;C:\Users\user\.m2\repository\org\springframework\cloud\spring-cloud-netflix-eureka-client\4.3.0\spring-cloud-netflix-eureka-client-4.3.0.jar;C:\Users\user\.m2\repository\org\apache\httpcomponents\client5\httpclient5\5.5\httpclient5-5.5.jar;C:\Users\user\.m2\repository\org\apache\httpcomponents\core5\httpcore5\5.3.4\httpcore5-5.3.4.jar;C:\Users\user\.m2\repository\org\apache\httpcomponents\core5\httpcore5-h2\5.3.4\httpcore5-h2-5.3.4.jar;C:\Users\user\.m2\repository\com\netflix\eureka\eureka-client\2.0.4\eureka-client-2.0.4.jar;C:\Users\user\.m2\repository\com\thoughtworks\xstream\xstream\1.4.20\xstream-1.4.20.jar;C:\Users\user\.m2\repository\io\github\x-stream\mxparser\1.2.2\mxparser-1.2.2.jar;C:\Users\user\.m2\repository\xmlpull\xmlpull\1.1.3.1\xmlpull-1.1.3.1.jar;C:\Users\user\.m2\repository\jakarta\ws\rs\jakarta.ws.rs-api\3.1.0\jakarta.ws.rs-api-3.1.0.jar;C:\Users\user\.m2\repository\jakarta\inject\jakarta.inject-api\2.0.1\jakarta.inject-api-2.0.1.jar;C:\Users\user\.m2\repository\com\netflix\spectator\spectator-api\1.7.3\spectator-api-1.7.3.jar;C:\Users\user\.m2\repository\org\slf4j\slf4j-api\2.0.17\slf4j-api-2.0.17.jar;C:\Users\user\.m2\repository\org\apache\httpcomponents\httpclient\4.5.3\httpclient-4.5.3.jar;C:\Users\user\.m2\repository\org\apache\httpcomponents\httpcore\4.4.16\httpcore-4.4.16.jar;C:\Users\user\.m2\repository\commons-codec\commons-codec\1.18.0\commons-codec-1.18.0.jar;C:\Users\user\.m2\repository\commons-configuration\commons-configuration\1.10\commons-configuration-1.10.jar;C:\Users\user\.m2\repository\commons-lang\commons-lang\2.6\commons-lang-2.6.jar;C:\Users\user\.m2\repository\com\fasterxml\jackson\core\jackson-annotations\2.19.1\jackson-annotations-2.19.1.jar;C:\Users\user\.m2\repository\com\fasterxml\jackson\core\jackson-core\2.19.1\jackson-core-2.19.1.jar;C:\Users\user\.m2\repository\com\netflix\netflix-commons\netflix-eventbus\0.3.0\netflix-eventbus-0.3.0.jar;C:\Users\user\.m2\repository\com\netflix\netflix-commons\netflix-infix\0.3.0\netflix-infix-0.3.0.jar;C:\Users\user\.m2\repository\commons-jxpath\commons-jxpath\1.3\commons-jxpath-1.3.jar;C:\Users\user\.m2\repository\joda-time\joda-time\2.3\joda-time-2.3.jar;C:\Users\user\.m2\repository\org\antlr\antlr-runtime\3.4\antlr-runtime-3.4.jar;C:\Users\user\.m2\repository\org\antlr\stringtemplate\3.2.1\stringtemplate-3.2.1.jar;C:\Users\user\.m2\repository\antlr\antlr\2.7.7\antlr-2.7.7.jar;C:\Users\user\.m2\repository\com\google\guava\guava\14.0.1\guava-14.0.1.jar;C:\Users\user\.m2\repository\com\google\code\gson\gson\2.13.1\gson-2.13.1.jar;C:\Users\user\.m2\repository\com\google\errorprone\error_prone_annotations\2.38.0\error_prone_annotations-2.38.0.jar;C:\Users\user\.m2\repository\com\netflix\servo\servo-core\0.5.3\servo-core-0.5.3.jar;C:\Users\user\.m2\repository\org\apache\commons\commons-math\2.2\commons-math-2.2.jar;C:\Users\user\.m2\repository\javax\annotation\javax.annotation-api\1.2\javax.annotation-api-1.2.jar;C:\Users\user\.m2\repository\org\codehaus\jettison\jettison\1.5.4\jettison-1.5.4.jar;C:\Users\user\.m2\repository\org\springframework\cloud\spring-cloud-starter-loadbalancer\4.3.0\spring-cloud-starter-loadbalancer-4.3.0.jar;C:\Users\user\.m2\repository\org\springframework\cloud\spring-cloud-loadbalancer\4.3.0\spring-cloud-loadbalancer-4.3.0.jar;C:\Users\user\.m2\repository\io\projectreactor\reactor-core\3.7.7\reactor-core-3.7.7.jar;C:\Users\user\.m2\repository\org\reactivestreams\reactive-streams\1.0.4\reactive-streams-1.0.4.jar;C:\Users\user\.m2\repository\io\projectreactor\addons\reactor-extra\3.5.2\reactor-extra-3.5.2.jar;C:\Users\user\.m2\repository\org\springframework\boot\spring-boot-starter-cache\3.5.3\spring-boot-starter-cache-3.5.3.jar;C:\Users\user\.m2\repository\com\stoyanr\evictor\1.0.0\evictor-1.0.0.jar;C:\Users\user\.m2\repository\org\springframework\boot\spring-boot-starter-amqp\3.5.3\spring-boot-starter-amqp-3.5.3.jar;C:\Users\user\.m2\repository\org\springframework\spring-messaging\6.2.8\spring-messaging-6.2.8.jar;C:\Users\user\.m2\repository\org\springframework\amqp\spring-rabbit\3.2.5\spring-rabbit-3.2.5.jar;C:\Users\user\.m2\repository\org\springframework\amqp\spring-amqp\3.2.5\spring-amqp-3.2.5.jar;C:\Users\user\.m2\repository\org\springframework\retry\spring-retry\2.0.12\spring-retry-2.0.12.jar;C:\Users\user\.m2\repository\com\rabbitmq\amqp-client\5.25.0\amqp-client-5.25.0.jar;C:\Users\user\.m2\repository\org\springframework\spring-tx\6.2.8\spring-tx-6.2.8.jar;C:\Users\user\.m2\repository\org\springframework\boot\spring-boot-starter-mail\3.5.3\spring-boot-starter-mail-3.5.3.jar;C:\Users\user\.m2\repository\org\springframework\spring-context-support\6.2.8\spring-context-support-6.2.8.jar;C:\Users\user\.m2\repository\org\eclipse\angus\jakarta.mail\2.0.3\jakarta.mail-2.0.3.jar;C:\Users\user\.m2\repository\jakarta\activation\jakarta.activation-api\2.1.3\jakarta.activation-api-2.1.3.jar;C:\Users\user\.m2\repository\org\eclipse\angus\angus-activation\2.0.2\angus-activation-2.0.2.jar;C:\Users\user\.m2\repository\org\springframework\boot\spring-boot-starter-actuator\3.5.3\spring-boot-starter-actuator-3.5.3.jar;C:\Users\user\.m2\repository\org\springframework\boot\spring-boot-actuator-autoconfigure\3.5.3\spring-boot-actuator-autoconfigure-3.5.3.jar;C:\Users\user\.m2\repository\org\springframework\boot\spring-boot-actuator\3.5.3\spring-boot-actuator-3.5.3.jar;C:\Users\user\.m2\repository\io\micrometer\micrometer-observation\1.15.1\micrometer-observation-1.15.1.jar;C:\Users\user\.m2\repository\io\micrometer\micrometer-commons\1.15.1\micrometer-commons-1.15.1.jar;C:\Users\user\.m2\repository\io\micrometer\micrometer-jakarta9\1.15.1\micrometer-jakarta9-1.15.1.jar;C:\Users\user\.m2\repository\io\micrometer\micrometer-core\1.15.1\micrometer-core-1.15.1.jar;C:\Users\user\.m2\repository\org\hdrhistogram\HdrHistogram\2.2.2\HdrHistogram-2.2.2.jar;C:\Users\user\.m2\repository\org\latencyutils\LatencyUtils\2.0.3\LatencyUtils-2.0.3.jar;C:\Users\user\.m2\repository\org\projectlombok\lombok\1.18.38\lombok-1.18.38.jar;C:\Users\user\.m2\repository\org\springframework\spring-core\6.2.8\spring-core-6.2.8.jar;C:\Users\user\.m2\repository\org\springframework\spring-jcl\6.2.8\spring-jcl-6.2.8.jar
Launcher Type: SUN_STANDARD

[Global flags]
     intx CICompilerCount                          = 3                                         {product} {ergonomic}
     uint ConcGCThreads                            = 1                                         {product} {ergonomic}
     uint G1ConcRefinementThreads                  = 4                                         {product} {ergonomic}
   size_t G1HeapRegionSize                         = 1048576                                   {product} {ergonomic}
    uintx GCDrainStackTargetSize                   = 64                                        {product} {ergonomic}
   size_t InitialHeapSize                          = 62914560                                  {product} {ergonomic}
   size_t MarkStackSize                            = 4194304                                   {product} {ergonomic}
   size_t MaxHeapSize                              = 1002438656                                {product} {ergonomic}
   size_t MaxNewSize                               = 600834048                                 {product} {ergonomic}
   size_t MinHeapDeltaBytes                        = 1048576                                   {product} {ergonomic}
   size_t MinHeapSize                              = 8388608                                   {product} {ergonomic}
    uintx NonNMethodCodeHeapSize                   = 5832780                                {pd product} {ergonomic}
    uintx NonProfiledCodeHeapSize                  = 122912730                              {pd product} {ergonomic}
    uintx ProfiledCodeHeapSize                     = 122912730                              {pd product} {ergonomic}
    uintx ReservedCodeCacheSize                    = 251658240                              {pd product} {ergonomic}
     bool SegmentedCodeCache                       = true                                      {product} {ergonomic}
   size_t SoftMaxHeapSize                          = 1002438656                             {manageable} {ergonomic}
     bool UseCompressedClassPointers               = true                           {product lp64_product} {ergonomic}
     bool UseCompressedOops                        = true                           {product lp64_product} {ergonomic}
     bool UseG1GC                                  = true                                      {product} {ergonomic}
     bool UseLargePagesIndividualAllocation        = false                                  {pd product} {ergonomic}

Logging:
Log output configuration:
 #0: stdout all=warning uptime,level,tags foldmultilines=false
 #1: stderr all=off uptime,level,tags foldmultilines=false

Environment Variables:
JAVA_HOME=C:\Program Files\Java\jdk-19
PATH=C:\Program Files\Java\jdk-19\bin;C:\Program Files\Common Files\Oracle\Java\javapath;C:\WINDOWS\system32;C:\WINDOWS;C:\WINDOWS\System32\Wbem;C:\WINDOWS\System32\WindowsPowerShell\v1.0\;C:\WINDOWS\System32\OpenSSH\;C:\Program Files\dotnet\;C:\MinGW\bin;C:\Program Files\apache-maven-3.9.2\bin;C:\Program Files\Git\cmd;C:\ProgramData\chocolatey\bin;C:\Users\user\AppData\Local\nvm;C:\nvm4w\nodejs;C:\Program Files\nodejs\;C:\Program Files\Java\jdk-19\bin;C:\Program Files\Erlang OTP\bin;C:\Program Files\MySQL\MySQL Shell 8.0\bin\;C:\Users\user\AppData\Local\Microsoft\WindowsApps;C:\Program Files\Git\cmd;C:\Users\user\AppData\Local\Programs\Microsoft VS Code\bin;E:\MinGW\bin;C:\Program Files\MySQL\MySQL Server 8.0\bin;C:\Users\user\eclipse-workspace\PabitraJava\bin;C:\Program Files\Java\jdk-19\bin;C:\Users\user\eclipse-workspace\javaHibernate;C:\Program Files\apache-maven-3.9.2\bin;C:\Users\user\AppData\Local\nvm;C:\nvm4w\nodejs;C:\Program Files\PostgreSQL\17\bin;C:\Users\user\AppData\Roaming\npm;C:\Program Files\JetBrains\IntelliJ IDEA 2025.2.5\bin;C:\Program Files\JetBrains\PyCharm 2026.1.1\bin;C:\Program Files\Java\jdk-19\bin;C:\Program Files\Redis
USERNAME=user
OS=Windows_NT
PROCESSOR_IDENTIFIER=Intel64 Family 6 Model 140 Stepping 1, GenuineIntel
TMP=C:\Users\user\AppData\Local\Temp
TEMP=C:\Users\user\AppData\Local\Temp



---------------  S Y S T E M  ---------------

OS:
 Windows 11 , 64 bit Build 26100 (10.0.26100.9168)
OS uptime: 0 days 2:20 hours
Hyper-V role detected

CPU: total 4 (initial active 4) (2 cores per cpu, 2 threads per core) family 6 model 140 stepping 1 microcode 0xbe, cx8, cmov, fxsr, ht, mmx, 3dnowpref, sse, sse2, sse3, ssse3, sse4.1, sse4.2, popcnt, lzcnt, tsc, tscinvbit, avx, avx2, aes, erms, clmul, bmi1, bmi2, adx, avx512f, avx512dq, avx512cd, avx512bw, avx512vl, sha, fma, vzeroupper, avx512_vpopcntdq, avx512_vpclmulqdq, avx512_vaes, avx512_vnni, clflush, clflushopt, clwb, avx512_vbmi2, avx512_vbmi, hv, rdtscp, rdpid, fsrm, gfni, avx512_bitalg

Memory: 4k page, system-wide physical 3818M (30M free)
TotalPageFile size 15594M (AvailPageFile size 0M)
current process WorkingSet (physical memory assigned to process): 57M, peak: 242M
current process commit charge ("private bytes"): 259M, peak: 275M

vm_info: Java HotSpot(TM) 64-Bit Server VM (19.0.1+10-21) for windows-amd64 JRE (19.0.1+10-21), built on 2022-09-14T12:45:06Z by "mach5one" with MS VC++ 17.1 (VS2022)

END.
