#
# There is insufficient memory for the Java Runtime Environment to continue.
# Native memory allocation (malloc) failed to allocate 32744 bytes for Chunk::new
# Possible reasons:
#   The system is out of physical RAM or swap space
#   The process is running with CompressedOops enabled, and the Java Heap may be blocking the growth of the native heap
# Possible solutions:
#   Reduce memory load on the system
#   Increase physical memory or swap space
#   Check if swap backing store is full
#   Decrease Java heap size (-Xmx/-Xms)
#   Decrease number of Java threads
#   Decrease Java thread stack sizes (-Xss)
#   Set larger code cache with -XX:ReservedCodeCacheSize=
#   JVM is running with Unscaled Compressed Oops mode in which the Java heap is
#     placed in the first 4GB address space. The Java Heap base address is the
#     maximum limit for the native heap growth. Please use -XX:HeapBaseMinAddress
#     to set the Java Heap base and to place the Java Heap above 4GB virtual address.
# This output file may be truncated or incomplete.
#
#  Out of Memory Error (arena.cpp:184), pid=4816, tid=9980
#
# JRE version: Java(TM) SE Runtime Environment (19.0.1+10) (build 19.0.1+10-21)
# Java VM: Java HotSpot(TM) 64-Bit Server VM (19.0.1+10-21, mixed mode, sharing, tiered, compressed oops, compressed class ptrs, g1 gc, windows-amd64)
# No core dump will be written. Minidumps are not enabled by default on client versions of Windows
#

---------------  S U M M A R Y ------------

Command Line: -javaagent:C:\Program Files\JetBrains\IntelliJ IDEA 2025.2.5\lib\idea_rt.jar=59243 -Dfile.encoding=UTF-8 -Dsun.stdout.encoding=UTF-8 -Dsun.stderr.encoding=UTF-8 com.fundoo.eureka.EurekaServerApplication

Host: 11th Gen Intel(R) Core(TM) i3-1115G4 @ 3.00GHz, 4 cores, 3G,  Windows 11 , 64 bit Build 26100 (10.0.26100.8521)
Time: Tue Jul 14 15:42:46 2026 India Standard Time elapsed time: 1345.057077 seconds (0d 0h 22m 25s)

---------------  T H R E A D  ---------------

Current thread (0x0000020dc1458760):  JavaThread "C2 CompilerThread0" daemon [_thread_in_native, id=9980, stack(0x0000006945900000,0x0000006945a00000)]


Current CompileTask:
C2:1345057 9985   !   4       org.jvnet.hk2.internal.SystemDescriptor::create (200 bytes)

Stack: [0x0000006945900000,0x0000006945a00000]
Native frames: (J=compiled Java code, j=interpreted, Vv=VM code, C=native code)
V  [jvm.dll+0x6ee8fa]
V  [jvm.dll+0x857a1e]
V  [jvm.dll+0x85940e]
V  [jvm.dll+0x859ac3]
V  [jvm.dll+0x28291f]
V  [jvm.dll+0xc9b5f]
V  [jvm.dll+0xc9ee5]
V  [jvm.dll+0x67a47e]
V  [jvm.dll+0x67a61f]
V  [jvm.dll+0x68012c]
V  [jvm.dll+0x68113c]
V  [jvm.dll+0x67f594]
V  [jvm.dll+0x24c14e]
V  [jvm.dll+0x24b671]
V  [jvm.dll+0x1d6d61]
V  [jvm.dll+0x25b0fa]
V  [jvm.dll+0x259588]
V  [jvm.dll+0x807928]
V  [jvm.dll+0x8015fa]
V  [jvm.dll+0x6ed5eb]
C  [ucrtbase.dll+0x2cd30]
C  [KERNEL32.DLL+0x2e957]
C  [ntdll.dll+0x87c1c]


---------------  P R O C E S S  ---------------

Threads class SMR info:
_java_thread_list=0x0000020dc60c25c0, length=60, elements={
0x0000020dc1445440, 0x0000020dc1448b90, 0x0000020dc144a530, 0x0000020dc144ce70,
0x0000020dc144e4b0, 0x0000020dc144faf0, 0x0000020dc1458760, 0x0000020dc14719c0,
0x0000020dc1490b10, 0x0000020dc5883c10, 0x0000020dc5aaa4b0, 0x0000020dc5eb7dd0,
0x0000020dc8bd15b0, 0x0000020dc8bd0070, 0x0000020dc8bd0b10, 0x0000020dc5951e50,
0x0000020dc59503c0, 0x0000020dc594ee80, 0x0000020dc594f920, 0x0000020dc594f3d0,
0x0000020dc594fe70, 0x0000020dc59523a0, 0x0000020dc5953390, 0x0000020dc59528f0,
0x0000020dc59513b0, 0x0000020dc5953e30, 0x0000020dc5952e40, 0x0000020dc59538e0,
0x0000020dc5954380, 0x0000020dc5950910, 0x0000020dc5950e60, 0x0000020dc5955370,
0x0000020dc59568b0, 0x0000020dc5956360, 0x0000020dc5954e20, 0x0000020dc59558c0,
0x0000020dc59548d0, 0x0000020dc5955e10, 0x0000020dc889eae0, 0x0000020dc889c5b0,
0x0000020dc889f030, 0x0000020dc889f580, 0x0000020dc889daf0, 0x0000020dc889fad0,
0x0000020dc889cb00, 0x0000020dc889d050, 0x0000020dc889c060, 0x0000020dc88a0ac0,
0x0000020dc88a0570, 0x0000020dc88a1010, 0x0000020dc889e590, 0x0000020dc88a0020,
0x0000020dc889d5a0, 0x0000020dc88a2aa0, 0x0000020dc88a1560, 0x0000020dc88a2000,
0x0000020dc88a2ff0, 0x0000020dc88a1ab0, 0x0000020dc88a3540, 0x0000020dc88a3a90
}

Java Threads: ( => current thread )
  0x0000020dc1445440 JavaThread "Reference Handler" daemon [_thread_blocked, id=11004, stack(0x0000006945300000,0x0000006945400000)]
  0x0000020dc1448b90 JavaThread "Finalizer" daemon [_thread_blocked, id=12732, stack(0x0000006945400000,0x0000006945500000)]
  0x0000020dc144a530 JavaThread "Signal Dispatcher" daemon [_thread_blocked, id=4540, stack(0x0000006945500000,0x0000006945600000)]
  0x0000020dc144ce70 JavaThread "Attach Listener" daemon [_thread_blocked, id=5304, stack(0x0000006945600000,0x0000006945700000)]
  0x0000020dc144e4b0 JavaThread "Service Thread" daemon [_thread_blocked, id=12972, stack(0x0000006945700000,0x0000006945800000)]
  0x0000020dc144faf0 JavaThread "Monitor Deflation Thread" daemon [_thread_blocked, id=8768, stack(0x0000006945800000,0x0000006945900000)]
=>0x0000020dc1458760 JavaThread "C2 CompilerThread0" daemon [_thread_in_native, id=9980, stack(0x0000006945900000,0x0000006945a00000)]
  0x0000020dc14719c0 JavaThread "C1 CompilerThread0" daemon [_thread_blocked, id=1044, stack(0x0000006945a00000,0x0000006945b00000)]
  0x0000020dc1490b10 JavaThread "Sweeper thread" daemon [_thread_blocked, id=9924, stack(0x0000006945b00000,0x0000006945c00000)]
  0x0000020dc5883c10 JavaThread "Common-Cleaner" daemon [_thread_blocked, id=9396, stack(0x0000006945c00000,0x0000006945d00000)]
  0x0000020dc5aaa4b0 JavaThread "Monitor Ctrl-Break" daemon [_thread_in_native, id=4924, stack(0x0000006945d00000,0x0000006945e00000)]
  0x0000020dc5eb7dd0 JavaThread "Notification Thread" daemon [_thread_blocked, id=2488, stack(0x0000006945e00000,0x0000006945f00000)]
  0x0000020dc8bd15b0 JavaThread "Catalina-utility-1" [_thread_blocked, id=8212, stack(0x0000006946300000,0x0000006946400000)]
  0x0000020dc8bd0070 JavaThread "Catalina-utility-2" [_thread_blocked, id=7456, stack(0x0000006946400000,0x0000006946500000)]
  0x0000020dc8bd0b10 JavaThread "container-0" [_thread_blocked, id=11064, stack(0x0000006946500000,0x0000006946600000)]
  0x0000020dc5951e50 JavaThread "spectator-gauge-polling-0" daemon [_thread_blocked, id=7540, stack(0x0000006946700000,0x0000006946800000)]
  0x0000020dc59503c0 JavaThread "Eureka-DeltaRetentionTimer" daemon [_thread_blocked, id=9936, stack(0x0000006946800000,0x0000006946900000)]
  0x0000020dc594ee80 JavaThread "Eureka-EvictionTimer" daemon [_thread_blocked, id=5552, stack(0x0000006946900000,0x0000006946a00000)]
  0x0000020dc594f920 JavaThread "Eureka-MeasureRateTimer" daemon [_thread_blocked, id=9756, stack(0x0000006946a00000,0x0000006946b00000)]
  0x0000020dc594f3d0 JavaThread "ReplicaAwareInstanceRegistry - RenewalThresholdUpdater" daemon [_thread_blocked, id=7736, stack(0x0000006946b00000,0x0000006946c00000)]
  0x0000020dc594fe70 JavaThread "Eureka-MeasureRateTimer" daemon [_thread_blocked, id=8024, stack(0x0000006946c00000,0x0000006946d00000)]
  0x0000020dc59523a0 JavaThread "Eureka-Jersey3Client-Conn-Cleaner2" daemon [_thread_blocked, id=7732, stack(0x0000006946d00000,0x0000006946e00000)]
  0x0000020dc5953390 JavaThread "TaskAcceptor-target_localhost" daemon [_thread_blocked, id=13160, stack(0x0000006946e00000,0x0000006946f00000)]
  0x0000020dc59528f0 JavaThread "TaskBatchingWorker-target_localhost-0" daemon [_thread_blocked, id=12740, stack(0x0000006946f00000,0x0000006947000000)]
  0x0000020dc59513b0 JavaThread "TaskBatchingWorker-target_localhost-1" daemon [_thread_blocked, id=6172, stack(0x0000006947000000,0x0000006947100000)]
  0x0000020dc5953e30 JavaThread "TaskBatchingWorker-target_localhost-2" daemon [_thread_blocked, id=1448, stack(0x0000006947100000,0x0000006947200000)]
  0x0000020dc5952e40 JavaThread "TaskBatchingWorker-target_localhost-3" daemon [_thread_blocked, id=4312, stack(0x0000006947200000,0x0000006947300000)]
  0x0000020dc59538e0 JavaThread "TaskBatchingWorker-target_localhost-4" daemon [_thread_blocked, id=12024, stack(0x0000006947300000,0x0000006947400000)]
  0x0000020dc5954380 JavaThread "TaskBatchingWorker-target_localhost-5" daemon [_thread_blocked, id=3384, stack(0x0000006947400000,0x0000006947500000)]
  0x0000020dc5950910 JavaThread "TaskBatchingWorker-target_localhost-6" daemon [_thread_blocked, id=9148, stack(0x0000006947500000,0x0000006947600000)]
  0x0000020dc5950e60 JavaThread "TaskBatchingWorker-target_localhost-7" daemon [_thread_blocked, id=10224, stack(0x0000006947600000,0x0000006947700000)]
  0x0000020dc5955370 JavaThread "TaskBatchingWorker-target_localhost-8" daemon [_thread_blocked, id=1872, stack(0x0000006947700000,0x0000006947800000)]
  0x0000020dc59568b0 JavaThread "TaskBatchingWorker-target_localhost-9" daemon [_thread_blocked, id=11632, stack(0x0000006947800000,0x0000006947900000)]
  0x0000020dc5956360 JavaThread "TaskBatchingWorker-target_localhost-10" daemon [_thread_blocked, id=10124, stack(0x0000006947900000,0x0000006947a00000)]
  0x0000020dc5954e20 JavaThread "TaskBatchingWorker-target_localhost-11" daemon [_thread_blocked, id=10100, stack(0x0000006947a00000,0x0000006947b00000)]
  0x0000020dc59558c0 JavaThread "TaskBatchingWorker-target_localhost-12" daemon [_thread_blocked, id=13004, stack(0x0000006947b00000,0x0000006947c00000)]
  0x0000020dc59548d0 JavaThread "TaskBatchingWorker-target_localhost-13" daemon [_thread_blocked, id=13072, stack(0x0000006947c00000,0x0000006947d00000)]
  0x0000020dc5955e10 JavaThread "TaskBatchingWorker-target_localhost-14" daemon [_thread_blocked, id=2484, stack(0x0000006947d00000,0x0000006947e00000)]
  0x0000020dc889eae0 JavaThread "TaskBatchingWorker-target_localhost-15" daemon [_thread_blocked, id=9212, stack(0x0000006947e00000,0x0000006947f00000)]
  0x0000020dc889c5b0 JavaThread "TaskBatchingWorker-target_localhost-16" daemon [_thread_blocked, id=11212, stack(0x0000006947f00000,0x0000006948000000)]
  0x0000020dc889f030 JavaThread "TaskBatchingWorker-target_localhost-17" daemon [_thread_blocked, id=7276, stack(0x0000006948000000,0x0000006948100000)]
  0x0000020dc889f580 JavaThread "TaskBatchingWorker-target_localhost-18" daemon [_thread_blocked, id=7500, stack(0x0000006948100000,0x0000006948200000)]
  0x0000020dc889daf0 JavaThread "TaskBatchingWorker-target_localhost-19" daemon [_thread_blocked, id=3296, stack(0x0000006948200000,0x0000006948300000)]
  0x0000020dc889fad0 JavaThread "TaskAcceptor-localhost" daemon [_thread_blocked, id=6344, stack(0x0000006948300000,0x0000006948400000)]
  0x0000020dc889cb00 JavaThread "TaskNonBatchingWorker-localhost-0" daemon [_thread_blocked, id=8932, stack(0x0000006948400000,0x0000006948500000)]
  0x0000020dc889d050 JavaThread "Eureka-PeerNodesUpdater" daemon [_thread_blocked, id=12588, stack(0x0000006948500000,0x0000006948600000)]
  0x0000020dc889c060 JavaThread "Eureka-CacheFillTimer" daemon [_thread_blocked, id=8128, stack(0x0000006948600000,0x0000006948700000)]
  0x0000020dc88a0ac0 JavaThread "http-nio-8761-exec-1" daemon [_thread_blocked, id=11484, stack(0x0000006948800000,0x0000006948900000)]
  0x0000020dc88a0570 JavaThread "http-nio-8761-exec-2" daemon [_thread_blocked, id=8664, stack(0x0000006948900000,0x0000006948a00000)]
  0x0000020dc88a1010 JavaThread "http-nio-8761-exec-3" daemon [_thread_blocked, id=13080, stack(0x0000006948a00000,0x0000006948b00000)]
  0x0000020dc889e590 JavaThread "http-nio-8761-exec-4" daemon [_thread_blocked, id=7888, stack(0x0000006948b00000,0x0000006948c00000)]
  0x0000020dc88a0020 JavaThread "http-nio-8761-exec-5" daemon [_thread_blocked, id=11780, stack(0x0000006948c00000,0x0000006948d00000)]
  0x0000020dc889d5a0 JavaThread "http-nio-8761-exec-6" daemon [_thread_blocked, id=2872, stack(0x0000006948d00000,0x0000006948e00000)]
  0x0000020dc88a2aa0 JavaThread "http-nio-8761-exec-7" daemon [_thread_blocked, id=10608, stack(0x0000006948e00000,0x0000006948f00000)]
  0x0000020dc88a1560 JavaThread "http-nio-8761-exec-8" daemon [_thread_blocked, id=7568, stack(0x0000006948f00000,0x0000006949000000)]
  0x0000020dc88a2000 JavaThread "http-nio-8761-exec-9" daemon [_thread_blocked, id=11924, stack(0x0000006949000000,0x0000006949100000)]
  0x0000020dc88a2ff0 JavaThread "http-nio-8761-exec-10" daemon [_thread_blocked, id=4240, stack(0x0000006949100000,0x0000006949200000)]
  0x0000020dc88a1ab0 JavaThread "http-nio-8761-Poller" daemon [_thread_in_native, id=12764, stack(0x0000006949200000,0x0000006949300000)]
  0x0000020dc88a3540 JavaThread "http-nio-8761-Acceptor" daemon [_thread_in_native, id=10264, stack(0x0000006949300000,0x0000006949400000)]
  0x0000020dc88a3a90 JavaThread "DestroyJavaVM" [_thread_blocked, id=11732, stack(0x0000006944c00000,0x0000006944d00000)]

Other Threads:
  0x0000020dc142d260 VMThread "VM Thread" [stack: 0x0000006945200000,0x0000006945300000] [id=12640]
  0x0000020da3d24180 WatcherThread "VM Periodic Task Thread" [stack: 0x0000006945f00000,0x0000006946000000] [id=3552]
  0x0000020da3d625e0 WorkerThread "GC Thread#0" [stack: 0x0000006944d00000,0x0000006944e00000] [id=9948]
  0x0000020dc5fb3330 WorkerThread "GC Thread#1" [stack: 0x0000006946000000,0x0000006946100000] [id=10804]
  0x0000020dc5fe3930 WorkerThread "GC Thread#2" [stack: 0x0000006946100000,0x0000006946200000] [id=8876]
  0x0000020dc5fe3c00 WorkerThread "GC Thread#3" [stack: 0x0000006946200000,0x0000006946300000] [id=12952]
  0x0000020da3d6da50 ConcurrentGCThread "G1 Main Marker" [stack: 0x0000006944e00000,0x0000006944f00000] [id=11744]
  0x0000020da3d6f200 WorkerThread "G1 Conc#0" [stack: 0x0000006944f00000,0x0000006945000000] [id=6464]
  0x0000020da3dca080 ConcurrentGCThread "G1 Refine#0" [stack: 0x0000006945000000,0x0000006945100000] [id=13084]
  0x0000020da3dcaad0 ConcurrentGCThread "G1 Service" [stack: 0x0000006945100000,0x0000006945200000] [id=6048]

Threads with active compile tasks:
C2 CompilerThread0  1345142 9985   !   4       org.jvnet.hk2.internal.SystemDescriptor::create (200 bytes)

VM state: not at safepoint (normal execution)

VM Mutex/Monitor currently owned by a thread: None

Heap address: 0x00000000c4400000, size: 956 MB, Compressed Oops mode: 32-bit

CDS archive(s) mapped at: [0x0000000800000000-0x0000000800c40000-0x0000000800c40000), size 12845056, SharedBaseAddress: 0x0000000800000000, ArchiveRelocationMode: 0.
Compressed class space mapped at: 0x0000000801000000-0x0000000841000000, reserved size: 1073741824
Narrow klass base: 0x0000000800000000, Narrow klass shift: 0, Narrow klass range: 0x100000000

GC Precious Log:
 CardTable entry size: 512
 Card Set container configuration: InlinePtr #cards 5 size 8 Array Of Cards #cards 12 size 40 Howl #buckets 4 coarsen threshold 1843 Howl Bitmap #cards 512 size 80 coarsen threshold 460 Card regions per heap region 1 cards per card region 2048
 CPUs: 4 total, 4 available
 Memory: 3818M
 Large Page Support: Disabled
 NUMA Support: Disabled
 Compressed Oops: Enabled (32-bit)
 Heap Region Size: 1M
 Heap Min Capacity: 8M
 Heap Initial Capacity: 60M
 Heap Max Capacity: 956M
 Pre-touch: Disabled
 Parallel Workers: 4
 Concurrent Workers: 1
 Concurrent Refinement Workers: 4
 Periodic GC: Disabled

Heap:
 garbage-first heap   total 73728K, used 43912K [0x00000000c4400000, 0x0000000100000000)
  region size 1024K, 4 young (4096K), 1 survivors (1024K)
 Metaspace       used 62068K, committed 62912K, reserved 1114112K
  class space    used 7783K, committed 8192K, reserved 1048576K

Heap Regions: E=young(eden), S=young(survivor), O=old, HS=humongous(starts), HC=humongous(continues), CS=collection set, F=free, OA=open archive, CA=closed archive, TAMS=top-at-mark-start (previous, next)
|   0|0x00000000c4400000, 0x00000000c4500000, 0x00000000c4500000|100%|HS|  |TAMS 0x00000000c4500000, 0x00000000c4400000| Complete 
|   1|0x00000000c4500000, 0x00000000c4600000, 0x00000000c4600000|100%| O|  |TAMS 0x00000000c4600000, 0x00000000c4500000| Untracked 
|   2|0x00000000c4600000, 0x00000000c4700000, 0x00000000c4700000|100%| O|  |TAMS 0x00000000c4700000, 0x00000000c4600000| Untracked 
|   3|0x00000000c4700000, 0x00000000c4800000, 0x00000000c4800000|100%| O|  |TAMS 0x00000000c4800000, 0x00000000c4700000| Untracked 
|   4|0x00000000c4800000, 0x00000000c4900000, 0x00000000c4900000|100%| O|  |TAMS 0x00000000c4900000, 0x00000000c4800000| Untracked 
|   5|0x00000000c4900000, 0x00000000c4a00000, 0x00000000c4a00000|100%| O|  |TAMS 0x00000000c4a00000, 0x00000000c4900000| Untracked 
|   6|0x00000000c4a00000, 0x00000000c4b00000, 0x00000000c4b00000|100%| O|  |TAMS 0x00000000c4b00000, 0x00000000c4a00000| Untracked 
|   7|0x00000000c4b00000, 0x00000000c4c00000, 0x00000000c4c00000|100%| O|  |TAMS 0x00000000c4c00000, 0x00000000c4b00000| Untracked 
|   8|0x00000000c4c00000, 0x00000000c4d00000, 0x00000000c4d00000|100%| O|  |TAMS 0x00000000c4d00000, 0x00000000c4c00000| Untracked 
|   9|0x00000000c4d00000, 0x00000000c4e00000, 0x00000000c4e00000|100%| O|  |TAMS 0x00000000c4e00000, 0x00000000c4d00000| Untracked 
|  10|0x00000000c4e00000, 0x00000000c4f00000, 0x00000000c4f00000|100%| O|  |TAMS 0x00000000c4f00000, 0x00000000c4e00000| Untracked 
|  11|0x00000000c4f00000, 0x00000000c5000000, 0x00000000c5000000|100%| O|  |TAMS 0x00000000c5000000, 0x00000000c4f00000| Untracked 
|  12|0x00000000c5000000, 0x00000000c5100000, 0x00000000c5100000|100%| O|  |TAMS 0x00000000c5000000, 0x00000000c5000000| Untracked 
|  13|0x00000000c5100000, 0x00000000c5200000, 0x00000000c5200000|100%| O|  |TAMS 0x00000000c5200000, 0x00000000c5100000| Untracked 
|  14|0x00000000c5200000, 0x00000000c5300000, 0x00000000c5300000|100%| O|  |TAMS 0x00000000c5300000, 0x00000000c5200000| Untracked 
|  15|0x00000000c5300000, 0x00000000c5400000, 0x00000000c5400000|100%| O|  |TAMS 0x00000000c5400000, 0x00000000c5300000| Untracked 
|  16|0x00000000c5400000, 0x00000000c5500000, 0x00000000c5500000|100%| O|  |TAMS 0x00000000c5500000, 0x00000000c5400000| Untracked 
|  17|0x00000000c5500000, 0x00000000c5600000, 0x00000000c5600000|100%| O|  |TAMS 0x00000000c5600000, 0x00000000c5500000| Untracked 
|  18|0x00000000c5600000, 0x00000000c5700000, 0x00000000c5700000|100%| O|  |TAMS 0x00000000c5700000, 0x00000000c5600000| Untracked 
|  19|0x00000000c5700000, 0x00000000c5800000, 0x00000000c5800000|100%| O|  |TAMS 0x00000000c5800000, 0x00000000c5700000| Untracked 
|  20|0x00000000c5800000, 0x00000000c58a9c00, 0x00000000c5900000| 66%| O|  |TAMS 0x00000000c5800000, 0x00000000c5800000| Untracked 
|  21|0x00000000c5900000, 0x00000000c5a00000, 0x00000000c5a00000|100%| O|  |TAMS 0x00000000c5a00000, 0x00000000c5900000| Untracked 
|  22|0x00000000c5a00000, 0x00000000c5b00000, 0x00000000c5b00000|100%| O|  |TAMS 0x00000000c5b00000, 0x00000000c5a00000| Untracked 
|  23|0x00000000c5b00000, 0x00000000c5b00000, 0x00000000c5c00000|  0%| F|  |TAMS 0x00000000c5b00000, 0x00000000c5b00000| Untracked 
|  24|0x00000000c5c00000, 0x00000000c5d00000, 0x00000000c5d00000|100%| O|  |TAMS 0x00000000c5d00000, 0x00000000c5c00000| Untracked 
|  25|0x00000000c5d00000, 0x00000000c5e00000, 0x00000000c5e00000|100%| O|  |TAMS 0x00000000c5e00000, 0x00000000c5d00000| Untracked 
|  26|0x00000000c5e00000, 0x00000000c5f00000, 0x00000000c5f00000|100%| O|  |TAMS 0x00000000c5f00000, 0x00000000c5e00000| Untracked 
|  27|0x00000000c5f00000, 0x00000000c6000000, 0x00000000c6000000|100%| O|  |TAMS 0x00000000c6000000, 0x00000000c5f00000| Untracked 
|  28|0x00000000c6000000, 0x00000000c6100000, 0x00000000c6100000|100%| O|  |TAMS 0x00000000c6100000, 0x00000000c6000000| Untracked 
|  29|0x00000000c6100000, 0x00000000c6200000, 0x00000000c6200000|100%| O|  |TAMS 0x00000000c6200000, 0x00000000c6100000| Untracked 
|  30|0x00000000c6200000, 0x00000000c6300000, 0x00000000c6300000|100%| O|  |TAMS 0x00000000c6300000, 0x00000000c6200000| Untracked 
|  31|0x00000000c6300000, 0x00000000c6400000, 0x00000000c6400000|100%| O|  |TAMS 0x00000000c6400000, 0x00000000c6300000| Untracked 
|  32|0x00000000c6400000, 0x00000000c6500000, 0x00000000c6500000|100%| O|  |TAMS 0x00000000c6500000, 0x00000000c6400000| Untracked 
|  33|0x00000000c6500000, 0x00000000c6600000, 0x00000000c6600000|100%| O|  |TAMS 0x00000000c6600000, 0x00000000c6500000| Untracked 
|  34|0x00000000c6600000, 0x00000000c6700000, 0x00000000c6700000|100%| O|  |TAMS 0x00000000c6700000, 0x00000000c6600000| Untracked 
|  35|0x00000000c6700000, 0x00000000c6700000, 0x00000000c6800000|  0%| F|  |TAMS 0x00000000c6700000, 0x00000000c6700000| Untracked 
|  36|0x00000000c6800000, 0x00000000c6900000, 0x00000000c6900000|100%| O|  |TAMS 0x00000000c6900000, 0x00000000c6800000| Untracked 
|  37|0x00000000c6900000, 0x00000000c6a00000, 0x00000000c6a00000|100%| O|  |TAMS 0x00000000c6a00000, 0x00000000c6900000| Untracked 
|  38|0x00000000c6a00000, 0x00000000c6b00000, 0x00000000c6b00000|100%| O|  |TAMS 0x00000000c6b00000, 0x00000000c6a00000| Untracked 
|  39|0x00000000c6b00000, 0x00000000c6c00000, 0x00000000c6c00000|100%| O|  |TAMS 0x00000000c6c00000, 0x00000000c6b00000| Untracked 
|  40|0x00000000c6c00000, 0x00000000c6d00000, 0x00000000c6d00000|100%| O|  |TAMS 0x00000000c6d00000, 0x00000000c6c00000| Untracked 
|  41|0x00000000c6d00000, 0x00000000c6e00000, 0x00000000c6e00000|100%| O|  |TAMS 0x00000000c6e00000, 0x00000000c6d00000| Untracked 
|  42|0x00000000c6e00000, 0x00000000c6f00000, 0x00000000c6f00000|100%| O|  |TAMS 0x00000000c6e9a600, 0x00000000c6e00000| Untracked 
|  43|0x00000000c6f00000, 0x00000000c6f00000, 0x00000000c7000000|  0%| F|  |TAMS 0x00000000c6f00000, 0x00000000c6f00000| Untracked 
|  44|0x00000000c7000000, 0x00000000c7000000, 0x00000000c7100000|  0%| F|  |TAMS 0x00000000c7000000, 0x00000000c7000000| Untracked 
|  45|0x00000000c7100000, 0x00000000c7100000, 0x00000000c7200000|  0%| F|  |TAMS 0x00000000c7100000, 0x00000000c7100000| Untracked 
|  46|0x00000000c7200000, 0x00000000c7200000, 0x00000000c7300000|  0%| F|  |TAMS 0x00000000c7200000, 0x00000000c7200000| Untracked 
|  47|0x00000000c7300000, 0x00000000c7300000, 0x00000000c7400000|  0%| F|  |TAMS 0x00000000c7300000, 0x00000000c7300000| Untracked 
|  48|0x00000000c7400000, 0x00000000c7400000, 0x00000000c7500000|  0%| F|  |TAMS 0x00000000c7400000, 0x00000000c7400000| Untracked 
|  49|0x00000000c7500000, 0x00000000c7500000, 0x00000000c7600000|  0%| F|  |TAMS 0x00000000c7500000, 0x00000000c7500000| Untracked 
|  50|0x00000000c7600000, 0x00000000c7600000, 0x00000000c7700000|  0%| F|  |TAMS 0x00000000c7600000, 0x00000000c7600000| Untracked 
|  51|0x00000000c7700000, 0x00000000c7700000, 0x00000000c7800000|  0%| F|  |TAMS 0x00000000c7700000, 0x00000000c7700000| Untracked 
|  52|0x00000000c7800000, 0x00000000c7800000, 0x00000000c7900000|  0%| F|  |TAMS 0x00000000c7800000, 0x00000000c7800000| Untracked 
|  53|0x00000000c7900000, 0x00000000c7900000, 0x00000000c7a00000|  0%| F|  |TAMS 0x00000000c7900000, 0x00000000c7900000| Untracked 
|  54|0x00000000c7a00000, 0x00000000c7a00000, 0x00000000c7b00000|  0%| F|  |TAMS 0x00000000c7a00000, 0x00000000c7a00000| Untracked 
|  55|0x00000000c7b00000, 0x00000000c7b00000, 0x00000000c7c00000|  0%| F|  |TAMS 0x00000000c7b00000, 0x00000000c7b00000| Untracked 
|  56|0x00000000c7c00000, 0x00000000c7c00000, 0x00000000c7d00000|  0%| F|  |TAMS 0x00000000c7c00000, 0x00000000c7c00000| Untracked 
|  57|0x00000000c7d00000, 0x00000000c7d00000, 0x00000000c7e00000|  0%| F|  |TAMS 0x00000000c7d00000, 0x00000000c7d00000| Untracked 
|  58|0x00000000c7e00000, 0x00000000c7e00000, 0x00000000c7f00000|  0%| F|  |TAMS 0x00000000c7e00000, 0x00000000c7e00000| Untracked 
|  59|0x00000000c7f00000, 0x00000000c7f00000, 0x00000000c8000000|  0%| F|  |TAMS 0x00000000c7f00000, 0x00000000c7f00000| Untracked 
|  60|0x00000000c8000000, 0x00000000c8000000, 0x00000000c8100000|  0%| F|  |TAMS 0x00000000c8000000, 0x00000000c8000000| Untracked 
|  61|0x00000000c8100000, 0x00000000c8100000, 0x00000000c8200000|  0%| F|  |TAMS 0x00000000c8100000, 0x00000000c8100000| Untracked 
|  62|0x00000000c8200000, 0x00000000c8200000, 0x00000000c8300000|  0%| F|  |TAMS 0x00000000c8200000, 0x00000000c8200000| Untracked 
|  63|0x00000000c8300000, 0x00000000c8300000, 0x00000000c8400000|  0%| F|  |TAMS 0x00000000c8300000, 0x00000000c8300000| Untracked 
|  64|0x00000000c8400000, 0x00000000c8400000, 0x00000000c8500000|  0%| F|  |TAMS 0x00000000c8400000, 0x00000000c8400000| Untracked 
|  65|0x00000000c8500000, 0x00000000c8500000, 0x00000000c8600000|  0%| F|  |TAMS 0x00000000c8500000, 0x00000000c8500000| Untracked 
|  66|0x00000000c8600000, 0x00000000c8600000, 0x00000000c8700000|  0%| F|  |TAMS 0x00000000c8600000, 0x00000000c8600000| Untracked 
|  67|0x00000000c8700000, 0x00000000c8700000, 0x00000000c8800000|  0%| F|  |TAMS 0x00000000c8700000, 0x00000000c8700000| Untracked 
|  68|0x00000000c8800000, 0x00000000c8838540, 0x00000000c8900000| 22%| S|CS|TAMS 0x00000000c8800000, 0x00000000c8800000| Complete 
|  69|0x00000000c8900000, 0x00000000c8945790, 0x00000000c8a00000| 27%| E|  |TAMS 0x00000000c8900000, 0x00000000c8900000| Complete 
|  70|0x00000000c8a00000, 0x00000000c8b00000, 0x00000000c8b00000|100%| E|CS|TAMS 0x00000000c8a00000, 0x00000000c8a00000| Complete 
|  71|0x00000000c8b00000, 0x00000000c8c00000, 0x00000000c8c00000|100%| E|CS|TAMS 0x00000000c8b00000, 0x00000000c8b00000| Complete 

Card table byte_map: [0x0000020dbcd10000,0x0000020dbcef0000] _byte_map_base: 0x0000020dbc6ee000

Marking Bits (Prev, Next): (CMBitMap*) 0x0000020da3d62b60, (CMBitMap*) 0x0000020da3d62b20
 Prev Bits: [0x0000020dbdfc0000, 0x0000020dbeeb0000)
 Next Bits: [0x0000020dbd0d0000, 0x0000020dbdfc0000)

Polling page: 0x0000020da3ae0000

Metaspace:

Usage:
  Non-class:     53.01 MB used.
      Class:      7.60 MB used.
       Both:     60.61 MB used.

Virtual space:
  Non-class space:       64.00 MB reserved,      53.44 MB ( 83%) committed,  1 nodes.
      Class space:        1.00 GB reserved,       8.00 MB ( <1%) committed,  1 nodes.
             Both:        1.06 GB reserved,      61.44 MB (  6%) committed. 

Chunk freelists:
   Non-Class:  1.76 MB
       Class:  3.91 MB
        Both:  5.67 MB

MaxMetaspaceSize: unlimited
CompressedClassSpaceSize: 1.00 GB
Initial GC threshold: 21.00 MB
Current GC threshold: 101.19 MB
CDS: on
MetaspaceReclaimPolicy: balanced
 - commit_granule_bytes: 65536.
 - commit_granule_words: 8192.
 - virtual_space_node_default_size: 8388608.
 - enlarge_chunks_in_place: 1.
 - new_chunks_are_fully_committed: 0.
 - uncommit_free_chunks: 1.
 - use_allocation_guard: 0.


Internal statistics:

num_allocs_failed_limit: 8.
num_arena_births: 1280.
num_arena_deaths: 0.
num_vsnodes_births: 2.
num_vsnodes_deaths: 0.
num_space_committed: 983.
num_space_uncommitted: 0.
num_chunks_returned_to_freelist: 8.
num_chunks_taken_from_freelist: 3472.
num_chunk_merges: 8.
num_chunk_splits: 2403.
num_chunks_enlarged: 1820.
num_inconsistent_stats: 0.

CodeHeap 'non-profiled nmethods': size=120000Kb used=5150Kb max_used=5150Kb free=114849Kb
 bounds [0x0000020db4fc0000, 0x0000020db54d0000, 0x0000020dbc4f0000]
CodeHeap 'profiled nmethods': size=120000Kb used=18565Kb max_used=18565Kb free=101434Kb
 bounds [0x0000020dad4f0000, 0x0000020dae720000, 0x0000020db4a20000]
CodeHeap 'non-nmethods': size=5760Kb used=1437Kb max_used=1476Kb free=4322Kb
 bounds [0x0000020db4a20000, 0x0000020db4c90000, 0x0000020db4fc0000]
 total_blobs=9699 nmethods=9023 adapters=585
 compilation: enabled
              stopped_count=0, restarted_count=0
 full_count=0

Compilation events (20 events):
Event: 1338.752 Thread 0x0000020dc14719c0 9975       3       java.lang.StringConcatHelper::prepend (22 bytes)
Event: 1338.757 Thread 0x0000020dc14719c0 nmethod 9975 0x0000020dae70d610 code [0x0000020dae70d7e0, 0x0000020dae70da68]
Event: 1338.798 Thread 0x0000020dc14719c0 9977       3       org.apache.tomcat.util.buf.MessageBytes::setLong (189 bytes)
Event: 1338.829 Thread 0x0000020dc14719c0 nmethod 9977 0x0000020dae70db90 code [0x0000020dae70dda0, 0x0000020dae70e588]
Event: 1338.829 Thread 0x0000020dc14719c0 9976       3       org.apache.coyote.http11.Http11Processor::prepareSendfile (94 bytes)
Event: 1338.847 Thread 0x0000020dc1458760 nmethod 9973 0x0000020db54c6210 code [0x0000020db54c63c0, 0x0000020db54c6b58]
Event: 1338.852 Thread 0x0000020dc14719c0 nmethod 9976 0x0000020dae70e910 code [0x0000020dae70eb60, 0x0000020dae70f588]
Event: 1339.647 Thread 0x0000020dc1458760 9979       4       org.glassfish.jersey.message.internal.TracingLogger::getInstance (38 bytes)
Event: 1339.648 Thread 0x0000020dc14719c0 9980       3       org.apache.coyote.http11.Http11OutputBuffer::sendStatus (113 bytes)
Event: 1339.663 Thread 0x0000020dc14719c0 nmethod 9980 0x0000020dae70f990 code [0x0000020dae70fc60, 0x0000020dae710988]
Event: 1339.670 Thread 0x0000020dc1458760 nmethod 9979 0x0000020db54c7010 code [0x0000020db54c71a0, 0x0000020db54c7278]
Event: 1339.962 Thread 0x0000020dc1458760 9981       4       org.glassfish.jersey.internal.util.collection.Views$1$1::hasNext (10 bytes)
Event: 1339.963 Thread 0x0000020dc14719c0 9982       3       org.glassfish.jersey.message.internal.EntityInputStream::<init> (15 bytes)
Event: 1339.970 Thread 0x0000020dc14719c0 nmethod 9982 0x0000020dae710e10 code [0x0000020dae710fc0, 0x0000020dae711238]
Event: 1339.973 Thread 0x0000020dc1458760 nmethod 9981 0x0000020db54c7390 code [0x0000020db54c7520, 0x0000020db54c75b8]
Event: 1339.975 Thread 0x0000020dc14719c0 9983       3       com.fasterxml.jackson.core.sym.ByteQuadsCanonicalizer::calcHash (86 bytes)
Event: 1339.975 Thread 0x0000020dc14719c0 nmethod 9983 0x0000020dae711390 code [0x0000020dae711520, 0x0000020dae711678]
Event: 1344.651 Thread 0x0000020dc1458760 9984       4       java.nio.CharBuffer::arrayOffset (35 bytes)
Event: 1344.655 Thread 0x0000020dc1458760 nmethod 9984 0x0000020db54c7690 code [0x0000020db54c7820, 0x0000020db54c78d8]
Event: 1344.663 Thread 0x0000020dc1458760 9985   !   4       org.jvnet.hk2.internal.SystemDescriptor::create (200 bytes)

GC Heap History (20 events):
Event: 16.966 GC heap before
{Heap before GC invocations=18 (full 0):
 garbage-first heap   total 73728K, used 57296K [0x00000000c4400000, 0x0000000100000000)
  region size 1024K, 23 young (23552K), 3 survivors (3072K)
 Metaspace       used 52217K, committed 52928K, reserved 1114112K
  class space    used 6730K, committed 7040K, reserved 1048576K
}
Event: 16.974 GC heap after
{Heap after GC invocations=19 (full 0):
 garbage-first heap   total 73728K, used 39728K [0x00000000c4400000, 0x0000000100000000)
  region size 1024K, 3 young (3072K), 3 survivors (3072K)
 Metaspace       used 52217K, committed 52928K, reserved 1114112K
  class space    used 6730K, committed 7040K, reserved 1048576K
}
Event: 137.239 GC heap before
{Heap before GC invocations=20 (full 0):
 garbage-first heap   total 73728K, used 57136K [0x00000000c4400000, 0x0000000100000000)
  region size 1024K, 21 young (21504K), 3 survivors (3072K)
 Metaspace       used 56422K, committed 57152K, reserved 1114112K
  class space    used 7256K, committed 7616K, reserved 1048576K
}
Event: 137.332 GC heap after
{Heap after GC invocations=21 (full 0):
 garbage-first heap   total 73728K, used 41332K [0x00000000c4400000, 0x0000000100000000)
  region size 1024K, 2 young (2048K), 2 survivors (2048K)
 Metaspace       used 56422K, committed 57152K, reserved 1114112K
  class space    used 7256K, committed 7616K, reserved 1048576K
}
Event: 137.383 GC heap before
{Heap before GC invocations=21 (full 0):
 garbage-first heap   total 73728K, used 42356K [0x00000000c4400000, 0x0000000100000000)
  region size 1024K, 3 young (3072K), 2 survivors (2048K)
 Metaspace       used 56683K, committed 57536K, reserved 1114112K
  class space    used 7288K, committed 7680K, reserved 1048576K
}
Event: 137.414 GC heap after
{Heap after GC invocations=22 (full 0):
 garbage-first heap   total 73728K, used 41330K [0x00000000c4400000, 0x0000000100000000)
  region size 1024K, 1 young (1024K), 1 survivors (1024K)
 Metaspace       used 56683K, committed 57536K, reserved 1114112K
  class space    used 7288K, committed 7680K, reserved 1048576K
}
Event: 186.418 GC heap before
{Heap before GC invocations=22 (full 0):
 garbage-first heap   total 73728K, used 57714K [0x00000000c4400000, 0x0000000100000000)
  region size 1024K, 18 young (18432K), 1 survivors (1024K)
 Metaspace       used 60141K, committed 60928K, reserved 1114112K
  class space    used 7761K, committed 8128K, reserved 1048576K
}
Event: 186.985 GC heap after
{Heap after GC invocations=23 (full 0):
 garbage-first heap   total 73728K, used 42397K [0x00000000c4400000, 0x0000000100000000)
  region size 1024K, 2 young (2048K), 2 survivors (2048K)
 Metaspace       used 60141K, committed 60928K, reserved 1114112K
  class space    used 7761K, committed 8128K, reserved 1048576K
}
Event: 333.679 GC heap before
{Heap before GC invocations=24 (full 0):
 garbage-first heap   total 73728K, used 48541K [0x00000000c4400000, 0x0000000100000000)
  region size 1024K, 8 young (8192K), 2 survivors (2048K)
 Metaspace       used 60536K, committed 61312K, reserved 1114112K
  class space    used 7768K, committed 8128K, reserved 1048576K
}
Event: 333.768 GC heap after
{Heap after GC invocations=25 (full 0):
 garbage-first heap   total 73728K, used 42862K [0x00000000c4400000, 0x0000000100000000)
  region size 1024K, 1 young (1024K), 1 survivors (1024K)
 Metaspace       used 60536K, committed 61312K, reserved 1114112K
  class space    used 7768K, committed 8128K, reserved 1048576K
}
Event: 387.430 GC heap before
{Heap before GC invocations=25 (full 0):
 garbage-first heap   total 73728K, used 44910K [0x00000000c4400000, 0x0000000100000000)
  region size 1024K, 3 young (3072K), 1 survivors (1024K)
 Metaspace       used 60627K, committed 61376K, reserved 1114112K
  class space    used 7768K, committed 8128K, reserved 1048576K
}
Event: 387.766 GC heap after
{Heap after GC invocations=26 (full 0):
 garbage-first heap   total 73728K, used 42154K [0x00000000c4400000, 0x0000000100000000)
  region size 1024K, 1 young (1024K), 1 survivors (1024K)
 Metaspace       used 60627K, committed 61376K, reserved 1114112K
  class space    used 7768K, committed 8128K, reserved 1048576K
}
Event: 786.181 GC heap before
{Heap before GC invocations=26 (full 0):
 garbage-first heap   total 73728K, used 58538K [0x00000000c4400000, 0x0000000100000000)
  region size 1024K, 18 young (18432K), 1 survivors (1024K)
 Metaspace       used 61301K, committed 62144K, reserved 1114112K
  class space    used 7771K, committed 8192K, reserved 1048576K
}
Event: 786.398 GC heap after
{Heap after GC invocations=27 (full 0):
 garbage-first heap   total 73728K, used 42522K [0x00000000c4400000, 0x0000000100000000)
  region size 1024K, 1 young (1024K), 1 survivors (1024K)
 Metaspace       used 61301K, committed 62144K, reserved 1114112K
  class space    used 7771K, committed 8192K, reserved 1048576K
}
Event: 1247.082 GC heap before
{Heap before GC invocations=28 (full 0):
 garbage-first heap   total 73728K, used 59930K [0x00000000c4400000, 0x0000000100000000)
  region size 1024K, 18 young (18432K), 1 survivors (1024K)
 Metaspace       used 62028K, committed 62848K, reserved 1114112K
  class space    used 7782K, committed 8192K, reserved 1048576K
}
Event: 1247.378 GC heap after
{Heap after GC invocations=29 (full 0):
 garbage-first heap   total 73728K, used 42629K [0x00000000c4400000, 0x0000000100000000)
  region size 1024K, 2 young (2048K), 2 survivors (2048K)
 Metaspace       used 62028K, committed 62848K, reserved 1114112K
  class space    used 7782K, committed 8192K, reserved 1048576K
}
Event: 1256.983 GC heap before
{Heap before GC invocations=29 (full 0):
 garbage-first heap   total 73728K, used 43653K [0x00000000c4400000, 0x0000000100000000)
  region size 1024K, 3 young (3072K), 2 survivors (2048K)
 Metaspace       used 62040K, committed 62912K, reserved 1114112K
  class space    used 7783K, committed 8192K, reserved 1048576K
}
Event: 1257.182 GC heap after
{Heap after GC invocations=30 (full 0):
 garbage-first heap   total 73728K, used 42232K [0x00000000c4400000, 0x0000000100000000)
  region size 1024K, 1 young (1024K), 1 survivors (1024K)
 Metaspace       used 62040K, committed 62912K, reserved 1114112K
  class space    used 7783K, committed 8192K, reserved 1048576K
}
Event: 1307.716 GC heap before
{Heap before GC invocations=30 (full 0):
 garbage-first heap   total 73728K, used 44280K [0x00000000c4400000, 0x0000000100000000)
  region size 1024K, 3 young (3072K), 1 survivors (1024K)
 Metaspace       used 62066K, committed 62912K, reserved 1114112K
  class space    used 7783K, committed 8192K, reserved 1048576K
}
Event: 1307.990 GC heap after
{Heap after GC invocations=31 (full 0):
 garbage-first heap   total 73728K, used 41864K [0x00000000c4400000, 0x0000000100000000)
  region size 1024K, 1 young (1024K), 1 survivors (1024K)
 Metaspace       used 62066K, committed 62912K, reserved 1114112K
  class space    used 7783K, committed 8192K, reserved 1048576K
}

Dll operation events (13 events):
Event: 0.015 Loaded shared library C:\Program Files\Java\jdk-19\bin\java.dll
Event: 0.027 Loaded shared library C:\Program Files\Java\jdk-19\bin\jsvml.dll
Event: 0.336 Loaded shared library C:\Program Files\Java\jdk-19\bin\zip.dll
Event: 0.340 Loaded shared library C:\Program Files\Java\jdk-19\bin\instrument.dll
Event: 0.347 Loaded shared library C:\Program Files\Java\jdk-19\bin\net.dll
Event: 0.349 Loaded shared library C:\Program Files\Java\jdk-19\bin\nio.dll
Event: 0.354 Loaded shared library C:\Program Files\Java\jdk-19\bin\zip.dll
Event: 1.115 Loaded shared library C:\Program Files\Java\jdk-19\bin\extnet.dll
Event: 1.190 Loaded shared library C:\Program Files\Java\jdk-19\bin\jimage.dll
Event: 4.276 Loaded shared library C:\Program Files\Java\jdk-19\bin\sunmscapi.dll
Event: 7.503 Loaded shared library C:\Program Files\Java\jdk-19\bin\management.dll
Event: 7.506 Loaded shared library C:\Program Files\Java\jdk-19\bin\management_ext.dll
Event: 8.064 Loaded shared library C:\Program Files\Java\jdk-19\bin\verify.dll

Deoptimization events (20 events):
Event: 294.923 Thread 0x0000020dc88a2ff0 Uncommon trap: trap_request=0xffffffbe fr.pc=0x0000020db53ba090 relative=0x0000000000000670
Event: 294.923 Thread 0x0000020dc88a2ff0 Uncommon trap: reason=profile_predicate action=maybe_recompile pc=0x0000020db53ba090 method=org.springframework.boot.context.properties.source.ConfigurationPropertyName$Elements.canShortcutWithSource(Lorg/springframework/boot/context/properties/source/Con
Event: 294.923 Thread 0x0000020dc88a2ff0 DEOPT PACKING pc=0x0000020db53ba090 sp=0x00000069491fc980
Event: 294.925 Thread 0x0000020dc88a2ff0 DEOPT UNPACKING pc=0x0000020db4a8a5a3 sp=0x00000069491fc700 mode 2
Event: 449.835 Thread 0x0000020dc5953390 Uncommon trap: trap_request=0xffffff45 fr.pc=0x0000020db53d9280 relative=0x0000000000000ee0
Event: 449.839 Thread 0x0000020dc5953390 Uncommon trap: reason=unstable_if action=reinterpret pc=0x0000020db53d9280 method=com.netflix.eureka.util.batcher.AcceptorExecutor$AcceptorRunner.drainInputQueues()V @ 127 c2
Event: 449.852 Thread 0x0000020dc5953390 DEOPT PACKING pc=0x0000020db53d9280 sp=0x0000006946eff3e0
Event: 449.869 Thread 0x0000020dc5953390 DEOPT UNPACKING pc=0x0000020db4a8a5a3 sp=0x0000006946eff3c8 mode 2
Event: 449.910 Thread 0x0000020dc88a2000 DEOPT PACKING pc=0x0000020dae29af6b sp=0x00000069490fdd90
Event: 449.910 Thread 0x0000020dc88a2000 DEOPT UNPACKING pc=0x0000020db4a8b0e3 sp=0x00000069490fd230 mode 3
Event: 1064.276 Thread 0x0000020dc59548d0 Uncommon trap: trap_request=0xfffffff4 fr.pc=0x0000020db548f450 relative=0x00000000000000b0
Event: 1064.277 Thread 0x0000020dc59548d0 Uncommon trap: reason=null_check action=make_not_entrant pc=0x0000020db548f450 method=org.glassfish.jersey.message.internal.TracingLogger.getInstance(Lorg/glassfish/jersey/internal/PropertiesDelegate;)Lorg/glassfish/jersey/message/internal/TracingLogger; 
Event: 1064.278 Thread 0x0000020dc59548d0 DEOPT PACKING pc=0x0000020db548f450 sp=0x0000006947cfe080
Event: 1064.280 Thread 0x0000020dc59548d0 DEOPT UNPACKING pc=0x0000020db4a8a5a3 sp=0x0000006947cfe008 mode 2
Event: 1136.794 Thread 0x0000020dc889fad0 DEOPT PACKING pc=0x0000020dae3b2b48 sp=0x00000069483ff1d0
Event: 1136.798 Thread 0x0000020dc889fad0 DEOPT UNPACKING pc=0x0000020db4a8b0e3 sp=0x00000069483fe698 mode 0
Event: 1187.023 Thread 0x0000020dc88a0020 Uncommon trap: trap_request=0xffffff45 fr.pc=0x0000020db54646b4 relative=0x00000000000005d4
Event: 1187.025 Thread 0x0000020dc88a0020 Uncommon trap: reason=unstable_if action=reinterpret pc=0x0000020db54646b4 method=java.util.concurrent.locks.ReentrantReadWriteLock$Sync.tryReleaseShared(I)Z @ 129 c2
Event: 1187.027 Thread 0x0000020dc88a0020 DEOPT PACKING pc=0x0000020db54646b4 sp=0x0000006948cfba30
Event: 1187.031 Thread 0x0000020dc88a0020 DEOPT UNPACKING pc=0x0000020db4a8a5a3 sp=0x0000006948cfba08 mode 2

Classes loaded (20 events):
Event: 139.149 Loading class javax/naming/NameParser
Event: 139.149 Loading class javax/naming/NameParser done
Event: 139.152 Loading class java/lang/invoke/WrongMethodTypeException
Event: 139.152 Loading class java/lang/invoke/WrongMethodTypeException done
Event: 139.233 Loading class java/util/zip/GZIPInputStream
Event: 139.233 Loading class java/util/zip/GZIPInputStream done
Event: 139.264 Loading class java/util/concurrent/LinkedBlockingDeque$Node
Event: 139.264 Loading class java/util/concurrent/LinkedBlockingDeque$Node done
Event: 139.328 Loading class java/net/Socket$SocketOutputStream
Event: 139.329 Loading class java/net/Socket$SocketOutputStream done
Event: 139.329 Loading class sun/nio/ch/NioSocketImpl$2
Event: 139.329 Loading class sun/nio/ch/NioSocketImpl$2 done
Event: 168.298 Loading class java/util/concurrent/locks/ReentrantReadWriteLock$Sync$HoldCounter
Event: 168.310 Loading class java/util/concurrent/locks/ReentrantReadWriteLock$Sync$HoldCounter done
Event: 267.402 Loading class jdk/internal/loader/BootLoader$PackageHelper
Event: 267.500 Loading class jdk/internal/loader/BootLoader$PackageHelper done
Event: 448.965 Loading class java/util/concurrent/atomic/Striped64$Cell
Event: 449.081 Loading class java/util/concurrent/atomic/Striped64$Cell done
Event: 482.690 Loading class sun/net/ConnectionResetException
Event: 482.752 Loading class sun/net/ConnectionResetException done

Classes unloaded (0 events):
No events

Classes redefined (0 events):
No events

Internal exceptions (20 events):
Event: 139.383 Thread 0x0000020dc5955370 Exception <a 'java/lang/NoSuchMethodError'{0x00000000c7c835a0}: 'java.lang.Object java.lang.invoke.DelegatingMethodHandle$Holder.reinvoke_L(java.lang.Object, int, java.lang.Object)'> (0x00000000c7c835a0) 
thrown [s\open\src\hotspot\share\interpreter\linkResolver.cpp, line 774]
Event: 265.266 Thread 0x0000020dc88a1560 Exception <a 'java/net/SocketException'{0x00000000c8ad01f0}: Connection reset by peer: shutdown> (0x00000000c8ad01f0) 
thrown [s\open\src\hotspot\share\prims\jni.cpp, line 536]
Event: 267.767 Thread 0x0000020dc59558c0 Implicit null exception at 0x0000020db5027c82 to 0x0000020db5027ed0
Event: 398.016 Thread 0x0000020dc889e590 Exception <a 'java/net/SocketException'{0x00000000c8bd89b8}: Connection reset by peer: shutdown> (0x00000000c8bd89b8) 
thrown [s\open\src\hotspot\share\prims\jni.cpp, line 536]
Event: 482.674 Thread 0x0000020dc88a2ff0 Exception <a 'java/io/IOException'{0x00000000c87e2770}> (0x00000000c87e2770) 
thrown [s\open\src\hotspot\share\prims\jni.cpp, line 517]
Event: 497.770 Thread 0x0000020dc88a1560 Exception <a 'java/io/IOException'{0x00000000c86abed8}> (0x00000000c86abed8) 
thrown [s\open\src\hotspot\share\prims\jni.cpp, line 517]
Event: 545.489 Thread 0x0000020dc889d5a0 Exception <a 'java/net/SocketException'{0x00000000c84061f8}: Connection reset by peer: shutdown> (0x00000000c84061f8) 
thrown [s\open\src\hotspot\share\prims\jni.cpp, line 536]
Event: 573.207 Thread 0x0000020dc88a1560 Exception <a 'java/io/IOException'{0x00000000c83fac88}> (0x00000000c83fac88) 
thrown [s\open\src\hotspot\share\prims\jni.cpp, line 517]
Event: 723.838 Thread 0x0000020dc88a0020 Exception <a 'java/net/SocketException'{0x00000000c7d13710}: Connection reset by peer: shutdown> (0x00000000c7d13710) 
thrown [s\open\src\hotspot\share\prims\jni.cpp, line 536]
Event: 744.796 Thread 0x0000020dc88a0020 Exception <a 'java/net/SocketException'{0x00000000c7b110d8}: Connection reset by peer: shutdown> (0x00000000c7b110d8) 
thrown [s\open\src\hotspot\share\prims\jni.cpp, line 536]
Event: 786.415 Thread 0x0000020dc889e590 Exception <a 'java/net/SocketException'{0x00000000c8b23a78}: Connection reset by peer: shutdown> (0x00000000c8b23a78) 
thrown [s\open\src\hotspot\share\prims\jni.cpp, line 536]
Event: 990.423 Thread 0x0000020dc889e590 Exception <a 'java/io/IOException'{0x00000000c840fdc8}> (0x00000000c840fdc8) 
thrown [s\open\src\hotspot\share\prims\jni.cpp, line 517]
Event: 1064.276 Thread 0x0000020dc59548d0 Implicit null exception at 0x0000020db548f3cc to 0x0000020db548f445
Event: 1083.145 Thread 0x0000020dc88a1010 Exception <a 'java/net/SocketException'{0x00000000c8278820}: Connection reset by peer: shutdown> (0x00000000c8278820) 
thrown [s\open\src\hotspot\share\prims\jni.cpp, line 536]
Event: 1146.386 Thread 0x0000020dc889d5a0 Exception <a 'java/io/IOException'{0x00000000c7fa68b8}> (0x00000000c7fa68b8) 
thrown [s\open\src\hotspot\share\prims\jni.cpp, line 517]
Event: 1216.015 Thread 0x0000020dc88a2000 Exception <a 'java/io/IOException'{0x00000000c7caf0c0}> (0x00000000c7caf0c0) 
thrown [s\open\src\hotspot\share\prims\jni.cpp, line 517]
Event: 1244.835 Thread 0x0000020dc88a1010 Exception <a 'java/io/IOException'{0x00000000c7bae9b8}> (0x00000000c7bae9b8) 
thrown [s\open\src\hotspot\share\prims\jni.cpp, line 517]
Event: 1275.874 Thread 0x0000020dc889d5a0 Exception <a 'java/io/IOException'{0x00000000c8b85f40}> (0x00000000c8b85f40) 
thrown [s\open\src\hotspot\share\prims\jni.cpp, line 517]
Event: 1308.232 Thread 0x0000020dc88a0570 Exception <a 'java/io/IOException'{0x00000000c8b39340}> (0x00000000c8b39340) 
thrown [s\open\src\hotspot\share\prims\jni.cpp, line 517]
Event: 1338.747 Thread 0x0000020dc889d5a0 Exception <a 'java/io/IOException'{0x00000000c8aa6798}> (0x00000000c8aa6798) 
thrown [s\open\src\hotspot\share\prims\jni.cpp, line 517]

VM Operations (20 events):
Event: 1276.684 Executing VM operation: Cleanup
Event: 1276.687 Executing VM operation: Cleanup done
Event: 1277.697 Executing VM operation: Cleanup
Event: 1277.700 Executing VM operation: Cleanup done
Event: 1278.713 Executing VM operation: Cleanup
Event: 1278.713 Executing VM operation: Cleanup done
Event: 1283.764 Executing VM operation: Cleanup
Event: 1283.764 Executing VM operation: Cleanup done
Event: 1307.708 Executing VM operation: G1CollectForAllocation
Event: 1307.991 Executing VM operation: G1CollectForAllocation done
Event: 1308.991 Executing VM operation: Cleanup
Event: 1308.992 Executing VM operation: Cleanup done
Event: 1315.037 Executing VM operation: Cleanup
Event: 1315.037 Executing VM operation: Cleanup done
Event: 1335.159 Executing VM operation: Cleanup
Event: 1335.176 Executing VM operation: Cleanup done
Event: 1339.193 Executing VM operation: Cleanup
Event: 1339.193 Executing VM operation: Cleanup done
Event: 1340.193 Executing VM operation: Cleanup
Event: 1340.194 Executing VM operation: Cleanup done

Events (20 events):
Event: 16.978 Thread 0x0000020dc889d050 Thread added: 0x0000020dc889d050
Event: 16.983 Thread 0x0000020dc889c060 Thread added: 0x0000020dc889c060
Event: 17.082 Thread 0x0000020dc1490b10 flushing nmethod 0x0000020dadd8b690
Event: 17.145 Thread 0x0000020dc889e040 Thread added: 0x0000020dc889e040
Event: 17.159 Thread 0x0000020dc88a0ac0 Thread added: 0x0000020dc88a0ac0
Event: 17.160 Thread 0x0000020dc88a0570 Thread added: 0x0000020dc88a0570
Event: 17.160 Thread 0x0000020dc88a1010 Thread added: 0x0000020dc88a1010
Event: 17.160 Thread 0x0000020dc889e590 Thread added: 0x0000020dc889e590
Event: 17.160 Thread 0x0000020dc88a0020 Thread added: 0x0000020dc88a0020
Event: 17.160 Thread 0x0000020dc889d5a0 Thread added: 0x0000020dc889d5a0
Event: 17.161 Thread 0x0000020dc88a2aa0 Thread added: 0x0000020dc88a2aa0
Event: 17.161 Thread 0x0000020dc88a1560 Thread added: 0x0000020dc88a1560
Event: 17.161 Thread 0x0000020dc88a2000 Thread added: 0x0000020dc88a2000
Event: 17.161 Thread 0x0000020dc88a2ff0 Thread added: 0x0000020dc88a2ff0
Event: 17.196 Thread 0x0000020dc88a1ab0 Thread added: 0x0000020dc88a1ab0
Event: 17.199 Thread 0x0000020dc88a3540 Thread added: 0x0000020dc88a3540
Event: 17.621 Thread 0x0000020dc889e040 Thread exited: 0x0000020dc889e040
Event: 19.226 Thread 0x0000020da3d226e0 Thread exited: 0x0000020da3d226e0
Event: 19.226 Thread 0x0000020dc88a3a90 Thread added: 0x0000020dc88a3a90
Event: 78.545 Thread 0x0000020dc8bd05c0 Thread exited: 0x0000020dc8bd05c0


Dynamic libraries:
0x00007ff780240000 - 0x00007ff780250000 	C:\Program Files\Java\jdk-19\bin\java.exe
0x00007ffd059e0000 - 0x00007ffd05c46000 	C:\WINDOWS\SYSTEM32\ntdll.dll
0x00007ffd04200000 - 0x00007ffd042c9000 	C:\WINDOWS\System32\KERNEL32.DLL
0x00007ffd02c70000 - 0x00007ffd0306a000 	C:\WINDOWS\System32\KERNELBASE.dll
0x00007ffd03070000 - 0x00007ffd031bc000 	C:\WINDOWS\System32\ucrtbase.dll
0x00007ffce8f40000 - 0x00007ffce8f5b000 	C:\Program Files\Java\jdk-19\bin\VCRUNTIME140.dll
0x00007ffcff520000 - 0x00007ffcff538000 	C:\Program Files\Java\jdk-19\bin\jli.dll
0x00007ffd05650000 - 0x00007ffd05706000 	C:\WINDOWS\System32\ADVAPI32.dll
0x00007ffd047d0000 - 0x00007ffd04879000 	C:\WINDOWS\System32\msvcrt.dll
0x00007ffd055a0000 - 0x00007ffd0564a000 	C:\WINDOWS\System32\sechost.dll
0x00007ffd04880000 - 0x00007ffd04998000 	C:\WINDOWS\System32\RPCRT4.dll
0x00007ffd04a50000 - 0x00007ffd04c17000 	C:\WINDOWS\System32\USER32.dll
0x00007ffd035a0000 - 0x00007ffd035c7000 	C:\WINDOWS\System32\win32u.dll
0x00007ffd04530000 - 0x00007ffd0455b000 	C:\WINDOWS\System32\GDI32.dll
0x00007ffd03300000 - 0x00007ffd0342b000 	C:\WINDOWS\System32\gdi32full.dll
0x00007ffd03250000 - 0x00007ffd032f3000 	C:\WINDOWS\System32\msvcp_win.dll
0x00007ffce8a90000 - 0x00007ffce8d22000 	C:\WINDOWS\WinSxS\amd64_microsoft.windows.common-controls_6595b64144ccf1df_6.0.26100.8521_none_3e08b75ce33403b3\COMCTL32.dll
0x00007ffcf42d0000 - 0x00007ffcf42db000 	C:\WINDOWS\SYSTEM32\VERSION.dll
0x00007ffd04fd0000 - 0x00007ffd05002000 	C:\WINDOWS\System32\IMM32.DLL
0x00007ffcff0a0000 - 0x00007ffcff0ac000 	C:\Program Files\Java\jdk-19\bin\vcruntime140_1.dll
0x00007ffcdaa20000 - 0x00007ffcdaaae000 	C:\Program Files\Java\jdk-19\bin\msvcp140.dll
0x00007ffc8a930000 - 0x00007ffc8b5f0000 	C:\Program Files\Java\jdk-19\bin\server\jvm.dll
0x00007ffcfad90000 - 0x00007ffcfadc6000 	C:\WINDOWS\SYSTEM32\WINMM.dll
0x00007ffce60e0000 - 0x00007ffce60ea000 	C:\WINDOWS\SYSTEM32\WSOCK32.dll
0x00007ffd049b0000 - 0x00007ffd04a30000 	C:\WINDOWS\System32\WS2_32.dll
0x00007ffd019d0000 - 0x00007ffd019eb000 	C:\WINDOWS\SYSTEM32\kernel.appcore.dll
0x00007ffce60d0000 - 0x00007ffce60da000 	C:\Program Files\Java\jdk-19\bin\jimage.dll
0x00007ffd00110000 - 0x00007ffd00352000 	C:\WINDOWS\SYSTEM32\DBGHELP.DLL
0x00007ffd04c40000 - 0x00007ffd04fc3000 	C:\WINDOWS\System32\combase.dll
0x00007ffd045f0000 - 0x00007ffd046c9000 	C:\WINDOWS\System32\OLEAUT32.dll
0x00007ffce0da0000 - 0x00007ffce0ddb000 	C:\WINDOWS\SYSTEM32\dbgcore.DLL
0x00007ffd034f0000 - 0x00007ffd03598000 	C:\WINDOWS\System32\bcryptPrimitives.dll
0x00007ffcdc260000 - 0x00007ffcdc26e000 	C:\Program Files\Java\jdk-19\bin\instrument.dll
0x00007ffce6070000 - 0x00007ffce6096000 	C:\Program Files\Java\jdk-19\bin\java.dll
0x00007ffcd4c70000 - 0x00007ffcd4d47000 	C:\Program Files\Java\jdk-19\bin\jsvml.dll
0x00007ffd03940000 - 0x00007ffd040c4000 	C:\WINDOWS\System32\SHELL32.dll
0x00007ffd007f0000 - 0x00007ffd01070000 	C:\WINDOWS\SYSTEM32\windows.storage.dll
0x00007ffd046d0000 - 0x00007ffd047c6000 	C:\WINDOWS\System32\SHCORE.dll
0x00007ffd05010000 - 0x00007ffd05077000 	C:\WINDOWS\System32\shlwapi.dll
0x00007ffd02b90000 - 0x00007ffd02bb9000 	C:\WINDOWS\SYSTEM32\profapi.dll
0x00007ffcdc370000 - 0x00007ffcdc388000 	C:\Program Files\Java\jdk-19\bin\zip.dll
0x00007ffce60b0000 - 0x00007ffce60c3000 	C:\Program Files\Java\jdk-19\bin\net.dll
0x00007ffcf4eb0000 - 0x00007ffcf4fd9000 	C:\WINDOWS\SYSTEM32\WINHTTP.dll
0x00007ffd01f70000 - 0x00007ffd01fdc000 	C:\WINDOWS\system32\mswsock.dll
0x00007ffcdc420000 - 0x00007ffcdc436000 	C:\Program Files\Java\jdk-19\bin\nio.dll
0x00007ffcdc410000 - 0x00007ffcdc418000 	C:\Program Files\Java\jdk-19\bin\extnet.dll
0x00007ffd013a0000 - 0x00007ffd013d3000 	C:\WINDOWS\SYSTEM32\IPHLPAPI.DLL
0x00007ffd049a0000 - 0x00007ffd049aa000 	C:\WINDOWS\System32\NSI.dll
0x00007ffcfc720000 - 0x00007ffcfc73d000 	C:\WINDOWS\SYSTEM32\dhcpcsvc6.DLL
0x00007ffcfc6d0000 - 0x00007ffcfc6f5000 	C:\WINDOWS\SYSTEM32\dhcpcsvc.DLL
0x00007ffd01490000 - 0x00007ffd015da000 	C:\WINDOWS\SYSTEM32\DNSAPI.dll
0x00007ffd01d50000 - 0x00007ffd01d5d000 	C:\WINDOWS\SYSTEM32\DSPARSE.dll
0x00007ffcf4300000 - 0x00007ffcf430b000 	C:\Windows\System32\rasadhlp.dll
0x00007ffcfc990000 - 0x00007ffcfca16000 	C:\WINDOWS\System32\fwpuclnt.dll
0x00007ffce5f70000 - 0x00007ffce5f7e000 	C:\Program Files\Java\jdk-19\bin\sunmscapi.dll
0x00007ffd035d0000 - 0x00007ffd03748000 	C:\WINDOWS\System32\CRYPT32.dll
0x00007ffd02470000 - 0x00007ffd024a0000 	C:\WINDOWS\SYSTEM32\ncrypt.dll
0x00007ffd02420000 - 0x00007ffd0245f000 	C:\WINDOWS\SYSTEM32\NTASN1.dll
0x00007ffd02250000 - 0x00007ffd0226b000 	C:\WINDOWS\SYSTEM32\CRYPTSP.dll
0x00007ffd01930000 - 0x00007ffd01969000 	C:\WINDOWS\system32\rsaenh.dll
0x00007ffd02020000 - 0x00007ffd02053000 	C:\WINDOWS\SYSTEM32\USERENV.dll
0x00007ffd02b60000 - 0x00007ffd02b8a000 	C:\WINDOWS\SYSTEM32\bcrypt.dll
0x00007ffd02270000 - 0x00007ffd0227c000 	C:\WINDOWS\SYSTEM32\CRYPTBASE.dll
0x00007ffcdc360000 - 0x00007ffcdc36a000 	C:\Program Files\Java\jdk-19\bin\management.dll
0x00007ffcdc350000 - 0x00007ffcdc35b000 	C:\Program Files\Java\jdk-19\bin\management_ext.dll
0x00007ffd04a40000 - 0x00007ffd04a48000 	C:\WINDOWS\System32\PSAPI.DLL
0x00007ffcdaa10000 - 0x00007ffcdaa20000 	C:\Program Files\Java\jdk-19\bin\verify.dll
0x00007ffcdc150000 - 0x00007ffcdc168000 	C:\WINDOWS\system32\napinsp.dll
0x00007ffcdc180000 - 0x00007ffcdc193000 	C:\WINDOWS\System32\winrnr.dll
0x00007ffce00b0000 - 0x00007ffce00d2000 	C:\WINDOWS\system32\nlansp_c.dll
0x00007ffce0090000 - 0x00007ffce00a6000 	C:\WINDOWS\system32\wshbth.dll
0x00007ffcd45f0000 - 0x00007ffcd45f8000 	C:\WINDOWS\system32\wshunix.dll

dbghelp: loaded successfully - version: 4.0.5 - missing functions: none
symbol engine: initialized successfully - sym options: 0x614 - pdb path: .;C:\Program Files\Java\jdk-19\bin;C:\WINDOWS\SYSTEM32;C:\WINDOWS\WinSxS\amd64_microsoft.windows.common-controls_6595b64144ccf1df_6.0.26100.8521_none_3e08b75ce33403b3;C:\Program Files\Java\jdk-19\bin\server

VM Arguments:
jvm_args: -javaagent:C:\Program Files\JetBrains\IntelliJ IDEA 2025.2.5\lib\idea_rt.jar=59243 -Dfile.encoding=UTF-8 -Dsun.stdout.encoding=UTF-8 -Dsun.stderr.encoding=UTF-8 
java_command: com.fundoo.eureka.EurekaServerApplication
java_class_path (initial): D:\Bridgelabz Java\Backend Development\Microservices\FundooApp\eureka-server\target\classes;C:\Users\user\.m2\repository\org\springframework\boot\spring-boot-starter-web\3.5.3\spring-boot-starter-web-3.5.3.jar;C:\Users\user\.m2\repository\org\springframework\boot\spring-boot-starter\3.5.3\spring-boot-starter-3.5.3.jar;C:\Users\user\.m2\repository\org\springframework\boot\spring-boot\3.5.3\spring-boot-3.5.3.jar;C:\Users\user\.m2\repository\org\springframework\boot\spring-boot-autoconfigure\3.5.3\spring-boot-autoconfigure-3.5.3.jar;C:\Users\user\.m2\repository\org\springframework\boot\spring-boot-starter-logging\3.5.3\spring-boot-starter-logging-3.5.3.jar;C:\Users\user\.m2\repository\ch\qos\logback\logback-classic\1.5.18\logback-classic-1.5.18.jar;C:\Users\user\.m2\repository\ch\qos\logback\logback-core\1.5.18\logback-core-1.5.18.jar;C:\Users\user\.m2\repository\org\slf4j\slf4j-api\2.0.17\slf4j-api-2.0.17.jar;C:\Users\user\.m2\repository\org\apache\logging\log4j\log4j-to-slf4j\2.24.3\log4j-to-slf4j-2.24.3.jar;C:\Users\user\.m2\repository\org\apache\logging\log4j\log4j-api\2.24.3\log4j-api-2.24.3.jar;C:\Users\user\.m2\repository\org\slf4j\jul-to-slf4j\2.0.17\jul-to-slf4j-2.0.17.jar;C:\Users\user\.m2\repository\jakarta\annotation\jakarta.annotation-api\2.1.1\jakarta.annotation-api-2.1.1.jar;C:\Users\user\.m2\repository\org\springframework\spring-core\6.2.8\spring-core-6.2.8.jar;C:\Users\user\.m2\repository\org\springframework\spring-jcl\6.2.8\spring-jcl-6.2.8.jar;C:\Users\user\.m2\repository\org\yaml\snakeyaml\2.4\snakeyaml-2.4.jar;C:\Users\user\.m2\repository\org\springframework\boot\spring-boot-starter-json\3.5.3\spring-boot-starter-json-3.5.3.jar;C:\Users\user\.m2\repository\com\fasterxml\jackson\core\jackson-databind\2.19.1\jackson-databind-2.19.1.jar;C:\Users\user\.m2\repository\com\fasterxml\jackson\core\jackson-annotations\2.19.1\jackson-annotations-2.19.1.jar;C:\Users\user\.m2\repository\com\fasterxml\jackson\core\jackson-core\2.19.1\jackson-core-2.19.1.jar;C:\Users\user\.m2\repository\com\fasterxml\jackson\datatype\jackson-datatype-jdk8\2.19.1\jackson-datatype-jdk8-2.19.1.jar;C:\Users\user\.m2\repository\com\fasterxml\jackson\datatype\jackson-datatype-jsr310\2.19.1\jackson-datatype-jsr310-2.19.1.jar;C:\Users\user\.m2\repository\com\fasterxml\jackson\module\jackson-module-parameter-names\2.19.1\jackson-module-parameter-names-2.19.1.jar;C:\Users\user\.m2\repository\org\springframework\boot\spring-boot-starter-tomcat\3.5.3\spring-boot-starter-tomcat-3.5.3.jar;C:\Users\user\.m2\repository\org\apache\tomcat\embed\tomcat-embed-core\10.1.42\tomcat-embed-core-10.1.42.jar;C:\Users\user\.m2\repository\org\apache\tomcat\embed\tomcat-embed-el\10.1.42\tomcat-embed-el-10.1.42.jar;C:\Users\user\.m2\repository\org\apache\tomcat\embed\tomcat-embed-websocket\10.1.42\tomcat-embed-websocket-10.1.42.jar;C:\Users\user\.m2\repository\org\springframework\spring-web\6.2.8\spring-web-6.2.8.jar;C:\Users\user\.m2\repository\org\springframework\spring-beans\6.2.8\spring-beans-6.2.8.jar;C:\Users\user\.m2\repository\io\micrometer\micrometer-observation\1.15.1\micrometer-observation-1.15.1.jar;C:\Users\user\.m2\repository\io\micrometer\micrometer-commons\1.15.1\micrometer-commons-1.15.1.jar;C:\Users\user\.m2\repository\org\springframework\spring-webmvc\6.2.8\spring-webmvc-6.2.8.jar;C:\Users\user\.m2\repository\org\springframework\spring-aop\6.2.8\spring-aop-6.2.8.jar;C:\Users\user\.m2\repository\org\springframework\spring-context\6.2.8\spring-context-6.2.8.jar;C:\Users\user\.m2\repository\org\springframework\spring-expression\6.2.8\spring-expression-6.2.8.jar;C:\Users\user\.m2\repository\org\springframework\cloud\spring-cloud-starter-netflix-eureka-server\4.3.0\spring-cloud-starter-netflix-eureka-server-4.3.0.jar;C:\Users\user\.m2\repository\org\springframework\cloud\spring-cloud-starter\4.3.0\spring-cloud-starter-4.3.0.jar;C:\Users\user\.m2\repository\org\springframework\cloud\spring-cloud-context\4.3.0\spring-cloud-context-4.3.0.jar;C:\Users\user\.m2\repository\org\springframework\security\spring-security-crypto\6.5.1\spring-security-crypto-6.5.1.jar;C:\Users\user\.m2\repository\org\springframework\cloud\spring-cloud-commons\4.3.0\spring-cloud-commons-4.3.0.jar;C:\Users\user\.m2\repository\org\bouncycastle\bcprov-jdk18on\1.80\bcprov-jdk18on-1.80.jar;C:\Users\user\.m2\repository\org\springframework\cloud\spring-cloud-netflix-eureka-server\4.3.0\spring-cloud-netflix-eureka-server-4.3.0.jar;C:\Users\user\.m2\repository\org\springframework\boot\spring-boot-starter-actuator\3.5.3\spring-boot-starter-actuator-3.5.3.jar;C:\Users\user\.m2\repository\org\springframework\boot\spring-boot-actuator-autoconfigure\3.5.3\spring-boot-actuator-autoconfigure-3.5.3.jar;C:\Users\user\.m2\repository\org\springframework\boot\spring-boot-actuator\3.5.3\spring-boot-actuator-3.5.3.jar;C:\Users\user\.m2\repository\io\micrometer\micrometer-jakarta9\1.15.1\micrometer-jakarta9-1.15.1.jar;C:\Users\user\.m2\repository\io\micrometer\micrometer-core\1.15.1\micrometer-core-1.15.1.jar;C:\Users\user\.m2\repository\org\hdrhistogram\HdrHistogram\2.2.2\HdrHistogram-2.2.2.jar;C:\Users\user\.m2\repository\org\latencyutils\LatencyUtils\2.0.3\LatencyUtils-2.0.3.jar;C:\Users\user\.m2\repository\org\springframework\boot\spring-boot-starter-freemarker\3.5.3\spring-boot-starter-freemarker-3.5.3.jar;C:\Users\user\.m2\repository\org\freemarker\freemarker\2.3.34\freemarker-2.3.34.jar;C:\Users\user\.m2\repository\org\springframework\spring-context-support\6.2.8\spring-context-support-6.2.8.jar;C:\Users\user\.m2\repository\org\springframework\cloud\spring-cloud-netflix-eureka-client\4.3.0\spring-cloud-netflix-eureka-client-4.3.0.jar;C:\Users\user\.m2\repository\com\netflix\eureka\eureka-client\2.0.4\eureka-client-2.0.4.jar;C:\Users\user\.m2\repository\com\thoughtworks\xstream\xstream\1.4.20\xstream-1.4.20.jar;C:\Users\user\.m2\repository\io\github\x-stream\mxparser\1.2.2\mxparser-1.2.2.jar;C:\Users\user\.m2\repository\xmlpull\xmlpull\1.1.3.1\xmlpull-1.1.3.1.jar;C:\Users\user\.m2\repository\com\netflix\spectator\spectator-api\1.7.3\spectator-api-1.7.3.jar;C:\Users\user\.m2\repository\org\apache\httpcomponents\httpclient\4.5.3\httpclient-4.5.3.jar;C:\Users\user\.m2\repository\org\apache\httpcomponents\httpcore\4.4.16\httpcore-4.4.16.jar;C:\Users\user\.m2\repository\commons-configuration\commons-configuration\1.10\commons-configuration-1.10.jar;C:\Users\user\.m2\repository\commons-lang\commons-lang\2.6\commons-lang-2.6.jar;C:\Users\user\.m2\repository\com\netflix\netflix-commons\netflix-eventbus\0.3.0\netflix-eventbus-0.3.0.jar;C:\Users\user\.m2\repository\com\netflix\netflix-commons\netflix-infix\0.3.0\netflix-infix-0.3.0.jar;C:\Users\user\.m2\repository\commons-jxpath\commons-jxpath\1.3\commons-jxpath-1.3.jar;C:\Users\user\.m2\repository\joda-time\joda-time\2.3\joda-time-2.3.jar;C:\Users\user\.m2\repository\org\antlr\antlr-runtime\3.4\antlr-runtime-3.4.jar;C:\Users\user\.m2\repository\org\antlr\stringtemplate\3.2.1\stringtemplate-3.2.1.jar;C:\Users\user\.m2\repository\antlr\antlr\2.7.7\antlr-2.7.7.jar;C:\Users\user\.m2\repository\com\google\code\gson\gson\2.13.1\gson-2.13.1.jar;C:\Users\user\.m2\repository\com\netflix\servo\servo-core\0.5.3\servo-core-0.5.3.jar;C:\Users\user\.m2\repository\org\apache\commons\commons-math\2.2\commons-math-2.2.jar;C:\Users\user\.m2\repository\javax\annotation\javax.annotation-api\1.2\javax.annotation-api-1.2.jar;C:\Users\user\.m2\repository\org\codehaus\jettison\jettison\1.5.4\jettison-1.5.4.jar;C:\Users\user\.m2\repository\org\apache\httpcomponents\client5\httpclient5\5.5\httpclient5-5.5.jar;C:\Users\user\.m2\repository\org\apache\httpcomponents\core5\httpcore5\5.3.4\httpcore5-5.3.4.jar;C:\Users\user\.m2\repository\org\apache\httpcomponents\core5\httpcore5-h2\5.3.4\httpcore5-h2-5.3.4.jar;C:\Users\user\.m2\repository\com\netflix\eureka\eureka-client-jersey3\2.0.4\eureka-client-jersey3-2.0.4.jar;C:\Users\user\.m2\repository\org\glassfish\jersey\connectors\jersey-apache-connector\3.1.10\jersey-apache-connector-3.1.10.jar;C:\Users\user\.m2\repository\commons-codec\commons-codec\1.18.0\commons-codec-1.18.0.jar;C:\Users\user\.m2\repository\com\netflix\eureka\eureka-core-jersey3\2.0.4\eureka-core-jersey3-2.0.4.jar;C:\Users\user\.m2\repository\com\netflix\eureka\eureka-core\2.0.4\eureka-core-2.0.4.jar;C:\Users\user\.m2\repository\com\google\guava\guava\33.0.0-jre\guava-33.0.0-jre.jar;C:\Users\user\.m2\repository\com\google\guava\failureaccess\1.0.2\failureaccess-1.0.2.jar;C:\Users\user\.m2\repository\com\google\guava\listenablefuture\9999.0-empty-to-avoid-conflict-with-guava\listenablefuture-9999.0-empty-to-avoid-conflict-with-guava.jar;C:\Users\user\.m2\repository\org\checkerframework\checker-qual\3.41.0\checker-qual-3.41.0.jar;C:\Users\user\.m2\repository\com\google\errorprone\error_prone_annotations\2.23.0\error_prone_annotations-2.23.0.jar;C:\Users\user\.m2\repository\com\google\j2objc\j2objc-annotations\2.8\j2objc-annotations-2.8.jar;C:\Users\user\.m2\repository\org\glassfish\jersey\containers\jersey-container-servlet\3.1.10\jersey-container-servlet-3.1.10.jar;C:\Users\user\.m2\repository\org\glassfish\jersey\containers\jersey-container-servlet-core\3.1.10\jersey-container-servlet-core-3.1.10.jar;C:\Users\user\.m2\repository\org\glassfish\jersey\core\jersey-common\3.1.10\jersey-common-3.1.10.jar;C:\Users\user\.m2\repository\org\glassfish\hk2\osgi-resource-locator\1.0.3\osgi-resource-locator-1.0.3.jar;C:\Users\user\.m2\repository\jakarta\ws\rs\jakarta.ws.rs-api\3.1.0\jakarta.ws.rs-api-3.1.0.jar;C:\Users\user\.m2\repository\org\glassfish\jersey\core\jersey-server\3.1.10\jersey-server-3.1.10.jar;C:\Users\user\.m2\repository\jakarta\inject\jakarta.inject-api\2.0.1\jakarta.inject-api-2.0.1.jar;C:\Users\user\.m2\repository\jakarta\validation\jakarta.validation-api\3.0.2\jakarta.validation-api-3.0.2.jar;C:\Users\user\.m2\repository\org\glassfish\jersey\core\jersey-client\3.1.10\jersey-client-3.1.10.jar;C:\Users\user\.m2\repository\org\glassfish\jersey\inject\jersey-hk2\3.1.10\jersey-hk2-3.1.10.jar;C:\Users\user\.m2\repository\org\glassfish\hk2\hk2-locator\3.0.6\hk2-locator-3.0.6.jar;C:\Users\user\.m2\repository\org\glassfish\hk2\hk2-utils\3.0.6\hk2-utils-3.0.6.jar;C:\Users\user\.m2\repository\org\javassist\javassist\3.30.2-GA\javassist-3.30.2-GA.jar;C:\Users\user\.m2\repository\org\glassfish\hk2\spring-bridge\3.1.1\spring-bridge-3.1.1.jar;C:\Users\user\.m2\repository\org\glassfish\hk2\hk2-api\3.1.1\hk2-api-3.1.1.jar;C:\Users\user\.m2\repository\com\fasterxml\jackson\dataformat\jackson-dataformat-xml\2.19.1\jackson-dataformat-xml-2.19.1.jar;C:\Users\user\.m2\repository\org\codehaus\woodstox\stax2-api\4.2.2\stax2-api-4.2.2.jar;C:\Users\user\.m2\repository\com\fasterxml\woodstox\woodstox-core\7.1.1\woodstox-core-7.1.1.jar;C:\Users\user\.m2\repository\org\springframework\cloud\spring-cloud-starter-loadbalancer\4.3.0\spring-cloud-starter-loadbalancer-4.3.0.jar;C:\Users\user\.m2\repository\org\springframework\cloud\spring-cloud-loadbalancer\4.3.0\spring-cloud-loadbalancer-4.3.0.jar;C:\Users\user\.m2\repository\io\projectreactor\reactor-core\3.7.7\reactor-core-3.7.7.jar;C:\Users\user\.m2\repository\org\reactivestreams\reactive-streams\1.0.4\reactive-streams-1.0.4.jar;C:\Users\user\.m2\repository\io\projectreactor\addons\reactor-extra\3.5.2\reactor-extra-3.5.2.jar;C:\Users\user\.m2\repository\org\springframework\boot\spring-boot-starter-cache\3.5.3\spring-boot-starter-cache-3.5.3.jar;C:\Users\user\.m2\repository\com\stoyanr\evictor\1.0.0\evictor-1.0.0.jar;C:\Users\user\.m2\repository\org\glassfish\jaxb\jaxb-runtime\4.0.5\jaxb-runtime-4.0.5.jar;C:\Users\user\.m2\repository\org\glassfish\jaxb\jaxb-core\4.0.5\jaxb-core-4.0.5.jar;C:\Users\user\.m2\repository\jakarta\xml\bind\jakarta.xml.bind-api\4.0.2\jakarta.xml.bind-api-4.0.2.jar;C:\Users\user\.m2\repository\jakarta\activation\jakarta.activation-api\2.1.3\jakarta.activation-api-2.1.3.jar;C:\Users\user\.m2\repository\org\eclipse\angus\angus-activation\2.0.2\angus-activation-2.0.2.jar;C:\Users\user\.m2\repository\org\glassfish\jaxb\txw2\4.0.5\txw2-4.0.5.jar;C:\Users\user\.m2\repository\com\sun\istack\istack-commons-runtime\4.1.2\istack-commons-runtime-4.1.2.jar
Launcher Type: SUN_STANDARD

[Global flags]
     intx CICompilerCount                          = 3                                         {product} {ergonomic}
     uint ConcGCThreads                            = 1                                         {product} {ergonomic}
     uint G1ConcRefinementThreads                  = 4                                         {product} {ergonomic}
   size_t G1HeapRegionSize                         = 1048576                                   {product} {ergonomic}
    uintx GCDrainStackTargetSize                   = 64                                        {product} {ergonomic}
   size_t InitialHeapSize                          = 62914560                                  {product} {ergonomic}
   size_t MarkStackSize                            = 4194304                                   {product} {ergonomic}
   size_t MaxHeapSize                              = 1002438656                                {product} {ergonomic}
   size_t MaxNewSize                               = 600834048                                 {product} {ergonomic}
   size_t MinHeapDeltaBytes                        = 1048576                                   {product} {ergonomic}
   size_t MinHeapSize                              = 8388608                                   {product} {ergonomic}
    uintx NonNMethodCodeHeapSize                   = 5832780                                {pd product} {ergonomic}
    uintx NonProfiledCodeHeapSize                  = 122912730                              {pd product} {ergonomic}
    uintx ProfiledCodeHeapSize                     = 122912730                              {pd product} {ergonomic}
    uintx ReservedCodeCacheSize                    = 251658240                              {pd product} {ergonomic}
     bool SegmentedCodeCache                       = true                                      {product} {ergonomic}
   size_t SoftMaxHeapSize                          = 1002438656                             {manageable} {ergonomic}
     bool UseCompressedClassPointers               = true                           {product lp64_product} {ergonomic}
     bool UseCompressedOops                        = true                           {product lp64_product} {ergonomic}
     bool UseG1GC                                  = true                                      {product} {ergonomic}
     bool UseLargePagesIndividualAllocation        = false                                  {pd product} {ergonomic}

Logging:
Log output configuration:
 #0: stdout all=warning uptime,level,tags foldmultilines=false
 #1: stderr all=off uptime,level,tags foldmultilines=false

Environment Variables:
JAVA_HOME=C:\Program Files\Java\jdk-19
PATH=C:\Program Files\Java\jdk-19\bin;C:\Program Files\Common Files\Oracle\Java\javapath;C:\WINDOWS\system32;C:\WINDOWS;C:\WINDOWS\System32\Wbem;C:\WINDOWS\System32\WindowsPowerShell\v1.0\;C:\WINDOWS\System32\OpenSSH\;C:\Program Files\dotnet\;C:\MinGW\bin;C:\Program Files\apache-maven-3.9.2\bin;C:\Program Files\Git\cmd;C:\ProgramData\chocolatey\bin;C:\Users\user\AppData\Local\nvm;C:\nvm4w\nodejs;C:\Program Files\nodejs\;C:\Program Files\Java\jdk-19\bin;C:\Program Files\Erlang OTP\bin;C:\Program Files\MySQL\MySQL Shell 8.0\bin\;C:\Users\user\AppData\Local\Microsoft\WindowsApps;C:\Program Files\Git\cmd;C:\Users\user\AppData\Local\Programs\Microsoft VS Code\bin;E:\MinGW\bin;C:\Program Files\MySQL\MySQL Server 8.0\bin;C:\Users\user\eclipse-workspace\PabitraJava\bin;C:\Program Files\Java\jdk-19\bin;C:\Users\user\eclipse-workspace\javaHibernate;C:\Program Files\apache-maven-3.9.2\bin;C:\Users\user\AppData\Local\nvm;C:\nvm4w\nodejs;C:\Program Files\PostgreSQL\17\bin;C:\Users\user\AppData\Roaming\npm;C:\Program Files\JetBrains\IntelliJ IDEA 2025.2.5\bin;C:\Program Files\JetBrains\PyCharm 2026.1.1\bin;C:\Program Files\Java\jdk-19\bin;C:\Program Files\Redis
USERNAME=user
OS=Windows_NT
PROCESSOR_IDENTIFIER=Intel64 Family 6 Model 140 Stepping 1, GenuineIntel
TMP=C:\Users\user\AppData\Local\Temp
TEMP=C:\Users\user\AppData\Local\Temp



---------------  S Y S T E M  ---------------

OS:
 Windows 11 , 64 bit Build 26100 (10.0.26100.8521)
OS uptime: 0 days 0:52 hours
Hyper-V role detected

CPU: total 4 (initial active 4) (2 cores per cpu, 2 threads per core) family 6 model 140 stepping 1 microcode 0xbe, cx8, cmov, fxsr, ht, mmx, 3dnowpref, sse, sse2, sse3, ssse3, sse4.1, sse4.2, popcnt, lzcnt, tsc, tscinvbit, avx, avx2, aes, erms, clmul, bmi1, bmi2, adx, avx512f, avx512dq, avx512cd, avx512bw, avx512vl, sha, fma, vzeroupper, avx512_vpopcntdq, avx512_vpclmulqdq, avx512_vaes, avx512_vnni, clflush, clflushopt, clwb, avx512_vbmi2, avx512_vbmi, hv, rdtscp, rdpid, fsrm, gfni, avx512_bitalg

Memory: 4k page, system-wide physical 3818M (33M free)
TotalPageFile size 15594M (AvailPageFile size 2M)
current process WorkingSet (physical memory assigned to process): 57M, peak: 213M
current process commit charge ("private bytes"): 268M, peak: 282M

vm_info: Java HotSpot(TM) 64-Bit Server VM (19.0.1+10-21) for windows-amd64 JRE (19.0.1+10-21), built on 2022-09-14T12:45:06Z by "mach5one" with MS VC++ 17.1 (VS2022)

END.
