#
# There is insufficient memory for the Java Runtime Environment to continue.
# Native memory allocation (malloc) failed to allocate 32784 bytes for Chunk::new
# Possible reasons:
#   The system is out of physical RAM or swap space
#   The process is running with CompressedOops enabled, and the Java Heap may be blocking the growth of the native heap
# Possible solutions:
#   Reduce memory load on the system
#   Increase physical memory or swap space
#   Check if swap backing store is full
#   Decrease Java heap size (-Xmx/-Xms)
#   Decrease number of Java threads
#   Decrease Java thread stack sizes (-Xss)
#   Set larger code cache with -XX:ReservedCodeCacheSize=
#   JVM is running with Unscaled Compressed Oops mode in which the Java heap is
#     placed in the first 4GB address space. The Java Heap base address is the
#     maximum limit for the native heap growth. Please use -XX:HeapBaseMinAddress
#     to set the Java Heap base and to place the Java Heap above 4GB virtual address.
# This output file may be truncated or incomplete.
#
#  Out of Memory Error (arena.cpp:184), pid=17300, tid=13540
#
# JRE version: Java(TM) SE Runtime Environment (19.0.1+10) (build 19.0.1+10-21)
# Java VM: Java HotSpot(TM) 64-Bit Server VM (19.0.1+10-21, mixed mode, sharing, tiered, compressed oops, compressed class ptrs, g1 gc, windows-amd64)
# No core dump will be written. Minidumps are not enabled by default on client versions of Windows
#

---------------  S U M M A R Y ------------

Command Line: -javaagent:C:\Program Files\JetBrains\IntelliJ IDEA 2025.2.5\lib\idea_rt.jar=20799 -Dfile.encoding=UTF-8 -Dsun.stdout.encoding=UTF-8 -Dsun.stderr.encoding=UTF-8 com.fundoo.eureka.EurekaServerApplication

Host: 11th Gen Intel(R) Core(TM) i3-1115G4 @ 3.00GHz, 4 cores, 3G,  Windows 11 , 64 bit Build 26100 (10.0.26100.9168)
Time: Fri Aug 21 14:54:56 2026 India Standard Time elapsed time: 7.004701 seconds (0d 0h 0m 7s)

---------------  T H R E A D  ---------------

Current thread (0x0000028ff10886a0):  JavaThread "C2 CompilerThread0" daemon [_thread_in_native, id=13540, stack(0x000000fa30300000,0x000000fa30400000)]


Current CompileTask:
C2:   7004 3679       4       org.springframework.core.annotation.MergedAnnotationsCollection::find (174 bytes)

Stack: [0x000000fa30300000,0x000000fa30400000]
Native frames: (J=compiled Java code, j=interpreted, Vv=VM code, C=native code)
V  [jvm.dll+0x6ee8fa]
V  [jvm.dll+0x857a1e]
V  [jvm.dll+0x85940e]
V  [jvm.dll+0x859ac3]
V  [jvm.dll+0x28291f]
V  [jvm.dll+0xc9b5f]
V  [jvm.dll+0xc9ee5]
V  [jvm.dll+0xc9c84]
V  [jvm.dll+0x715b2f]
V  [jvm.dll+0x1db2e3]
V  [jvm.dll+0x71421d]
V  [jvm.dll+0x25516e]
V  [jvm.dll+0x24e097]
V  [jvm.dll+0x24b563]
V  [jvm.dll+0x1d6d61]
V  [jvm.dll+0x25b0fa]
V  [jvm.dll+0x259588]
V  [jvm.dll+0x807928]
V  [jvm.dll+0x8015fa]
V  [jvm.dll+0x6ed5eb]
C  [ucrtbase.dll+0x2cd30]
C  [KERNEL32.DLL+0x2ccb7]
C  [ntdll.dll+0xaad6c]


---------------  P R O C E S S  ---------------

Threads class SMR info:
_java_thread_list=0x0000028ff66295e0, length=13, elements={
0x0000028fd59e2630, 0x0000028ff10643e0, 0x0000028ff1065a80, 0x0000028ff1067b80,
0x0000028ff106c5c0, 0x0000028ff106db50, 0x0000028ff10798b0, 0x0000028ff10886a0,
0x0000028ff1091600, 0x0000028ff1099050, 0x0000028ff103d110, 0x0000028ff55f7730,
0x0000028ff55f7c70
}

Java Threads: ( => current thread )
  0x0000028fd59e2630 JavaThread "main" [_thread_in_Java, id=5216, stack(0x000000fa2f600000,0x000000fa2f700000)]
  0x0000028ff10643e0 JavaThread "Reference Handler" daemon [_thread_blocked, id=6004, stack(0x000000fa2fd00000,0x000000fa2fe00000)]
  0x0000028ff1065a80 JavaThread "Finalizer" daemon [_thread_blocked, id=3044, stack(0x000000fa2fe00000,0x000000fa2ff00000)]
  0x0000028ff1067b80 JavaThread "Signal Dispatcher" daemon [_thread_blocked, id=12416, stack(0x000000fa2ff00000,0x000000fa30000000)]
  0x0000028ff106c5c0 JavaThread "Attach Listener" daemon [_thread_blocked, id=5356, stack(0x000000fa30000000,0x000000fa30100000)]
  0x0000028ff106db50 JavaThread "Service Thread" daemon [_thread_blocked, id=8024, stack(0x000000fa30100000,0x000000fa30200000)]
  0x0000028ff10798b0 JavaThread "Monitor Deflation Thread" daemon [_thread_blocked, id=10456, stack(0x000000fa30200000,0x000000fa30300000)]
=>0x0000028ff10886a0 JavaThread "C2 CompilerThread0" daemon [_thread_in_native, id=13540, stack(0x000000fa30300000,0x000000fa30400000)]
  0x0000028ff1091600 JavaThread "C1 CompilerThread0" daemon [_thread_blocked, id=16892, stack(0x000000fa30400000,0x000000fa30500000)]
  0x0000028ff1099050 JavaThread "Sweeper thread" daemon [_thread_blocked, id=15104, stack(0x000000fa30500000,0x000000fa30600000)]
  0x0000028ff103d110 JavaThread "Common-Cleaner" daemon [_thread_blocked, id=15772, stack(0x000000fa30600000,0x000000fa30700000)]
  0x0000028ff55f7730 JavaThread "Monitor Ctrl-Break" daemon [_thread_in_native, id=12080, stack(0x000000fa30700000,0x000000fa30800000)]
  0x0000028ff55f7c70 JavaThread "Notification Thread" daemon [_thread_blocked, id=1788, stack(0x000000fa30800000,0x000000fa30900000)]

Other Threads:
  0x0000028ff104c600 VMThread "VM Thread" [stack: 0x000000fa2fc00000,0x000000fa2fd00000] [id=4700]
  0x0000028fd59e30c0 WatcherThread "VM Periodic Task Thread" [stack: 0x000000fa30900000,0x000000fa30a00000] [id=1140]
  0x0000028fd5a23530 WorkerThread "GC Thread#0" [stack: 0x000000fa2f700000,0x000000fa2f800000] [id=5716]
  0x0000028ff5bb2ce0 WorkerThread "GC Thread#1" [stack: 0x000000fa30a00000,0x000000fa30b00000] [id=8684]
  0x0000028ff5bd6360 WorkerThread "GC Thread#2" [stack: 0x000000fa30b00000,0x000000fa30c00000] [id=8004]
  0x0000028ff5bd6630 WorkerThread "GC Thread#3" [stack: 0x000000fa30c00000,0x000000fa30d00000] [id=2460]
  0x0000028fd5a2ea90 ConcurrentGCThread "G1 Main Marker" [stack: 0x000000fa2f800000,0x000000fa2f900000] [id=12200]
  0x0000028fd5a2f4c0 WorkerThread "G1 Conc#0" [stack: 0x000000fa2f900000,0x000000fa2fa00000] [id=13628]
  0x0000028fd5a8af70 ConcurrentGCThread "G1 Refine#0" [stack: 0x000000fa2fa00000,0x000000fa2fb00000] [id=12344]
  0x0000028fd5a8bab0 ConcurrentGCThread "G1 Service" [stack: 0x000000fa2fb00000,0x000000fa2fc00000] [id=17008]

Threads with active compile tasks:
C2 CompilerThread0     7047 3679       4       org.springframework.core.annotation.MergedAnnotationsCollection::find (174 bytes)

VM state: not at safepoint (normal execution)

VM Mutex/Monitor currently owned by a thread: None

Heap address: 0x00000000c4400000, size: 956 MB, Compressed Oops mode: 32-bit

CDS archive(s) mapped at: [0x0000000800000000-0x0000000800c40000-0x0000000800c40000), size 12845056, SharedBaseAddress: 0x0000000800000000, ArchiveRelocationMode: 0.
Compressed class space mapped at: 0x0000000801000000-0x0000000841000000, reserved size: 1073741824
Narrow klass base: 0x0000000800000000, Narrow klass shift: 0, Narrow klass range: 0x100000000

GC Precious Log:
 CardTable entry size: 512
 Card Set container configuration: InlinePtr #cards 5 size 8 Array Of Cards #cards 12 size 40 Howl #buckets 4 coarsen threshold 1843 Howl Bitmap #cards 512 size 80 coarsen threshold 460 Card regions per heap region 1 cards per card region 2048
 CPUs: 4 total, 4 available
 Memory: 3818M
 Large Page Support: Disabled
 NUMA Support: Disabled
 Compressed Oops: Enabled (32-bit)
 Heap Region Size: 1M
 Heap Min Capacity: 8M
 Heap Initial Capacity: 60M
 Heap Max Capacity: 956M
 Pre-touch: Disabled
 Parallel Workers: 4
 Concurrent Workers: 1
 Concurrent Refinement Workers: 4
 Periodic GC: Disabled

Heap:
 garbage-first heap   total 108544K, used 22745K [0x00000000c4400000, 0x0000000100000000)
  region size 1024K, 4 young (4096K), 2 survivors (2048K)
 Metaspace       used 24946K, committed 25344K, reserved 1114112K
  class space    used 2953K, committed 3136K, reserved 1048576K

Heap Regions: E=young(eden), S=young(survivor), O=old, HS=humongous(starts), HC=humongous(continues), CS=collection set, F=free, OA=open archive, CA=closed archive, TAMS=top-at-mark-start (previous, next)
|   0|0x00000000c4400000, 0x00000000c4500000, 0x00000000c4500000|100%|HS|  |TAMS 0x00000000c4500000, 0x00000000c4400000| Complete 
|   1|0x00000000c4500000, 0x00000000c4600000, 0x00000000c4600000|100%| O|  |TAMS 0x00000000c4500000, 0x00000000c4500000| Untracked 
|   2|0x00000000c4600000, 0x00000000c4700000, 0x00000000c4700000|100%| O|  |TAMS 0x00000000c4700000, 0x00000000c4600000| Untracked 
|   3|0x00000000c4700000, 0x00000000c4800000, 0x00000000c4800000|100%| O|  |TAMS 0x00000000c4800000, 0x00000000c4700000| Untracked 
|   4|0x00000000c4800000, 0x00000000c4900000, 0x00000000c4900000|100%| O|  |TAMS 0x00000000c4900000, 0x00000000c4800000| Untracked 
|   5|0x00000000c4900000, 0x00000000c4a00000, 0x00000000c4a00000|100%| O|  |TAMS 0x00000000c4a00000, 0x00000000c4900000| Untracked 
|   6|0x00000000c4a00000, 0x00000000c4b00000, 0x00000000c4b00000|100%| O|  |TAMS 0x00000000c4b00000, 0x00000000c4a00000| Untracked 
|   7|0x00000000c4b00000, 0x00000000c4c00000, 0x00000000c4c00000|100%| O|  |TAMS 0x00000000c4b00000, 0x00000000c4b00000| Untracked 
|   8|0x00000000c4c00000, 0x00000000c4d00000, 0x00000000c4d00000|100%| O|  |TAMS 0x00000000c4c00000, 0x00000000c4c00000| Untracked 
|   9|0x00000000c4d00000, 0x00000000c4e00000, 0x00000000c4e00000|100%| O|  |TAMS 0x00000000c4e00000, 0x00000000c4d00000| Untracked 
|  10|0x00000000c4e00000, 0x00000000c4f00000, 0x00000000c4f00000|100%| O|  |TAMS 0x00000000c4f00000, 0x00000000c4e00000| Untracked 
|  11|0x00000000c4f00000, 0x00000000c4f00000, 0x00000000c5000000|  0%| F|  |TAMS 0x00000000c4f00000, 0x00000000c4f00000| Untracked 
|  12|0x00000000c5000000, 0x00000000c5100000, 0x00000000c5100000|100%| O|  |TAMS 0x00000000c5100000, 0x00000000c5000000| Untracked 
|  13|0x00000000c5100000, 0x00000000c5200000, 0x00000000c5200000|100%| O|  |TAMS 0x00000000c5200000, 0x00000000c5100000| Untracked 
|  14|0x00000000c5200000, 0x00000000c5300000, 0x00000000c5300000|100%| O|  |TAMS 0x00000000c5300000, 0x00000000c5200000| Untracked 
|  15|0x00000000c5300000, 0x00000000c5400000, 0x00000000c5400000|100%| O|  |TAMS 0x00000000c5400000, 0x00000000c5300000| Untracked 
|  16|0x00000000c5400000, 0x00000000c5500000, 0x00000000c5500000|100%| O|  |TAMS 0x00000000c545da00, 0x00000000c5400000| Untracked 
|  17|0x00000000c5500000, 0x00000000c5600000, 0x00000000c5600000|100%| O|  |TAMS 0x00000000c5500000, 0x00000000c5500000| Untracked 
|  18|0x00000000c5600000, 0x00000000c5700000, 0x00000000c5700000|100%| O|  |TAMS 0x00000000c5600000, 0x00000000c5600000| Untracked 
|  19|0x00000000c5700000, 0x00000000c5800000, 0x00000000c5800000|100%| O|  |TAMS 0x00000000c5700000, 0x00000000c5700000| Untracked 
|  20|0x00000000c5800000, 0x00000000c588f400, 0x00000000c5900000| 55%| O|  |TAMS 0x00000000c5800000, 0x00000000c5800000| Untracked 
|  21|0x00000000c5900000, 0x00000000c5900000, 0x00000000c5a00000|  0%| F|  |TAMS 0x00000000c5900000, 0x00000000c5900000| Untracked 
|  22|0x00000000c5a00000, 0x00000000c5a00000, 0x00000000c5b00000|  0%| F|  |TAMS 0x00000000c5a00000, 0x00000000c5a00000| Untracked 
|  23|0x00000000c5b00000, 0x00000000c5b00000, 0x00000000c5c00000|  0%| F|  |TAMS 0x00000000c5b00000, 0x00000000c5b00000| Untracked 
|  24|0x00000000c5c00000, 0x00000000c5c00000, 0x00000000c5d00000|  0%| F|  |TAMS 0x00000000c5c00000, 0x00000000c5c00000| Untracked 
|  25|0x00000000c5d00000, 0x00000000c5d00000, 0x00000000c5e00000|  0%| F|  |TAMS 0x00000000c5d00000, 0x00000000c5d00000| Untracked 
|  26|0x00000000c5e00000, 0x00000000c5e00000, 0x00000000c5f00000|  0%| F|  |TAMS 0x00000000c5e00000, 0x00000000c5e00000| Untracked 
|  27|0x00000000c5f00000, 0x00000000c5f00000, 0x00000000c6000000|  0%| F|  |TAMS 0x00000000c5f00000, 0x00000000c5f00000| Untracked 
|  28|0x00000000c6000000, 0x00000000c6000000, 0x00000000c6100000|  0%| F|  |TAMS 0x00000000c6000000, 0x00000000c6000000| Untracked 
|  29|0x00000000c6100000, 0x00000000c6100000, 0x00000000c6200000|  0%| F|  |TAMS 0x00000000c6100000, 0x00000000c6100000| Untracked 
|  30|0x00000000c6200000, 0x00000000c6200000, 0x00000000c6300000|  0%| F|  |TAMS 0x00000000c6200000, 0x00000000c6200000| Untracked 
|  31|0x00000000c6300000, 0x00000000c6300000, 0x00000000c6400000|  0%| F|  |TAMS 0x00000000c6300000, 0x00000000c6300000| Untracked 
|  32|0x00000000c6400000, 0x00000000c6400000, 0x00000000c6500000|  0%| F|  |TAMS 0x00000000c6400000, 0x00000000c6400000| Untracked 
|  33|0x00000000c6500000, 0x00000000c6500000, 0x00000000c6600000|  0%| F|  |TAMS 0x00000000c6500000, 0x00000000c6500000| Untracked 
|  34|0x00000000c6600000, 0x00000000c6600000, 0x00000000c6700000|  0%| F|  |TAMS 0x00000000c6600000, 0x00000000c6600000| Untracked 
|  35|0x00000000c6700000, 0x00000000c6700000, 0x00000000c6800000|  0%| F|  |TAMS 0x00000000c6700000, 0x00000000c6700000| Untracked 
|  36|0x00000000c6800000, 0x00000000c68a7120, 0x00000000c6900000| 65%| S|CS|TAMS 0x00000000c6800000, 0x00000000c6800000| Complete 
|  37|0x00000000c6900000, 0x00000000c6a00000, 0x00000000c6a00000|100%| S|CS|TAMS 0x00000000c6900000, 0x00000000c6900000| Complete 
|  38|0x00000000c6a00000, 0x00000000c6a00000, 0x00000000c6b00000|  0%| F|  |TAMS 0x00000000c6a00000, 0x00000000c6a00000| Untracked 
|  39|0x00000000c6b00000, 0x00000000c6b00000, 0x00000000c6c00000|  0%| F|  |TAMS 0x00000000c6b00000, 0x00000000c6b00000| Untracked 
|  40|0x00000000c6c00000, 0x00000000c6c00000, 0x00000000c6d00000|  0%| F|  |TAMS 0x00000000c6c00000, 0x00000000c6c00000| Untracked 
|  41|0x00000000c6d00000, 0x00000000c6d00000, 0x00000000c6e00000|  0%| F|  |TAMS 0x00000000c6d00000, 0x00000000c6d00000| Untracked 
|  42|0x00000000c6e00000, 0x00000000c6e00000, 0x00000000c6f00000|  0%| F|  |TAMS 0x00000000c6e00000, 0x00000000c6e00000| Untracked 
|  43|0x00000000c6f00000, 0x00000000c6f00000, 0x00000000c7000000|  0%| F|  |TAMS 0x00000000c6f00000, 0x00000000c6f00000| Untracked 
|  44|0x00000000c7000000, 0x00000000c7000000, 0x00000000c7100000|  0%| F|  |TAMS 0x00000000c7000000, 0x00000000c7000000| Untracked 
|  45|0x00000000c7100000, 0x00000000c7100000, 0x00000000c7200000|  0%| F|  |TAMS 0x00000000c7100000, 0x00000000c7100000| Untracked 
|  46|0x00000000c7200000, 0x00000000c7200000, 0x00000000c7300000|  0%| F|  |TAMS 0x00000000c7200000, 0x00000000c7200000| Untracked 
|  47|0x00000000c7300000, 0x00000000c7300000, 0x00000000c7400000|  0%| F|  |TAMS 0x00000000c7300000, 0x00000000c7300000| Untracked 
|  48|0x00000000c7400000, 0x00000000c7400000, 0x00000000c7500000|  0%| F|  |TAMS 0x00000000c7400000, 0x00000000c7400000| Untracked 
|  49|0x00000000c7500000, 0x00000000c7500000, 0x00000000c7600000|  0%| F|  |TAMS 0x00000000c7500000, 0x00000000c7500000| Untracked 
|  50|0x00000000c7600000, 0x00000000c7600000, 0x00000000c7700000|  0%| F|  |TAMS 0x00000000c7600000, 0x00000000c7600000| Untracked 
|  51|0x00000000c7700000, 0x00000000c7700000, 0x00000000c7800000|  0%| F|  |TAMS 0x00000000c7700000, 0x00000000c7700000| Untracked 
|  52|0x00000000c7800000, 0x00000000c7800000, 0x00000000c7900000|  0%| F|  |TAMS 0x00000000c7800000, 0x00000000c7800000| Untracked 
|  53|0x00000000c7900000, 0x00000000c7900000, 0x00000000c7a00000|  0%| F|  |TAMS 0x00000000c7900000, 0x00000000c7900000| Untracked 
|  54|0x00000000c7a00000, 0x00000000c7a00000, 0x00000000c7b00000|  0%| F|  |TAMS 0x00000000c7a00000, 0x00000000c7a00000| Untracked 
|  55|0x00000000c7b00000, 0x00000000c7b00000, 0x00000000c7c00000|  0%| F|  |TAMS 0x00000000c7b00000, 0x00000000c7b00000| Untracked 
|  56|0x00000000c7c00000, 0x00000000c7c00000, 0x00000000c7d00000|  0%| F|  |TAMS 0x00000000c7c00000, 0x00000000c7c00000| Untracked 
|  57|0x00000000c7d00000, 0x00000000c7d00000, 0x00000000c7e00000|  0%| F|  |TAMS 0x00000000c7d00000, 0x00000000c7d00000| Untracked 
|  58|0x00000000c7e00000, 0x00000000c7e00000, 0x00000000c7f00000|  0%| F|  |TAMS 0x00000000c7e00000, 0x00000000c7e00000| Untracked 
|  59|0x00000000c7f00000, 0x00000000c7f00000, 0x00000000c8000000|  0%| F|  |TAMS 0x00000000c7f00000, 0x00000000c7f00000| Untracked 
|  60|0x00000000c8000000, 0x00000000c8000000, 0x00000000c8100000|  0%| F|  |TAMS 0x00000000c8000000, 0x00000000c8000000| Untracked 
|  61|0x00000000c8100000, 0x00000000c8100000, 0x00000000c8200000|  0%| F|  |TAMS 0x00000000c8100000, 0x00000000c8100000| Untracked 
|  62|0x00000000c8200000, 0x00000000c8200000, 0x00000000c8300000|  0%| F|  |TAMS 0x00000000c8200000, 0x00000000c8200000| Untracked 
|  63|0x00000000c8300000, 0x00000000c8300000, 0x00000000c8400000|  0%| F|  |TAMS 0x00000000c8300000, 0x00000000c8300000| Untracked 
|  64|0x00000000c8400000, 0x00000000c8400000, 0x00000000c8500000|  0%| F|  |TAMS 0x00000000c8400000, 0x00000000c8400000| Untracked 
|  65|0x00000000c8500000, 0x00000000c8500000, 0x00000000c8600000|  0%| F|  |TAMS 0x00000000c8500000, 0x00000000c8500000| Untracked 
|  66|0x00000000c8600000, 0x00000000c8600000, 0x00000000c8700000|  0%| F|  |TAMS 0x00000000c8600000, 0x00000000c8600000| Untracked 
|  67|0x00000000c8700000, 0x00000000c8700000, 0x00000000c8800000|  0%| F|  |TAMS 0x00000000c8700000, 0x00000000c8700000| Untracked 
|  68|0x00000000c8800000, 0x00000000c8800000, 0x00000000c8900000|  0%| F|  |TAMS 0x00000000c8800000, 0x00000000c8800000| Untracked 
|  69|0x00000000c8900000, 0x00000000c8900000, 0x00000000c8a00000|  0%| F|  |TAMS 0x00000000c8900000, 0x00000000c8900000| Untracked 
|  70|0x00000000c8a00000, 0x00000000c8a00000, 0x00000000c8b00000|  0%| F|  |TAMS 0x00000000c8a00000, 0x00000000c8a00000| Untracked 
|  71|0x00000000c8b00000, 0x00000000c8b00000, 0x00000000c8c00000|  0%| F|  |TAMS 0x00000000c8b00000, 0x00000000c8b00000| Untracked 
|  72|0x00000000c8c00000, 0x00000000c8c00000, 0x00000000c8d00000|  0%| F|  |TAMS 0x00000000c8c00000, 0x00000000c8c00000| Untracked 
|  73|0x00000000c8d00000, 0x00000000c8d00000, 0x00000000c8e00000|  0%| F|  |TAMS 0x00000000c8d00000, 0x00000000c8d00000| Untracked 
|  74|0x00000000c8e00000, 0x00000000c8e00000, 0x00000000c8f00000|  0%| F|  |TAMS 0x00000000c8e00000, 0x00000000c8e00000| Untracked 
|  75|0x00000000c8f00000, 0x00000000c8f00000, 0x00000000c9000000|  0%| F|  |TAMS 0x00000000c8f00000, 0x00000000c8f00000| Untracked 
|  76|0x00000000c9000000, 0x00000000c9000000, 0x00000000c9100000|  0%| F|  |TAMS 0x00000000c9000000, 0x00000000c9000000| Untracked 
|  77|0x00000000c9100000, 0x00000000c9100000, 0x00000000c9200000|  0%| F|  |TAMS 0x00000000c9100000, 0x00000000c9100000| Untracked 
|  78|0x00000000c9200000, 0x00000000c9200000, 0x00000000c9300000|  0%| F|  |TAMS 0x00000000c9200000, 0x00000000c9200000| Untracked 
|  79|0x00000000c9300000, 0x00000000c9300000, 0x00000000c9400000|  0%| F|  |TAMS 0x00000000c9300000, 0x00000000c9300000| Untracked 
|  80|0x00000000c9400000, 0x00000000c9400000, 0x00000000c9500000|  0%| F|  |TAMS 0x00000000c9400000, 0x00000000c9400000| Untracked 
|  81|0x00000000c9500000, 0x00000000c9500000, 0x00000000c9600000|  0%| F|  |TAMS 0x00000000c9500000, 0x00000000c9500000| Untracked 
|  82|0x00000000c9600000, 0x00000000c9600000, 0x00000000c9700000|  0%| F|  |TAMS 0x00000000c9600000, 0x00000000c9600000| Untracked 
|  83|0x00000000c9700000, 0x00000000c9700000, 0x00000000c9800000|  0%| F|  |TAMS 0x00000000c9700000, 0x00000000c9700000| Untracked 
|  84|0x00000000c9800000, 0x00000000c9800000, 0x00000000c9900000|  0%| F|  |TAMS 0x00000000c9800000, 0x00000000c9800000| Untracked 
|  85|0x00000000c9900000, 0x00000000c9900000, 0x00000000c9a00000|  0%| F|  |TAMS 0x00000000c9900000, 0x00000000c9900000| Untracked 
|  86|0x00000000c9a00000, 0x00000000c9a00000, 0x00000000c9b00000|  0%| F|  |TAMS 0x00000000c9a00000, 0x00000000c9a00000| Untracked 
|  87|0x00000000c9b00000, 0x00000000c9b00000, 0x00000000c9c00000|  0%| F|  |TAMS 0x00000000c9b00000, 0x00000000c9b00000| Untracked 
|  88|0x00000000c9c00000, 0x00000000c9c00000, 0x00000000c9d00000|  0%| F|  |TAMS 0x00000000c9c00000, 0x00000000c9c00000| Untracked 
|  89|0x00000000c9d00000, 0x00000000c9d00000, 0x00000000c9e00000|  0%| F|  |TAMS 0x00000000c9d00000, 0x00000000c9d00000| Untracked 
|  90|0x00000000c9e00000, 0x00000000c9e00000, 0x00000000c9f00000|  0%| F|  |TAMS 0x00000000c9e00000, 0x00000000c9e00000| Untracked 
|  91|0x00000000c9f00000, 0x00000000c9f00000, 0x00000000ca000000|  0%| F|  |TAMS 0x00000000c9f00000, 0x00000000c9f00000| Untracked 
|  92|0x00000000ca000000, 0x00000000ca000000, 0x00000000ca100000|  0%| F|  |TAMS 0x00000000ca000000, 0x00000000ca000000| Untracked 
|  93|0x00000000ca100000, 0x00000000ca100000, 0x00000000ca200000|  0%| F|  |TAMS 0x00000000ca100000, 0x00000000ca100000| Untracked 
|  94|0x00000000ca200000, 0x00000000ca200000, 0x00000000ca300000|  0%| F|  |TAMS 0x00000000ca200000, 0x00000000ca200000| Untracked 
|  95|0x00000000ca300000, 0x00000000ca300000, 0x00000000ca400000|  0%| F|  |TAMS 0x00000000ca300000, 0x00000000ca300000| Untracked 
|  96|0x00000000ca400000, 0x00000000ca400000, 0x00000000ca500000|  0%| F|  |TAMS 0x00000000ca400000, 0x00000000ca400000| Untracked 
|  97|0x00000000ca500000, 0x00000000ca500000, 0x00000000ca600000|  0%| F|  |TAMS 0x00000000ca500000, 0x00000000ca500000| Untracked 
|  98|0x00000000ca600000, 0x00000000ca600000, 0x00000000ca700000|  0%| F|  |TAMS 0x00000000ca600000, 0x00000000ca600000| Untracked 
|  99|0x00000000ca700000, 0x00000000ca700000, 0x00000000ca800000|  0%| F|  |TAMS 0x00000000ca700000, 0x00000000ca700000| Untracked 
| 100|0x00000000ca800000, 0x00000000ca800000, 0x00000000ca900000|  0%| F|  |TAMS 0x00000000ca800000, 0x00000000ca800000| Untracked 
| 101|0x00000000ca900000, 0x00000000ca900000, 0x00000000caa00000|  0%| F|  |TAMS 0x00000000ca900000, 0x00000000ca900000| Untracked 
| 102|0x00000000caa00000, 0x00000000caa00000, 0x00000000cab00000|  0%| F|  |TAMS 0x00000000caa00000, 0x00000000caa00000| Untracked 
| 103|0x00000000cab00000, 0x00000000cab00000, 0x00000000cac00000|  0%| F|  |TAMS 0x00000000cab00000, 0x00000000cab00000| Untracked 
| 104|0x00000000cac00000, 0x00000000cad00000, 0x00000000cad00000|100%| E|  |TAMS 0x00000000cac00000, 0x00000000cac00000| Complete 
| 105|0x00000000cad00000, 0x00000000cae00000, 0x00000000cae00000|100%| E|CS|TAMS 0x00000000cad00000, 0x00000000cad00000| Complete 

Card table byte_map: [0x0000028fec930000,0x0000028fecb10000] _byte_map_base: 0x0000028fec30e000

Marking Bits (Prev, Next): (CMBitMap*) 0x0000028fd5a23ba0, (CMBitMap*) 0x0000028fd5a23b60
 Prev Bits: [0x0000028fedbe0000, 0x0000028feead0000)
 Next Bits: [0x0000028feccf0000, 0x0000028fedbe0000)

Polling page: 0x0000028fd3b40000

Metaspace:

Usage:
  Non-class:     21.48 MB used.
      Class:      2.89 MB used.
       Both:     24.36 MB used.

Virtual space:
  Non-class space:       64.00 MB reserved,      21.69 MB ( 34%) committed,  1 nodes.
      Class space:        1.00 GB reserved,       3.06 MB ( <1%) committed,  1 nodes.
             Both:        1.06 GB reserved,      24.75 MB (  2%) committed. 

Chunk freelists:
   Non-Class:  1.91 MB
       Class:  800.00 KB
        Both:  2.69 MB

MaxMetaspaceSize: unlimited
CompressedClassSpaceSize: 1.00 GB
Initial GC threshold: 21.00 MB
Current GC threshold: 35.12 MB
CDS: on
MetaspaceReclaimPolicy: balanced
 - commit_granule_bytes: 65536.
 - commit_granule_words: 8192.
 - virtual_space_node_default_size: 8388608.
 - enlarge_chunks_in_place: 1.
 - new_chunks_are_fully_committed: 0.
 - uncommit_free_chunks: 1.
 - use_allocation_guard: 0.


Internal statistics:

num_allocs_failed_limit: 3.
num_arena_births: 468.
num_arena_deaths: 0.
num_vsnodes_births: 2.
num_vsnodes_deaths: 0.
num_space_committed: 396.
num_space_uncommitted: 0.
num_chunks_returned_to_freelist: 3.
num_chunks_taken_from_freelist: 1275.
num_chunk_merges: 0.
num_chunk_splits: 884.
num_chunks_enlarged: 691.
num_inconsistent_stats: 0.

CodeHeap 'non-profiled nmethods': size=120000Kb used=1734Kb max_used=1734Kb free=118265Kb
 bounds [0x0000028fe5400000, 0x0000028fe5670000, 0x0000028fec930000]
CodeHeap 'profiled nmethods': size=120000Kb used=8440Kb max_used=8440Kb free=111559Kb
 bounds [0x0000028fdd930000, 0x0000028fde170000, 0x0000028fe4e60000]
CodeHeap 'non-nmethods': size=5760Kb used=1327Kb max_used=1372Kb free=4432Kb
 bounds [0x0000028fe4e60000, 0x0000028fe50d0000, 0x0000028fe5400000]
 total_blobs=4315 nmethods=3782 adapters=443
 compilation: enabled
              stopped_count=0, restarted_count=0
 full_count=0

Compilation events (20 events):
Event: 6.847 Thread 0x0000028ff1091600 3750       3       org.springframework.core.MethodParameter::getContainingClass (18 bytes)
Event: 6.847 Thread 0x0000028ff1091600 nmethod 3750 0x0000028fde139a10 code [0x0000028fde139bc0, 0x0000028fde139ec8]
Event: 6.850 Thread 0x0000028ff1091600 3751       3       org.springframework.boot.context.properties.source.ConfigurationPropertyName::of (23 bytes)
Event: 6.851 Thread 0x0000028ff1091600 nmethod 3751 0x0000028fde13a010 code [0x0000028fde13a220, 0x0000028fde13a9d8]
Event: 6.851 Thread 0x0000028ff1091600 3752       3       org.springframework.boot.context.properties.source.ConfigurationPropertyName::elementsOf (8 bytes)
Event: 6.851 Thread 0x0000028ff1091600 nmethod 3752 0x0000028fde13ac10 code [0x0000028fde13adc0, 0x0000028fde13aee8]
Event: 6.864 Thread 0x0000028ff1091600 3753       3       org.springframework.core.ResolvableType::forType (7 bytes)
Event: 6.865 Thread 0x0000028ff1091600 nmethod 3753 0x0000028fde13af90 code [0x0000028fde13b140, 0x0000028fde13b268]
Event: 6.866 Thread 0x0000028ff1091600 3754       3       org.springframework.boot.autoconfigure.condition.OnBeanCondition::<init> (5 bytes)
Event: 6.866 Thread 0x0000028ff1091600 nmethod 3754 0x0000028fde13b310 code [0x0000028fde13b520, 0x0000028fde13bc98]
Event: 6.871 Thread 0x0000028ff1091600 3755       3       java.util.stream.AbstractPipeline::onClose (52 bytes)
Event: 6.872 Thread 0x0000028ff1091600 nmethod 3755 0x0000028fde13bf10 code [0x0000028fde13c100, 0x0000028fde13c628]
Event: 6.872 Thread 0x0000028ff1091600 3756       3       java.util.concurrent.ConcurrentHashMap$KeySpliterator::<init> (16 bytes)
Event: 6.872 Thread 0x0000028ff1091600 nmethod 3756 0x0000028fde13c810 code [0x0000028fde13c9c0, 0x0000028fde13cb08]
Event: 6.873 Thread 0x0000028ff1091600 3757       3       java.util.stream.Stream::concat (73 bytes)
Event: 6.874 Thread 0x0000028ff1091600 nmethod 3757 0x0000028fde13cc10 code [0x0000028fde13cea0, 0x0000028fde13dce8]
Event: 6.874 Thread 0x0000028ff1091600 3758       3       java.util.stream.Streams$ConcatSpliterator::forEachRemaining (28 bytes)
Event: 6.874 Thread 0x0000028ff1091600 nmethod 3758 0x0000028fde13e190 code [0x0000028fde13e340, 0x0000028fde13e638]
Event: 6.874 Thread 0x0000028ff10886a0 nmethod 3699 0x0000028fe55aae10 code [0x0000028fe55ab360, 0x0000028fe55aed28]
Event: 6.875 Thread 0x0000028ff10886a0 3679       4       org.springframework.core.annotation.MergedAnnotationsCollection::find (174 bytes)

GC Heap History (18 events):
Event: 1.824 GC heap before
{Heap before GC invocations=0 (full 0):
 garbage-first heap   total 61440K, used 14336K [0x00000000c4400000, 0x0000000100000000)
  region size 1024K, 13 young (13312K), 0 survivors (0K)
 Metaspace       used 2337K, committed 2560K, reserved 1114112K
  class space    used 214K, committed 320K, reserved 1048576K
}
Event: 1.830 GC heap after
{Heap after GC invocations=1 (full 0):
 garbage-first heap   total 61440K, used 7034K [0x00000000c4400000, 0x0000000100000000)
  region size 1024K, 2 young (2048K), 2 survivors (2048K)
 Metaspace       used 2337K, committed 2560K, reserved 1114112K
  class space    used 214K, committed 320K, reserved 1048576K
}
Event: 2.092 GC heap before
{Heap before GC invocations=1 (full 0):
 garbage-first heap   total 61440K, used 21370K [0x00000000c4400000, 0x0000000100000000)
  region size 1024K, 13 young (13312K), 2 survivors (2048K)
 Metaspace       used 4166K, committed 4352K, reserved 1114112K
  class space    used 401K, committed 512K, reserved 1048576K
}
Event: 2.100 GC heap after
{Heap after GC invocations=2 (full 0):
 garbage-first heap   total 61440K, used 14530K [0x00000000c4400000, 0x0000000100000000)
  region size 1024K, 2 young (2048K), 2 survivors (2048K)
 Metaspace       used 4166K, committed 4352K, reserved 1114112K
  class space    used 401K, committed 512K, reserved 1048576K
}
Event: 3.261 GC heap before
{Heap before GC invocations=2 (full 0):
 garbage-first heap   total 61440K, used 29890K [0x00000000c4400000, 0x0000000100000000)
  region size 1024K, 17 young (17408K), 2 survivors (2048K)
 Metaspace       used 8550K, committed 8768K, reserved 1114112K
  class space    used 944K, committed 1088K, reserved 1048576K
}
Event: 3.268 GC heap after
{Heap after GC invocations=3 (full 0):
 garbage-first heap   total 61440K, used 16225K [0x00000000c4400000, 0x0000000100000000)
  region size 1024K, 2 young (2048K), 2 survivors (2048K)
 Metaspace       used 8550K, committed 8768K, reserved 1114112K
  class space    used 944K, committed 1088K, reserved 1048576K
}
Event: 4.493 GC heap before
{Heap before GC invocations=3 (full 0):
 garbage-first heap   total 61440K, used 34657K [0x00000000c4400000, 0x0000000100000000)
  region size 1024K, 21 young (21504K), 2 survivors (2048K)
 Metaspace       used 13607K, committed 13952K, reserved 1114112K
  class space    used 1588K, committed 1792K, reserved 1048576K
}
Event: 4.496 GC heap after
{Heap after GC invocations=4 (full 0):
 garbage-first heap   total 61440K, used 18003K [0x00000000c4400000, 0x0000000100000000)
  region size 1024K, 2 young (2048K), 2 survivors (2048K)
 Metaspace       used 13607K, committed 13952K, reserved 1114112K
  class space    used 1588K, committed 1792K, reserved 1048576K
}
Event: 4.872 GC heap before
{Heap before GC invocations=4 (full 0):
 garbage-first heap   total 61440K, used 38483K [0x00000000c4400000, 0x0000000100000000)
  region size 1024K, 23 young (23552K), 2 survivors (2048K)
 Metaspace       used 19086K, committed 19456K, reserved 1114112K
  class space    used 2266K, committed 2432K, reserved 1048576K
}
Event: 4.877 GC heap after
{Heap after GC invocations=5 (full 0):
 garbage-first heap   total 61440K, used 19830K [0x00000000c4400000, 0x0000000100000000)
  region size 1024K, 3 young (3072K), 3 survivors (3072K)
 Metaspace       used 19086K, committed 19456K, reserved 1114112K
  class space    used 2266K, committed 2432K, reserved 1048576K
}
Event: 5.109 GC heap before
{Heap before GC invocations=5 (full 0):
 garbage-first heap   total 61440K, used 31094K [0x00000000c4400000, 0x0000000100000000)
  region size 1024K, 16 young (16384K), 3 survivors (3072K)
 Metaspace       used 21155K, committed 21504K, reserved 1114112K
  class space    used 2470K, committed 2624K, reserved 1048576K
}
Event: 5.115 GC heap after
{Heap after GC invocations=6 (full 0):
 garbage-first heap   total 61440K, used 21923K [0x00000000c4400000, 0x0000000100000000)
  region size 1024K, 2 young (2048K), 2 survivors (2048K)
 Metaspace       used 21155K, committed 21504K, reserved 1114112K
  class space    used 2470K, committed 2624K, reserved 1048576K
}
Event: 5.714 GC heap before
{Heap before GC invocations=7 (full 0):
 garbage-first heap   total 61440K, used 38307K [0x00000000c4400000, 0x0000000100000000)
  region size 1024K, 21 young (21504K), 2 survivors (2048K)
 Metaspace       used 22279K, committed 22656K, reserved 1114112K
  class space    used 2598K, committed 2752K, reserved 1048576K
}
Event: 5.723 GC heap after
{Heap after GC invocations=8 (full 0):
 garbage-first heap   total 61440K, used 20498K [0x00000000c4400000, 0x0000000100000000)
  region size 1024K, 2 young (2048K), 2 survivors (2048K)
 Metaspace       used 22279K, committed 22656K, reserved 1114112K
  class space    used 2598K, committed 2752K, reserved 1048576K
}
Event: 5.736 GC heap before
{Heap before GC invocations=8 (full 0):
 garbage-first heap   total 61440K, used 21522K [0x00000000c4400000, 0x0000000100000000)
  region size 1024K, 3 young (3072K), 2 survivors (2048K)
 Metaspace       used 22318K, committed 22784K, reserved 1114112K
  class space    used 2601K, committed 2816K, reserved 1048576K
}
Event: 5.740 GC heap after
{Heap after GC invocations=9 (full 0):
 garbage-first heap   total 61440K, used 20390K [0x00000000c4400000, 0x0000000100000000)
  region size 1024K, 1 young (1024K), 1 survivors (1024K)
 Metaspace       used 22318K, committed 22784K, reserved 1114112K
  class space    used 2601K, committed 2816K, reserved 1048576K
}
Event: 6.879 GC heap before
{Heap before GC invocations=9 (full 0):
 garbage-first heap   total 61440K, used 40870K [0x00000000c4400000, 0x0000000100000000)
  region size 1024K, 22 young (22528K), 1 survivors (1024K)
 Metaspace       used 24840K, committed 25280K, reserved 1114112K
  class space    used 2936K, committed 3136K, reserved 1048576K
}
Event: 6.935 GC heap after
{Heap after GC invocations=10 (full 0):
 garbage-first heap   total 108544K, used 21721K [0x00000000c4400000, 0x0000000100000000)
  region size 1024K, 2 young (2048K), 2 survivors (2048K)
 Metaspace       used 24840K, committed 25280K, reserved 1114112K
  class space    used 2936K, committed 3136K, reserved 1048576K
}

Dll operation events (10 events):
Event: 0.019 Loaded shared library C:\Program Files\Java\jdk-19\bin\java.dll
Event: 0.035 Loaded shared library C:\Program Files\Java\jdk-19\bin\jsvml.dll
Event: 0.525 Loaded shared library C:\Program Files\Java\jdk-19\bin\zip.dll
Event: 0.530 Loaded shared library C:\Program Files\Java\jdk-19\bin\instrument.dll
Event: 0.546 Loaded shared library C:\Program Files\Java\jdk-19\bin\net.dll
Event: 0.558 Loaded shared library C:\Program Files\Java\jdk-19\bin\nio.dll
Event: 0.565 Loaded shared library C:\Program Files\Java\jdk-19\bin\zip.dll
Event: 1.626 Loaded shared library C:\Program Files\Java\jdk-19\bin\extnet.dll
Event: 1.679 Loaded shared library C:\Program Files\Java\jdk-19\bin\jimage.dll
Event: 4.925 Loaded shared library C:\Program Files\Java\jdk-19\bin\sunmscapi.dll

Deoptimization events (20 events):
Event: 6.593 Thread 0x0000028fd59e2630 Uncommon trap: trap_request=0xffffff45 fr.pc=0x0000028fe558bcfc relative=0x0000000000002cdc
Event: 6.593 Thread 0x0000028fd59e2630 Uncommon trap: reason=unstable_if action=reinterpret pc=0x0000028fe558bcfc method=org.springframework.beans.factory.support.AbstractBeanFactory.isTypeMatch(Ljava/lang/String;Lorg/springframework/core/ResolvableType;Z)Z @ 433 c2
Event: 6.593 Thread 0x0000028fd59e2630 DEOPT PACKING pc=0x0000028fe558bcfc sp=0x000000fa2f6fe940
Event: 6.593 Thread 0x0000028fd59e2630 DEOPT UNPACKING pc=0x0000028fe4eca5a3 sp=0x000000fa2f6fe908 mode 2
Event: 6.672 Thread 0x0000028fd59e2630 Uncommon trap: trap_request=0xfffffff4 fr.pc=0x0000028fe559b550 relative=0x0000000000001110
Event: 6.672 Thread 0x0000028fd59e2630 Uncommon trap: reason=null_check action=make_not_entrant pc=0x0000028fe559b550 method=java.lang.Class.isAnnotation()Z @ 1 c2
Event: 6.672 Thread 0x0000028fd59e2630 DEOPT PACKING pc=0x0000028fe559b550 sp=0x000000fa2f6fe2d0
Event: 6.672 Thread 0x0000028fd59e2630 DEOPT UNPACKING pc=0x0000028fe4eca5a3 sp=0x000000fa2f6fe1a8 mode 2
Event: 6.764 Thread 0x0000028fd59e2630 Uncommon trap: trap_request=0xffffff45 fr.pc=0x0000028fe559f0a0 relative=0x0000000000000080
Event: 6.764 Thread 0x0000028fd59e2630 Uncommon trap: reason=unstable_if action=reinterpret pc=0x0000028fe559f0a0 method=org.springframework.core.ResolvableType$1.isAssignableFrom(Ljava/lang/Class;)Z @ 15 c2
Event: 6.764 Thread 0x0000028fd59e2630 DEOPT PACKING pc=0x0000028fe559f0a0 sp=0x000000fa2f6fe7c0
Event: 6.764 Thread 0x0000028fd59e2630 DEOPT UNPACKING pc=0x0000028fe4eca5a3 sp=0x000000fa2f6fe760 mode 2
Event: 6.845 Thread 0x0000028fd59e2630 Uncommon trap: trap_request=0xffffff45 fr.pc=0x0000028fe5587e2c relative=0x00000000000001ec
Event: 6.845 Thread 0x0000028fd59e2630 Uncommon trap: reason=unstable_if action=reinterpret pc=0x0000028fe5587e2c method=org.springframework.beans.factory.support.AbstractBeanFactory.isFactoryBean(Ljava/lang/String;Lorg/springframework/beans/factory/support/RootBeanDefinition;)Z @ 40 c2
Event: 6.845 Thread 0x0000028fd59e2630 DEOPT PACKING pc=0x0000028fe5587e2c sp=0x000000fa2f6fe8d0
Event: 6.845 Thread 0x0000028fd59e2630 DEOPT UNPACKING pc=0x0000028fe4eca5a3 sp=0x000000fa2f6fe878 mode 2
Event: 6.875 Thread 0x0000028fd59e2630 Uncommon trap: trap_request=0xffffff45 fr.pc=0x0000028fe55adc04 relative=0x00000000000028a4
Event: 6.875 Thread 0x0000028fd59e2630 Uncommon trap: reason=unstable_if action=reinterpret pc=0x0000028fe55adc04 method=org.springframework.beans.factory.support.AbstractBeanFactory.isTypeMatch(Ljava/lang/String;Lorg/springframework/core/ResolvableType;Z)Z @ 488 c2
Event: 6.875 Thread 0x0000028fd59e2630 DEOPT PACKING pc=0x0000028fe55adc04 sp=0x000000fa2f6fe860
Event: 6.875 Thread 0x0000028fd59e2630 DEOPT UNPACKING pc=0x0000028fe4eca5a3 sp=0x000000fa2f6fe828 mode 2

Classes loaded (20 events):
Event: 4.945 Loading class com/sun/security/sasl/Provider
Event: 4.945 Loading class com/sun/security/sasl/Provider done
Event: 4.945 Loading class com/sun/security/sasl/Provider$1
Event: 4.945 Loading class com/sun/security/sasl/Provider$1 done
Event: 4.945 Loading class com/sun/security/sasl/Provider$ProviderService
Event: 4.945 Loading class com/sun/security/sasl/Provider$ProviderService done
Event: 4.945 Loading class sun/security/provider/certpath/ldap/JdkLDAP
Event: 4.945 Loading class sun/security/provider/certpath/ldap/JdkLDAP done
Event: 4.946 Loading class sun/security/provider/certpath/ldap/JdkLDAP$ProviderService
Event: 4.946 Loading class sun/security/provider/certpath/ldap/JdkLDAP$ProviderService done
Event: 5.061 Loading class java/util/stream/Streams$ConcatSpliterator$OfRef
Event: 5.062 Loading class java/util/stream/Streams$ConcatSpliterator
Event: 5.062 Loading class java/util/stream/Streams$ConcatSpliterator done
Event: 5.062 Loading class java/util/stream/Streams$ConcatSpliterator$OfRef done
Event: 5.062 Loading class java/util/stream/Streams$2
Event: 5.062 Loading class java/util/stream/Streams$2 done
Event: 5.120 Loading class java/lang/invoke/MethodHandleImpl$CountingWrapper
Event: 5.120 Loading class java/lang/invoke/MethodHandleImpl$CountingWrapper done
Event: 6.583 Loading class java/util/concurrent/ScheduledThreadPoolExecutor
Event: 6.584 Loading class java/util/concurrent/ScheduledThreadPoolExecutor done

Classes unloaded (0 events):
No events

Classes redefined (0 events):
No events

Internal exceptions (20 events):
Event: 3.945 Thread 0x0000028fd59e2630 Exception <a 'java/lang/NoSuchMethodError'{0x00000000c7a98d28}: 'void java.lang.invoke.DirectMethodHandle$Holder.invokeStaticInit(java.lang.Object, java.lang.Object, java.lang.Object)'> (0x00000000c7a98d28) 
thrown [s\open\src\hotspot\share\interpreter\linkResolver.cpp, line 774]
Event: 3.949 Thread 0x0000028fd59e2630 Exception <a 'java/lang/NoSuchMethodError'{0x00000000c7ad5a50}: 'java.lang.Object java.lang.invoke.DirectMethodHandle$Holder.invokeVirtual(java.lang.Object, java.lang.Object, java.lang.Object)'> (0x00000000c7ad5a50) 
thrown [s\open\src\hotspot\share\interpreter\linkResolver.cpp, line 774]
Event: 3.993 Thread 0x0000028fd59e2630 Exception <a 'java/lang/NoSuchMethodError'{0x00000000c7997dc8}: 'void java.lang.invoke.DirectMethodHandle$Holder.invokeVirtual(java.lang.Object, java.lang.Object, java.lang.Object, java.lang.Object)'> (0x00000000c7997dc8) 
thrown [s\open\src\hotspot\share\interpreter\linkResolver.cpp, line 774]
Event: 4.111 Thread 0x0000028fd59e2630 Exception <a 'java/lang/IncompatibleClassChangeError'{0x00000000c7619398}: Found class java.lang.Object, but interface was expected> (0x00000000c7619398) 
thrown [s\open\src\hotspot\share\interpreter\linkResolver.cpp, line 841]
Event: 4.767 Thread 0x0000028fd59e2630 Exception <a 'sun/nio/fs/WindowsException'{0x00000000c70161a0}> (0x00000000c70161a0) 
thrown [s\open\src\hotspot\share\prims\jni.cpp, line 517]
Event: 4.769 Thread 0x0000028fd59e2630 Exception <a 'java/lang/NoSuchMethodError'{0x00000000c7017b28}: 'int java.lang.invoke.DirectMethodHandle$Holder.invokeSpecial(java.lang.Object, java.lang.Object, java.lang.Object, java.lang.Object, java.lang.Object)'> (0x00000000c7017b28) 
thrown [s\open\src\hotspot\share\interpreter\linkResolver.cpp, line 774]
Event: 4.770 Thread 0x0000028ff67854e0 Exception <a 'java/lang/NoSuchMethodError'{0x00000000c70b48c0}: 'long java.lang.invoke.DirectMethodHandle$Holder.invokeSpecial(java.lang.Object, java.lang.Object)'> (0x00000000c70b48c0) 
thrown [s\open\src\hotspot\share\interpreter\linkResolver.cpp, line 774]
Event: 4.772 Thread 0x0000028ff67854e0 Exception <a 'java/lang/NoSuchMethodError'{0x00000000c70bf790}: 'long java.lang.invoke.DirectMethodHandle$Holder.invokeStatic(java.lang.Object, java.lang.Object)'> (0x00000000c70bf790) 
thrown [s\open\src\hotspot\share\interpreter\linkResolver.cpp, line 774]
Event: 4.772 Thread 0x0000028ff67854e0 Exception <a 'java/lang/NoSuchMethodError'{0x00000000c70c2ae8}: 'long java.lang.invoke.DirectMethodHandle$Holder.invokeStaticInit(java.lang.Object, java.lang.Object)'> (0x00000000c70c2ae8) 
thrown [s\open\src\hotspot\share\interpreter\linkResolver.cpp, line 774]
Event: 4.773 Thread 0x0000028fd59e2630 Exception <a 'java/lang/NoSuchMethodError'{0x00000000c7020a58}: 'void java.lang.invoke.DirectMethodHandle$Holder.invokeVirtual(java.lang.Object, java.lang.Object)'> (0x00000000c7020a58) 
thrown [s\open\src\hotspot\share\interpreter\linkResolver.cpp, line 774]
Event: 4.773 Thread 0x0000028ff67854e0 Exception <a 'java/lang/NoSuchMethodError'{0x00000000c70d0850}: 'long java.lang.invoke.DirectMethodHandle$Holder.invokeInterface(java.lang.Object, java.lang.Object)'> (0x00000000c70d0850) 
thrown [s\open\src\hotspot\share\interpreter\linkResolver.cpp, line 774]
Event: 4.773 Thread 0x0000028ff67854e0 Exception <a 'java/lang/IncompatibleClassChangeError'{0x00000000c70d3da0}: Found class java.lang.Object, but interface was expected> (0x00000000c70d3da0) 
thrown [s\open\src\hotspot\share\interpreter\linkResolver.cpp, line 841]
Event: 4.778 Thread 0x0000028ff67854e0 Exception <a 'java/lang/NoSuchMethodError'{0x00000000c70ea938}: 'java.lang.Object java.lang.invoke.DirectMethodHandle$Holder.invokeVirtual(java.lang.Object, java.lang.Object, java.lang.Object, java.lang.Object)'> (0x00000000c70ea938) 
thrown [s\open\src\hotspot\share\interpreter\linkResolver.cpp, line 774]
Event: 4.811 Thread 0x0000028ff67854e0 Exception <a 'java/lang/NoSuchMethodError'{0x00000000c6fe5f08}: 'java.lang.Object java.lang.invoke.DirectMethodHandle$Holder.invokeStaticInit(java.lang.Object, java.lang.Object, java.lang.Object, java.lang.Object, java.lang.Object)'> (0x00000000c6fe5f08) 
thrown [s\open\src\hotspot\share\interpreter\linkResolver.cpp, line 774]
Event: 4.861 Thread 0x0000028fd59e2630 Exception <a 'java/lang/IncompatibleClassChangeError'{0x00000000c6cf4750}: Found class java.lang.Object, but interface was expected> (0x00000000c6cf4750) 
thrown [s\open\src\hotspot\share\interpreter\linkResolver.cpp, line 841]
Event: 4.963 Thread 0x0000028fd59e2630 Exception <a 'java/lang/IncompatibleClassChangeError'{0x00000000c780a8d8}: Found class java.lang.Object, but interface was expected> (0x00000000c780a8d8) 
thrown [s\open\src\hotspot\share\interpreter\linkResolver.cpp, line 841]
Event: 5.119 Thread 0x0000028fd59e2630 Exception <a 'java/lang/NoSuchMethodError'{0x00000000c7f25500}: 'java.lang.Object java.lang.invoke.DirectMethodHandle$Holder.invokeSpecial(java.lang.Object, java.lang.Object, int, java.lang.Object, java.lang.Object)'> (0x00000000c7f25500) 
thrown [s\open\src\hotspot\share\interpreter\linkResolver.cpp, line 774]
Event: 5.119 Thread 0x0000028fd59e2630 Exception <a 'java/lang/NoSuchMethodError'{0x00000000c7f291c0}: 'java.lang.Object java.lang.invoke.DelegatingMethodHandle$Holder.delegate(java.lang.Object, int, java.lang.Object, java.lang.Object)'> (0x00000000c7f291c0) 
thrown [s\open\src\hotspot\share\interpreter\linkResolver.cpp, line 774]
Event: 5.122 Thread 0x0000028fd59e2630 Exception <a 'java/lang/NoSuchMethodError'{0x00000000c7f39130}: 'int java.lang.invoke.Invokers$Holder.linkToTargetMethod(java.lang.Object, java.lang.Object, java.lang.Object)'> (0x00000000c7f39130) 
thrown [s\open\src\hotspot\share\interpreter\linkResolver.cpp, line 774]
Event: 6.672 Thread 0x0000028fd59e2630 Implicit null exception at 0x0000028fe559a81f to 0x0000028fe559b534

VM Operations (20 events):
Event: 5.130 Executing VM operation: G1PauseRemark
Event: 5.132 Executing VM operation: G1PauseRemark done
Event: 5.140 Executing VM operation: G1PauseCleanup
Event: 5.140 Executing VM operation: G1PauseCleanup done
Event: 5.432 Executing VM operation: ICBufferFull
Event: 5.432 Executing VM operation: ICBufferFull done
Event: 5.467 Executing VM operation: HandshakeAllThreads
Event: 5.467 Executing VM operation: HandshakeAllThreads done
Event: 5.714 Executing VM operation: G1CollectForAllocation
Event: 5.723 Executing VM operation: G1CollectForAllocation done
Event: 5.736 Executing VM operation: G1CollectForAllocation
Event: 5.740 Executing VM operation: G1CollectForAllocation done
Event: 6.593 Executing VM operation: HandshakeAllThreads
Event: 6.593 Executing VM operation: HandshakeAllThreads done
Event: 6.597 Executing VM operation: ICBufferFull
Event: 6.599 Executing VM operation: ICBufferFull done
Event: 6.645 Executing VM operation: HandshakeAllThreads
Event: 6.645 Executing VM operation: HandshakeAllThreads done
Event: 6.879 Executing VM operation: G1CollectForAllocation
Event: 6.935 Executing VM operation: G1CollectForAllocation done

Events (19 events):
Event: 0.035 Thread 0x0000028fd59e2630 Thread added: 0x0000028fd59e2630
Event: 0.053 Thread 0x0000028ff10643e0 Thread added: 0x0000028ff10643e0
Event: 0.054 Thread 0x0000028ff1065a80 Thread added: 0x0000028ff1065a80
Event: 0.054 Thread 0x0000028ff1067b80 Thread added: 0x0000028ff1067b80
Event: 0.054 Thread 0x0000028ff106c5c0 Thread added: 0x0000028ff106c5c0
Event: 0.054 Thread 0x0000028ff106db50 Thread added: 0x0000028ff106db50
Event: 0.054 Thread 0x0000028ff10798b0 Thread added: 0x0000028ff10798b0
Event: 0.054 Thread 0x0000028ff10886a0 Thread added: 0x0000028ff10886a0
Event: 0.054 Thread 0x0000028ff1091600 Thread added: 0x0000028ff1091600
Event: 0.054 Thread 0x0000028ff1099050 Thread added: 0x0000028ff1099050
Event: 0.492 Thread 0x0000028ff103d110 Thread added: 0x0000028ff103d110
Event: 1.587 Thread 0x0000028ff55f7730 Thread added: 0x0000028ff55f7730
Event: 1.587 Thread 0x0000028ff55f7c70 Thread added: 0x0000028ff55f7c70
Event: 3.889 Thread 0x0000028ff608c2c0 Thread added: 0x0000028ff608c2c0
Event: 3.929 Thread 0x0000028ff608c2c0 Thread exited: 0x0000028ff608c2c0
Event: 4.105 Thread 0x0000028ff67854e0 Thread added: 0x0000028ff67854e0
Event: 4.879 Thread 0x0000028ff6b06f00 Thread added: 0x0000028ff6b06f00
Event: 4.950 Thread 0x0000028ff6b06f00 Thread exited: 0x0000028ff6b06f00
Event: 4.950 Thread 0x0000028ff67854e0 Thread exited: 0x0000028ff67854e0


Dynamic libraries:
0x00007ff667350000 - 0x00007ff667360000 	C:\Program Files\Java\jdk-19\bin\java.exe
0x00007ff8f7e40000 - 0x00007ff8f80a6000 	C:\WINDOWS\SYSTEM32\ntdll.dll
0x00007ff8f7090000 - 0x00007ff8f7159000 	C:\WINDOWS\System32\KERNEL32.DLL
0x00007ff8f5050000 - 0x00007ff8f544f000 	C:\WINDOWS\System32\KERNELBASE.dll
0x00007ff8f58e0000 - 0x00007ff8f5a2c000 	C:\WINDOWS\System32\ucrtbase.dll
0x00007ff8d4780000 - 0x00007ff8d4798000 	C:\Program Files\Java\jdk-19\bin\jli.dll
0x00007ff8e02b0000 - 0x00007ff8e02cb000 	C:\Program Files\Java\jdk-19\bin\VCRUNTIME140.dll
0x00007ff8f7af0000 - 0x00007ff8f7bac000 	C:\WINDOWS\System32\ADVAPI32.dll
0x00007ff8f5ee0000 - 0x00007ff8f5f89000 	C:\WINDOWS\System32\msvcrt.dll
0x00007ff8f60c0000 - 0x00007ff8f616a000 	C:\WINDOWS\System32\sechost.dll
0x00007ff8f79d0000 - 0x00007ff8f7ae8000 	C:\WINDOWS\System32\RPCRT4.dll
0x00007ff8f5b70000 - 0x00007ff8f5d36000 	C:\WINDOWS\System32\USER32.dll
0x00007ff8f5520000 - 0x00007ff8f5547000 	C:\WINDOWS\System32\win32u.dll
0x00007ff8dafe0000 - 0x00007ff8db271000 	C:\WINDOWS\WinSxS\amd64_microsoft.windows.common-controls_6595b64144ccf1df_6.0.26100.8972_none_3e0da176e32f9d4b\COMCTL32.dll
0x00007ff8f5f90000 - 0x00007ff8f5fbb000 	C:\WINDOWS\System32\GDI32.dll
0x00007ff8f5a40000 - 0x00007ff8f5b69000 	C:\WINDOWS\System32\gdi32full.dll
0x00007ff8f5830000 - 0x00007ff8f58d3000 	C:\WINDOWS\System32\msvcp_win.dll
0x00007ff8ecd90000 - 0x00007ff8ecd9b000 	C:\WINDOWS\SYSTEM32\VERSION.dll
0x00007ff8f7d50000 - 0x00007ff8f7d82000 	C:\WINDOWS\System32\IMM32.DLL
0x00007ff8ef970000 - 0x00007ff8ef97c000 	C:\Program Files\Java\jdk-19\bin\vcruntime140_1.dll
0x00007ff884980000 - 0x00007ff884a0e000 	C:\Program Files\Java\jdk-19\bin\msvcp140.dll
0x00007ff875c10000 - 0x00007ff8768d0000 	C:\Program Files\Java\jdk-19\bin\server\jvm.dll
0x00007ff8eb6c0000 - 0x00007ff8eb6f6000 	C:\WINDOWS\SYSTEM32\WINMM.dll
0x00007ff8e0780000 - 0x00007ff8e078a000 	C:\WINDOWS\SYSTEM32\WSOCK32.dll
0x00007ff8f6710000 - 0x00007ff8f6792000 	C:\WINDOWS\System32\WS2_32.dll
0x00007ff8f3d20000 - 0x00007ff8f3d3b000 	C:\WINDOWS\SYSTEM32\kernel.appcore.dll
0x00007ff8e06e0000 - 0x00007ff8e06ea000 	C:\Program Files\Java\jdk-19\bin\jimage.dll
0x00007ff8f24e0000 - 0x00007ff8f2722000 	C:\WINDOWS\SYSTEM32\DBGHELP.DLL
0x00007ff8f7640000 - 0x00007ff8f79c5000 	C:\WINDOWS\System32\combase.dll
0x00007ff8f6170000 - 0x00007ff8f6249000 	C:\WINDOWS\System32\OLEAUT32.dll
0x00007ff8d28a0000 - 0x00007ff8d28db000 	C:\WINDOWS\SYSTEM32\dbgcore.DLL
0x00007ff8f5770000 - 0x00007ff8f581c000 	C:\WINDOWS\System32\bcryptPrimitives.dll
0x00007ff8cb470000 - 0x00007ff8cb47e000 	C:\Program Files\Java\jdk-19\bin\instrument.dll
0x00007ff8c7110000 - 0x00007ff8c7136000 	C:\Program Files\Java\jdk-19\bin\java.dll
0x00007ff8848a0000 - 0x00007ff884977000 	C:\Program Files\Java\jdk-19\bin\jsvml.dll
0x00007ff8f68f0000 - 0x00007ff8f7078000 	C:\WINDOWS\System32\SHELL32.dll
0x00007ff8f2ac0000 - 0x00007ff8f335b000 	C:\WINDOWS\SYSTEM32\windows.storage.dll
0x00007ff8f67a0000 - 0x00007ff8f6899000 	C:\WINDOWS\System32\SHCORE.dll
0x00007ff8f7d90000 - 0x00007ff8f7df6000 	C:\WINDOWS\System32\shlwapi.dll
0x00007ff8f4f70000 - 0x00007ff8f4f99000 	C:\WINDOWS\SYSTEM32\profapi.dll
0x00007ff8c7a50000 - 0x00007ff8c7a68000 	C:\Program Files\Java\jdk-19\bin\zip.dll
0x00007ff8cc130000 - 0x00007ff8cc143000 	C:\Program Files\Java\jdk-19\bin\net.dll
0x00007ff8ed6f0000 - 0x00007ff8ed818000 	C:\WINDOWS\SYSTEM32\WINHTTP.dll
0x00007ff8f42f0000 - 0x00007ff8f435c000 	C:\WINDOWS\system32\mswsock.dll
0x00007ff8cb590000 - 0x00007ff8cb5a6000 	C:\Program Files\Java\jdk-19\bin\nio.dll
0x00007ff8cc880000 - 0x00007ff8cc888000 	C:\Program Files\Java\jdk-19\bin\extnet.dll
0x00007ff8f36c0000 - 0x00007ff8f36f3000 	C:\WINDOWS\SYSTEM32\IPHLPAPI.DLL
0x00007ff8f71f0000 - 0x00007ff8f71fa000 	C:\WINDOWS\System32\NSI.dll
0x00007ff8ef140000 - 0x00007ff8ef15d000 	C:\WINDOWS\SYSTEM32\dhcpcsvc6.DLL
0x00007ff8ef110000 - 0x00007ff8ef135000 	C:\WINDOWS\SYSTEM32\dhcpcsvc.DLL
0x00007ff8f3750000 - 0x00007ff8f38a8000 	C:\WINDOWS\SYSTEM32\DNSAPI.dll
0x00007ff8f40d0000 - 0x00007ff8f40dd000 	C:\WINDOWS\SYSTEM32\DSPARSE.dll
0x00007ff8ecd80000 - 0x00007ff8ecd8b000 	C:\Windows\System32\rasadhlp.dll
0x00007ff8ef290000 - 0x00007ff8ef316000 	C:\WINDOWS\System32\fwpuclnt.dll
0x00007ff8d7eb0000 - 0x00007ff8d7ebe000 	C:\Program Files\Java\jdk-19\bin\sunmscapi.dll
0x00007ff8f55e0000 - 0x00007ff8f575e000 	C:\WINDOWS\System32\CRYPT32.dll
0x00007ff8f4820000 - 0x00007ff8f4850000 	C:\WINDOWS\SYSTEM32\ncrypt.dll
0x00007ff8f47d0000 - 0x00007ff8f480f000 	C:\WINDOWS\SYSTEM32\NTASN1.dll

dbghelp: loaded successfully - version: 4.0.5 - missing functions: none
symbol engine: initialized successfully - sym options: 0x614 - pdb path: .;C:\Program Files\Java\jdk-19\bin;C:\WINDOWS\SYSTEM32;C:\WINDOWS\WinSxS\amd64_microsoft.windows.common-controls_6595b64144ccf1df_6.0.26100.8972_none_3e0da176e32f9d4b;C:\Program Files\Java\jdk-19\bin\server

VM Arguments:
jvm_args: -javaagent:C:\Program Files\JetBrains\IntelliJ IDEA 2025.2.5\lib\idea_rt.jar=20799 -Dfile.encoding=UTF-8 -Dsun.stdout.encoding=UTF-8 -Dsun.stderr.encoding=UTF-8 
java_command: com.fundoo.eureka.EurekaServerApplication
java_class_path (initial): D:\Bridgelabz Java\Backend Development\Microservices\FundooApp\eureka-server\target\classes;C:\Users\user\.m2\repository\org\springframework\boot\spring-boot-starter-web\3.5.3\spring-boot-starter-web-3.5.3.jar;C:\Users\user\.m2\repository\org\springframework\boot\spring-boot-starter\3.5.3\spring-boot-starter-3.5.3.jar;C:\Users\user\.m2\repository\org\springframework\boot\spring-boot\3.5.3\spring-boot-3.5.3.jar;C:\Users\user\.m2\repository\org\springframework\boot\spring-boot-autoconfigure\3.5.3\spring-boot-autoconfigure-3.5.3.jar;C:\Users\user\.m2\repository\org\springframework\boot\spring-boot-starter-logging\3.5.3\spring-boot-starter-logging-3.5.3.jar;C:\Users\user\.m2\repository\ch\qos\logback\logback-classic\1.5.18\logback-classic-1.5.18.jar;C:\Users\user\.m2\repository\ch\qos\logback\logback-core\1.5.18\logback-core-1.5.18.jar;C:\Users\user\.m2\repository\org\slf4j\slf4j-api\2.0.17\slf4j-api-2.0.17.jar;C:\Users\user\.m2\repository\org\apache\logging\log4j\log4j-to-slf4j\2.24.3\log4j-to-slf4j-2.24.3.jar;C:\Users\user\.m2\repository\org\apache\logging\log4j\log4j-api\2.24.3\log4j-api-2.24.3.jar;C:\Users\user\.m2\repository\org\slf4j\jul-to-slf4j\2.0.17\jul-to-slf4j-2.0.17.jar;C:\Users\user\.m2\repository\jakarta\annotation\jakarta.annotation-api\2.1.1\jakarta.annotation-api-2.1.1.jar;C:\Users\user\.m2\repository\org\springframework\spring-core\6.2.8\spring-core-6.2.8.jar;C:\Users\user\.m2\repository\org\springframework\spring-jcl\6.2.8\spring-jcl-6.2.8.jar;C:\Users\user\.m2\repository\org\yaml\snakeyaml\2.4\snakeyaml-2.4.jar;C:\Users\user\.m2\repository\org\springframework\boot\spring-boot-starter-json\3.5.3\spring-boot-starter-json-3.5.3.jar;C:\Users\user\.m2\repository\com\fasterxml\jackson\core\jackson-databind\2.19.1\jackson-databind-2.19.1.jar;C:\Users\user\.m2\repository\com\fasterxml\jackson\core\jackson-annotations\2.19.1\jackson-annotations-2.19.1.jar;C:\Users\user\.m2\repository\com\fasterxml\jackson\core\jackson-core\2.19.1\jackson-core-2.19.1.jar;C:\Users\user\.m2\repository\com\fasterxml\jackson\datatype\jackson-datatype-jdk8\2.19.1\jackson-datatype-jdk8-2.19.1.jar;C:\Users\user\.m2\repository\com\fasterxml\jackson\datatype\jackson-datatype-jsr310\2.19.1\jackson-datatype-jsr310-2.19.1.jar;C:\Users\user\.m2\repository\com\fasterxml\jackson\module\jackson-module-parameter-names\2.19.1\jackson-module-parameter-names-2.19.1.jar;C:\Users\user\.m2\repository\org\springframework\boot\spring-boot-starter-tomcat\3.5.3\spring-boot-starter-tomcat-3.5.3.jar;C:\Users\user\.m2\repository\org\apache\tomcat\embed\tomcat-embed-core\10.1.42\tomcat-embed-core-10.1.42.jar;C:\Users\user\.m2\repository\org\apache\tomcat\embed\tomcat-embed-el\10.1.42\tomcat-embed-el-10.1.42.jar;C:\Users\user\.m2\repository\org\apache\tomcat\embed\tomcat-embed-websocket\10.1.42\tomcat-embed-websocket-10.1.42.jar;C:\Users\user\.m2\repository\org\springframework\spring-web\6.2.8\spring-web-6.2.8.jar;C:\Users\user\.m2\repository\org\springframework\spring-beans\6.2.8\spring-beans-6.2.8.jar;C:\Users\user\.m2\repository\io\micrometer\micrometer-observation\1.15.1\micrometer-observation-1.15.1.jar;C:\Users\user\.m2\repository\io\micrometer\micrometer-commons\1.15.1\micrometer-commons-1.15.1.jar;C:\Users\user\.m2\repository\org\springframework\spring-webmvc\6.2.8\spring-webmvc-6.2.8.jar;C:\Users\user\.m2\repository\org\springframework\spring-aop\6.2.8\spring-aop-6.2.8.jar;C:\Users\user\.m2\repository\org\springframework\spring-context\6.2.8\spring-context-6.2.8.jar;C:\Users\user\.m2\repository\org\springframework\spring-expression\6.2.8\spring-expression-6.2.8.jar;C:\Users\user\.m2\repository\org\springframework\cloud\spring-cloud-starter-netflix-eureka-server\4.3.0\spring-cloud-starter-netflix-eureka-server-4.3.0.jar;C:\Users\user\.m2\repository\org\springframework\cloud\spring-cloud-starter\4.3.0\spring-cloud-starter-4.3.0.jar;C:\Users\user\.m2\repository\org\springframework\cloud\spring-cloud-context\4.3.0\spring-cloud-context-4.3.0.jar;C:\Users\user\.m2\repository\org\springframework\security\spring-security-crypto\6.5.1\spring-security-crypto-6.5.1.jar;C:\Users\user\.m2\repository\org\springframework\cloud\spring-cloud-commons\4.3.0\spring-cloud-commons-4.3.0.jar;C:\Users\user\.m2\repository\org\bouncycastle\bcprov-jdk18on\1.80\bcprov-jdk18on-1.80.jar;C:\Users\user\.m2\repository\org\springframework\cloud\spring-cloud-netflix-eureka-server\4.3.0\spring-cloud-netflix-eureka-server-4.3.0.jar;C:\Users\user\.m2\repository\org\springframework\boot\spring-boot-starter-actuator\3.5.3\spring-boot-starter-actuator-3.5.3.jar;C:\Users\user\.m2\repository\org\springframework\boot\spring-boot-actuator-autoconfigure\3.5.3\spring-boot-actuator-autoconfigure-3.5.3.jar;C:\Users\user\.m2\repository\org\springframework\boot\spring-boot-actuator\3.5.3\spring-boot-actuator-3.5.3.jar;C:\Users\user\.m2\repository\io\micrometer\micrometer-jakarta9\1.15.1\micrometer-jakarta9-1.15.1.jar;C:\Users\user\.m2\repository\io\micrometer\micrometer-core\1.15.1\micrometer-core-1.15.1.jar;C:\Users\user\.m2\repository\org\hdrhistogram\HdrHistogram\2.2.2\HdrHistogram-2.2.2.jar;C:\Users\user\.m2\repository\org\latencyutils\LatencyUtils\2.0.3\LatencyUtils-2.0.3.jar;C:\Users\user\.m2\repository\org\springframework\boot\spring-boot-starter-freemarker\3.5.3\spring-boot-starter-freemarker-3.5.3.jar;C:\Users\user\.m2\repository\org\freemarker\freemarker\2.3.34\freemarker-2.3.34.jar;C:\Users\user\.m2\repository\org\springframework\spring-context-support\6.2.8\spring-context-support-6.2.8.jar;C:\Users\user\.m2\repository\org\springframework\cloud\spring-cloud-netflix-eureka-client\4.3.0\spring-cloud-netflix-eureka-client-4.3.0.jar;C:\Users\user\.m2\repository\com\netflix\eureka\eureka-client\2.0.4\eureka-client-2.0.4.jar;C:\Users\user\.m2\repository\com\thoughtworks\xstream\xstream\1.4.20\xstream-1.4.20.jar;C:\Users\user\.m2\repository\io\github\x-stream\mxparser\1.2.2\mxparser-1.2.2.jar;C:\Users\user\.m2\repository\xmlpull\xmlpull\1.1.3.1\xmlpull-1.1.3.1.jar;C:\Users\user\.m2\repository\com\netflix\spectator\spectator-api\1.7.3\spectator-api-1.7.3.jar;C:\Users\user\.m2\repository\org\apache\httpcomponents\httpclient\4.5.3\httpclient-4.5.3.jar;C:\Users\user\.m2\repository\org\apache\httpcomponents\httpcore\4.4.16\httpcore-4.4.16.jar;C:\Users\user\.m2\repository\commons-configuration\commons-configuration\1.10\commons-configuration-1.10.jar;C:\Users\user\.m2\repository\commons-lang\commons-lang\2.6\commons-lang-2.6.jar;C:\Users\user\.m2\repository\com\netflix\netflix-commons\netflix-eventbus\0.3.0\netflix-eventbus-0.3.0.jar;C:\Users\user\.m2\repository\com\netflix\netflix-commons\netflix-infix\0.3.0\netflix-infix-0.3.0.jar;C:\Users\user\.m2\repository\commons-jxpath\commons-jxpath\1.3\commons-jxpath-1.3.jar;C:\Users\user\.m2\repository\joda-time\joda-time\2.3\joda-time-2.3.jar;C:\Users\user\.m2\repository\org\antlr\antlr-runtime\3.4\antlr-runtime-3.4.jar;C:\Users\user\.m2\repository\org\antlr\stringtemplate\3.2.1\stringtemplate-3.2.1.jar;C:\Users\user\.m2\repository\antlr\antlr\2.7.7\antlr-2.7.7.jar;C:\Users\user\.m2\repository\com\google\code\gson\gson\2.13.1\gson-2.13.1.jar;C:\Users\user\.m2\repository\com\netflix\servo\servo-core\0.5.3\servo-core-0.5.3.jar;C:\Users\user\.m2\repository\org\apache\commons\commons-math\2.2\commons-math-2.2.jar;C:\Users\user\.m2\repository\javax\annotation\javax.annotation-api\1.2\javax.annotation-api-1.2.jar;C:\Users\user\.m2\repository\org\codehaus\jettison\jettison\1.5.4\jettison-1.5.4.jar;C:\Users\user\.m2\repository\org\apache\httpcomponents\client5\httpclient5\5.5\httpclient5-5.5.jar;C:\Users\user\.m2\repository\org\apache\httpcomponents\core5\httpcore5\5.3.4\httpcore5-5.3.4.jar;C:\Users\user\.m2\repository\org\apache\httpcomponents\core5\httpcore5-h2\5.3.4\httpcore5-h2-5.3.4.jar;C:\Users\user\.m2\repository\com\netflix\eureka\eureka-client-jersey3\2.0.4\eureka-client-jersey3-2.0.4.jar;C:\Users\user\.m2\repository\org\glassfish\jersey\connectors\jersey-apache-connector\3.1.10\jersey-apache-connector-3.1.10.jar;C:\Users\user\.m2\repository\commons-codec\commons-codec\1.18.0\commons-codec-1.18.0.jar;C:\Users\user\.m2\repository\com\netflix\eureka\eureka-core-jersey3\2.0.4\eureka-core-jersey3-2.0.4.jar;C:\Users\user\.m2\repository\com\netflix\eureka\eureka-core\2.0.4\eureka-core-2.0.4.jar;C:\Users\user\.m2\repository\com\google\guava\guava\33.0.0-jre\guava-33.0.0-jre.jar;C:\Users\user\.m2\repository\com\google\guava\failureaccess\1.0.2\failureaccess-1.0.2.jar;C:\Users\user\.m2\repository\com\google\guava\listenablefuture\9999.0-empty-to-avoid-conflict-with-guava\listenablefuture-9999.0-empty-to-avoid-conflict-with-guava.jar;C:\Users\user\.m2\repository\org\checkerframework\checker-qual\3.41.0\checker-qual-3.41.0.jar;C:\Users\user\.m2\repository\com\google\errorprone\error_prone_annotations\2.23.0\error_prone_annotations-2.23.0.jar;C:\Users\user\.m2\repository\com\google\j2objc\j2objc-annotations\2.8\j2objc-annotations-2.8.jar;C:\Users\user\.m2\repository\org\glassfish\jersey\containers\jersey-container-servlet\3.1.10\jersey-container-servlet-3.1.10.jar;C:\Users\user\.m2\repository\org\glassfish\jersey\containers\jersey-container-servlet-core\3.1.10\jersey-container-servlet-core-3.1.10.jar;C:\Users\user\.m2\repository\org\glassfish\jersey\core\jersey-common\3.1.10\jersey-common-3.1.10.jar;C:\Users\user\.m2\repository\org\glassfish\hk2\osgi-resource-locator\1.0.3\osgi-resource-locator-1.0.3.jar;C:\Users\user\.m2\repository\jakarta\ws\rs\jakarta.ws.rs-api\3.1.0\jakarta.ws.rs-api-3.1.0.jar;C:\Users\user\.m2\repository\org\glassfish\jersey\core\jersey-server\3.1.10\jersey-server-3.1.10.jar;C:\Users\user\.m2\repository\jakarta\inject\jakarta.inject-api\2.0.1\jakarta.inject-api-2.0.1.jar;C:\Users\user\.m2\repository\jakarta\validation\jakarta.validation-api\3.0.2\jakarta.validation-api-3.0.2.jar;C:\Users\user\.m2\repository\org\glassfish\jersey\core\jersey-client\3.1.10\jersey-client-3.1.10.jar;C:\Users\user\.m2\repository\org\glassfish\jersey\inject\jersey-hk2\3.1.10\jersey-hk2-3.1.10.jar;C:\Users\user\.m2\repository\org\glassfish\hk2\hk2-locator\3.0.6\hk2-locator-3.0.6.jar;C:\Users\user\.m2\repository\org\glassfish\hk2\hk2-utils\3.0.6\hk2-utils-3.0.6.jar;C:\Users\user\.m2\repository\org\javassist\javassist\3.30.2-GA\javassist-3.30.2-GA.jar;C:\Users\user\.m2\repository\org\glassfish\hk2\spring-bridge\3.1.1\spring-bridge-3.1.1.jar;C:\Users\user\.m2\repository\org\glassfish\hk2\hk2-api\3.1.1\hk2-api-3.1.1.jar;C:\Users\user\.m2\repository\com\fasterxml\jackson\dataformat\jackson-dataformat-xml\2.19.1\jackson-dataformat-xml-2.19.1.jar;C:\Users\user\.m2\repository\org\codehaus\woodstox\stax2-api\4.2.2\stax2-api-4.2.2.jar;C:\Users\user\.m2\repository\com\fasterxml\woodstox\woodstox-core\7.1.1\woodstox-core-7.1.1.jar;C:\Users\user\.m2\repository\org\springframework\cloud\spring-cloud-starter-loadbalancer\4.3.0\spring-cloud-starter-loadbalancer-4.3.0.jar;C:\Users\user\.m2\repository\org\springframework\cloud\spring-cloud-loadbalancer\4.3.0\spring-cloud-loadbalancer-4.3.0.jar;C:\Users\user\.m2\repository\io\projectreactor\reactor-core\3.7.7\reactor-core-3.7.7.jar;C:\Users\user\.m2\repository\org\reactivestreams\reactive-streams\1.0.4\reactive-streams-1.0.4.jar;C:\Users\user\.m2\repository\io\projectreactor\addons\reactor-extra\3.5.2\reactor-extra-3.5.2.jar;C:\Users\user\.m2\repository\org\springframework\boot\spring-boot-starter-cache\3.5.3\spring-boot-starter-cache-3.5.3.jar;C:\Users\user\.m2\repository\com\stoyanr\evictor\1.0.0\evictor-1.0.0.jar;C:\Users\user\.m2\repository\org\glassfish\jaxb\jaxb-runtime\4.0.5\jaxb-runtime-4.0.5.jar;C:\Users\user\.m2\repository\org\glassfish\jaxb\jaxb-core\4.0.5\jaxb-core-4.0.5.jar;C:\Users\user\.m2\repository\jakarta\xml\bind\jakarta.xml.bind-api\4.0.2\jakarta.xml.bind-api-4.0.2.jar;C:\Users\user\.m2\repository\jakarta\activation\jakarta.activation-api\2.1.3\jakarta.activation-api-2.1.3.jar;C:\Users\user\.m2\repository\org\eclipse\angus\angus-activation\2.0.2\angus-activation-2.0.2.jar;C:\Users\user\.m2\repository\org\glassfish\jaxb\txw2\4.0.5\txw2-4.0.5.jar;C:\Users\user\.m2\repository\com\sun\istack\istack-commons-runtime\4.1.2\istack-commons-runtime-4.1.2.jar
Launcher Type: SUN_STANDARD

[Global flags]
     intx CICompilerCount                          = 3                                         {product} {ergonomic}
     uint ConcGCThreads                            = 1                                         {product} {ergonomic}
     uint G1ConcRefinementThreads                  = 4                                         {product} {ergonomic}
   size_t G1HeapRegionSize                         = 1048576                                   {product} {ergonomic}
    uintx GCDrainStackTargetSize                   = 64                                        {product} {ergonomic}
   size_t InitialHeapSize                          = 62914560                                  {product} {ergonomic}
   size_t MarkStackSize                            = 4194304                                   {product} {ergonomic}
   size_t MaxHeapSize                              = 1002438656                                {product} {ergonomic}
   size_t MaxNewSize                               = 600834048                                 {product} {ergonomic}
   size_t MinHeapDeltaBytes                        = 1048576                                   {product} {ergonomic}
   size_t MinHeapSize                              = 8388608                                   {product} {ergonomic}
    uintx NonNMethodCodeHeapSize                   = 5832780                                {pd product} {ergonomic}
    uintx NonProfiledCodeHeapSize                  = 122912730                              {pd product} {ergonomic}
    uintx ProfiledCodeHeapSize                     = 122912730                              {pd product} {ergonomic}
    uintx ReservedCodeCacheSize                    = 251658240                              {pd product} {ergonomic}
     bool SegmentedCodeCache                       = true                                      {product} {ergonomic}
   size_t SoftMaxHeapSize                          = 1002438656                             {manageable} {ergonomic}
     bool UseCompressedClassPointers               = true                           {product lp64_product} {ergonomic}
     bool UseCompressedOops                        = true                           {product lp64_product} {ergonomic}
     bool UseG1GC                                  = true                                      {product} {ergonomic}
     bool UseLargePagesIndividualAllocation        = false                                  {pd product} {ergonomic}

Logging:
Log output configuration:
 #0: stdout all=warning uptime,level,tags foldmultilines=false
 #1: stderr all=off uptime,level,tags foldmultilines=false

Environment Variables:
JAVA_HOME=C:\Program Files\Java\jdk-19
PATH=C:\Program Files\Java\jdk-19\bin;C:\Program Files\Common Files\Oracle\Java\javapath;C:\WINDOWS\system32;C:\WINDOWS;C:\WINDOWS\System32\Wbem;C:\WINDOWS\System32\WindowsPowerShell\v1.0\;C:\WINDOWS\System32\OpenSSH\;C:\Program Files\dotnet\;C:\MinGW\bin;C:\Program Files\apache-maven-3.9.2\bin;C:\Program Files\Git\cmd;C:\ProgramData\chocolatey\bin;C:\Users\user\AppData\Local\nvm;C:\nvm4w\nodejs;C:\Program Files\nodejs\;C:\Program Files\Java\jdk-19\bin;C:\Program Files\Erlang OTP\bin;C:\Program Files\MySQL\MySQL Shell 8.0\bin\;C:\Users\user\AppData\Local\Microsoft\WindowsApps;C:\Program Files\Git\cmd;C:\Users\user\AppData\Local\Programs\Microsoft VS Code\bin;E:\MinGW\bin;C:\Program Files\MySQL\MySQL Server 8.0\bin;C:\Users\user\eclipse-workspace\PabitraJava\bin;C:\Program Files\Java\jdk-19\bin;C:\Users\user\eclipse-workspace\javaHibernate;C:\Program Files\apache-maven-3.9.2\bin;C:\Users\user\AppData\Local\nvm;C:\nvm4w\nodejs;C:\Program Files\PostgreSQL\17\bin;C:\Users\user\AppData\Roaming\npm;C:\Program Files\JetBrains\IntelliJ IDEA 2025.2.5\bin;C:\Program Files\JetBrains\PyCharm 2026.1.1\bin;C:\Program Files\Java\jdk-19\bin;C:\Program Files\Redis
USERNAME=user
OS=Windows_NT
PROCESSOR_IDENTIFIER=Intel64 Family 6 Model 140 Stepping 1, GenuineIntel
TMP=C:\Users\user\AppData\Local\Temp
TEMP=C:\Users\user\AppData\Local\Temp



---------------  S Y S T E M  ---------------

OS:
 Windows 11 , 64 bit Build 26100 (10.0.26100.9168)
OS uptime: 0 days 2:30 hours
Hyper-V role detected

CPU: total 4 (initial active 4) (2 cores per cpu, 2 threads per core) family 6 model 140 stepping 1 microcode 0xbe, cx8, cmov, fxsr, ht, mmx, 3dnowpref, sse, sse2, sse3, ssse3, sse4.1, sse4.2, popcnt, lzcnt, tsc, tscinvbit, avx, avx2, aes, erms, clmul, bmi1, bmi2, adx, avx512f, avx512dq, avx512cd, avx512bw, avx512vl, sha, fma, vzeroupper, avx512_vpopcntdq, avx512_vpclmulqdq, avx512_vaes, avx512_vnni, clflush, clflushopt, clwb, avx512_vbmi2, avx512_vbmi, hv, rdtscp, rdpid, fsrm, gfni, avx512_bitalg

Memory: 4k page, system-wide physical 3818M (69M free)
TotalPageFile size 15594M (AvailPageFile size 5M)
current process WorkingSet (physical memory assigned to process): 147M, peak: 152M
current process commit charge ("private bytes"): 235M, peak: 235M

vm_info: Java HotSpot(TM) 64-Bit Server VM (19.0.1+10-21) for windows-amd64 JRE (19.0.1+10-21), built on 2022-09-14T12:45:06Z by "mach5one" with MS VC++ 17.1 (VS2022)

END.
