#
# There is insufficient memory for the Java Runtime Environment to continue.
# Native memory allocation (malloc) failed to allocate 542976 bytes for Chunk::new
# Possible reasons:
#   The system is out of physical RAM or swap space
#   The process is running with CompressedOops enabled, and the Java Heap may be blocking the growth of the native heap
# Possible solutions:
#   Reduce memory load on the system
#   Increase physical memory or swap space
#   Check if swap backing store is full
#   Decrease Java heap size (-Xmx/-Xms)
#   Decrease number of Java threads
#   Decrease Java thread stack sizes (-Xss)
#   Set larger code cache with -XX:ReservedCodeCacheSize=
#   JVM is running with Unscaled Compressed Oops mode in which the Java heap is
#     placed in the first 4GB address space. The Java Heap base address is the
#     maximum limit for the native heap growth. Please use -XX:HeapBaseMinAddress
#     to set the Java Heap base and to place the Java Heap above 4GB virtual address.
# This output file may be truncated or incomplete.
#
#  Out of Memory Error (arena.cpp:184), pid=2480, tid=16572
#
# JRE version: Java(TM) SE Runtime Environment (19.0.1+10) (build 19.0.1+10-21)
# Java VM: Java HotSpot(TM) 64-Bit Server VM (19.0.1+10-21, mixed mode, sharing, tiered, compressed oops, compressed class ptrs, g1 gc, windows-amd64)
# No core dump will be written. Minidumps are not enabled by default on client versions of Windows
#

---------------  S U M M A R Y ------------

Command Line: -javaagent:C:\Program Files\JetBrains\IntelliJ IDEA 2025.2.5\lib\idea_rt.jar=7451 -Dfile.encoding=UTF-8 -Dsun.stdout.encoding=UTF-8 -Dsun.stderr.encoding=UTF-8 com.fundoo.eureka.EurekaServerApplication

Host: 11th Gen Intel(R) Core(TM) i3-1115G4 @ 3.00GHz, 4 cores, 3G,  Windows 11 , 64 bit Build 26100 (10.0.26100.8521)
Time: Sat Jul 18 12:18:14 2026 India Standard Time elapsed time: 756.326342 seconds (0d 0h 12m 36s)

---------------  T H R E A D  ---------------

Current thread (0x00000241b05cdca0):  JavaThread "C2 CompilerThread0" daemon [_thread_in_native, id=16572, stack(0x000000eaffc00000,0x000000eaffd00000)]


Current CompileTask:
C2: 756337 9065       4       com.netflix.spectator.api.patterns.GaugePoller$$Lambda$1288/0x0000000801687130::run (16 bytes)

Stack: [0x000000eaffc00000,0x000000eaffd00000]
Native frames: (J=compiled Java code, j=interpreted, Vv=VM code, C=native code)
V  [jvm.dll+0x6ee8fa]
V  [jvm.dll+0x857a1e]
V  [jvm.dll+0x85940e]
V  [jvm.dll+0x859ac3]
V  [jvm.dll+0x28291f]
V  [jvm.dll+0xc9b5f]
V  [jvm.dll+0xc9ee5]
V  [jvm.dll+0x3bcbac]
V  [jvm.dll+0x386201]
V  [jvm.dll+0x38567a]
V  [jvm.dll+0x24c2c9]
V  [jvm.dll+0x24b671]
V  [jvm.dll+0x1d6d61]
V  [jvm.dll+0x25b0fa]
V  [jvm.dll+0x259588]
V  [jvm.dll+0x807928]
V  [jvm.dll+0x8015fa]
V  [jvm.dll+0x6ed5eb]
C  [ucrtbase.dll+0x2cd30]
C  [KERNEL32.DLL+0x2e957]
C  [ntdll.dll+0x87c1c]


---------------  P R O C E S S  ---------------

Threads class SMR info:
_java_thread_list=0x00000241b587c870, length=60, elements={
0x00000241b05ba5d0, 0x00000241b05bb100, 0x00000241b05c0cd0, 0x00000241b05c16f0,
0x00000241b05c2110, 0x00000241b05c4b40, 0x00000241b05cdca0, 0x00000241b05d45b0,
0x00000241b0615730, 0x00000241b06181b0, 0x00000241b06151e0, 0x00000241b0617c60,
0x00000241b0617710, 0x00000241b0616720, 0x00000241b0616c70, 0x00000241b7482ae0,
0x00000241b7482040, 0x00000241b7480b00, 0x00000241b7483580, 0x00000241b74815a0,
0x00000241b7481050, 0x00000241b7481af0, 0x00000241b7482590, 0x00000241b7483030,
0x00000241b7483ad0, 0x00000241b7480060, 0x00000241b7484020, 0x00000241b74805b0,
0x00000241b7487a90, 0x00000241b7486000, 0x00000241b7485560, 0x00000241b7484570,
0x00000241b7485ab0, 0x00000241b7486550, 0x00000241b7484ac0, 0x00000241b7486ff0,
0x00000241b7485010, 0x00000241b7486aa0, 0x00000241b7487540, 0x00000241b6a4eaf0,
0x00000241b6a4f040, 0x00000241b6a50ad0, 0x00000241b6a4f590, 0x00000241b6a4fae0,
0x00000241b6a50030, 0x00000241b6a50580, 0x00000241b6a51020, 0x00000241b6a4e050,
0x00000241b6a4e5a0, 0x00000241b709e910, 0x00000241b70a0e40, 0x00000241b709fe50,
0x00000241b70a03a0, 0x00000241b70a1390, 0x00000241b709de70, 0x00000241b709e3c0,
0x00000241b709ee60, 0x00000241b709f3b0, 0x00000241b709f900, 0x00000241b70a08f0
}

Java Threads: ( => current thread )
  0x00000241b05ba5d0 JavaThread "Reference Handler" daemon [_thread_blocked, id=17228, stack(0x000000eaff600000,0x000000eaff700000)]
  0x00000241b05bb100 JavaThread "Finalizer" daemon [_thread_blocked, id=3428, stack(0x000000eaff700000,0x000000eaff800000)]
  0x00000241b05c0cd0 JavaThread "Signal Dispatcher" daemon [_thread_blocked, id=8432, stack(0x000000eaff800000,0x000000eaff900000)]
  0x00000241b05c16f0 JavaThread "Attach Listener" daemon [_thread_blocked, id=9156, stack(0x000000eaff900000,0x000000eaffa00000)]
  0x00000241b05c2110 JavaThread "Service Thread" daemon [_thread_blocked, id=17260, stack(0x000000eaffa00000,0x000000eaffb00000)]
  0x00000241b05c4b40 JavaThread "Monitor Deflation Thread" daemon [_thread_blocked, id=13888, stack(0x000000eaffb00000,0x000000eaffc00000)]
=>0x00000241b05cdca0 JavaThread "C2 CompilerThread0" daemon [_thread_in_native, id=16572, stack(0x000000eaffc00000,0x000000eaffd00000)]
  0x00000241b05d45b0 JavaThread "C1 CompilerThread0" daemon [_thread_blocked, id=7220, stack(0x000000eaffd00000,0x000000eaffe00000)]
  0x00000241b0615730 JavaThread "Sweeper thread" daemon [_thread_blocked, id=16772, stack(0x000000eaffe00000,0x000000eafff00000)]
  0x00000241b06181b0 JavaThread "Common-Cleaner" daemon [_thread_blocked, id=2476, stack(0x000000eafff00000,0x000000eb00000000)]
  0x00000241b06151e0 JavaThread "Monitor Ctrl-Break" daemon [_thread_in_native, id=14372, stack(0x000000ea80000000,0x000000ea80100000)]
  0x00000241b0617c60 JavaThread "Notification Thread" daemon [_thread_blocked, id=16128, stack(0x000000ea80100000,0x000000ea80200000)]
  0x00000241b0617710 JavaThread "Catalina-utility-1" [_thread_blocked, id=8652, stack(0x000000ea80600000,0x000000ea80700000)]
  0x00000241b0616720 JavaThread "Catalina-utility-2" [_thread_blocked, id=9856, stack(0x000000ea80700000,0x000000ea80800000)]
  0x00000241b0616c70 JavaThread "container-0" [_thread_blocked, id=504, stack(0x000000ea80800000,0x000000ea80900000)]
  0x00000241b7482ae0 JavaThread "spectator-gauge-polling-0" daemon [_thread_blocked, id=14156, stack(0x000000ea80a00000,0x000000ea80b00000)]
  0x00000241b7482040 JavaThread "Eureka-DeltaRetentionTimer" daemon [_thread_blocked, id=13160, stack(0x000000ea80b00000,0x000000ea80c00000)]
  0x00000241b7480b00 JavaThread "Eureka-EvictionTimer" daemon [_thread_blocked, id=11492, stack(0x000000ea80c00000,0x000000ea80d00000)]
  0x00000241b7483580 JavaThread "Eureka-MeasureRateTimer" daemon [_thread_blocked, id=11108, stack(0x000000ea80d00000,0x000000ea80e00000)]
  0x00000241b74815a0 JavaThread "ReplicaAwareInstanceRegistry - RenewalThresholdUpdater" daemon [_thread_blocked, id=11472, stack(0x000000ea80e00000,0x000000ea80f00000)]
  0x00000241b7481050 JavaThread "Eureka-MeasureRateTimer" daemon [_thread_blocked, id=10292, stack(0x000000ea80f00000,0x000000ea81000000)]
  0x00000241b7481af0 JavaThread "Eureka-Jersey3Client-Conn-Cleaner2" daemon [_thread_blocked, id=3316, stack(0x000000ea81000000,0x000000ea81100000)]
  0x00000241b7482590 JavaThread "TaskAcceptor-target_localhost" daemon [_thread_blocked, id=5612, stack(0x000000ea81100000,0x000000ea81200000)]
  0x00000241b7483030 JavaThread "TaskBatchingWorker-target_localhost-0" daemon [_thread_blocked, id=15856, stack(0x000000ea81200000,0x000000ea81300000)]
  0x00000241b7483ad0 JavaThread "TaskBatchingWorker-target_localhost-1" daemon [_thread_blocked, id=600, stack(0x000000ea81300000,0x000000ea81400000)]
  0x00000241b7480060 JavaThread "TaskBatchingWorker-target_localhost-2" daemon [_thread_blocked, id=15944, stack(0x000000ea81400000,0x000000ea81500000)]
  0x00000241b7484020 JavaThread "TaskBatchingWorker-target_localhost-3" daemon [_thread_blocked, id=9660, stack(0x000000ea81500000,0x000000ea81600000)]
  0x00000241b74805b0 JavaThread "TaskBatchingWorker-target_localhost-4" daemon [_thread_blocked, id=13268, stack(0x000000ea81600000,0x000000ea81700000)]
  0x00000241b7487a90 JavaThread "TaskBatchingWorker-target_localhost-5" daemon [_thread_blocked, id=16928, stack(0x000000ea81700000,0x000000ea81800000)]
  0x00000241b7486000 JavaThread "TaskBatchingWorker-target_localhost-6" daemon [_thread_blocked, id=11088, stack(0x000000ea81800000,0x000000ea81900000)]
  0x00000241b7485560 JavaThread "TaskBatchingWorker-target_localhost-7" daemon [_thread_blocked, id=17348, stack(0x000000ea81900000,0x000000ea81a00000)]
  0x00000241b7484570 JavaThread "TaskBatchingWorker-target_localhost-8" daemon [_thread_blocked, id=6688, stack(0x000000ea81a00000,0x000000ea81b00000)]
  0x00000241b7485ab0 JavaThread "TaskBatchingWorker-target_localhost-9" daemon [_thread_blocked, id=8060, stack(0x000000ea81b00000,0x000000ea81c00000)]
  0x00000241b7486550 JavaThread "TaskBatchingWorker-target_localhost-10" daemon [_thread_blocked, id=2876, stack(0x000000ea81c00000,0x000000ea81d00000)]
  0x00000241b7484ac0 JavaThread "TaskBatchingWorker-target_localhost-11" daemon [_thread_blocked, id=14296, stack(0x000000ea81d00000,0x000000ea81e00000)]
  0x00000241b7486ff0 JavaThread "TaskBatchingWorker-target_localhost-12" daemon [_thread_blocked, id=8068, stack(0x000000ea81e00000,0x000000ea81f00000)]
  0x00000241b7485010 JavaThread "TaskBatchingWorker-target_localhost-13" daemon [_thread_blocked, id=6772, stack(0x000000ea81f00000,0x000000ea82000000)]
  0x00000241b7486aa0 JavaThread "TaskBatchingWorker-target_localhost-14" daemon [_thread_blocked, id=10828, stack(0x000000ea82000000,0x000000ea82100000)]
  0x00000241b7487540 JavaThread "TaskBatchingWorker-target_localhost-15" daemon [_thread_blocked, id=15124, stack(0x000000ea82100000,0x000000ea82200000)]
  0x00000241b6a4eaf0 JavaThread "TaskBatchingWorker-target_localhost-16" daemon [_thread_blocked, id=16740, stack(0x000000ea82200000,0x000000ea82300000)]
  0x00000241b6a4f040 JavaThread "TaskBatchingWorker-target_localhost-17" daemon [_thread_blocked, id=4112, stack(0x000000ea82300000,0x000000ea82400000)]
  0x00000241b6a50ad0 JavaThread "TaskBatchingWorker-target_localhost-18" daemon [_thread_blocked, id=7480, stack(0x000000ea82400000,0x000000ea82500000)]
  0x00000241b6a4f590 JavaThread "TaskBatchingWorker-target_localhost-19" daemon [_thread_blocked, id=12440, stack(0x000000ea82500000,0x000000ea82600000)]
  0x00000241b6a4fae0 JavaThread "TaskAcceptor-localhost" daemon [_thread_blocked, id=1176, stack(0x000000ea82600000,0x000000ea82700000)]
  0x00000241b6a50030 JavaThread "TaskNonBatchingWorker-localhost-0" daemon [_thread_blocked, id=3296, stack(0x000000ea82700000,0x000000ea82800000)]
  0x00000241b6a50580 JavaThread "Eureka-PeerNodesUpdater" daemon [_thread_blocked, id=14524, stack(0x000000ea82800000,0x000000ea82900000)]
  0x00000241b6a51020 JavaThread "Eureka-CacheFillTimer" daemon [_thread_blocked, id=12232, stack(0x000000ea82900000,0x000000ea82a00000)]
  0x00000241b6a4e050 JavaThread "http-nio-8761-exec-1" daemon [_thread_blocked, id=16564, stack(0x000000ea82b00000,0x000000ea82c00000)]
  0x00000241b6a4e5a0 JavaThread "http-nio-8761-exec-2" daemon [_thread_blocked, id=5360, stack(0x000000ea82c00000,0x000000ea82d00000)]
  0x00000241b709e910 JavaThread "http-nio-8761-exec-3" daemon [_thread_blocked, id=16580, stack(0x000000ea82d00000,0x000000ea82e00000)]
  0x00000241b70a0e40 JavaThread "http-nio-8761-exec-4" daemon [_thread_blocked, id=10028, stack(0x000000ea82e00000,0x000000ea82f00000)]
  0x00000241b709fe50 JavaThread "http-nio-8761-exec-5" daemon [_thread_blocked, id=16060, stack(0x000000ea82f00000,0x000000ea83000000)]
  0x00000241b70a03a0 JavaThread "http-nio-8761-exec-6" daemon [_thread_blocked, id=9732, stack(0x000000ea83000000,0x000000ea83100000)]
  0x00000241b70a1390 JavaThread "http-nio-8761-exec-7" daemon [_thread_blocked, id=9392, stack(0x000000ea83100000,0x000000ea83200000)]
  0x00000241b709de70 JavaThread "http-nio-8761-exec-8" daemon [_thread_blocked, id=16372, stack(0x000000ea83200000,0x000000ea83300000)]
  0x00000241b709e3c0 JavaThread "http-nio-8761-exec-9" daemon [_thread_blocked, id=7864, stack(0x000000ea83300000,0x000000ea83400000)]
  0x00000241b709ee60 JavaThread "http-nio-8761-exec-10" daemon [_thread_blocked, id=15864, stack(0x000000ea83400000,0x000000ea83500000)]
  0x00000241b709f3b0 JavaThread "http-nio-8761-Poller" daemon [_thread_in_native, id=17264, stack(0x000000ea82a00000,0x000000ea82b00000)]
  0x00000241b709f900 JavaThread "http-nio-8761-Acceptor" daemon [_thread_in_native, id=5496, stack(0x000000ea83500000,0x000000ea83600000)]
  0x00000241b70a08f0 JavaThread "DestroyJavaVM" [_thread_blocked, id=9576, stack(0x000000eafef00000,0x000000eaff000000)]

Other Threads:
  0x00000241b0598d10 VMThread "VM Thread" [stack: 0x000000eaff500000,0x000000eaff600000] [id=4260]
  0x0000024194e65b80 WatcherThread "VM Periodic Task Thread" [stack: 0x000000ea80200000,0x000000ea80300000] [id=15216]
  0x0000024194ea5e10 WorkerThread "GC Thread#0" [stack: 0x000000eaff000000,0x000000eaff100000] [id=6804]
  0x00000241b4ffefb0 WorkerThread "GC Thread#1" [stack: 0x000000ea80300000,0x000000ea80400000] [id=15400]
  0x00000241b4f6bc80 WorkerThread "GC Thread#2" [stack: 0x000000ea80400000,0x000000ea80500000] [id=3360]
  0x00000241b4fc4f70 WorkerThread "GC Thread#3" [stack: 0x000000ea80500000,0x000000ea80600000] [id=15500]
  0x0000024194eae4f0 ConcurrentGCThread "G1 Main Marker" [stack: 0x000000eaff100000,0x000000eaff200000] [id=10856]
  0x0000024194eaef20 WorkerThread "G1 Conc#0" [stack: 0x000000eaff200000,0x000000eaff300000] [id=2808]
  0x0000024194f08440 ConcurrentGCThread "G1 Refine#0" [stack: 0x000000eaff300000,0x000000eaff400000] [id=7948]
  0x0000024194f09e30 ConcurrentGCThread "G1 Service" [stack: 0x000000eaff400000,0x000000eaff500000] [id=13456]

Threads with active compile tasks:
C2 CompilerThread0   756702 9065       4       com.netflix.spectator.api.patterns.GaugePoller$$Lambda$1288/0x0000000801687130::run (16 bytes)

VM state: not at safepoint (normal execution)

VM Mutex/Monitor currently owned by a thread: None

Heap address: 0x00000000c4400000, size: 956 MB, Compressed Oops mode: 32-bit

CDS archive(s) mapped at: [0x0000000800000000-0x0000000800c40000-0x0000000800c40000), size 12845056, SharedBaseAddress: 0x0000000800000000, ArchiveRelocationMode: 0.
Compressed class space mapped at: 0x0000000801000000-0x0000000841000000, reserved size: 1073741824
Narrow klass base: 0x0000000800000000, Narrow klass shift: 0, Narrow klass range: 0x100000000

GC Precious Log:
 CardTable entry size: 512
 Card Set container configuration: InlinePtr #cards 5 size 8 Array Of Cards #cards 12 size 40 Howl #buckets 4 coarsen threshold 1843 Howl Bitmap #cards 512 size 80 coarsen threshold 460 Card regions per heap region 1 cards per card region 2048
 CPUs: 4 total, 4 available
 Memory: 3818M
 Large Page Support: Disabled
 NUMA Support: Disabled
 Compressed Oops: Enabled (32-bit)
 Heap Region Size: 1M
 Heap Min Capacity: 8M
 Heap Initial Capacity: 60M
 Heap Max Capacity: 956M
 Pre-touch: Disabled
 Parallel Workers: 4
 Concurrent Workers: 1
 Concurrent Refinement Workers: 4
 Periodic GC: Disabled

Heap:
 garbage-first heap   total 87040K, used 44682K [0x00000000c4400000, 0x0000000100000000)
  region size 1024K, 3 young (3072K), 1 survivors (1024K)
 Metaspace       used 61383K, committed 62272K, reserved 1114112K
  class space    used 7765K, committed 8192K, reserved 1048576K

Heap Regions: E=young(eden), S=young(survivor), O=old, HS=humongous(starts), HC=humongous(continues), CS=collection set, F=free, OA=open archive, CA=closed archive, TAMS=top-at-mark-start (previous, next)
|   0|0x00000000c4400000, 0x00000000c4500000, 0x00000000c4500000|100%|HS|  |TAMS 0x00000000c4500000, 0x00000000c4400000| Complete 
|   1|0x00000000c4500000, 0x00000000c4600000, 0x00000000c4600000|100%| O|  |TAMS 0x00000000c4600000, 0x00000000c4500000| Untracked 
|   2|0x00000000c4600000, 0x00000000c4700000, 0x00000000c4700000|100%| O|  |TAMS 0x00000000c4700000, 0x00000000c4600000| Untracked 
|   3|0x00000000c4700000, 0x00000000c4800000, 0x00000000c4800000|100%| O|  |TAMS 0x00000000c4800000, 0x00000000c4700000| Untracked 
|   4|0x00000000c4800000, 0x00000000c4900000, 0x00000000c4900000|100%| O|  |TAMS 0x00000000c4900000, 0x00000000c4800000| Untracked 
|   5|0x00000000c4900000, 0x00000000c4a00000, 0x00000000c4a00000|100%| O|  |TAMS 0x00000000c4a00000, 0x00000000c4900000| Untracked 
|   6|0x00000000c4a00000, 0x00000000c4b00000, 0x00000000c4b00000|100%| O|  |TAMS 0x00000000c4b00000, 0x00000000c4a00000| Untracked 
|   7|0x00000000c4b00000, 0x00000000c4c00000, 0x00000000c4c00000|100%| O|  |TAMS 0x00000000c4c00000, 0x00000000c4b00000| Untracked 
|   8|0x00000000c4c00000, 0x00000000c4d00000, 0x00000000c4d00000|100%| O|  |TAMS 0x00000000c4d00000, 0x00000000c4c00000| Untracked 
|   9|0x00000000c4d00000, 0x00000000c4e00000, 0x00000000c4e00000|100%| O|  |TAMS 0x00000000c4e00000, 0x00000000c4d00000| Untracked 
|  10|0x00000000c4e00000, 0x00000000c4f00000, 0x00000000c4f00000|100%| O|  |TAMS 0x00000000c4f00000, 0x00000000c4e00000| Untracked 
|  11|0x00000000c4f00000, 0x00000000c5000000, 0x00000000c5000000|100%| O|  |TAMS 0x00000000c5000000, 0x00000000c4f00000| Untracked 
|  12|0x00000000c5000000, 0x00000000c5000000, 0x00000000c5100000|  0%| F|  |TAMS 0x00000000c5000000, 0x00000000c5000000| Untracked 
|  13|0x00000000c5100000, 0x00000000c5200000, 0x00000000c5200000|100%| O|  |TAMS 0x00000000c5200000, 0x00000000c5100000| Untracked 
|  14|0x00000000c5200000, 0x00000000c5300000, 0x00000000c5300000|100%| O|  |TAMS 0x00000000c5300000, 0x00000000c5200000| Untracked 
|  15|0x00000000c5300000, 0x00000000c5400000, 0x00000000c5400000|100%| O|  |TAMS 0x00000000c5400000, 0x00000000c5300000| Untracked 
|  16|0x00000000c5400000, 0x00000000c5400000, 0x00000000c5500000|  0%| F|  |TAMS 0x00000000c5400000, 0x00000000c5400000| Untracked 
|  17|0x00000000c5500000, 0x00000000c5600000, 0x00000000c5600000|100%| O|  |TAMS 0x00000000c5600000, 0x00000000c5500000| Untracked 
|  18|0x00000000c5600000, 0x00000000c5700000, 0x00000000c5700000|100%| O|  |TAMS 0x00000000c5700000, 0x00000000c5600000| Untracked 
|  19|0x00000000c5700000, 0x00000000c5800000, 0x00000000c5800000|100%| O|  |TAMS 0x00000000c5800000, 0x00000000c5700000| Untracked 
|  20|0x00000000c5800000, 0x00000000c5900000, 0x00000000c5900000|100%| O|  |TAMS 0x00000000c5900000, 0x00000000c5800000| Untracked 
|  21|0x00000000c5900000, 0x00000000c5a00000, 0x00000000c5a00000|100%| O|  |TAMS 0x00000000c5a00000, 0x00000000c5900000| Untracked 
|  22|0x00000000c5a00000, 0x00000000c5b00000, 0x00000000c5b00000|100%| O|  |TAMS 0x00000000c5b00000, 0x00000000c5a00000| Untracked 
|  23|0x00000000c5b00000, 0x00000000c5c00000, 0x00000000c5c00000|100%| O|  |TAMS 0x00000000c5c00000, 0x00000000c5b00000| Untracked 
|  24|0x00000000c5c00000, 0x00000000c5d00000, 0x00000000c5d00000|100%| O|  |TAMS 0x00000000c5d00000, 0x00000000c5c00000| Untracked 
|  25|0x00000000c5d00000, 0x00000000c5e00000, 0x00000000c5e00000|100%| O|  |TAMS 0x00000000c5e00000, 0x00000000c5d00000| Untracked 
|  26|0x00000000c5e00000, 0x00000000c5f00000, 0x00000000c5f00000|100%| O|  |TAMS 0x00000000c5f00000, 0x00000000c5e00000| Untracked 
|  27|0x00000000c5f00000, 0x00000000c6000000, 0x00000000c6000000|100%| O|  |TAMS 0x00000000c6000000, 0x00000000c5f00000| Untracked 
|  28|0x00000000c6000000, 0x00000000c6100000, 0x00000000c6100000|100%| O|  |TAMS 0x00000000c6100000, 0x00000000c6000000| Untracked 
|  29|0x00000000c6100000, 0x00000000c6200000, 0x00000000c6200000|100%| O|  |TAMS 0x00000000c6200000, 0x00000000c6100000| Untracked 
|  30|0x00000000c6200000, 0x00000000c6300000, 0x00000000c6300000|100%| O|  |TAMS 0x00000000c6300000, 0x00000000c6200000| Untracked 
|  31|0x00000000c6300000, 0x00000000c6400000, 0x00000000c6400000|100%| O|  |TAMS 0x00000000c6400000, 0x00000000c6300000| Untracked 
|  32|0x00000000c6400000, 0x00000000c6400000, 0x00000000c6500000|  0%| F|  |TAMS 0x00000000c6400000, 0x00000000c6400000| Untracked 
|  33|0x00000000c6500000, 0x00000000c6600000, 0x00000000c6600000|100%| O|  |TAMS 0x00000000c6600000, 0x00000000c6500000| Untracked 
|  34|0x00000000c6600000, 0x00000000c6700000, 0x00000000c6700000|100%| O|  |TAMS 0x00000000c6700000, 0x00000000c6600000| Untracked 
|  35|0x00000000c6700000, 0x00000000c6800000, 0x00000000c6800000|100%| O|  |TAMS 0x00000000c6800000, 0x00000000c6700000| Untracked 
|  36|0x00000000c6800000, 0x00000000c6900000, 0x00000000c6900000|100%| O|  |TAMS 0x00000000c6900000, 0x00000000c6800000| Untracked 
|  37|0x00000000c6900000, 0x00000000c6a00000, 0x00000000c6a00000|100%| O|  |TAMS 0x00000000c6a00000, 0x00000000c6900000| Untracked 
|  38|0x00000000c6a00000, 0x00000000c6b00000, 0x00000000c6b00000|100%| O|  |TAMS 0x00000000c6b00000, 0x00000000c6a00000| Untracked 
|  39|0x00000000c6b00000, 0x00000000c6c00000, 0x00000000c6c00000|100%| O|  |TAMS 0x00000000c6be9000, 0x00000000c6b00000| Untracked 
|  40|0x00000000c6c00000, 0x00000000c6d00000, 0x00000000c6d00000|100%| O|  |TAMS 0x00000000c6c00000, 0x00000000c6c00000| Untracked 
|  41|0x00000000c6d00000, 0x00000000c6e00000, 0x00000000c6e00000|100%| O|  |TAMS 0x00000000c6d00000, 0x00000000c6d00000| Untracked 
|  42|0x00000000c6e00000, 0x00000000c6f00000, 0x00000000c6f00000|100%| O|  |TAMS 0x00000000c6e00000, 0x00000000c6e00000| Untracked 
|  43|0x00000000c6f00000, 0x00000000c7000000, 0x00000000c7000000|100%| O|  |TAMS 0x00000000c6f00000, 0x00000000c6f00000| Untracked 
|  44|0x00000000c7000000, 0x00000000c7100000, 0x00000000c7100000|100%| O|  |TAMS 0x00000000c7000000, 0x00000000c7000000| Untracked 
|  45|0x00000000c7100000, 0x00000000c7132c00, 0x00000000c7200000| 19%| O|  |TAMS 0x00000000c7100000, 0x00000000c7100000| Untracked 
|  46|0x00000000c7200000, 0x00000000c7200000, 0x00000000c7300000|  0%| F|  |TAMS 0x00000000c7200000, 0x00000000c7200000| Untracked 
|  47|0x00000000c7300000, 0x00000000c7300000, 0x00000000c7400000|  0%| F|  |TAMS 0x00000000c7300000, 0x00000000c7300000| Untracked 
|  48|0x00000000c7400000, 0x00000000c7400000, 0x00000000c7500000|  0%| F|  |TAMS 0x00000000c7400000, 0x00000000c7400000| Untracked 
|  49|0x00000000c7500000, 0x00000000c7500000, 0x00000000c7600000|  0%| F|  |TAMS 0x00000000c7500000, 0x00000000c7500000| Untracked 
|  50|0x00000000c7600000, 0x00000000c7600000, 0x00000000c7700000|  0%| F|  |TAMS 0x00000000c7600000, 0x00000000c7600000| Untracked 
|  51|0x00000000c7700000, 0x00000000c7700000, 0x00000000c7800000|  0%| F|  |TAMS 0x00000000c7700000, 0x00000000c7700000| Untracked 
|  52|0x00000000c7800000, 0x00000000c7800000, 0x00000000c7900000|  0%| F|  |TAMS 0x00000000c7800000, 0x00000000c7800000| Untracked 
|  53|0x00000000c7900000, 0x00000000c7900000, 0x00000000c7a00000|  0%| F|  |TAMS 0x00000000c7900000, 0x00000000c7900000| Untracked 
|  54|0x00000000c7a00000, 0x00000000c7a00000, 0x00000000c7b00000|  0%| F|  |TAMS 0x00000000c7a00000, 0x00000000c7a00000| Untracked 
|  55|0x00000000c7b00000, 0x00000000c7b00000, 0x00000000c7c00000|  0%| F|  |TAMS 0x00000000c7b00000, 0x00000000c7b00000| Untracked 
|  56|0x00000000c7c00000, 0x00000000c7c00000, 0x00000000c7d00000|  0%| F|  |TAMS 0x00000000c7c00000, 0x00000000c7c00000| Untracked 
|  57|0x00000000c7d00000, 0x00000000c7d00000, 0x00000000c7e00000|  0%| F|  |TAMS 0x00000000c7d00000, 0x00000000c7d00000| Untracked 
|  58|0x00000000c7e00000, 0x00000000c7e00000, 0x00000000c7f00000|  0%| F|  |TAMS 0x00000000c7e00000, 0x00000000c7e00000| Untracked 
|  59|0x00000000c7f00000, 0x00000000c7f00000, 0x00000000c8000000|  0%| F|  |TAMS 0x00000000c7f00000, 0x00000000c7f00000| Untracked 
|  60|0x00000000c8000000, 0x00000000c8000000, 0x00000000c8100000|  0%| F|  |TAMS 0x00000000c8000000, 0x00000000c8000000| Untracked 
|  61|0x00000000c8100000, 0x00000000c8100000, 0x00000000c8200000|  0%| F|  |TAMS 0x00000000c8100000, 0x00000000c8100000| Untracked 
|  62|0x00000000c8200000, 0x00000000c8200000, 0x00000000c8300000|  0%| F|  |TAMS 0x00000000c8200000, 0x00000000c8200000| Untracked 
|  63|0x00000000c8300000, 0x00000000c8300000, 0x00000000c8400000|  0%| F|  |TAMS 0x00000000c8300000, 0x00000000c8300000| Untracked 
|  64|0x00000000c8400000, 0x00000000c8400000, 0x00000000c8500000|  0%| F|  |TAMS 0x00000000c8400000, 0x00000000c8400000| Untracked 
|  65|0x00000000c8500000, 0x00000000c8500000, 0x00000000c8600000|  0%| F|  |TAMS 0x00000000c8500000, 0x00000000c8500000| Untracked 
|  66|0x00000000c8600000, 0x00000000c8600000, 0x00000000c8700000|  0%| F|  |TAMS 0x00000000c8600000, 0x00000000c8600000| Untracked 
|  67|0x00000000c8700000, 0x00000000c8700000, 0x00000000c8800000|  0%| F|  |TAMS 0x00000000c8700000, 0x00000000c8700000| Untracked 
|  68|0x00000000c8800000, 0x00000000c8800000, 0x00000000c8900000|  0%| F|  |TAMS 0x00000000c8800000, 0x00000000c8800000| Untracked 
|  69|0x00000000c8900000, 0x00000000c8900000, 0x00000000c8a00000|  0%| F|  |TAMS 0x00000000c8900000, 0x00000000c8900000| Untracked 
|  70|0x00000000c8a00000, 0x00000000c8a00000, 0x00000000c8b00000|  0%| F|  |TAMS 0x00000000c8a00000, 0x00000000c8a00000| Untracked 
|  71|0x00000000c8b00000, 0x00000000c8b00000, 0x00000000c8c00000|  0%| F|  |TAMS 0x00000000c8b00000, 0x00000000c8b00000| Untracked 
|  72|0x00000000c8c00000, 0x00000000c8c00000, 0x00000000c8d00000|  0%| F|  |TAMS 0x00000000c8c00000, 0x00000000c8c00000| Untracked 
|  73|0x00000000c8d00000, 0x00000000c8d00000, 0x00000000c8e00000|  0%| F|  |TAMS 0x00000000c8d00000, 0x00000000c8d00000| Untracked 
|  74|0x00000000c8e00000, 0x00000000c8e00000, 0x00000000c8f00000|  0%| F|  |TAMS 0x00000000c8e00000, 0x00000000c8e00000| Untracked 
|  75|0x00000000c8f00000, 0x00000000c8f00000, 0x00000000c9000000|  0%| F|  |TAMS 0x00000000c8f00000, 0x00000000c8f00000| Untracked 
|  76|0x00000000c9000000, 0x00000000c9000000, 0x00000000c9100000|  0%| F|  |TAMS 0x00000000c9000000, 0x00000000c9000000| Untracked 
|  77|0x00000000c9100000, 0x00000000c9100000, 0x00000000c9200000|  0%| F|  |TAMS 0x00000000c9100000, 0x00000000c9100000| Untracked 
|  78|0x00000000c9200000, 0x00000000c9200000, 0x00000000c9300000|  0%| F|  |TAMS 0x00000000c9200000, 0x00000000c9200000| Untracked 
|  79|0x00000000c9300000, 0x00000000c9300000, 0x00000000c9400000|  0%| F|  |TAMS 0x00000000c9300000, 0x00000000c9300000| Untracked 
|  80|0x00000000c9400000, 0x00000000c9400000, 0x00000000c9500000|  0%| F|  |TAMS 0x00000000c9400000, 0x00000000c9400000| Untracked 
|  81|0x00000000c9500000, 0x00000000c9500000, 0x00000000c9600000|  0%| F|  |TAMS 0x00000000c9500000, 0x00000000c9500000| Untracked 
|  82|0x00000000c9600000, 0x00000000c968b620, 0x00000000c9700000| 54%| E|  |TAMS 0x00000000c9600000, 0x00000000c9600000| Complete 
|  83|0x00000000c9700000, 0x00000000c976ffe0, 0x00000000c9800000| 43%| S|CS|TAMS 0x00000000c9700000, 0x00000000c9700000| Complete 
|  84|0x00000000c9800000, 0x00000000c9900000, 0x00000000c9900000|100%| E|CS|TAMS 0x00000000c9800000, 0x00000000c9800000| Complete 

Card table byte_map: [0x00000241abf90000,0x00000241ac170000] _byte_map_base: 0x00000241ab96e000

Marking Bits (Prev, Next): (CMBitMap*) 0x0000024194ea6480, (CMBitMap*) 0x0000024194ea6440
 Prev Bits: [0x00000241ad240000, 0x00000241ae130000)
 Next Bits: [0x00000241ac350000, 0x00000241ad240000)

Polling page: 0x0000024194610000

Metaspace:

Usage:
  Non-class:     52.36 MB used.
      Class:      7.58 MB used.
       Both:     59.94 MB used.

Virtual space:
  Non-class space:       64.00 MB reserved,      52.81 MB ( 83%) committed,  1 nodes.
      Class space:        1.00 GB reserved,       8.00 MB ( <1%) committed,  1 nodes.
             Both:        1.06 GB reserved,      60.81 MB (  6%) committed. 

Chunk freelists:
   Non-Class:  2.35 MB
       Class:  3.87 MB
        Both:  6.22 MB

MaxMetaspaceSize: unlimited
CompressedClassSpaceSize: 1.00 GB
Initial GC threshold: 21.00 MB
Current GC threshold: 99.06 MB
CDS: on
MetaspaceReclaimPolicy: balanced
 - commit_granule_bytes: 65536.
 - commit_granule_words: 8192.
 - virtual_space_node_default_size: 8388608.
 - enlarge_chunks_in_place: 1.
 - new_chunks_are_fully_committed: 0.
 - uncommit_free_chunks: 1.
 - use_allocation_guard: 0.


Internal statistics:

num_allocs_failed_limit: 12.
num_arena_births: 1226.
num_arena_deaths: 0.
num_vsnodes_births: 2.
num_vsnodes_deaths: 0.
num_space_committed: 973.
num_space_uncommitted: 0.
num_chunks_returned_to_freelist: 12.
num_chunks_taken_from_freelist: 3373.
num_chunk_merges: 9.
num_chunk_splits: 2340.
num_chunks_enlarged: 1803.
num_inconsistent_stats: 0.

CodeHeap 'non-profiled nmethods': size=120000Kb used=4861Kb max_used=4861Kb free=115138Kb
 bounds [0x00000241a4880000, 0x00000241a4d40000, 0x00000241abdb0000]
CodeHeap 'profiled nmethods': size=120000Kb used=17036Kb max_used=17036Kb free=102963Kb
 bounds [0x000002419cdb0000, 0x000002419de60000, 0x00000241a42e0000]
CodeHeap 'non-nmethods': size=5760Kb used=1437Kb max_used=1525Kb free=4322Kb
 bounds [0x00000241a42e0000, 0x00000241a4550000, 0x00000241a4880000]
 total_blobs=8918 nmethods=8241 adapters=585
 compilation: enabled
              stopped_count=0, restarted_count=0
 full_count=0

Compilation events (20 events):
Event: 746.963 Thread 0x00000241b05d45b0 9057       3       org.glassfish.jersey.internal.util.collection.GuardianStringKeyMultivaluedMap::putAll (50 bytes)
Event: 746.968 Thread 0x00000241b05d45b0 nmethod 9057 0x000002419de50910 code [0x000002419de50b20, 0x000002419de511f8]
Event: 746.968 Thread 0x00000241b05d45b0 9058       3       org.glassfish.jersey.internal.util.collection.GuardianStringKeyMultivaluedMap::keySet (10 bytes)
Event: 746.972 Thread 0x00000241b05d45b0 nmethod 9058 0x000002419de51410 code [0x000002419de515c0, 0x000002419de51788]
Event: 746.972 Thread 0x00000241b05d45b0 9059       3       jakarta.ws.rs.core.AbstractMultivaluedMap::keySet (10 bytes)
Event: 746.972 Thread 0x00000241b05d45b0 nmethod 9059 0x000002419de51890 code [0x000002419de51a40, 0x000002419de51c08]
Event: 746.972 Thread 0x00000241b05d45b0 9060       3       org.glassfish.jersey.internal.util.collection.GuardianStringKeyMultivaluedMap::size (10 bytes)
Event: 746.972 Thread 0x00000241b05d45b0 nmethod 9060 0x000002419de51d10 code [0x000002419de51ec0, 0x000002419de52088]
Event: 746.972 Thread 0x00000241b05d45b0 9061       3       jakarta.ws.rs.core.AbstractMultivaluedMap::size (10 bytes)
Event: 746.973 Thread 0x00000241b05d45b0 nmethod 9061 0x000002419de52190 code [0x000002419de52340, 0x000002419de52508]
Event: 746.973 Thread 0x00000241b05d45b0 9062       3       org.glassfish.jersey.message.internal.MessageHeaderMethods::<init> (13 bytes)
Event: 746.976 Thread 0x00000241b05d45b0 nmethod 9062 0x000002419de52610 code [0x000002419de527c0, 0x000002419de52978]
Event: 746.990 Thread 0x00000241b05cdca0 nmethod 9054 0x00000241a4d3e210 code [0x00000241a4d3e400, 0x00000241a4d3e968]
Event: 746.990 Thread 0x00000241b05cdca0 9056       4       sun.nio.ch.NioSocketImpl::isOpen (14 bytes)
Event: 746.992 Thread 0x00000241b05cdca0 nmethod 9056 0x00000241a4d3ef90 code [0x00000241a4d3f120, 0x00000241a4d3f1b8]
Event: 750.073 Thread 0x00000241b05d45b0 9063       3       org.glassfish.jersey.internal.util.collection.GuardianStringKeyMultivaluedMap$MutableGuardian::guardMutable (23 bytes)
Event: 750.074 Thread 0x00000241b05d45b0 nmethod 9063 0x000002419de52a90 code [0x000002419de52c60, 0x000002419de530a8]
Event: 750.075 Thread 0x00000241b05d45b0 9064       1       java.text.DontCareFieldPosition::getFieldDelegate (5 bytes)
Event: 750.075 Thread 0x00000241b05d45b0 nmethod 9064 0x00000241a4d3f290 code [0x00000241a4d3f420, 0x00000241a4d3f4d8]
Event: 755.872 Thread 0x00000241b05cdca0 9065       4       com.netflix.spectator.api.patterns.GaugePoller$$Lambda$1288/0x0000000801687130::run (16 bytes)

GC Heap History (20 events):
Event: 11.435 GC heap before
{Heap before GC invocations=10 (full 0):
 garbage-first heap   total 87040K, used 62879K [0x00000000c4400000, 0x0000000100000000)
  region size 1024K, 40 young (40960K), 2 survivors (2048K)
 Metaspace       used 32485K, committed 32960K, reserved 1114112K
  class space    used 3923K, committed 4160K, reserved 1048576K
}
Event: 11.445 GC heap after
{Heap after GC invocations=11 (full 0):
 garbage-first heap   total 87040K, used 26455K [0x00000000c4400000, 0x0000000100000000)
  region size 1024K, 5 young (5120K), 5 survivors (5120K)
 Metaspace       used 32485K, committed 32960K, reserved 1114112K
  class space    used 3923K, committed 4160K, reserved 1048576K
}
Event: 12.103 GC heap before
{Heap before GC invocations=11 (full 0):
 garbage-first heap   total 87040K, used 50007K [0x00000000c4400000, 0x0000000100000000)
  region size 1024K, 29 young (29696K), 5 survivors (5120K)
 Metaspace       used 35542K, committed 36096K, reserved 1114112K
  class space    used 4348K, committed 4608K, reserved 1048576K
}
Event: 12.114 GC heap after
{Heap after GC invocations=12 (full 0):
 garbage-first heap   total 87040K, used 28862K [0x00000000c4400000, 0x0000000100000000)
  region size 1024K, 3 young (3072K), 3 survivors (3072K)
 Metaspace       used 35542K, committed 36096K, reserved 1114112K
  class space    used 4348K, committed 4608K, reserved 1048576K
}
Event: 12.860 GC heap before
{Heap before GC invocations=13 (full 0):
 garbage-first heap   total 87040K, used 63678K [0x00000000c4400000, 0x0000000100000000)
  region size 1024K, 37 young (37888K), 3 survivors (3072K)
 Metaspace       used 40367K, committed 40896K, reserved 1114112K
  class space    used 5015K, committed 5248K, reserved 1048576K
}
Event: 12.870 GC heap after
{Heap after GC invocations=14 (full 0):
 garbage-first heap   total 87040K, used 33149K [0x00000000c4400000, 0x0000000100000000)
  region size 1024K, 5 young (5120K), 5 survivors (5120K)
 Metaspace       used 40367K, committed 40896K, reserved 1114112K
  class space    used 5015K, committed 5248K, reserved 1048576K
}
Event: 12.874 GC heap before
{Heap before GC invocations=14 (full 0):
 garbage-first heap   total 87040K, used 34173K [0x00000000c4400000, 0x0000000100000000)
  region size 1024K, 6 young (6144K), 5 survivors (5120K)
 Metaspace       used 40371K, committed 40960K, reserved 1114112K
  class space    used 5015K, committed 5248K, reserved 1048576K
}
Event: 12.883 GC heap after
{Heap after GC invocations=15 (full 0):
 garbage-first heap   total 87040K, used 33608K [0x00000000c4400000, 0x0000000100000000)
  region size 1024K, 1 young (1024K), 1 survivors (1024K)
 Metaspace       used 40371K, committed 40960K, reserved 1114112K
  class space    used 5015K, committed 5248K, reserved 1048576K
}
Event: 14.336 GC heap before
{Heap before GC invocations=15 (full 0):
 garbage-first heap   total 87040K, used 64328K [0x00000000c4400000, 0x0000000100000000)
  region size 1024K, 32 young (32768K), 1 survivors (1024K)
 Metaspace       used 46038K, committed 46656K, reserved 1114112K
  class space    used 5892K, committed 6144K, reserved 1048576K
}
Event: 14.341 GC heap after
{Heap after GC invocations=16 (full 0):
 garbage-first heap   total 87040K, used 36864K [0x00000000c4400000, 0x0000000100000000)
  region size 1024K, 4 young (4096K), 4 survivors (4096K)
 Metaspace       used 46038K, committed 46656K, reserved 1114112K
  class space    used 5892K, committed 6144K, reserved 1048576K
}
Event: 15.924 GC heap before
{Heap before GC invocations=16 (full 0):
 garbage-first heap   total 87040K, used 66560K [0x00000000c4400000, 0x0000000100000000)
  region size 1024K, 33 young (33792K), 4 survivors (4096K)
 Metaspace       used 51683K, committed 52352K, reserved 1114112K
  class space    used 6659K, committed 6976K, reserved 1048576K
}
Event: 15.936 GC heap after
{Heap after GC invocations=17 (full 0):
 garbage-first heap   total 87040K, used 41266K [0x00000000c4400000, 0x0000000100000000)
  region size 1024K, 5 young (5120K), 5 survivors (5120K)
 Metaspace       used 51683K, committed 52352K, reserved 1114112K
  class space    used 6659K, committed 6976K, reserved 1048576K
}
Event: 68.702 GC heap before
{Heap before GC invocations=17 (full 0):
 garbage-first heap   total 87040K, used 65842K [0x00000000c4400000, 0x0000000100000000)
  region size 1024K, 30 young (30720K), 5 survivors (5120K)
 Metaspace       used 57599K, committed 58304K, reserved 1114112K
  class space    used 7389K, committed 7744K, reserved 1048576K
}
Event: 68.759 GC heap after
{Heap after GC invocations=18 (full 0):
 garbage-first heap   total 87040K, used 43294K [0x00000000c4400000, 0x0000000100000000)
  region size 1024K, 3 young (3072K), 3 survivors (3072K)
 Metaspace       used 57599K, committed 58304K, reserved 1114112K
  class space    used 7389K, committed 7744K, reserved 1048576K
}
Event: 70.296 GC heap before
{Heap before GC invocations=18 (full 0):
 garbage-first heap   total 87040K, used 53534K [0x00000000c4400000, 0x0000000100000000)
  region size 1024K, 14 young (14336K), 3 survivors (3072K)
 Metaspace       used 59730K, committed 60480K, reserved 1114112K
  class space    used 7690K, committed 8064K, reserved 1048576K
}
Event: 70.308 GC heap after
{Heap after GC invocations=19 (full 0):
 garbage-first heap   total 87040K, used 43721K [0x00000000c4400000, 0x0000000100000000)
  region size 1024K, 3 young (3072K), 3 survivors (3072K)
 Metaspace       used 59730K, committed 60480K, reserved 1114112K
  class space    used 7690K, committed 8064K, reserved 1048576K
}
Event: 716.720 GC heap before
{Heap before GC invocations=20 (full 0):
 garbage-first heap   total 87040K, used 69321K [0x00000000c4400000, 0x0000000100000000)
  region size 1024K, 28 young (28672K), 3 survivors (3072K)
 Metaspace       used 61337K, committed 62144K, reserved 1114112K
  class space    used 7764K, committed 8192K, reserved 1048576K
}
Event: 716.855 GC heap after
{Heap after GC invocations=21 (full 0):
 garbage-first heap   total 87040K, used 45136K [0x00000000c4400000, 0x0000000100000000)
  region size 1024K, 3 young (3072K), 3 survivors (3072K)
 Metaspace       used 61337K, committed 62144K, reserved 1114112K
  class space    used 7764K, committed 8192K, reserved 1048576K
}
Event: 717.720 GC heap before
{Heap before GC invocations=21 (full 0):
 garbage-first heap   total 87040K, used 46160K [0x00000000c4400000, 0x0000000100000000)
  region size 1024K, 4 young (4096K), 3 survivors (3072K)
 Metaspace       used 61349K, committed 62208K, reserved 1114112K
  class space    used 7764K, committed 8192K, reserved 1048576K
}
Event: 717.966 GC heap after
{Heap after GC invocations=22 (full 0):
 garbage-first heap   total 87040K, used 43658K [0x00000000c4400000, 0x0000000100000000)
  region size 1024K, 1 young (1024K), 1 survivors (1024K)
 Metaspace       used 61349K, committed 62208K, reserved 1114112K
  class space    used 7764K, committed 8192K, reserved 1048576K
}

Dll operation events (13 events):
Event: 0.017 Loaded shared library C:\Program Files\Java\jdk-19\bin\java.dll
Event: 0.027 Loaded shared library C:\Program Files\Java\jdk-19\bin\jsvml.dll
Event: 0.386 Loaded shared library C:\Program Files\Java\jdk-19\bin\zip.dll
Event: 0.391 Loaded shared library C:\Program Files\Java\jdk-19\bin\instrument.dll
Event: 0.397 Loaded shared library C:\Program Files\Java\jdk-19\bin\net.dll
Event: 0.399 Loaded shared library C:\Program Files\Java\jdk-19\bin\nio.dll
Event: 0.404 Loaded shared library C:\Program Files\Java\jdk-19\bin\zip.dll
Event: 1.100 Loaded shared library C:\Program Files\Java\jdk-19\bin\extnet.dll
Event: 1.333 Loaded shared library C:\Program Files\Java\jdk-19\bin\jimage.dll
Event: 5.140 Loaded shared library C:\Program Files\Java\jdk-19\bin\sunmscapi.dll
Event: 10.043 Loaded shared library C:\Program Files\Java\jdk-19\bin\management.dll
Event: 10.113 Loaded shared library C:\Program Files\Java\jdk-19\bin\management_ext.dll
Event: 10.775 Loaded shared library C:\Program Files\Java\jdk-19\bin\verify.dll

Deoptimization events (20 events):
Event: 494.580 Thread 0x00000241b0616720 Uncommon trap: trap_request=0xffffff45 fr.pc=0x00000241a4c3b5d4 relative=0x00000000000000b4
Event: 494.588 Thread 0x00000241b0616720 Uncommon trap: reason=unstable_if action=reinterpret pc=0x00000241a4c3b5d4 method=java.util.concurrent.ScheduledThreadPoolExecutor$ScheduledFutureTask.compareTo(Ljava/util/concurrent/Delayed;)I @ 40 c2
Event: 494.592 Thread 0x00000241b0616720 DEOPT PACKING pc=0x00000241a4c3b5d4 sp=0x000000ea807fecb0
Event: 494.600 Thread 0x00000241b0616720 DEOPT UNPACKING pc=0x00000241a434a5a3 sp=0x000000ea807fec38 mode 2
Event: 716.188 Thread 0x00000241b709e3c0 Uncommon trap: trap_request=0xffffffde fr.pc=0x00000241a4d35414 relative=0x0000000000000394
Event: 716.190 Thread 0x00000241b709e3c0 Uncommon trap: reason=class_check action=maybe_recompile pc=0x00000241a4d35414 method=java.util.Collections$UnmodifiableCollection.contains(Ljava/lang/Object;)Z @ 5 c2
Event: 716.190 Thread 0x00000241b709e3c0 DEOPT PACKING pc=0x00000241a4d35414 sp=0x000000ea833fd270
Event: 716.190 Thread 0x00000241b709ee60 Uncommon trap: trap_request=0xffffffde fr.pc=0x00000241a4d35414 relative=0x0000000000000394
Event: 716.190 Thread 0x00000241b709ee60 Uncommon trap: reason=class_check action=maybe_recompile pc=0x00000241a4d35414 method=java.util.Collections$UnmodifiableCollection.contains(Ljava/lang/Object;)Z @ 5 c2
Event: 716.191 Thread 0x00000241b709ee60 DEOPT PACKING pc=0x00000241a4d35414 sp=0x000000ea834fd0e0
Event: 716.191 Thread 0x00000241b709e3c0 DEOPT UNPACKING pc=0x00000241a434a5a3 sp=0x000000ea833fd1c0 mode 2
Event: 716.191 Thread 0x00000241b709ee60 DEOPT UNPACKING pc=0x00000241a434a5a3 sp=0x000000ea834fd030 mode 2
Event: 716.195 Thread 0x00000241b709ee60 Uncommon trap: trap_request=0xffffffde fr.pc=0x00000241a4d35414 relative=0x0000000000000394
Event: 716.195 Thread 0x00000241b709e3c0 Uncommon trap: trap_request=0xffffffde fr.pc=0x00000241a4d35414 relative=0x0000000000000394
Event: 716.195 Thread 0x00000241b709ee60 Uncommon trap: reason=class_check action=maybe_recompile pc=0x00000241a4d35414 method=java.util.Collections$UnmodifiableCollection.contains(Ljava/lang/Object;)Z @ 5 c2
Event: 716.195 Thread 0x00000241b709e3c0 Uncommon trap: reason=class_check action=maybe_recompile pc=0x00000241a4d35414 method=java.util.Collections$UnmodifiableCollection.contains(Ljava/lang/Object;)Z @ 5 c2
Event: 716.195 Thread 0x00000241b709ee60 DEOPT PACKING pc=0x00000241a4d35414 sp=0x000000ea834fcd70
Event: 716.195 Thread 0x00000241b709e3c0 DEOPT PACKING pc=0x00000241a4d35414 sp=0x000000ea833fce60
Event: 716.196 Thread 0x00000241b709ee60 DEOPT UNPACKING pc=0x00000241a434a5a3 sp=0x000000ea834fccc0 mode 2
Event: 716.199 Thread 0x00000241b709e3c0 DEOPT UNPACKING pc=0x00000241a434a5a3 sp=0x000000ea833fcdb0 mode 2

Classes loaded (20 events):
Event: 70.077 Loading class javax/naming/NameParser
Event: 70.077 Loading class javax/naming/NameParser done
Event: 70.080 Loading class java/lang/invoke/WrongMethodTypeException
Event: 70.080 Loading class java/lang/invoke/WrongMethodTypeException done
Event: 70.175 Loading class java/util/zip/GZIPInputStream
Event: 70.175 Loading class java/util/zip/GZIPInputStream done
Event: 70.202 Loading class java/util/concurrent/LinkedBlockingDeque$Node
Event: 70.202 Loading class java/util/concurrent/LinkedBlockingDeque$Node done
Event: 70.274 Loading class java/net/Socket$SocketOutputStream
Event: 70.274 Loading class java/net/Socket$SocketOutputStream done
Event: 70.274 Loading class sun/nio/ch/NioSocketImpl$2
Event: 70.274 Loading class sun/nio/ch/NioSocketImpl$2 done
Event: 98.355 Loading class java/util/concurrent/locks/ReentrantReadWriteLock$Sync$HoldCounter
Event: 98.361 Loading class java/util/concurrent/locks/ReentrantReadWriteLock$Sync$HoldCounter done
Event: 131.629 Loading class jdk/internal/loader/BootLoader$PackageHelper
Event: 131.639 Loading class jdk/internal/loader/BootLoader$PackageHelper done
Event: 341.393 Loading class java/util/concurrent/atomic/Striped64$Cell
Event: 341.511 Loading class java/util/concurrent/atomic/Striped64$Cell done
Event: 372.920 Loading class sun/net/ConnectionResetException
Event: 372.972 Loading class sun/net/ConnectionResetException done

Classes unloaded (0 events):
No events

Classes redefined (0 events):
No events

Internal exceptions (20 events):
Event: 66.315 Thread 0x00000241b709f900 Exception <a 'java/lang/NoSuchMethodError'{0x00000000c89c1ad0}: 'java.lang.Object java.lang.invoke.DirectMethodHandle$Holder.invokeStatic(java.lang.Object, java.lang.Object, java.lang.Object, int, int)'> (0x00000000c89c1ad0) 
thrown [s\open\src\hotspot\share\interpreter\linkResolver.cpp, line 774]
Event: 66.545 Thread 0x00000241b709f900 Exception <a 'java/lang/NoSuchMethodError'{0x00000000c89c5510}: 'java.lang.Object java.lang.invoke.DirectMethodHandle$Holder.invokeStaticInit(java.lang.Object, java.lang.Object, java.lang.Object, int, int)'> (0x00000000c89c5510) 
thrown [s\open\src\hotspot\share\interpreter\linkResolver.cpp, line 774]
Event: 67.223 Thread 0x00000241b6a4e5a0 Exception <a 'java/lang/NoSuchMethodError'{0x00000000c87192e8}: 'java.lang.Object java.lang.invoke.DirectMethodHandle$Holder.invokeSpecial(java.lang.Object, java.lang.Object, java.lang.Object, java.lang.Object, java.lang.Object, long)'> (0x00000000c87192e8) 
thrown [s\open\src\hotspot\share\interpreter\linkResolver.cpp, line 774]
Event: 67.223 Thread 0x00000241b6a4e5a0 Exception <a 'java/lang/NoSuchMethodError'{0x00000000c871cfa8}: 'java.lang.Object java.lang.invoke.Invokers$Holder.linkToTargetMethod(java.lang.Object, java.lang.Object, java.lang.Object, long, java.lang.Object)'> (0x00000000c871cfa8) 
thrown [s\open\src\hotspot\share\interpreter\linkResolver.cpp, line 774]
Event: 67.888 Thread 0x00000241b6a4e5a0 Implicit null exception at 0x00000241a4aa246c to 0x00000241a4aa2514
Event: 67.895 Thread 0x00000241b6a4e5a0 Exception <a 'java/lang/NoSuchMethodError'{0x00000000c84af2f0}: 'java.lang.Object java.lang.invoke.DirectMethodHandle$Holder.invokeVirtual(java.lang.Object, java.lang.Object, java.lang.Object, java.lang.Object, java.lang.Object, java.lang.Object, java.lang.Object, java.lang.Object)'> (0x00000000c84af2f0) 
thrown [s\open\src\hotspot\share\interpreter\linkResolver.cpp, line 774]
Event: 70.315 Thread 0x00000241b7486aa0 Exception <a 'java/lang/NoSuchMethodError'{0x00000000c987fa30}: 'long java.lang.invoke.DelegatingMethodHandle$Holder.reinvoke_L(java.lang.Object, java.lang.Object)'> (0x00000000c987fa30) 
thrown [s\open\src\hotspot\share\interpreter\linkResolver.cpp, line 774]
Event: 70.364 Thread 0x00000241b7486aa0 Implicit null exception at 0x00000241a4ba3dcb to 0x00000241a4ba3fc4
Event: 70.364 Thread 0x00000241b7486aa0 Exception <a 'java/lang/NoSuchMethodError'{0x00000000c9610440}: 'java.lang.Object java.lang.invoke.DelegatingMethodHandle$Holder.reinvoke_L(java.lang.Object, int, java.lang.Object)'> (0x00000000c9610440) 
thrown [s\open\src\hotspot\share\interpreter\linkResolver.cpp, line 774]
Event: 131.384 Thread 0x00000241b709e3c0 Exception <a 'java/net/SocketException'{0x00000000c9362640}: Connection reset by peer: shutdown> (0x00000000c9362640) 
thrown [s\open\src\hotspot\share\prims\jni.cpp, line 536]
Event: 131.665 Thread 0x00000241b6a4f040 Implicit null exception at 0x00000241a4ba2df0 to 0x00000241a4ba2ec0
Event: 372.916 Thread 0x00000241b70a03a0 Exception <a 'java/io/IOException'{0x00000000c8a12828}> (0x00000000c8a12828) 
thrown [s\open\src\hotspot\share\prims\jni.cpp, line 517]
Event: 404.430 Thread 0x00000241b6a4e050 Exception <a 'java/io/IOException'{0x00000000c8afc108}> (0x00000000c8afc108) 
thrown [s\open\src\hotspot\share\prims\jni.cpp, line 517]
Event: 468.709 Thread 0x00000241b709de70 Exception <a 'java/io/IOException'{0x00000000c874dc60}> (0x00000000c874dc60) 
thrown [s\open\src\hotspot\share\prims\jni.cpp, line 517]
Event: 500.347 Thread 0x00000241b70a03a0 Exception <a 'java/io/IOException'{0x00000000c8672658}> (0x00000000c8672658) 
thrown [s\open\src\hotspot\share\prims\jni.cpp, line 517]
Event: 531.675 Thread 0x00000241b709fe50 Exception <a 'java/io/IOException'{0x00000000c8408600}> (0x00000000c8408600) 
thrown [s\open\src\hotspot\share\prims\jni.cpp, line 517]
Event: 710.066 Thread 0x00000241b709de70 Exception <a 'java/io/IOException'{0x00000000c7d1b4c0}> (0x00000000c7d1b4c0) 
thrown [s\open\src\hotspot\share\prims\jni.cpp, line 517]
Event: 715.069 Thread 0x00000241b709de70 Exception <a 'java/io/IOException'{0x00000000c7db5478}> (0x00000000c7db5478) 
thrown [s\open\src\hotspot\share\prims\jni.cpp, line 517]
Event: 752.115 Thread 0x00000241b6a4e050 Exception <a 'sun/net/ConnectionResetException'{0x00000000c98c7520}: Connection reset> (0x00000000c98c7520) 
thrown [s\open\src\hotspot\share\prims\jni.cpp, line 536]
Event: 752.115 Thread 0x00000241b709e3c0 Exception <a 'sun/net/ConnectionResetException'{0x00000000c98d5a48}: Connection reset> (0x00000000c98d5a48) 
thrown [s\open\src\hotspot\share\prims\jni.cpp, line 536]

VM Operations (20 events):
Event: 714.587 Executing VM operation: Cleanup
Event: 714.682 Executing VM operation: Cleanup done
Event: 716.679 Executing VM operation: Cleanup
Event: 716.679 Executing VM operation: Cleanup done
Event: 716.718 Executing VM operation: G1CollectForAllocation
Event: 716.856 Executing VM operation: G1CollectForAllocation done
Event: 717.720 Executing VM operation: G1CollectForAllocation
Event: 717.967 Executing VM operation: G1CollectForAllocation done
Event: 740.143 Executing VM operation: Cleanup
Event: 740.143 Executing VM operation: Cleanup done
Event: 744.175 Executing VM operation: Cleanup
Event: 744.175 Executing VM operation: Cleanup done
Event: 746.186 Executing VM operation: Cleanup
Event: 746.186 Executing VM operation: Cleanup done
Event: 747.193 Executing VM operation: Cleanup
Event: 747.193 Executing VM operation: Cleanup done
Event: 750.207 Executing VM operation: Cleanup
Event: 750.208 Executing VM operation: Cleanup done
Event: 753.251 Executing VM operation: Cleanup
Event: 753.252 Executing VM operation: Cleanup done

Events (20 events):
Event: 16.044 Thread 0x00000241b6a50030 Thread added: 0x00000241b6a50030
Event: 16.045 Thread 0x00000241b6a50580 Thread added: 0x00000241b6a50580
Event: 16.109 Thread 0x00000241b6a51020 Thread added: 0x00000241b6a51020
Event: 16.524 Thread 0x00000241b6a4db00 Thread added: 0x00000241b6a4db00
Event: 16.536 Thread 0x00000241b6a4e050 Thread added: 0x00000241b6a4e050
Event: 16.537 Thread 0x00000241b6a4e5a0 Thread added: 0x00000241b6a4e5a0
Event: 16.537 Thread 0x00000241b709e910 Thread added: 0x00000241b709e910
Event: 16.537 Thread 0x00000241b70a0e40 Thread added: 0x00000241b70a0e40
Event: 16.537 Thread 0x00000241b709fe50 Thread added: 0x00000241b709fe50
Event: 16.537 Thread 0x00000241b70a03a0 Thread added: 0x00000241b70a03a0
Event: 16.537 Thread 0x00000241b70a1390 Thread added: 0x00000241b70a1390
Event: 16.537 Thread 0x00000241b709de70 Thread added: 0x00000241b709de70
Event: 16.537 Thread 0x00000241b709e3c0 Thread added: 0x00000241b709e3c0
Event: 16.537 Thread 0x00000241b709ee60 Thread added: 0x00000241b709ee60
Event: 16.553 Thread 0x00000241b6a4db00 Thread exited: 0x00000241b6a4db00
Event: 16.571 Thread 0x00000241b709f3b0 Thread added: 0x00000241b709f3b0
Event: 16.572 Thread 0x00000241b709f900 Thread added: 0x00000241b709f900
Event: 16.859 Thread 0x0000024194e64ff0 Thread exited: 0x0000024194e64ff0
Event: 16.863 Thread 0x00000241b70a08f0 Thread added: 0x00000241b70a08f0
Event: 76.673 Thread 0x00000241b06171c0 Thread exited: 0x00000241b06171c0


Dynamic libraries:
0x00007ff7c1c10000 - 0x00007ff7c1c20000 	C:\Program Files\Java\jdk-19\bin\java.exe
0x00007ffffcf60000 - 0x00007ffffd1c6000 	C:\WINDOWS\SYSTEM32\ntdll.dll
0x00007ffffaf90000 - 0x00007ffffb059000 	C:\WINDOWS\System32\KERNEL32.DLL
0x00007ffffa690000 - 0x00007ffffaa8a000 	C:\WINDOWS\System32\KERNELBASE.dll
0x00007ffffa350000 - 0x00007ffffa49c000 	C:\WINDOWS\System32\ucrtbase.dll
0x00007fffe7240000 - 0x00007fffe7258000 	C:\Program Files\Java\jdk-19\bin\jli.dll
0x00007ffff10a0000 - 0x00007ffff10bb000 	C:\Program Files\Java\jdk-19\bin\VCRUNTIME140.dll
0x00007ffffad60000 - 0x00007ffffae16000 	C:\WINDOWS\System32\ADVAPI32.dll
0x00007ffffae20000 - 0x00007ffffaec9000 	C:\WINDOWS\System32\msvcrt.dll
0x00007ffffc270000 - 0x00007ffffc31a000 	C:\WINDOWS\System32\sechost.dll
0x00007ffffb310000 - 0x00007ffffb428000 	C:\WINDOWS\System32\RPCRT4.dll
0x00007ffffc320000 - 0x00007ffffc4e7000 	C:\WINDOWS\System32\USER32.dll
0x00007ffffa1f0000 - 0x00007ffffa217000 	C:\WINDOWS\System32\win32u.dll
0x00007fffde720000 - 0x00007fffde9b2000 	C:\WINDOWS\WinSxS\amd64_microsoft.windows.common-controls_6595b64144ccf1df_6.0.26100.8521_none_3e08b75ce33403b3\COMCTL32.dll
0x00007ffffb120000 - 0x00007ffffb14b000 	C:\WINDOWS\System32\GDI32.dll
0x00007ffffa220000 - 0x00007ffffa34b000 	C:\WINDOWS\System32\gdi32full.dll
0x00007ffffa4a0000 - 0x00007ffffa543000 	C:\WINDOWS\System32\msvcp_win.dll
0x00007ffff14a0000 - 0x00007ffff14ab000 	C:\WINDOWS\SYSTEM32\VERSION.dll
0x00007ffffb060000 - 0x00007ffffb092000 	C:\WINDOWS\System32\IMM32.DLL
0x00007fffeb510000 - 0x00007fffeb51c000 	C:\Program Files\Java\jdk-19\bin\vcruntime140_1.dll
0x00007fffbc8b0000 - 0x00007fffbc93e000 	C:\Program Files\Java\jdk-19\bin\msvcp140.dll
0x00007fff8fe70000 - 0x00007fff90b30000 	C:\Program Files\Java\jdk-19\bin\server\jvm.dll
0x00007fffe29d0000 - 0x00007fffe29da000 	C:\WINDOWS\SYSTEM32\WSOCK32.dll
0x00007ffff2290000 - 0x00007ffff22c6000 	C:\WINDOWS\SYSTEM32\WINMM.dll
0x00007ffffc1e0000 - 0x00007ffffc260000 	C:\WINDOWS\System32\WS2_32.dll
0x00007ffff8f50000 - 0x00007ffff8f6b000 	C:\WINDOWS\SYSTEM32\kernel.appcore.dll
0x00007fffe29c0000 - 0x00007fffe29ca000 	C:\Program Files\Java\jdk-19\bin\jimage.dll
0x00007ffff77b0000 - 0x00007ffff79f2000 	C:\WINDOWS\SYSTEM32\DBGHELP.DLL
0x00007ffffb7d0000 - 0x00007ffffbb53000 	C:\WINDOWS\System32\combase.dll
0x00007ffffb430000 - 0x00007ffffb509000 	C:\WINDOWS\System32\OLEAUT32.dll
0x00007fffdad20000 - 0x00007fffdad5b000 	C:\WINDOWS\SYSTEM32\dbgcore.DLL
0x00007ffffa550000 - 0x00007ffffa5f8000 	C:\WINDOWS\System32\bcryptPrimitives.dll
0x00007fffd7070000 - 0x00007fffd707e000 	C:\Program Files\Java\jdk-19\bin\instrument.dll
0x00007fffc0700000 - 0x00007fffc0726000 	C:\Program Files\Java\jdk-19\bin\java.dll
0x00007fffa5a00000 - 0x00007fffa5ad7000 	C:\Program Files\Java\jdk-19\bin\jsvml.dll
0x00007ffffc6d0000 - 0x00007ffffce54000 	C:\WINDOWS\System32\SHELL32.dll
0x00007ffff7d70000 - 0x00007ffff85f0000 	C:\WINDOWS\SYSTEM32\windows.storage.dll
0x00007ffffb210000 - 0x00007ffffb306000 	C:\WINDOWS\System32\SHCORE.dll
0x00007ffffceb0000 - 0x00007ffffcf17000 	C:\WINDOWS\System32\shlwapi.dll
0x00007ffffa110000 - 0x00007ffffa139000 	C:\WINDOWS\SYSTEM32\profapi.dll
0x00007fffcd870000 - 0x00007fffcd888000 	C:\Program Files\Java\jdk-19\bin\zip.dll
0x00007fffe08a0000 - 0x00007fffe08b3000 	C:\Program Files\Java\jdk-19\bin\net.dll
0x00007fffeb640000 - 0x00007fffeb769000 	C:\WINDOWS\SYSTEM32\WINHTTP.dll
0x00007ffff94f0000 - 0x00007ffff955c000 	C:\WINDOWS\system32\mswsock.dll
0x00007fffd2af0000 - 0x00007fffd2b06000 	C:\Program Files\Java\jdk-19\bin\nio.dll
0x00007fffd2ea0000 - 0x00007fffd2ea8000 	C:\Program Files\Java\jdk-19\bin\extnet.dll
0x00007ffff8920000 - 0x00007ffff8953000 	C:\WINDOWS\SYSTEM32\IPHLPAPI.DLL
0x00007ffffb7c0000 - 0x00007ffffb7ca000 	C:\WINDOWS\System32\NSI.dll
0x00007ffff3a40000 - 0x00007ffff3a5d000 	C:\WINDOWS\SYSTEM32\dhcpcsvc6.DLL
0x00007ffff3910000 - 0x00007ffff3935000 	C:\WINDOWS\SYSTEM32\dhcpcsvc.DLL
0x00007ffff89b0000 - 0x00007ffff8afa000 	C:\WINDOWS\SYSTEM32\DNSAPI.dll
0x00007ffff92d0000 - 0x00007ffff92dd000 	C:\WINDOWS\SYSTEM32\DSPARSE.dll
0x00007fffeb4e0000 - 0x00007fffeb4eb000 	C:\Windows\System32\rasadhlp.dll
0x00007ffff3d60000 - 0x00007ffff3de6000 	C:\WINDOWS\System32\fwpuclnt.dll
0x00007fffd4550000 - 0x00007fffd455e000 	C:\Program Files\Java\jdk-19\bin\sunmscapi.dll
0x00007ffffaa90000 - 0x00007ffffac08000 	C:\WINDOWS\System32\CRYPT32.dll
0x00007ffff99f0000 - 0x00007ffff9a20000 	C:\WINDOWS\SYSTEM32\ncrypt.dll
0x00007ffff99a0000 - 0x00007ffff99df000 	C:\WINDOWS\SYSTEM32\NTASN1.dll
0x00007ffff97d0000 - 0x00007ffff97eb000 	C:\WINDOWS\SYSTEM32\CRYPTSP.dll
0x00007ffff8eb0000 - 0x00007ffff8ee9000 	C:\WINDOWS\system32\rsaenh.dll
0x00007ffff95a0000 - 0x00007ffff95d3000 	C:\WINDOWS\SYSTEM32\USERENV.dll
0x00007ffffa0e0000 - 0x00007ffffa10a000 	C:\WINDOWS\SYSTEM32\bcrypt.dll
0x00007ffff97f0000 - 0x00007ffff97fc000 	C:\WINDOWS\SYSTEM32\CRYPTBASE.dll
0x00007fffd2990000 - 0x00007fffd299a000 	C:\Program Files\Java\jdk-19\bin\management.dll
0x00007fffc9de0000 - 0x00007fffc9deb000 	C:\Program Files\Java\jdk-19\bin\management_ext.dll
0x00007ffffb6b0000 - 0x00007ffffb6b8000 	C:\WINDOWS\System32\PSAPI.DLL
0x00007fffc8c60000 - 0x00007fffc8c70000 	C:\Program Files\Java\jdk-19\bin\verify.dll
0x00007fffd65f0000 - 0x00007fffd6608000 	C:\WINDOWS\system32\napinsp.dll
0x00007fffd5de0000 - 0x00007fffd5df3000 	C:\WINDOWS\System32\winrnr.dll
0x00007fffd5b50000 - 0x00007fffd5b72000 	C:\WINDOWS\system32\nlansp_c.dll
0x00007fffd5890000 - 0x00007fffd58a6000 	C:\WINDOWS\system32\wshbth.dll
0x00007fffc84c0000 - 0x00007fffc84c8000 	C:\WINDOWS\system32\wshunix.dll

dbghelp: loaded successfully - version: 4.0.5 - missing functions: none
symbol engine: initialized successfully - sym options: 0x614 - pdb path: .;C:\Program Files\Java\jdk-19\bin;C:\WINDOWS\SYSTEM32;C:\WINDOWS\WinSxS\amd64_microsoft.windows.common-controls_6595b64144ccf1df_6.0.26100.8521_none_3e08b75ce33403b3;C:\Program Files\Java\jdk-19\bin\server

VM Arguments:
jvm_args: -javaagent:C:\Program Files\JetBrains\IntelliJ IDEA 2025.2.5\lib\idea_rt.jar=7451 -Dfile.encoding=UTF-8 -Dsun.stdout.encoding=UTF-8 -Dsun.stderr.encoding=UTF-8 
java_command: com.fundoo.eureka.EurekaServerApplication
java_class_path (initial): D:\Bridgelabz Java\Backend Development\Microservices\FundooApp\eureka-server\target\classes;C:\Users\user\.m2\repository\org\springframework\boot\spring-boot-starter-web\3.5.3\spring-boot-starter-web-3.5.3.jar;C:\Users\user\.m2\repository\org\springframework\boot\spring-boot-starter\3.5.3\spring-boot-starter-3.5.3.jar;C:\Users\user\.m2\repository\org\springframework\boot\spring-boot\3.5.3\spring-boot-3.5.3.jar;C:\Users\user\.m2\repository\org\springframework\boot\spring-boot-autoconfigure\3.5.3\spring-boot-autoconfigure-3.5.3.jar;C:\Users\user\.m2\repository\org\springframework\boot\spring-boot-starter-logging\3.5.3\spring-boot-starter-logging-3.5.3.jar;C:\Users\user\.m2\repository\ch\qos\logback\logback-classic\1.5.18\logback-classic-1.5.18.jar;C:\Users\user\.m2\repository\ch\qos\logback\logback-core\1.5.18\logback-core-1.5.18.jar;C:\Users\user\.m2\repository\org\slf4j\slf4j-api\2.0.17\slf4j-api-2.0.17.jar;C:\Users\user\.m2\repository\org\apache\logging\log4j\log4j-to-slf4j\2.24.3\log4j-to-slf4j-2.24.3.jar;C:\Users\user\.m2\repository\org\apache\logging\log4j\log4j-api\2.24.3\log4j-api-2.24.3.jar;C:\Users\user\.m2\repository\org\slf4j\jul-to-slf4j\2.0.17\jul-to-slf4j-2.0.17.jar;C:\Users\user\.m2\repository\jakarta\annotation\jakarta.annotation-api\2.1.1\jakarta.annotation-api-2.1.1.jar;C:\Users\user\.m2\repository\org\springframework\spring-core\6.2.8\spring-core-6.2.8.jar;C:\Users\user\.m2\repository\org\springframework\spring-jcl\6.2.8\spring-jcl-6.2.8.jar;C:\Users\user\.m2\repository\org\yaml\snakeyaml\2.4\snakeyaml-2.4.jar;C:\Users\user\.m2\repository\org\springframework\boot\spring-boot-starter-json\3.5.3\spring-boot-starter-json-3.5.3.jar;C:\Users\user\.m2\repository\com\fasterxml\jackson\core\jackson-databind\2.19.1\jackson-databind-2.19.1.jar;C:\Users\user\.m2\repository\com\fasterxml\jackson\core\jackson-annotations\2.19.1\jackson-annotations-2.19.1.jar;C:\Users\user\.m2\repository\com\fasterxml\jackson\core\jackson-core\2.19.1\jackson-core-2.19.1.jar;C:\Users\user\.m2\repository\com\fasterxml\jackson\datatype\jackson-datatype-jdk8\2.19.1\jackson-datatype-jdk8-2.19.1.jar;C:\Users\user\.m2\repository\com\fasterxml\jackson\datatype\jackson-datatype-jsr310\2.19.1\jackson-datatype-jsr310-2.19.1.jar;C:\Users\user\.m2\repository\com\fasterxml\jackson\module\jackson-module-parameter-names\2.19.1\jackson-module-parameter-names-2.19.1.jar;C:\Users\user\.m2\repository\org\springframework\boot\spring-boot-starter-tomcat\3.5.3\spring-boot-starter-tomcat-3.5.3.jar;C:\Users\user\.m2\repository\org\apache\tomcat\embed\tomcat-embed-core\10.1.42\tomcat-embed-core-10.1.42.jar;C:\Users\user\.m2\repository\org\apache\tomcat\embed\tomcat-embed-el\10.1.42\tomcat-embed-el-10.1.42.jar;C:\Users\user\.m2\repository\org\apache\tomcat\embed\tomcat-embed-websocket\10.1.42\tomcat-embed-websocket-10.1.42.jar;C:\Users\user\.m2\repository\org\springframework\spring-web\6.2.8\spring-web-6.2.8.jar;C:\Users\user\.m2\repository\org\springframework\spring-beans\6.2.8\spring-beans-6.2.8.jar;C:\Users\user\.m2\repository\io\micrometer\micrometer-observation\1.15.1\micrometer-observation-1.15.1.jar;C:\Users\user\.m2\repository\io\micrometer\micrometer-commons\1.15.1\micrometer-commons-1.15.1.jar;C:\Users\user\.m2\repository\org\springframework\spring-webmvc\6.2.8\spring-webmvc-6.2.8.jar;C:\Users\user\.m2\repository\org\springframework\spring-aop\6.2.8\spring-aop-6.2.8.jar;C:\Users\user\.m2\repository\org\springframework\spring-context\6.2.8\spring-context-6.2.8.jar;C:\Users\user\.m2\repository\org\springframework\spring-expression\6.2.8\spring-expression-6.2.8.jar;C:\Users\user\.m2\repository\org\springframework\cloud\spring-cloud-starter-netflix-eureka-server\4.3.0\spring-cloud-starter-netflix-eureka-server-4.3.0.jar;C:\Users\user\.m2\repository\org\springframework\cloud\spring-cloud-starter\4.3.0\spring-cloud-starter-4.3.0.jar;C:\Users\user\.m2\repository\org\springframework\cloud\spring-cloud-context\4.3.0\spring-cloud-context-4.3.0.jar;C:\Users\user\.m2\repository\org\springframework\security\spring-security-crypto\6.5.1\spring-security-crypto-6.5.1.jar;C:\Users\user\.m2\repository\org\springframework\cloud\spring-cloud-commons\4.3.0\spring-cloud-commons-4.3.0.jar;C:\Users\user\.m2\repository\org\bouncycastle\bcprov-jdk18on\1.80\bcprov-jdk18on-1.80.jar;C:\Users\user\.m2\repository\org\springframework\cloud\spring-cloud-netflix-eureka-server\4.3.0\spring-cloud-netflix-eureka-server-4.3.0.jar;C:\Users\user\.m2\repository\org\springframework\boot\spring-boot-starter-actuator\3.5.3\spring-boot-starter-actuator-3.5.3.jar;C:\Users\user\.m2\repository\org\springframework\boot\spring-boot-actuator-autoconfigure\3.5.3\spring-boot-actuator-autoconfigure-3.5.3.jar;C:\Users\user\.m2\repository\org\springframework\boot\spring-boot-actuator\3.5.3\spring-boot-actuator-3.5.3.jar;C:\Users\user\.m2\repository\io\micrometer\micrometer-jakarta9\1.15.1\micrometer-jakarta9-1.15.1.jar;C:\Users\user\.m2\repository\io\micrometer\micrometer-core\1.15.1\micrometer-core-1.15.1.jar;C:\Users\user\.m2\repository\org\hdrhistogram\HdrHistogram\2.2.2\HdrHistogram-2.2.2.jar;C:\Users\user\.m2\repository\org\latencyutils\LatencyUtils\2.0.3\LatencyUtils-2.0.3.jar;C:\Users\user\.m2\repository\org\springframework\boot\spring-boot-starter-freemarker\3.5.3\spring-boot-starter-freemarker-3.5.3.jar;C:\Users\user\.m2\repository\org\freemarker\freemarker\2.3.34\freemarker-2.3.34.jar;C:\Users\user\.m2\repository\org\springframework\spring-context-support\6.2.8\spring-context-support-6.2.8.jar;C:\Users\user\.m2\repository\org\springframework\cloud\spring-cloud-netflix-eureka-client\4.3.0\spring-cloud-netflix-eureka-client-4.3.0.jar;C:\Users\user\.m2\repository\com\netflix\eureka\eureka-client\2.0.4\eureka-client-2.0.4.jar;C:\Users\user\.m2\repository\com\thoughtworks\xstream\xstream\1.4.20\xstream-1.4.20.jar;C:\Users\user\.m2\repository\io\github\x-stream\mxparser\1.2.2\mxparser-1.2.2.jar;C:\Users\user\.m2\repository\xmlpull\xmlpull\1.1.3.1\xmlpull-1.1.3.1.jar;C:\Users\user\.m2\repository\com\netflix\spectator\spectator-api\1.7.3\spectator-api-1.7.3.jar;C:\Users\user\.m2\repository\org\apache\httpcomponents\httpclient\4.5.3\httpclient-4.5.3.jar;C:\Users\user\.m2\repository\org\apache\httpcomponents\httpcore\4.4.16\httpcore-4.4.16.jar;C:\Users\user\.m2\repository\commons-configuration\commons-configuration\1.10\commons-configuration-1.10.jar;C:\Users\user\.m2\repository\commons-lang\commons-lang\2.6\commons-lang-2.6.jar;C:\Users\user\.m2\repository\com\netflix\netflix-commons\netflix-eventbus\0.3.0\netflix-eventbus-0.3.0.jar;C:\Users\user\.m2\repository\com\netflix\netflix-commons\netflix-infix\0.3.0\netflix-infix-0.3.0.jar;C:\Users\user\.m2\repository\commons-jxpath\commons-jxpath\1.3\commons-jxpath-1.3.jar;C:\Users\user\.m2\repository\joda-time\joda-time\2.3\joda-time-2.3.jar;C:\Users\user\.m2\repository\org\antlr\antlr-runtime\3.4\antlr-runtime-3.4.jar;C:\Users\user\.m2\repository\org\antlr\stringtemplate\3.2.1\stringtemplate-3.2.1.jar;C:\Users\user\.m2\repository\antlr\antlr\2.7.7\antlr-2.7.7.jar;C:\Users\user\.m2\repository\com\google\code\gson\gson\2.13.1\gson-2.13.1.jar;C:\Users\user\.m2\repository\com\netflix\servo\servo-core\0.5.3\servo-core-0.5.3.jar;C:\Users\user\.m2\repository\org\apache\commons\commons-math\2.2\commons-math-2.2.jar;C:\Users\user\.m2\repository\javax\annotation\javax.annotation-api\1.2\javax.annotation-api-1.2.jar;C:\Users\user\.m2\repository\org\codehaus\jettison\jettison\1.5.4\jettison-1.5.4.jar;C:\Users\user\.m2\repository\org\apache\httpcomponents\client5\httpclient5\5.5\httpclient5-5.5.jar;C:\Users\user\.m2\repository\org\apache\httpcomponents\core5\httpcore5\5.3.4\httpcore5-5.3.4.jar;C:\Users\user\.m2\repository\org\apache\httpcomponents\core5\httpcore5-h2\5.3.4\httpcore5-h2-5.3.4.jar;C:\Users\user\.m2\repository\com\netflix\eureka\eureka-client-jersey3\2.0.4\eureka-client-jersey3-2.0.4.jar;C:\Users\user\.m2\repository\org\glassfish\jersey\connectors\jersey-apache-connector\3.1.10\jersey-apache-connector-3.1.10.jar;C:\Users\user\.m2\repository\commons-codec\commons-codec\1.18.0\commons-codec-1.18.0.jar;C:\Users\user\.m2\repository\com\netflix\eureka\eureka-core-jersey3\2.0.4\eureka-core-jersey3-2.0.4.jar;C:\Users\user\.m2\repository\com\netflix\eureka\eureka-core\2.0.4\eureka-core-2.0.4.jar;C:\Users\user\.m2\repository\com\google\guava\guava\33.0.0-jre\guava-33.0.0-jre.jar;C:\Users\user\.m2\repository\com\google\guava\failureaccess\1.0.2\failureaccess-1.0.2.jar;C:\Users\user\.m2\repository\com\google\guava\listenablefuture\9999.0-empty-to-avoid-conflict-with-guava\listenablefuture-9999.0-empty-to-avoid-conflict-with-guava.jar;C:\Users\user\.m2\repository\org\checkerframework\checker-qual\3.41.0\checker-qual-3.41.0.jar;C:\Users\user\.m2\repository\com\google\errorprone\error_prone_annotations\2.23.0\error_prone_annotations-2.23.0.jar;C:\Users\user\.m2\repository\com\google\j2objc\j2objc-annotations\2.8\j2objc-annotations-2.8.jar;C:\Users\user\.m2\repository\org\glassfish\jersey\containers\jersey-container-servlet\3.1.10\jersey-container-servlet-3.1.10.jar;C:\Users\user\.m2\repository\org\glassfish\jersey\containers\jersey-container-servlet-core\3.1.10\jersey-container-servlet-core-3.1.10.jar;C:\Users\user\.m2\repository\org\glassfish\jersey\core\jersey-common\3.1.10\jersey-common-3.1.10.jar;C:\Users\user\.m2\repository\org\glassfish\hk2\osgi-resource-locator\1.0.3\osgi-resource-locator-1.0.3.jar;C:\Users\user\.m2\repository\jakarta\ws\rs\jakarta.ws.rs-api\3.1.0\jakarta.ws.rs-api-3.1.0.jar;C:\Users\user\.m2\repository\org\glassfish\jersey\core\jersey-server\3.1.10\jersey-server-3.1.10.jar;C:\Users\user\.m2\repository\jakarta\inject\jakarta.inject-api\2.0.1\jakarta.inject-api-2.0.1.jar;C:\Users\user\.m2\repository\jakarta\validation\jakarta.validation-api\3.0.2\jakarta.validation-api-3.0.2.jar;C:\Users\user\.m2\repository\org\glassfish\jersey\core\jersey-client\3.1.10\jersey-client-3.1.10.jar;C:\Users\user\.m2\repository\org\glassfish\jersey\inject\jersey-hk2\3.1.10\jersey-hk2-3.1.10.jar;C:\Users\user\.m2\repository\org\glassfish\hk2\hk2-locator\3.0.6\hk2-locator-3.0.6.jar;C:\Users\user\.m2\repository\org\glassfish\hk2\hk2-utils\3.0.6\hk2-utils-3.0.6.jar;C:\Users\user\.m2\repository\org\javassist\javassist\3.30.2-GA\javassist-3.30.2-GA.jar;C:\Users\user\.m2\repository\org\glassfish\hk2\spring-bridge\3.1.1\spring-bridge-3.1.1.jar;C:\Users\user\.m2\repository\org\glassfish\hk2\hk2-api\3.1.1\hk2-api-3.1.1.jar;C:\Users\user\.m2\repository\com\fasterxml\jackson\dataformat\jackson-dataformat-xml\2.19.1\jackson-dataformat-xml-2.19.1.jar;C:\Users\user\.m2\repository\org\codehaus\woodstox\stax2-api\4.2.2\stax2-api-4.2.2.jar;C:\Users\user\.m2\repository\com\fasterxml\woodstox\woodstox-core\7.1.1\woodstox-core-7.1.1.jar;C:\Users\user\.m2\repository\org\springframework\cloud\spring-cloud-starter-loadbalancer\4.3.0\spring-cloud-starter-loadbalancer-4.3.0.jar;C:\Users\user\.m2\repository\org\springframework\cloud\spring-cloud-loadbalancer\4.3.0\spring-cloud-loadbalancer-4.3.0.jar;C:\Users\user\.m2\repository\io\projectreactor\reactor-core\3.7.7\reactor-core-3.7.7.jar;C:\Users\user\.m2\repository\org\reactivestreams\reactive-streams\1.0.4\reactive-streams-1.0.4.jar;C:\Users\user\.m2\repository\io\projectreactor\addons\reactor-extra\3.5.2\reactor-extra-3.5.2.jar;C:\Users\user\.m2\repository\org\springframework\boot\spring-boot-starter-cache\3.5.3\spring-boot-starter-cache-3.5.3.jar;C:\Users\user\.m2\repository\com\stoyanr\evictor\1.0.0\evictor-1.0.0.jar;C:\Users\user\.m2\repository\org\glassfish\jaxb\jaxb-runtime\4.0.5\jaxb-runtime-4.0.5.jar;C:\Users\user\.m2\repository\org\glassfish\jaxb\jaxb-core\4.0.5\jaxb-core-4.0.5.jar;C:\Users\user\.m2\repository\jakarta\xml\bind\jakarta.xml.bind-api\4.0.2\jakarta.xml.bind-api-4.0.2.jar;C:\Users\user\.m2\repository\jakarta\activation\jakarta.activation-api\2.1.3\jakarta.activation-api-2.1.3.jar;C:\Users\user\.m2\repository\org\eclipse\angus\angus-activation\2.0.2\angus-activation-2.0.2.jar;C:\Users\user\.m2\repository\org\glassfish\jaxb\txw2\4.0.5\txw2-4.0.5.jar;C:\Users\user\.m2\repository\com\sun\istack\istack-commons-runtime\4.1.2\istack-commons-runtime-4.1.2.jar
Launcher Type: SUN_STANDARD

[Global flags]
     intx CICompilerCount                          = 3                                         {product} {ergonomic}
     uint ConcGCThreads                            = 1                                         {product} {ergonomic}
     uint G1ConcRefinementThreads                  = 4                                         {product} {ergonomic}
   size_t G1HeapRegionSize                         = 1048576                                   {product} {ergonomic}
    uintx GCDrainStackTargetSize                   = 64                                        {product} {ergonomic}
   size_t InitialHeapSize                          = 62914560                                  {product} {ergonomic}
   size_t MarkStackSize                            = 4194304                                   {product} {ergonomic}
   size_t MaxHeapSize                              = 1002438656                                {product} {ergonomic}
   size_t MaxNewSize                               = 600834048                                 {product} {ergonomic}
   size_t MinHeapDeltaBytes                        = 1048576                                   {product} {ergonomic}
   size_t MinHeapSize                              = 8388608                                   {product} {ergonomic}
    uintx NonNMethodCodeHeapSize                   = 5832780                                {pd product} {ergonomic}
    uintx NonProfiledCodeHeapSize                  = 122912730                              {pd product} {ergonomic}
    uintx ProfiledCodeHeapSize                     = 122912730                              {pd product} {ergonomic}
    uintx ReservedCodeCacheSize                    = 251658240                              {pd product} {ergonomic}
     bool SegmentedCodeCache                       = true                                      {product} {ergonomic}
   size_t SoftMaxHeapSize                          = 1002438656                             {manageable} {ergonomic}
     bool UseCompressedClassPointers               = true                           {product lp64_product} {ergonomic}
     bool UseCompressedOops                        = true                           {product lp64_product} {ergonomic}
     bool UseG1GC                                  = true                                      {product} {ergonomic}
     bool UseLargePagesIndividualAllocation        = false                                  {pd product} {ergonomic}

Logging:
Log output configuration:
 #0: stdout all=warning uptime,level,tags foldmultilines=false
 #1: stderr all=off uptime,level,tags foldmultilines=false

Environment Variables:
JAVA_HOME=C:\Program Files\Java\jdk-19
PATH=C:\Program Files\Java\jdk-19\bin;C:\Program Files\Common Files\Oracle\Java\javapath;C:\WINDOWS\system32;C:\WINDOWS;C:\WINDOWS\System32\Wbem;C:\WINDOWS\System32\WindowsPowerShell\v1.0\;C:\WINDOWS\System32\OpenSSH\;C:\Program Files\dotnet\;C:\MinGW\bin;C:\Program Files\apache-maven-3.9.2\bin;C:\Program Files\Git\cmd;C:\ProgramData\chocolatey\bin;C:\Users\user\AppData\Local\nvm;C:\nvm4w\nodejs;C:\Program Files\nodejs\;C:\Program Files\Java\jdk-19\bin;C:\Program Files\Erlang OTP\bin;C:\Program Files\MySQL\MySQL Shell 8.0\bin\;C:\Users\user\AppData\Local\Microsoft\WindowsApps;C:\Program Files\Git\cmd;C:\Users\user\AppData\Local\Programs\Microsoft VS Code\bin;E:\MinGW\bin;C:\Program Files\MySQL\MySQL Server 8.0\bin;C:\Users\user\eclipse-workspace\PabitraJava\bin;C:\Program Files\Java\jdk-19\bin;C:\Users\user\eclipse-workspace\javaHibernate;C:\Program Files\apache-maven-3.9.2\bin;C:\Users\user\AppData\Local\nvm;C:\nvm4w\nodejs;C:\Program Files\PostgreSQL\17\bin;C:\Users\user\AppData\Roaming\npm;C:\Program Files\JetBrains\IntelliJ IDEA 2025.2.5\bin;C:\Program Files\JetBrains\PyCharm 2026.1.1\bin;C:\Program Files\Java\jdk-19\bin;C:\Program Files\Redis
USERNAME=user
OS=Windows_NT
PROCESSOR_IDENTIFIER=Intel64 Family 6 Model 140 Stepping 1, GenuineIntel
TMP=C:\Users\user\AppData\Local\Temp
TEMP=C:\Users\user\AppData\Local\Temp



---------------  S Y S T E M  ---------------

OS:
 Windows 11 , 64 bit Build 26100 (10.0.26100.8521)
OS uptime: 1 days 1:06 hours
Hyper-V role detected

CPU: total 4 (initial active 4) (2 cores per cpu, 2 threads per core) family 6 model 140 stepping 1 microcode 0xbe, cx8, cmov, fxsr, ht, mmx, 3dnowpref, sse, sse2, sse3, ssse3, sse4.1, sse4.2, popcnt, lzcnt, tsc, tscinvbit, avx, avx2, aes, erms, clmul, bmi1, bmi2, adx, avx512f, avx512dq, avx512cd, avx512bw, avx512vl, sha, fma, vzeroupper, avx512_vpopcntdq, avx512_vpclmulqdq, avx512_vaes, avx512_vnni, clflush, clflushopt, clwb, avx512_vbmi2, avx512_vbmi, hv, rdtscp, rdpid, fsrm, gfni, avx512_bitalg

Memory: 4k page, system-wide physical 3818M (286M free)
TotalPageFile size 15594M (AvailPageFile size 11M)
current process WorkingSet (physical memory assigned to process): 60M, peak: 246M
current process commit charge ("private bytes"): 281M, peak: 342M

vm_info: Java HotSpot(TM) 64-Bit Server VM (19.0.1+10-21) for windows-amd64 JRE (19.0.1+10-21), built on 2022-09-14T12:45:06Z by "mach5one" with MS VC++ 17.1 (VS2022)

END.
